 MFC42D

 Timestamp is 358870e1 (Wed Jun 17 18:44:01 1998)

 Preferred load address is 5f400000

 Start         Length     Name                   Class
 0001:00000000 00003a31H .text                   CODE
 0001:00003a40 00006d23H .text$AFX_AUX           CODE
 0001:0000a770 0000efb0H .text$AFX_CMNCTL        CODE
 0001:00019720 00007dfeH .text$AFX_COL1          CODE
 0001:00021520 00004387H .text$AFX_COL2          CODE
 0001:000258b0 00014910H .text$AFX_CORE1         CODE
 0001:0003a1c0 0000e4abH .text$AFX_CORE2         CODE
 0001:00048670 0001866fH .text$AFX_CORE3         CODE
 0001:00060ce0 00014899H .text$AFX_CORE4         CODE
 0001:00075580 00004ac1H .text$AFX_DBG1          CODE
 0001:0007a050 0000c8d3H .text$AFX_DBG2          CODE
 0001:00086930 000077a4H .text$AFX_INET          CODE
 0001:0008e0e0 0000ad5bH .text$AFX_INIT          CODE
 0001:00098e40 000007abH .text$AFX_MAPI          CODE
 0001:000995f0 00007453H .text$AFX_PRNT          CODE
 0001:000a0a50 000005e4H .text$AFX_TERM          CODE
 0001:000a1040 00004859H .text$AFX_VDEL          CODE
 0001:000a58a0 00003bedH .text$x                 CODE
 0002:00000000 00000a10H .idata$5                DATA
 0002:00000a10 0000deccH .rdata                  DATA
 0002:0000e8e0 00003694H .rdata$r                DATA
 0002:00011f78 00005ec0H .xdata$x                DATA
 0002:00017e38 000000c0H .didat$2                DATA
 0002:00017ef8 00000020H .didat$3                DATA
 0002:00017f18 000001ccH .didat$4                DATA
 0002:000180e4 00000872H .didat$6                DATA
 0002:00018958 000001ccH .didat$7                DATA
 0002:00018b24 00000050H .idata$2                DATA
 0002:00018b74 00000014H .idata$3                DATA
 0002:00018b88 00000a10H .idata$4                DATA
 0002:00019598 000028eeH .idata$6                DATA
 0002:0001be90 00004bfbH .edata                  DATA
 0003:00000000 00000004H .CRT$XCA                DATA
 0003:00000004 0000000cH .CRT$XCC                DATA
 0003:00000010 00000024H .CRT$XCL                DATA
 0003:00000034 0000007cH .CRT$XCU                DATA
 0003:000000b0 00000004H .CRT$XCZ                DATA
 0003:000000b4 00000004H .CRT$XIA                DATA
 0003:000000b8 00000004H .CRT$XIZ                DATA
 0003:000000c0 00001d10H .data                   DATA
 0003:00001dd0 000001ccH .didat$5                DATA
 0003:00001fa0 00002060H .bss                    DATA
 0004:00000000 00000e98H .rsrc$01                DATA
 0004:00000ea0 000065a8H .rsrc$02                DATA

  Address         Publics by Value              Rva+Base     Lib:Object

 0001:00000000       ?GetHead@CSimpleList@@QBEPAXXZ 5f401000 f i objcore.obj
 0001:00000010       ??8@YAHABU_GUID@@0@Z       5f401010 f i arcstrm.obj
 0001:00000010       ?IsEqualGUID@@YAHABU_GUID@@0@Z 5f401010 f i arcstrm.obj
 0001:00000030       ??1CNoTrackObject@@UAE@XZ  5f401030 f i dumpinit.obj
 0001:00000050       ??_GCNoTrackObject@@UAEPAXI@Z 5f401050 f i dumpinit.obj
 0001:00000050       ??_ECNoTrackObject@@UAEPAXI@Z 5f401050 f i dumpinit.obj
 0001:00000080       __tcscmp                   5f401080 f i afxinl1.obj
 0001:000000a0       __tcsicmp                  5f4010a0 f i afxinl1.obj
 0001:000000c0       __tcscoll                  5f4010c0 f i afxinl1.obj
 0001:000000e0       __tcsicoll                 5f4010e0 f i afxinl1.obj
 0001:00000100       ?DrawState@@YGHPAUHDC__@@PAUHBRUSH__@@P6GH0JIHH@ZJIHHHHI@Z 5f401100 f i afxinl2.obj
 0001:00000140       ?GetNextWindow@@YAPAUHWND__@@PAU1@I@Z 5f401140 f i afxinl3.obj
 0001:00000160       ?AtlA2WHelper@@YGPAGPAGPBDH@Z 5f401160 f i filecore.obj
 0001:00000180       ?AtlA2WHelper@@YGPAGPAGPBDHI@Z 5f401180 f i filecore.obj
 0001:00000210       __tcsinc                   5f401210 f i filecore.obj
 0001:00000230       ?GetFileTitle@@YGFPBDPADG@Z 5f401230 f i filecore.obj
 0001:00000250       ??0AFX_CLASSINIT@@QAE@PAUCRuntimeClass@@@Z 5f401250 f i array_b.obj
 0001:00000270       ?data@CStringData@@QAEPADXZ 5f401270 f i strcore.obj
 0001:00000290       __tcschr                   5f401290 f i strcore.obj
 0001:000002b0       __tcspbrk                  5f4012b0 f i strcore.obj
 0001:000002d0       __tcsupr                   5f4012d0 f i strcore.obj
 0001:000002f0       __tcslwr                   5f4012f0 f i strcore.obj
 0001:00000310       __tcsrev                   5f401310 f i strcore.obj
 0001:00000330       __tcsstr                   5f401330 f i strex.obj
 0001:00000350       __tcsspn                   5f401350 f i strex.obj
 0001:00000370       __tcscspn                  5f401370 f i strex.obj
 0001:00000390       __tcsrchr                  5f401390 f i strex.obj
 0001:000003b0       __tcsncmp                  5f4013b0 f i strex.obj
 0001:000003d0       __tclen                    5f4013d0 f i strex.obj
 0001:000003f0       ?Construct@CSimpleList@@QAEXH@Z 5f4013f0 f i afxstate.obj
 0001:00000430       ??0CTypeLibCache@@QAE@XZ   5f401430 f i afxstate.obj
 0001:00000470       ??0CSimpleList@@QAE@H@Z    5f401470 f i afxstate.obj
 0001:000004a0       ??1CHandleMap@@QAE@XZ      5f4014a0 f i afxstate.obj
 0001:00000500       ??2@YAPAXIPAX@Z            5f401500 f i afxstate.obj
 0001:00000510       ??3@YAXPAX0@Z              5f401510 f i afxstate.obj
 0001:00000520       ?GetNextPtr@CSimpleList@@QBEPAPAXPAX@Z 5f401520 f i afxtls.obj
 0001:00000560       ??2CThreadSlotData@@SGPAXIPAX@Z 5f401560 f i afxtls.obj
 0001:00000570       ??0CFixedAlloc@@QAE@II@Z   5f401570 f   fixalloc.obj
 0001:000005f2       ??1CFixedAlloc@@QAE@XZ     5f4015f2 f   fixalloc.obj
 0001:00000612       ?FreeAll@CFixedAlloc@@QAEXXZ 5f401612 f   fixalloc.obj
 0001:00000656       ?Alloc@CFixedAlloc@@QAEPAXXZ 5f401656 f   fixalloc.obj
 0001:000007c6       ?Free@CFixedAlloc@@QAEXPAX@Z 5f4017c6 f   fixalloc.obj
 0001:00000810       ??0CSyncObject@@QAE@PBD@Z  5f401810 f   mtcore.obj
 0001:00000886       ??1CSyncObject@@UAE@XZ     5f401886 f   mtcore.obj
 0001:000008fa       ?Lock@CSyncObject@@UAEHK@Z 5f4018fa f   mtcore.obj
 0001:00000925       ?Dump@CSyncObject@@UBEXAAVCDumpContext@@@Z 5f401925 f   mtcore.obj
 0001:00000980       ?AssertValid@CSyncObject@@UBEXXZ 5f401980 f   mtcore.obj
 0001:00000993       ??BCSyncObject@@QBEPAXXZ   5f401993 f   mtcore.obj
 0001:000009a4       ?Unlock@CSemaphore@@UAEHXZ 5f4019a4 f   mtcore.obj
 0001:000009be       ?SetEvent@CEvent@@QAEHXZ   5f4019be f   mtcore.obj
 0001:000009fc       ?PulseEvent@CEvent@@QAEHXZ 5f4019fc f   mtcore.obj
 0001:00000a3a       ?ResetEvent@CEvent@@QAEHXZ 5f401a3a f   mtcore.obj
 0001:00000a78       ??1CSingleLock@@QAE@XZ     5f401a78 f   mtcore.obj
 0001:00000a8b       ?IsLocked@CSingleLock@@QAEHXZ 5f401a8b f   mtcore.obj
 0001:00000a9c       ?IsLocked@CMultiLock@@QAEHK@Z 5f401a9c f   mtcore.obj
 0001:00000ae3       ??0CCriticalSection@@QAE@XZ 5f401ae3 f   mtcore.obj
 0001:00000b11       ??BCCriticalSection@@QAEPAU_RTL_CRITICAL_SECTION@@XZ 5f401b11 f   mtcore.obj
 0001:00000b22       ??1CCriticalSection@@UAE@XZ 5f401b22 f   mtcore.obj
 0001:00000b4b       ?Lock@CCriticalSection@@QAEHXZ 5f401b4b f   mtcore.obj
 0001:00000b68       ?Lock@CCriticalSection@@UAEHK@Z 5f401b68 f   mtcore.obj
 0001:00000b7d       ?Unlock@CCriticalSection@@UAEHXZ 5f401b7d f   mtcore.obj
 0001:00000ba0       ??_GCSyncObject@@UAEPAXI@Z 5f401ba0 f i mtcore.obj
 0001:00000ba0       ??_ECSyncObject@@UAEPAXI@Z 5f401ba0 f i mtcore.obj
 0001:00000bd0       ?Unlock@CSyncObject@@UAEHJPAJ@Z 5f401bd0 f i mtcore.obj
 0001:00000bf0       ??0CSemaphore@@QAE@JJPBDPAU_SECURITY_ATTRIBUTES@@@Z 5f401bf0 f   mtex.obj
 0001:00000cae       ??1CSemaphore@@UAE@XZ      5f401cae f   mtex.obj
 0001:00000cca       ?Unlock@CSemaphore@@UAEHJPAJ@Z 5f401cca f   mtex.obj
 0001:00000cec       ??0CMutex@@QAE@HPBDPAU_SECURITY_ATTRIBUTES@@@Z 5f401cec f   mtex.obj
 0001:00000d64       ??1CMutex@@UAE@XZ          5f401d64 f   mtex.obj
 0001:00000d80       ?Unlock@CMutex@@UAEHXZ     5f401d80 f   mtex.obj
 0001:00000d98       ??0CEvent@@QAE@HHPBDPAU_SECURITY_ATTRIBUTES@@@Z 5f401d98 f   mtex.obj
 0001:00000e14       ??1CEvent@@UAE@XZ          5f401e14 f   mtex.obj
 0001:00000e30       ?Unlock@CEvent@@UAEHXZ     5f401e30 f   mtex.obj
 0001:00000e40       ??0CSingleLock@@QAE@PAVCSyncObject@@H@Z 5f401e40 f   mtex.obj
 0001:00000ec9       ?Lock@CSingleLock@@QAEHK@Z 5f401ec9 f   mtex.obj
 0001:00000f43       ?Unlock@CSingleLock@@QAEHXZ 5f401f43 f   mtex.obj
 0001:00000fa2       ?Unlock@CSingleLock@@QAEHJPAJ@Z 5f401fa2 f   mtex.obj
 0001:0000100b       ??0CMultiLock@@QAE@QAPAVCSyncObject@@KH@Z 5f40200b f   mtex.obj
 0001:000011c8       ??1CMultiLock@@QAE@XZ      5f4021c8 f   mtex.obj
 0001:00001212       ?Lock@CMultiLock@@QAEKKHK@Z 5f402212 f   mtex.obj
 0001:000012ec       ?Unlock@CMultiLock@@QAEHXZ 5f4022ec f   mtex.obj
 0001:0000135a       ?Unlock@CMultiLock@@QAEHJPAJ@Z 5f40235a f   mtex.obj
 0001:00001410       _InitMultipleMonitorStubs  5f402410 f   wincore.obj
 0001:00001559       _xGetSystemMetrics@4       5f402559 f   wincore.obj
 0001:000015d4       _xMonitorFromPoint@12      5f4025d4 f   wincore.obj
 0001:00001631       _xMonitorFromRect@8        5f402631 f   wincore.obj
 0001:00001695       _xMonitorFromWindow@8      5f402695 f   wincore.obj
 0001:00001714       _xGetMonitorInfo@8         5f402714 f   wincore.obj
 0001:000017ed       _xEnumDisplayMonitors@16   5f4027ed f   wincore.obj
 0001:00001920       ?LookupPermanent@CHandleMap@@QAEPAVCObject@@PAX@Z 5f402920 f i wincore.obj
 0001:00001940       ?LookupTemporary@CHandleMap@@QAEPAVCObject@@PAX@Z 5f402940 f i wincore.obj
 0001:00001960       ?UnlockResource@@YGHPAX@Z  5f402960 f i wincore.obj
 0001:00001970       ?T2CA@@YAPBDPBD@Z          5f402970 f i wincore.obj
 0001:00001970       ?A2T@@YAPADPAD@Z           5f402970 f i wincore.obj
 0001:00001970       ?A2CT@@YAPBDPBD@Z          5f402970 f i wincore.obj
 0001:00001970       ?T2A@@YAPADPAD@Z           5f402970 f i wincore.obj
 0001:00001980       ??0CPushRoutingFrame@@QAE@PAVCFrameWnd@@@Z 5f402980 f i winfrm.obj
 0001:000019c0       ??1CPushRoutingFrame@@QAE@XZ 5f4029c0 f i winfrm.obj
 0001:000019e0       ?GetWindowTask@@YAPAUHTASK__@@PAUHWND__@@@Z 5f4029e0 f i winfrmx.obj
 0001:00001a00       ??_9@$BMM@AE               5f402a00 f i dlgcore.obj
 0001:00001a10       ??_9@$BNA@AE               5f402a10 f i dlgcore.obj
 0001:00001a20       __tcsdec                   5f402a20 f i docmgr.obj
 0001:00001a40       ??_9@$BOI@AE               5f402a40 f i viewcore.obj
 0001:00001a50       ??0CPushRoutingView@@QAE@PAVCView@@@Z 5f402a50 f i viewcore.obj
 0001:00001a90       ??1CPushRoutingView@@QAE@XZ 5f402a90 f i viewcore.obj
 0001:00001ab0       ?GetSize@CRecentFileList@@QBEHXZ 5f402ab0 f i appcore.obj
 0001:00001ad0       ??ACRecentFileList@@QAEAAVCString@@H@Z 5f402ad0 f i appcore.obj
 0001:00001b20       ??0CFileFind@@QAE@XZ       5f402b20 f   filefind.obj
 0001:00001b9c       ??1CFileFind@@UAE@XZ       5f402b9c f   filefind.obj
 0001:00001bfc       ?Close@CFileFind@@QAEXXZ   5f402bfc f   filefind.obj
 0001:00001c80       ?CloseContext@CFileFind@@MAEXXZ 5f402c80 f   filefind.obj
 0001:00001c98       ?FindFile@CFileFind@@UAEHPBDK@Z 5f402c98 f   filefind.obj
 0001:00001e19       ?MatchesMask@CFileFind@@UBEHK@Z 5f402e19 f   filefind.obj
 0001:00001e7a       ?GetLastAccessTime@CFileFind@@UBEHPAU_FILETIME@@@Z 5f402e7a f   filefind.obj
 0001:00001f0f       ?GetLastWriteTime@CFileFind@@UBEHPAU_FILETIME@@@Z 5f402f0f f   filefind.obj
 0001:00001fa4       ?GetCreationTime@CFileFind@@UBEHPAU_FILETIME@@@Z 5f402fa4 f   filefind.obj
 0001:00002019       ?GetLastAccessTime@CFileFind@@UBEHAAVCTime@@@Z 5f403019 f   filefind.obj
 0001:00002093       ?GetLastWriteTime@CFileFind@@UBEHAAVCTime@@@Z 5f403093 f   filefind.obj
 0001:0000210d       ?GetCreationTime@CFileFind@@UBEHAAVCTime@@@Z 5f40310d f   filefind.obj
 0001:00002187       ?IsDots@CFileFind@@UBEHXZ  5f403187 f   filefind.obj
 0001:0000222d       ?FindNextFileA@CFileFind@@UAEHXZ 5f40322d f   filefind.obj
 0001:000022d7       ?GetFileURL@CFileFind@@UBE?AVCString@@XZ 5f4032d7 f   filefind.obj
 0001:000023b3       ?GetRoot@CFileFind@@UBE?AVCString@@XZ 5f4033b3 f   filefind.obj
 0001:00002420       ?GetFilePath@CFileFind@@UBE?AVCString@@XZ 5f403420 f   filefind.obj
 0001:00002545       ?GetFileTitle@CFileFind@@UBE?AVCString@@XZ 5f403545 f   filefind.obj
 0001:00002638       ?GetFileName@CFileFind@@UBE?AVCString@@XZ 5f403638 f   filefind.obj
 0001:000026f7       ?GetLength@CFileFind@@QBEKXZ 5f4036f7 f   filefind.obj
 0001:00002754       ?GetLength64@CFileFind@@QBE_JXZ 5f403754 f   filefind.obj
 0001:000027c3       ?Dump@CFileFind@@MBEXAAVCDumpContext@@@Z 5f4037c3 f   filefind.obj
 0001:000027f7       ?AssertValid@CFileFind@@MBEXXZ 5f4037f7 f   filefind.obj
 0001:00002870       ??6CHttpServerContext@@QAEAAV0@ABVCLongBinary@@@Z 5f403870 f   isapimix.obj
 0001:000028be       ??6CHttpServerContext@@QAEAAV0@ABVCByteArray@@@Z 5f4038be f   isapimix.obj
 0001:0000290c       ??6CHtmlStream@@QAEAAV0@ABVCByteArray@@@Z 5f40390c f   isapimix.obj
 0001:00002953       ??6CHtmlStream@@QAEAAV0@ABVCLongBinary@@@Z 5f403953 f   isapimix.obj
 0001:000029b0       ?IsEmpty@CSimpleList@@QBEHXZ 5f4039b0 f i dllinit.obj
 0001:000029d0       ??_Etype_info@@UAEPAXI@Z   5f4039d0 f i msvcrtd:ti_inst.obj
 0001:000029d0       ??_Gtype_info@@UAEPAXI@Z   5f4039d0 f i msvcrtd:ti_inst.obj
 0001:000029fe       ___CxxFrameHandler         5f4039fe f   msvcrtd:MSVCRTD.dll
 0001:00002a10       __onexit                   5f403a10 f   msvcrtd:atonexit.obj
 0001:00002a50       _atexit                    5f403a50 f   msvcrtd:atonexit.obj
 0001:00002a68       __CxxThrowException@8      5f403a68 f   msvcrtd:MSVCRTD.dll
 0001:00002a6e       _memcpy                    5f403a6e f   msvcrtd:MSVCRTD.dll
 0001:00002a74       _memcmp                    5f403a74 f   msvcrtd:MSVCRTD.dll
 0001:00002a7a       __except_handler3          5f403a7a f   msvcrtd:MSVCRTD.dll
 0001:00002a80       _memset                    5f403a80 f   msvcrtd:MSVCRTD.dll
 0001:00002a90       __chkstk                   5f403a90 f   msvcrtd:chkstk.obj
 0001:00002a90       __alloca_probe             5f403a90 f   msvcrtd:chkstk.obj
 0001:00002ac0       __purecall                 5f403ac0 f   msvcrtd:MSVCRTD.dll
 0001:00002ad0       __alldiv                   5f403ad0 f   msvcrtd:lldiv.obj
 0001:00002b80       __allshr                   5f403b80 f   msvcrtd:llshr.obj
 0001:00002bb0       __allmul                   5f403bb0 f   msvcrtd:llmul.obj
 0001:00002be4       _abs                       5f403be4 f   msvcrtd:MSVCRTD.dll
 0001:00002bf0       ??_L@YGXPAXIHP6EX0@Z1@Z    5f403bf0 f   msvcrtd:ehvecctr.obj
 0001:00002c90       ??_M@YGXPAXIHP6EX0@Z@Z     5f403c90 f   msvcrtd:ehvecdtr.obj
 0001:00002d40       ?__ArrayUnwind@@YGXPAXIHP6EX0@Z@Z 5f403d40 f   msvcrtd:ehvecdtr.obj
 0001:00002df0       __CRT_INIT@12              5f403df0 f   msvcrtd:crtdll.obj
 0001:00002f00       __DllMainCRTStartup@12     5f403f00 f   msvcrtd:crtdll.obj
 0001:00002ff4       ??1type_info@@UAE@XZ       5f403ff4 f   msvcrtd:MSVCRTD.dll
 0001:00002ffa       ___dllonexit               5f403ffa f   msvcrtd:MSVCRTD.dll
 0001:00003000       ?terminate@@YAXXZ          5f404000 f   msvcrtd:MSVCRTD.dll
 0001:00003006       __initterm                 5f404006 f   msvcrtd:MSVCRTD.dll
 0001:0000300c       _ReuseDDElParam@20         5f40400c f   user32:USER32.dll
 0001:00003012       _UnpackDDElParam@16        5f404012 f   user32:USER32.dll
 0001:00003018       __imp_load__RegCloseKey@4  5f404018     advapi32:ADVAPI32.dll
 0001:00003024       __tailMerge_ADVAPI32       5f404024     advapi32:ADVAPI32.dll
 0001:00003032       _RegCloseKey@4             5f404032     advapi32:ADVAPI32.dll
 0001:00003038       __imp_load__RegQueryValueExA@24 5f404038     advapi32:ADVAPI32.dll
 0001:00003044       _RegQueryValueExA@24       5f404044     advapi32:ADVAPI32.dll
 0001:0000304a       __imp_load__RegOpenKeyA@12 5f40404a     advapi32:ADVAPI32.dll
 0001:00003056       _RegOpenKeyA@12            5f404056     advapi32:ADVAPI32.dll
 0001:0000305c       __imp_load__SetFileSecurityA@12 5f40405c     advapi32:ADVAPI32.dll
 0001:00003068       _SetFileSecurityA@12       5f404068     advapi32:ADVAPI32.dll
 0001:0000306e       __imp_load__GetFileSecurityA@20 5f40406e     advapi32:ADVAPI32.dll
 0001:0000307a       _GetFileSecurityA@20       5f40407a     advapi32:ADVAPI32.dll
 0001:00003080       __imp_load__RegDeleteKeyA@8 5f404080     advapi32:ADVAPI32.dll
 0001:0000308c       _RegDeleteKeyA@8           5f40408c     advapi32:ADVAPI32.dll
 0001:00003092       __imp_load__RegEnumKeyA@16 5f404092     advapi32:ADVAPI32.dll
 0001:0000309e       _RegEnumKeyA@16            5f40409e     advapi32:ADVAPI32.dll
 0001:000030a4       __imp_load__RegSetValueExA@24 5f4040a4     advapi32:ADVAPI32.dll
 0001:000030b0       _RegSetValueExA@24         5f4040b0     advapi32:ADVAPI32.dll
 0001:000030b6       __imp_load__RegCreateKeyA@12 5f4040b6     advapi32:ADVAPI32.dll
 0001:000030c2       _RegCreateKeyA@12          5f4040c2     advapi32:ADVAPI32.dll
 0001:000030c8       __imp_load__RegSetValueA@20 5f4040c8     advapi32:ADVAPI32.dll
 0001:000030d4       _RegSetValueA@20           5f4040d4     advapi32:ADVAPI32.dll
 0001:000030da       __imp_load__RegQueryValueA@16 5f4040da     advapi32:ADVAPI32.dll
 0001:000030e6       _RegQueryValueA@16         5f4040e6     advapi32:ADVAPI32.dll
 0001:000030ec       __imp_load__RegOpenKeyExA@20 5f4040ec     advapi32:ADVAPI32.dll
 0001:000030f8       _RegOpenKeyExA@20          5f4040f8     advapi32:ADVAPI32.dll
 0001:000030fe       __imp_load__RegCreateKeyExA@36 5f4040fe     advapi32:ADVAPI32.dll
 0001:0000310a       _RegCreateKeyExA@36        5f40410a     advapi32:ADVAPI32.dll
 0001:00003110       __imp_load__RegDeleteValueA@8 5f404110     advapi32:ADVAPI32.dll
 0001:0000311c       _RegDeleteValueA@8         5f40411c     advapi32:ADVAPI32.dll
 0001:00003122       __imp_load__CreateMappedBitmap@20 5f404122     comctl32:COMCTL32.dll
 0001:0000312e       __tailMerge_COMCTL32       5f40412e     comctl32:COMCTL32.dll
 0001:0000313c       _CreateMappedBitmap@20     5f40413c     comctl32:COMCTL32.dll
 0001:00003142       __imp_load__InitCommonControlsEx@4 5f404142     comctl32:COMCTL32.dll
 0001:0000314e       _InitCommonControlsEx@4    5f40414e     comctl32:COMCTL32.dll
 0001:00003154       __imp_load__InitCommonControls@0 5f404154     comctl32:COMCTL32.dll
 0001:00003160       _InitCommonControls@0      5f404160     comctl32:COMCTL32.dll
 0001:00003166       __imp_load__MakeDragList@4 5f404166     comctl32:COMCTL32.dll
 0001:00003172       _MakeDragList@4            5f404172     comctl32:COMCTL32.dll
 0001:00003178       __imp_load__ImageList_Destroy@4 5f404178     comctl32:COMCTL32.dll
 0001:00003184       _ImageList_Destroy@4       5f404184     comctl32:COMCTL32.dll
 0001:0000318a       __imp_load__ImageList_Create@20 5f40418a     comctl32:COMCTL32.dll
 0001:00003196       _ImageList_Create@20       5f404196     comctl32:COMCTL32.dll
 0001:0000319c       __imp_load__ImageList_LoadImageA@28 5f40419c     comctl32:COMCTL32.dll
 0001:000031a8       _ImageList_LoadImageA@28   5f4041a8     comctl32:COMCTL32.dll
 0001:000031ae       __imp_load__ImageList_Merge@24 5f4041ae     comctl32:COMCTL32.dll
 0001:000031ba       _ImageList_Merge@24        5f4041ba     comctl32:COMCTL32.dll
 0001:000031c0       __imp_load__ImageList_Read@4 5f4041c0     comctl32:COMCTL32.dll
 0001:000031cc       _ImageList_Read@4          5f4041cc     comctl32:COMCTL32.dll
 0001:000031d2       __imp_load__ImageList_Write@8 5f4041d2     comctl32:COMCTL32.dll
 0001:000031de       _ImageList_Write@8         5f4041de     comctl32:COMCTL32.dll
 0001:000031e4       __imp_load__LBItemFromPt@16 5f4041e4     comctl32:COMCTL32.dll
 0001:000031f0       _LBItemFromPt@16           5f4041f0     comctl32:COMCTL32.dll
 0001:000031f6       __imp_load__ImageList_GetImageCount@4 5f4041f6     comctl32:COMCTL32.dll
 0001:00003202       _ImageList_GetImageCount@4 5f404202     comctl32:COMCTL32.dll
 0001:00003208       __imp_load__ImageList_Add@12 5f404208     comctl32:COMCTL32.dll
 0001:00003214       _ImageList_Add@12          5f404214     comctl32:COMCTL32.dll
 0001:0000321a       __imp_load__ImageList_AddMasked@12 5f40421a     comctl32:COMCTL32.dll
 0001:00003226       _ImageList_AddMasked@12    5f404226     comctl32:COMCTL32.dll
 0001:0000322c       __imp_load__ImageList_Remove@8 5f40422c     comctl32:COMCTL32.dll
 0001:00003238       _ImageList_Remove@8        5f404238     comctl32:COMCTL32.dll
 0001:0000323e       __imp_load__ImageList_Replace@16 5f40423e     comctl32:COMCTL32.dll
 0001:0000324a       _ImageList_Replace@16      5f40424a     comctl32:COMCTL32.dll
 0001:00003250       __imp_load__ImageList_ReplaceIcon@12 5f404250     comctl32:COMCTL32.dll
 0001:0000325c       _ImageList_ReplaceIcon@12  5f40425c     comctl32:COMCTL32.dll
 0001:00003262       __imp_load__ImageList_GetIcon@12 5f404262     comctl32:COMCTL32.dll
 0001:0000326e       _ImageList_GetIcon@12      5f40426e     comctl32:COMCTL32.dll
 0001:00003274       __imp_load__ImageList_Draw@24 5f404274     comctl32:COMCTL32.dll
 0001:00003280       _ImageList_Draw@24         5f404280     comctl32:COMCTL32.dll
 0001:00003286       __imp_load__ImageList_SetBkColor@8 5f404286     comctl32:COMCTL32.dll
 0001:00003292       _ImageList_SetBkColor@8    5f404292     comctl32:COMCTL32.dll
 0001:00003298       __imp_load__ImageList_GetBkColor@4 5f404298     comctl32:COMCTL32.dll
 0001:000032a4       _ImageList_GetBkColor@4    5f4042a4     comctl32:COMCTL32.dll
 0001:000032aa       __imp_load__ImageList_SetOverlayImage@12 5f4042aa     comctl32:COMCTL32.dll
 0001:000032b6       _ImageList_SetOverlayImage@12 5f4042b6     comctl32:COMCTL32.dll
 0001:000032bc       __imp_load__ImageList_GetImageInfo@12 5f4042bc     comctl32:COMCTL32.dll
 0001:000032c8       _ImageList_GetImageInfo@12 5f4042c8     comctl32:COMCTL32.dll
 0001:000032ce       __imp_load__ImageList_BeginDrag@16 5f4042ce     comctl32:COMCTL32.dll
 0001:000032da       _ImageList_BeginDrag@16    5f4042da     comctl32:COMCTL32.dll
 0001:000032e0       __imp_load__ImageList_EndDrag@0 5f4042e0     comctl32:COMCTL32.dll
 0001:000032ec       _ImageList_EndDrag@0       5f4042ec     comctl32:COMCTL32.dll
 0001:000032f2       __imp_load__ImageList_DragMove@8 5f4042f2     comctl32:COMCTL32.dll
 0001:000032fe       _ImageList_DragMove@8      5f4042fe     comctl32:COMCTL32.dll
 0001:00003304       __imp_load__ImageList_SetDragCursorImage@16 5f404304     comctl32:COMCTL32.dll
 0001:00003310       _ImageList_SetDragCursorImage@16 5f404310     comctl32:COMCTL32.dll
 0001:00003316       __imp_load__ImageList_DragShowNolock@4 5f404316     comctl32:COMCTL32.dll
 0001:00003322       _ImageList_DragShowNolock@4 5f404322     comctl32:COMCTL32.dll
 0001:00003328       __imp_load__ImageList_GetDragImage@8 5f404328     comctl32:COMCTL32.dll
 0001:00003334       _ImageList_GetDragImage@8  5f404334     comctl32:COMCTL32.dll
 0001:0000333a       __imp_load__ImageList_DragEnter@12 5f40433a     comctl32:COMCTL32.dll
 0001:00003346       _ImageList_DragEnter@12    5f404346     comctl32:COMCTL32.dll
 0001:0000334c       __imp_load__ImageList_DragLeave@4 5f40434c     comctl32:COMCTL32.dll
 0001:00003358       _ImageList_DragLeave@4     5f404358     comctl32:COMCTL32.dll
 0001:0000335e       __imp_load__PropertySheetA@4 5f40435e     comctl32:COMCTL32.dll
 0001:0000336a       _PropertySheetA@4          5f40436a     comctl32:COMCTL32.dll
 0001:00003370       __imp_load__DestroyPropertySheetPage@4 5f404370     comctl32:COMCTL32.dll
 0001:0000337c       _DestroyPropertySheetPage@4 5f40437c     comctl32:COMCTL32.dll
 0001:00003382       __imp_load__CreatePropertySheetPageA@4 5f404382     comctl32:COMCTL32.dll
 0001:0000338e       _CreatePropertySheetPageA@4 5f40438e     comctl32:COMCTL32.dll
 0001:00003394       __imp_load__ImageList_SetImageCount@8 5f404394     comctl32:COMCTL32.dll
 0001:000033a0       _ImageList_SetImageCount@8 5f4043a0     comctl32:COMCTL32.dll
 0001:000033a6       __imp_load__ImageList_Copy@20 5f4043a6     comctl32:COMCTL32.dll
 0001:000033b2       _ImageList_Copy@20         5f4043b2     comctl32:COMCTL32.dll
 0001:000033b8       __imp_load__ImageList_DrawIndirect@4 5f4043b8     comctl32:COMCTL32.dll
 0001:000033c4       _ImageList_DrawIndirect@4  5f4043c4     comctl32:COMCTL32.dll
 0001:000033ca       __imp_load__ImageList_Duplicate@4 5f4043ca     comctl32:COMCTL32.dll
 0001:000033d6       _ImageList_Duplicate@4     5f4043d6     comctl32:COMCTL32.dll
 0001:000033dc       __imp_load__SHGetFileInfoA@20 5f4043dc     shell32:SHELL32.dll
 0001:000033e8       __tailMerge_SHELL32        5f4043e8     shell32:SHELL32.dll
 0001:000033f6       _SHGetFileInfoA@20         5f4043f6     shell32:SHELL32.dll
 0001:000033fc       __imp_load__DragAcceptFiles@8 5f4043fc     shell32:SHELL32.dll
 0001:00003408       _DragAcceptFiles@8         5f404408     shell32:SHELL32.dll
 0001:0000340e       __imp_load__DragFinish@4   5f40440e     shell32:SHELL32.dll
 0001:0000341a       _DragFinish@4              5f40441a     shell32:SHELL32.dll
 0001:00003420       __imp_load__DragQueryFileA@16 5f404420     shell32:SHELL32.dll
 0001:0000342c       _DragQueryFileA@16         5f40442c     shell32:SHELL32.dll
 0001:00003432       __imp_load__ExtractIconA@12 5f404432     shell32:SHELL32.dll
 0001:0000343e       _ExtractIconA@12           5f40443e     shell32:SHELL32.dll
 0001:00003444       __imp_load__GetFileTitleA@12 5f404444     comdlg32:comdlg32.dll
 0001:00003450       __tailMerge_comdlg32       5f404450     comdlg32:comdlg32.dll
 0001:0000345e       _GetFileTitleA@12          5f40445e     comdlg32:comdlg32.dll
 0001:00003464       __imp_load__GetSaveFileNameA@4 5f404464     comdlg32:comdlg32.dll
 0001:00003470       _GetSaveFileNameA@4        5f404470     comdlg32:comdlg32.dll
 0001:00003476       __imp_load__GetOpenFileNameA@4 5f404476     comdlg32:comdlg32.dll
 0001:00003482       _GetOpenFileNameA@4        5f404482     comdlg32:comdlg32.dll
 0001:00003488       __imp_load__PageSetupDlgA@4 5f404488     comdlg32:comdlg32.dll
 0001:00003494       _PageSetupDlgA@4           5f404494     comdlg32:comdlg32.dll
 0001:0000349a       __imp_load__PrintDlgA@4    5f40449a     comdlg32:comdlg32.dll
 0001:000034a6       _PrintDlgA@4               5f4044a6     comdlg32:comdlg32.dll
 0001:000034ac       __imp_load__ChooseColorA@4 5f4044ac     comdlg32:comdlg32.dll
 0001:000034b8       _ChooseColorA@4            5f4044b8     comdlg32:comdlg32.dll
 0001:000034be       __imp_load__ChooseFontA@4  5f4044be     comdlg32:comdlg32.dll
 0001:000034ca       _ChooseFontA@4             5f4044ca     comdlg32:comdlg32.dll
 0001:000034d0       __imp_load__ReplaceTextA@4 5f4044d0     comdlg32:comdlg32.dll
 0001:000034dc       _ReplaceTextA@4            5f4044dc     comdlg32:comdlg32.dll
 0001:000034e2       __imp_load__FindTextA@4    5f4044e2     comdlg32:comdlg32.dll
 0001:000034ee       _FindTextA@4               5f4044ee     comdlg32:comdlg32.dll
 0001:000034f4       __imp_load__CommDlgExtendedError@0 5f4044f4     comdlg32:comdlg32.dll
 0001:00003500       _CommDlgExtendedError@0    5f404500     comdlg32:comdlg32.dll
 0001:00003506       __imp_load__ClosePrinter@4 5f404506     winspool:WINSPOOL.DRV
 0001:00003512       __tailMerge_WINSPOOL       5f404512     winspool:WINSPOOL.DRV
 0001:00003520       _ClosePrinter@4            5f404520     winspool:WINSPOOL.DRV
 0001:00003526       __imp_load__DocumentPropertiesA@24 5f404526     winspool:WINSPOOL.DRV
 0001:00003532       _DocumentPropertiesA@24    5f404532     winspool:WINSPOOL.DRV
 0001:00003538       __imp_load__OpenPrinterA@12 5f404538     winspool:WINSPOOL.DRV
 0001:00003544       _OpenPrinterA@12           5f404544     winspool:WINSPOOL.DRV
 0001:0000354a       __imp_load__InternetCrackUrlA@16 5f40454a     wininet:WININET.dll
 0001:00003556       __tailMerge_WININET        5f404556     wininet:WININET.dll
 0001:00003564       _InternetCrackUrlA@16      5f404564     wininet:WININET.dll
 0001:0000356a       __imp_load__InternetCanonicalizeUrlA@16 5f40456a     wininet:WININET.dll
 0001:00003576       _InternetCanonicalizeUrlA@16 5f404576     wininet:WININET.dll
 0001:0000357c       __imp_load__InternetQueryOptionA@16 5f40457c     wininet:WININET.dll
 0001:00003588       _InternetQueryOptionA@16   5f404588     wininet:WININET.dll
 0001:0000358e       __imp_load__InternetOpenA@20 5f40458e     wininet:WININET.dll
 0001:0000359a       _InternetOpenA@20          5f40459a     wininet:WININET.dll
 0001:000035a0       __imp_load__InternetCloseHandle@4 5f4045a0     wininet:WININET.dll
 0001:000035ac       _InternetCloseHandle@4     5f4045ac     wininet:WININET.dll
 0001:000035b2       __imp_load__InternetOpenUrlA@24 5f4045b2     wininet:WININET.dll
 0001:000035be       _InternetOpenUrlA@24       5f4045be     wininet:WININET.dll
 0001:000035c4       __imp_load__InternetSetOptionExA@20 5f4045c4     wininet:WININET.dll
 0001:000035d0       _InternetSetOptionExA@20   5f4045d0     wininet:WININET.dll
 0001:000035d6       __imp_load__InternetSetStatusCallback@8 5f4045d6     wininet:WININET.dll
 0001:000035e2       _InternetSetStatusCallback@8 5f4045e2     wininet:WININET.dll
 0001:000035e8       __imp_load__InternetSetCookieA@12 5f4045e8     wininet:WININET.dll
 0001:000035f4       _InternetSetCookieA@12     5f4045f4     wininet:WININET.dll
 0001:000035fa       __imp_load__InternetGetCookieA@16 5f4045fa     wininet:WININET.dll
 0001:00003606       _InternetGetCookieA@16     5f404606     wininet:WININET.dll
 0001:0000360c       __imp_load__InternetSetFilePointer@20 5f40460c     wininet:WININET.dll
 0001:00003618       _InternetSetFilePointer@20 5f404618     wininet:WININET.dll
 0001:0000361e       __imp_load__InternetWriteFile@16 5f40461e     wininet:WININET.dll
 0001:0000362a       _InternetWriteFile@16      5f40462a     wininet:WININET.dll
 0001:00003630       __imp_load__InternetReadFile@16 5f404630     wininet:WININET.dll
 0001:0000363c       _InternetReadFile@16       5f40463c     wininet:WININET.dll
 0001:00003642       __imp_load__InternetQueryDataAvailable@16 5f404642     wininet:WININET.dll
 0001:0000364e       _InternetQueryDataAvailable@16 5f40464e     wininet:WININET.dll
 0001:00003654       __imp_load__InternetConnectA@32 5f404654     wininet:WININET.dll
 0001:00003660       _InternetConnectA@32       5f404660     wininet:WININET.dll
 0001:00003666       __imp_load__FtpDeleteFileA@8 5f404666     wininet:WININET.dll
 0001:00003672       _FtpDeleteFileA@8          5f404672     wininet:WININET.dll
 0001:00003678       __imp_load__FtpRenameFileA@12 5f404678     wininet:WININET.dll
 0001:00003684       _FtpRenameFileA@12         5f404684     wininet:WININET.dll
 0001:0000368a       __imp_load__FtpCreateDirectoryA@8 5f40468a     wininet:WININET.dll
 0001:00003696       _FtpCreateDirectoryA@8     5f404696     wininet:WININET.dll
 0001:0000369c       __imp_load__FtpRemoveDirectoryA@8 5f40469c     wininet:WININET.dll
 0001:000036a8       _FtpRemoveDirectoryA@8     5f4046a8     wininet:WININET.dll
 0001:000036ae       __imp_load__FtpSetCurrentDirectoryA@8 5f4046ae     wininet:WININET.dll
 0001:000036ba       _FtpSetCurrentDirectoryA@8 5f4046ba     wininet:WININET.dll
 0001:000036c0       __imp_load__FtpGetCurrentDirectoryA@12 5f4046c0     wininet:WININET.dll
 0001:000036cc       _FtpGetCurrentDirectoryA@12 5f4046cc     wininet:WININET.dll
 0001:000036d2       __imp_load__FtpOpenFileA@20 5f4046d2     wininet:WININET.dll
 0001:000036de       _FtpOpenFileA@20           5f4046de     wininet:WININET.dll
 0001:000036e4       __imp_load__FtpPutFileA@20 5f4046e4     wininet:WININET.dll
 0001:000036f0       _FtpPutFileA@20            5f4046f0     wininet:WININET.dll
 0001:000036f6       __imp_load__FtpGetFileA@28 5f4046f6     wininet:WININET.dll
 0001:00003702       _FtpGetFileA@28            5f404702     wininet:WININET.dll
 0001:00003708       __imp_load__GopherCreateLocatorA@28 5f404708     wininet:WININET.dll
 0001:00003714       _GopherCreateLocatorA@28   5f404714     wininet:WININET.dll
 0001:0000371a       __imp_load__GopherGetAttributeA@32 5f40471a     wininet:WININET.dll
 0001:00003726       _GopherGetAttributeA@32    5f404726     wininet:WININET.dll
 0001:0000372c       __imp_load__GopherOpenFileA@20 5f40472c     wininet:WININET.dll
 0001:00003738       _GopherOpenFileA@20        5f404738     wininet:WININET.dll
 0001:0000373e       __imp_load__HttpOpenRequestA@32 5f40473e     wininet:WININET.dll
 0001:0000374a       _HttpOpenRequestA@32       5f40474a     wininet:WININET.dll
 0001:00003750       __imp_load__InternetErrorDlg@20 5f404750     wininet:WININET.dll
 0001:0000375c       _InternetErrorDlg@20       5f40475c     wininet:WININET.dll
 0001:00003762       __imp_load__HttpAddRequestHeadersA@16 5f404762     wininet:WININET.dll
 0001:0000376e       _HttpAddRequestHeadersA@16 5f40476e     wininet:WININET.dll
 0001:00003774       __imp_load__HttpSendRequestA@20 5f404774     wininet:WININET.dll
 0001:00003780       _HttpSendRequestA@20       5f404780     wininet:WININET.dll
 0001:00003786       __imp_load__HttpEndRequestA@16 5f404786     wininet:WININET.dll
 0001:00003792       _HttpEndRequestA@16        5f404792     wininet:WININET.dll
 0001:00003798       __imp_load__HttpSendRequestExA@20 5f404798     wininet:WININET.dll
 0001:000037a4       _HttpSendRequestExA@20     5f4047a4     wininet:WININET.dll
 0001:000037aa       __imp_load__HttpQueryInfoA@20 5f4047aa     wininet:WININET.dll
 0001:000037b6       _HttpQueryInfoA@20         5f4047b6     wininet:WININET.dll
 0001:000037bc       __imp_load__FtpFindFirstFileA@20 5f4047bc     wininet:WININET.dll
 0001:000037c8       _FtpFindFirstFileA@20      5f4047c8     wininet:WININET.dll
 0001:000037ce       __imp_load__InternetFindNextFileA@8 5f4047ce     wininet:WININET.dll
 0001:000037da       _InternetFindNextFileA@8   5f4047da     wininet:WININET.dll
 0001:000037e0       __imp_load__GopherFindFirstFileA@24 5f4047e0     wininet:WININET.dll
 0001:000037ec       _GopherFindFirstFileA@24   5f4047ec     wininet:WININET.dll
 0001:000037f2       __imp_load__InternetGetLastResponseInfoA@12 5f4047f2     wininet:WININET.dll
 0001:000037fe       _InternetGetLastResponseInfoA@12 5f4047fe     wininet:WININET.dll
 0001:00003804       __imp_load__GopherGetLocatorTypeA@8 5f404804     wininet:WININET.dll
 0001:00003810       _GopherGetLocatorTypeA@8   5f404810     wininet:WININET.dll
 0001:00003816       ___delayLoadHelper@8       5f404816 f   delayimp:delayhlp.obj
 0001:00003a40       ?InitString@CSimpleException@@QAEXXZ 5f404a40 f   except.obj
 0001:00003a7c       ?GetErrorMessage@CSimpleException@@UAEHPADIPAI@Z 5f404a7c f   except.obj
 0001:00003b0c       ?AfxThrowMemoryException@@YGXXZ 5f404b0c f   except.obj
 0001:00003b29       ?AfxThrowNotSupportedException@@YGXXZ 5f404b29 f   except.obj
 0001:00003b50       ?AfxIsValidString@@YGHPBGH@Z 5f404b50 f   validadd.obj
 0001:00003b92       ?AfxIsValidString@@YGHPBDH@Z 5f404b92 f   validadd.obj
 0001:00003bb6       ?AfxIsValidAddress@@YGHPBXIH@Z 5f404bb6 f   validadd.obj
 0001:00003c44       ?_AfxCrtDumpClient@@YAXPAXI@Z 5f404c44 f   dumpinit.obj
 0001:00003db6       ?_AfxCrtReportHook@@YAHHPADPAH@Z 5f404db6 f   dumpinit.obj
 0001:00003e13       ??0_AFX_DEBUG_STATE@@QAE@XZ 5f404e13 f   dumpinit.obj
 0001:00003f10       ??1_AFX_DEBUG_STATE@@UAE@XZ 5f404f10 f   dumpinit.obj
 0001:00003fa6       ?AfxDiagnosticInit@@YGHXZ  5f404fa6 f   dumpinit.obj
 0001:00003ff0       ??_G_AFX_DEBUG_STATE@@UAEPAXI@Z 5f404ff0 f i dumpinit.obj
 0001:00003ff0       ??_E_AFX_DEBUG_STATE@@UAEPAXI@Z 5f404ff0 f i dumpinit.obj
 0001:00004020       ??0CNoTrackObject@@QAE@XZ  5f405020 f i dumpinit.obj
 0001:00004040       ??1?$CProcessLocal@V_AFX_DEBUG_STATE@@@@QAE@XZ 5f405040 f i dumpinit.obj
 0001:00004060       ?GetData@?$CProcessLocal@V_AFX_DEBUG_STATE@@@@QAEPAV_AFX_DEBUG_STATE@@XZ 5f405060 f i dumpinit.obj
 0001:000040b0       ?CreateObject@?$CProcessLocal@V_AFX_DEBUG_STATE@@@@SGPAVCNoTrackObject@@XZ 5f4050b0 f i dumpinit.obj
 0001:00004120       ?AfxDump@@YGXPBVCObject@@@Z 5f405120 f   dumpout.obj
 0001:00004135       ?AfxTrace@@YAXPBDZZ        5f405135 f   dumpout.obj
 0001:00004200       ?AfxAbort@@YGXXZ           5f405200 f   afxabort.obj
 0001:00004230       ??0CString@@QAE@DH@Z       5f405230 f   strex.obj
 0001:00004271       ??0CString@@QAE@PBDH@Z     5f405271 f   strex.obj
 0001:000042e1       ??0CString@@QAE@PBGH@Z     5f4052e1 f   strex.obj
 0001:00004357       ??4CString@@QAEABV0@D@Z    5f405357 f   strex.obj
 0001:00004375       ??H@YG?AVCString@@ABV0@D@Z 5f405375 f   strex.obj
 0001:000043fa       ??H@YG?AVCString@@DABV0@@Z 5f4053fa f   strex.obj
 0001:0000447f       ?Delete@CString@@QAEHHH@Z  5f40547f f   strex.obj
 0001:00004507       ?Insert@CString@@QAEHHD@Z  5f405507 f   strex.obj
 0001:000045e8       ?Insert@CString@@QAEHHPBD@Z 5f4055e8 f   strex.obj
 0001:000046ef       ?Replace@CString@@QAEHDD@Z 5f4056ef f   strex.obj
 0001:0000476d       ?Replace@CString@@QAEHPBD0@Z 5f40576d f   strex.obj
 0001:0000499c       ?Remove@CString@@QAEHD@Z   5f40599c f   strex.obj
 0001:00004a43       ?Mid@CString@@QBE?AV1@H@Z  5f405a43 f   strex.obj
 0001:00004a83       ?Mid@CString@@QBE?AV1@HH@Z 5f405a83 f   strex.obj
 0001:00004bdc       ?Right@CString@@QBE?AV1@H@Z 5f405bdc f   strex.obj
 0001:00004c9b       ?Left@CString@@QBE?AV1@H@Z 5f405c9b f   strex.obj
 0001:00004d4d       ?SpanIncluding@CString@@QBE?AV1@PBD@Z 5f405d4d f   strex.obj
 0001:00004dbc       ?SpanExcluding@CString@@QBE?AV1@PBD@Z 5f405dbc f   strex.obj
 0001:00004e2b       ?ReverseFind@CString@@QBEHD@Z 5f405e2b f   strex.obj
 0001:00004e71       ?Find@CString@@QBEHPBD@Z   5f405e71 f   strex.obj
 0001:00004e8c       ?Find@CString@@QBEHPBDH@Z  5f405e8c f   strex.obj
 0001:00004f1a       ?FormatV@CString@@QAEXPBDPAD@Z 5f405f1a f   strex.obj
 0001:000056b4       ?Format@CString@@QAAXPBDZZ 5f4066b4 f   strex.obj
 0001:00005708       ?Format@CString@@QAAXIZZ   5f406708 f   strex.obj
 0001:000057a1       ?FormatMessageA@CString@@QAAXPBDZZ 5f4067a1 f   strex.obj
 0001:000057fa       ?FormatMessageA@CString@@QAAXIZZ 5f4067fa f   strex.obj
 0001:000058c5       ?TrimRight@CString@@QAEXPBD@Z 5f4068c5 f   strex.obj
 0001:00005953       ?TrimRight@CString@@QAEXD@Z 5f406953 f   strex.obj
 0001:000059d8       ?TrimRight@CString@@QAEXXZ 5f4069d8 f   strex.obj
 0001:00005a61       ?TrimLeft@CString@@QAEXPBD@Z 5f406a61 f   strex.obj
 0001:00005b10       ?TrimLeft@CString@@QAEXD@Z 5f406b10 f   strex.obj
 0001:00005b98       ?TrimLeft@CString@@QAEXXZ  5f406b98 f   strex.obj
 0001:00005c24       ?ConstructElements@@YGXPAVCString@@H@Z 5f406c24 f   strex.obj
 0001:00005c98       ?DestructElements@@YGXPAVCString@@H@Z 5f406c98 f   strex.obj
 0001:00005d02       ?CopyElements@@YGXPAVCString@@PBV1@H@Z 5f406d02 f   strex.obj
 0001:00005dad       ?HashKey@@YGIPBG@Z         5f406dad f   strex.obj
 0001:00005dee       ?HashKey@@YGIPBD@Z         5f406dee f   strex.obj
 0001:00005e30       ??0CTime@@QAE@HHHHHHH@Z    5f406e30 f   timecore.obj
 0001:00005f12       ??0CTime@@QAE@GGH@Z        5f406f12 f   timecore.obj
 0001:00005fcb       ??0CTime@@QAE@ABU_SYSTEMTIME@@H@Z 5f406fcb f   timecore.obj
 0001:00006061       ??0CTime@@QAE@ABU_FILETIME@@H@Z 5f407061 f   timecore.obj
 0001:000060c9       ?GetTickCount@CTime@@SG?AV1@XZ 5f4070c9 f   timecore.obj
 0001:000060f3       ?GetGmtTm@CTime@@QBEPAUtm@@PAU2@@Z 5f4070f3 f   timecore.obj
 0001:00006135       ?GetLocalTm@CTime@@QBEPAUtm@@PAU2@@Z 5f407135 f   timecore.obj
 0001:00006187       ?GetAsSystemTime@CTime@@QBEHAAU_SYSTEMTIME@@@Z 5f407187 f   timecore.obj
 0001:00006222       ??6@YGAAVCDumpContext@@AAV0@VCTime@@@Z 5f407222 f   timecore.obj
 0001:00006299       ??6@YGAAVCArchive@@AAV0@VCTime@@@Z 5f407299 f   timecore.obj
 0001:000062ac       ??5@YGAAVCArchive@@AAV0@AAVCTime@@@Z 5f4072ac f   timecore.obj
 0001:000062bf       ??6@YGAAVCDumpContext@@AAV0@VCTimeSpan@@@Z 5f4072bf f   timecore.obj
 0001:00006343       ??6@YGAAVCArchive@@AAV0@VCTimeSpan@@@Z 5f407343 f   timecore.obj
 0001:00006356       ??5@YGAAVCArchive@@AAV0@AAVCTimeSpan@@@Z 5f407356 f   timecore.obj
 0001:00006369       ?Format@CTimeSpan@@QBE?AVCString@@PBD@Z 5f407369 f   timecore.obj
 0001:00006650       ?Format@CTimeSpan@@QBE?AVCString@@I@Z 5f407650 f   timecore.obj
 0001:000066f0       ?Format@CTime@@QBE?AVCString@@PBD@Z 5f4076f0 f   timecore.obj
 0001:00006771       ?FormatGmt@CTime@@QBE?AVCString@@PBD@Z 5f407771 f   timecore.obj
 0001:000067f2       ?Format@CTime@@QBE?AVCString@@I@Z 5f4077f2 f   timecore.obj
 0001:00006892       ?FormatGmt@CTime@@QBE?AVCString@@I@Z 5f407892 f   timecore.obj
 0001:00006940       ?LoadBitmaps@CBitmapButton@@QAEHPBD000@Z 5f407940 f   winbtn.obj
 0001:00006a20       ?SizeToContent@CBitmapButton@@QAEXXZ 5f407a20 f   winbtn.obj
 0001:00006abb       ?AutoLoad@CBitmapButton@@QAEHIPAVCWnd@@@Z 5f407abb f   winbtn.obj
 0001:00006c65       ?DrawItem@CBitmapButton@@MAEXPAUtagDRAWITEMSTRUCT@@@Z 5f407c65 f   winbtn.obj
 0001:00006df1       ?AssertValid@CBitmapButton@@UBEXXZ 5f407df1 f   winbtn.obj
 0001:00006e40       ?Dump@CBitmapButton@@UBEXAAVCDumpContext@@@Z 5f407e40 f   winbtn.obj
 0001:00006ee0       ?_GetBaseMessageMap@CCommonDialog@@KGPBUAFX_MSGMAP@@XZ 5f407ee0 f   dlgcomm.obj
 0001:00006eea       ?GetMessageMap@CCommonDialog@@MBEPBUAFX_MSGMAP@@XZ 5f407eea f   dlgcomm.obj
 0001:00006efa       ?_AfxCommDlgProc@@YGIPAUHWND__@@IIJ@Z 5f407efa f   dlgcomm.obj
 0001:00007259       ?OnOK@CCommonDialog@@MAEXXZ 5f408259 f   dlgcomm.obj
 0001:000072a1       ?OnCancel@CCommonDialog@@MAEXXZ 5f4082a1 f   dlgcomm.obj
 0001:000072c7       ?OnHelpInfo@CCommonDialog@@IAEHPAUtagHELPINFO@@@Z 5f4082c7 f   dlgcomm.obj
 0001:000072e0       ??0CFileDialog@@QAE@HPBD0K0PAVCWnd@@@Z 5f4082e0 f   dlgfile.obj
 0001:000074ee       ?DoModal@CFileDialog@@UAEHXZ 5f4084ee f   dlgfile.obj
 0001:00007732       ?GetPathName@CFileDialog@@QBE?AVCString@@XZ 5f408732 f   dlgfile.obj
 0001:000078a8       ?GetFileName@CFileDialog@@QBE?AVCString@@XZ 5f4088a8 f   dlgfile.obj
 0001:000079d6       ?GetFileExt@CFileDialog@@QBE?AVCString@@XZ 5f4089d6 f   dlgfile.obj
 0001:00007bf3       ?GetFileTitle@CFileDialog@@QBE?AVCString@@XZ 5f408bf3 f   dlgfile.obj
 0001:00007c9b       ?GetNextPathName@CFileDialog@@QBE?AVCString@@AAPAU__POSITION@@@Z 5f408c9b f   dlgfile.obj
 0001:00008024       ?SetTemplate@CFileDialog@@QAEXPBD0@Z 5f409024 f   dlgfile.obj
 0001:00008073       ?GetFolderPath@CFileDialog@@QBE?AVCString@@XZ 5f409073 f   dlgfile.obj
 0001:00008178       ?SetControlText@CFileDialog@@QAEXHPBD@Z 5f409178 f   dlgfile.obj
 0001:000081ff       ?HideControl@CFileDialog@@QAEXH@Z 5f4091ff f   dlgfile.obj
 0001:00008284       ?SetDefExt@CFileDialog@@QAEXPBD@Z 5f409284 f   dlgfile.obj
 0001:00008309       ?OnShareViolation@CFileDialog@@MAEIPBD@Z 5f409309 f   dlgfile.obj
 0001:0000832b       ?OnFileNameOK@CFileDialog@@MAEHXZ 5f40932b f   dlgfile.obj
 0001:0000834b       ?OnLBSelChangedNotify@CFileDialog@@MAEXIII@Z 5f40934b f   dlgfile.obj
 0001:0000836b       ?OnInitDone@CFileDialog@@MAEXXZ 5f40936b f   dlgfile.obj
 0001:0000839a       ?OnFileNameChange@CFileDialog@@MAEXXZ 5f40939a f   dlgfile.obj
 0001:000083b8       ?OnFolderChange@CFileDialog@@MAEXXZ 5f4093b8 f   dlgfile.obj
 0001:000083d6       ?OnTypeChange@CFileDialog@@MAEXXZ 5f4093d6 f   dlgfile.obj
 0001:000083f4       ?OnNotify@CFileDialog@@MAEHIJPAJ@Z 5f4093f4 f   dlgfile.obj
 0001:00008560       ?Dump@CFileDialog@@UBEXAAVCDumpContext@@@Z 5f409560 f   dlgfile.obj
 0001:000087f0       ??_ECFileDialog@@UAEPAXI@Z 5f4097f0 f i dlgfile.obj
 0001:000087f0       ??_GCFileDialog@@UAEPAXI@Z 5f4097f0 f i dlgfile.obj
 0001:00008820       ??1CFileDialog@@UAE@XZ     5f409820 f i dlgfile.obj
 0001:00008870       ??0CPageSetupDialog@@QAE@KPAVCWnd@@@Z 5f409870 f   dlgprnt.obj
 0001:0000892c       ?DoModal@CPageSetupDialog@@UAEHXZ 5f40992c f   dlgprnt.obj
 0001:00008a20       ?GetDevMode@CPageSetupDialog@@QBEPAU_devicemodeA@@XZ 5f409a20 f   dlgprnt.obj
 0001:00008a45       ?GetDriverName@CPageSetupDialog@@QBE?AVCString@@XZ 5f409a45 f   dlgprnt.obj
 0001:00008ab2       ?GetDeviceName@CPageSetupDialog@@QBE?AVCString@@XZ 5f409ab2 f   dlgprnt.obj
 0001:00008b20       ?GetPortName@CPageSetupDialog@@QBE?AVCString@@XZ 5f409b20 f   dlgprnt.obj
 0001:00008b8e       ?CreatePrinterDC@CPageSetupDialog@@QAEPAUHDC__@@XZ 5f409b8e f   dlgprnt.obj
 0001:00008bbc       ?GetMargins@CPageSetupDialog@@QBEXPAUtagRECT@@0@Z 5f409bbc f   dlgprnt.obj
 0001:00008c01       ?Dump@CPageSetupDialog@@UBEXAAVCDumpContext@@@Z 5f409c01 f   dlgprnt.obj
 0001:00008d05       ?PreDrawPage@CPageSetupDialog@@UAEIGGPAUtagPSDA@@@Z 5f409d05 f   dlgprnt.obj
 0001:00008d14       ?OnDrawPage@CPageSetupDialog@@UAEIPAVCDC@@IPAUtagRECT@@@Z 5f409d14 f   dlgprnt.obj
 0001:00008d23       ?PaintHookProc@CPageSetupDialog@@KGIPAUHWND__@@IIJ@Z 5f409d23 f   dlgprnt.obj
 0001:00008dd3       ?_GetBaseMessageMap@CPrintDialog@@KGPBUAFX_MSGMAP@@XZ 5f409dd3 f   dlgprnt.obj
 0001:00008ddd       ?GetMessageMap@CPrintDialog@@MBEPBUAFX_MSGMAP@@XZ 5f409ddd f   dlgprnt.obj
 0001:00008ded       ??0CPrintDialog@@QAE@HKPAVCWnd@@@Z 5f409ded f   dlgprnt.obj
 0001:00008f12       ??0CPrintDialog@@IAE@AAUtagPDA@@@Z 5f409f12 f   dlgprnt.obj
 0001:00008f3e       ?AttachOnSetup@CPrintDialog@@MAEPAV1@XZ 5f409f3e f   dlgprnt.obj
 0001:00008ff2       ?OnPrintSetup@CPrintDialog@@IAEXXZ 5f409ff2 f   dlgprnt.obj
 0001:0000908a       ?DoModal@CPrintDialog@@UAEHXZ 5f40a08a f   dlgprnt.obj
 0001:000090ea       ?CreatePrinterDC@CPrintDialog@@QAEPAUHDC__@@XZ 5f40a0ea f   dlgprnt.obj
 0001:00009133       ?GetCopies@CPrintDialog@@QBEHXZ 5f40a133 f   dlgprnt.obj
 0001:0000917d       ?GetDevMode@CPrintDialog@@QBEPAU_devicemodeA@@XZ 5f40a17d f   dlgprnt.obj
 0001:000091a8       ?GetDriverName@CPrintDialog@@QBE?AVCString@@XZ 5f40a1a8 f   dlgprnt.obj
 0001:0000921a       ?GetDeviceName@CPrintDialog@@QBE?AVCString@@XZ 5f40a21a f   dlgprnt.obj
 0001:0000928d       ?GetPortName@CPrintDialog@@QBE?AVCString@@XZ 5f40a28d f   dlgprnt.obj
 0001:00009300       ?GetDefaults@CPrintDialog@@QAEHXZ 5f40a300 f   dlgprnt.obj
 0001:0000932c       ?Dump@CPrintDialog@@UBEXAAVCDumpContext@@@Z 5f40a32c f   dlgprnt.obj
 0001:000094af       ?AfxCreateDC@@YGPAUHDC__@@PAX0@Z 5f40a4af f   dlgprnt.obj
 0001:00009560       ??_GCFindReplaceDialog@@UAEPAXI@Z 5f40a560 f i dlgprnt.obj
 0001:00009560       ??_ECPrintDialog@@UAEPAXI@Z 5f40a560 f i dlgprnt.obj
 0001:00009560       ??_ECFindReplaceDialog@@UAEPAXI@Z 5f40a560 f i dlgprnt.obj
 0001:00009560       ??_ECColorDialog@@UAEPAXI@Z 5f40a560 f i dlgprnt.obj
 0001:00009560       ??_GCPrintDialog@@UAEPAXI@Z 5f40a560 f i dlgprnt.obj
 0001:00009560       ??_GCFontDialog@@UAEPAXI@Z 5f40a560 f i dlgprnt.obj
 0001:00009560       ??_GCColorDialog@@UAEPAXI@Z 5f40a560 f i dlgprnt.obj
 0001:00009560       ??_ECFontDialog@@UAEPAXI@Z 5f40a560 f i dlgprnt.obj
 0001:00009590       ??0_AFX_COLOR_STATE@@QAE@XZ 5f40a590 f   dlgclr.obj
 0001:000095d9       ?_GetBaseMessageMap@CColorDialog@@KGPBUAFX_MSGMAP@@XZ 5f40a5d9 f   dlgclr.obj
 0001:000095e3       ?GetMessageMap@CColorDialog@@MBEPBUAFX_MSGMAP@@XZ 5f40a5e3 f   dlgclr.obj
 0001:000095f3       ??0CColorDialog@@QAE@KKPAVCWnd@@@Z 5f40a5f3 f   dlgclr.obj
 0001:000096c9       ?DoModal@CColorDialog@@UAEHXZ 5f40a6c9 f   dlgclr.obj
 0001:0000976d       ?OnColorOK@CColorDialog@@MAEHXZ 5f40a76d f   dlgclr.obj
 0001:0000978a       ?SetCurrentColor@CColorDialog@@QAEXK@Z 5f40a78a f   dlgclr.obj
 0001:000097e2       ?GetSavedCustomColors@CColorDialog@@SGPAKXZ 5f40a7e2 f   dlgclr.obj
 0001:000097f4       ?OnCtlColor@CColorDialog@@IAEPAUHBRUSH__@@PAVCDC@@PAVCWnd@@I@Z 5f40a7f4 f   dlgclr.obj
 0001:00009809       ?Dump@CColorDialog@@UBEXAAVCDumpContext@@@Z 5f40a809 f   dlgclr.obj
 0001:00009900       ??_E_AFX_COLOR_STATE@@UAEPAXI@Z 5f40a900 f i dlgclr.obj
 0001:00009900       ??_G_AFX_COLOR_STATE@@UAEPAXI@Z 5f40a900 f i dlgclr.obj
 0001:00009930       ??1_AFX_COLOR_STATE@@UAE@XZ 5f40a930 f i dlgclr.obj
 0001:00009950       ??0CFontDialog@@QAE@PAUtagLOGFONTA@@KPAVCDC@@PAVCWnd@@@Z 5f40a950 f   dlgfnt.obj
 0001:00009ace       ??0CFontDialog@@QAE@ABU_charformat@@KPAVCDC@@PAVCWnd@@@Z 5f40aace f   dlgfnt.obj
 0001:00009c4b       ?DoModal@CFontDialog@@UAEHXZ 5f40ac4b f   dlgfnt.obj
 0001:00009d1a       ?GetCurrentFont@CFontDialog@@QAEXPAUtagLOGFONTA@@@Z 5f40ad1a f   dlgfnt.obj
 0001:00009d7b       ?FillInLogFont@CFontDialog@@QAEKABU_charformat@@@Z 5f40ad7b f   dlgfnt.obj
 0001:00009fdd       ?GetCharFormat@CFontDialog@@QBEXAAU_charformat@@@Z 5f40afdd f   dlgfnt.obj
 0001:0000a1e0       ?Dump@CFontDialog@@UBEXAAVCDumpContext@@@Z 5f40b1e0 f   dlgfnt.obj
 0001:0000a340       ??0CFindReplaceDialog@@QAE@XZ 5f40b340 f   dlgfr.obj
 0001:0000a405       ?PostNcDestroy@CFindReplaceDialog@@MAEXXZ 5f40b405 f   dlgfr.obj
 0001:0000a463       ?Create@CFindReplaceDialog@@QAEHHPBD0KPAVCWnd@@@Z 5f40b463 f   dlgfr.obj
 0001:0000a61d       ?GetNotifier@CFindReplaceDialog@@SGPAV1@J@Z 5f40b61d f   dlgfr.obj
 0001:0000a68e       ?Dump@CFindReplaceDialog@@UBEXAAVCDumpContext@@@Z 5f40b68e f   dlgfr.obj
 0001:0000a750       ??1CFindReplaceDialog@@UAE@XZ 5f40b750 f i dlgfr.obj
 0001:0000a750       ??1CFontDialog@@UAE@XZ     5f40b750 f i dlgfr.obj
 0001:0000a750       ??1CColorDialog@@UAE@XZ    5f40b750 f i dlgfr.obj
 0001:0000a750       ??1CPrintDialog@@UAE@XZ    5f40b750 f i dlgfr.obj
 0001:0000a750       ??1CPageSetupDialog@@UAE@XZ 5f40b750 f i dlgfr.obj
 0001:0000a770       ??0CArchiveStream@@QAE@PAVCArchive@@@Z 5f40b770 f   arcstrm.obj
 0001:0000a79a       ?AddRef@CArchiveStream@@UAGKXZ 5f40b79a f   arcstrm.obj
 0001:0000a7a6       ?Release@CArchiveStream@@UAGKXZ 5f40b7a6 f   arcstrm.obj
 0001:0000a7af       ?QueryInterface@CArchiveStream@@UAGJABU_GUID@@PAPAX@Z 5f40b7af f   arcstrm.obj
 0001:0000a7f1       ?Read@CArchiveStream@@UAGJPAXKPAK@Z 5f40b7f1 f   arcstrm.obj
 0001:0000a8f7       ?Write@CArchiveStream@@UAGJPBXKPAK@Z 5f40b8f7 f   arcstrm.obj
 0001:0000a9fa       ?Seek@CArchiveStream@@UAGJT_LARGE_INTEGER@@KPAT_ULARGE_INTEGER@@@Z 5f40b9fa f   arcstrm.obj
 0001:0000ab29       ?SetSize@CArchiveStream@@UAGJT_ULARGE_INTEGER@@@Z 5f40bb29 f   arcstrm.obj
 0001:0000ab35       ?CopyTo@CArchiveStream@@UAGJPAUIStream@@T_ULARGE_INTEGER@@PAT3@2@Z 5f40bb35 f   arcstrm.obj
 0001:0000ab41       ?Commit@CArchiveStream@@UAGJK@Z 5f40bb41 f   arcstrm.obj
 0001:0000ab4d       ?Revert@CArchiveStream@@UAGJXZ 5f40bb4d f   arcstrm.obj
 0001:0000ab59       ?LockRegion@CArchiveStream@@UAGJT_ULARGE_INTEGER@@0K@Z 5f40bb59 f   arcstrm.obj
 0001:0000ab65       ?UnlockRegion@CArchiveStream@@UAGJT_ULARGE_INTEGER@@0K@Z 5f40bb65 f   arcstrm.obj
 0001:0000ab71       ?Stat@CArchiveStream@@UAGJPAUtagSTATSTG@@K@Z 5f40bb71 f   arcstrm.obj
 0001:0000ab7d       ?Clone@CArchiveStream@@UAGJPAPAUIStream@@@Z 5f40bb7d f   arcstrm.obj
 0001:0000ab90       ??0IStream@@QAE@XZ         5f40bb90 f i arcstrm.obj
 0001:0000abb0       ??0ISequentialStream@@QAE@XZ 5f40bbb0 f i arcstrm.obj
 0001:0000abd0       ??0IUnknown@@QAE@XZ        5f40bbd0 f i arcstrm.obj
 0001:0000abe0       ?_GetBaseMessageMap@CToolTipCtrl@@KGPBUAFX_MSGMAP@@XZ 5f40bbe0 f   tooltip.obj
 0001:0000abea       ?GetMessageMap@CToolTipCtrl@@MBEPBUAFX_MSGMAP@@XZ 5f40bbea f   tooltip.obj
 0001:0000abfa       ??0CToolTipCtrl@@QAE@XZ    5f40bbfa f   tooltip.obj
 0001:0000ac53       ?Create@CToolTipCtrl@@QAEHPAVCWnd@@K@Z 5f40bc53 f   tooltip.obj
 0001:0000ace1       ??1CToolTipCtrl@@UAE@XZ    5f40bce1 f   tooltip.obj
 0001:0000ad41       ?DestroyToolTipCtrl@CToolTipCtrl@@QAEHXZ 5f40bd41 f   tooltip.obj
 0001:0000ada0       ?OnAddTool@CToolTipCtrl@@IAEJIJ@Z 5f40bda0 f   tooltip.obj
 0001:0000ae45       ?OnDisableModal@CToolTipCtrl@@IAEJIJ@Z 5f40be45 f   tooltip.obj
 0001:0000ae65       ?OnEnable@CToolTipCtrl@@IAEXH@Z 5f40be65 f   tooltip.obj
 0001:0000ae85       ?OnWindowFromPoint@CToolTipCtrl@@IAEJIJ@Z 5f40be85 f   tooltip.obj
 0001:0000af61       ?AddTool@CToolTipCtrl@@QAEHPAVCWnd@@PBDPBUtagRECT@@I@Z 5f40bf61 f   tooltip.obj
 0001:0000b05d       ?AddTool@CToolTipCtrl@@QAEHPAVCWnd@@IPBUtagRECT@@I@Z 5f40c05d f   tooltip.obj
 0001:0000b199       ?DelTool@CToolTipCtrl@@QAEXPAVCWnd@@I@Z 5f40c199 f   tooltip.obj
 0001:0000b225       ?GetText@CToolTipCtrl@@QBEXAAVCString@@PAVCWnd@@I@Z 5f40c225 f   tooltip.obj
 0001:0000b2cb       ?GetToolInfo@CToolTipCtrl@@QBEHAAVCToolInfo@@PAVCWnd@@I@Z 5f40c2cb f   tooltip.obj
 0001:0000b361       ?HitTest@CToolTipCtrl@@QBEHPAVCWnd@@VCPoint@@PAUtagTOOLINFOA@@@Z 5f40c361 f   tooltip.obj
 0001:0000b446       ?SetToolRect@CToolTipCtrl@@QAEXPAVCWnd@@IPBUtagRECT@@@Z 5f40c446 f   tooltip.obj
 0001:0000b504       ?UpdateTipText@CToolTipCtrl@@QAEXPBDPAVCWnd@@I@Z 5f40c504 f   tooltip.obj
 0001:0000b596       ?UpdateTipText@CToolTipCtrl@@QAEXIPAVCWnd@@I@Z 5f40c596 f   tooltip.obj
 0001:0000b64b       ?FillInToolInfo@CToolTipCtrl@@QBEXAAUtagTOOLINFOA@@PAVCWnd@@I@Z 5f40c64b f   tooltip.obj
 0001:0000b6c5       ?_EnableToolTips@CWnd@@QAEHHI@Z 5f40c6c5 f   tooltip.obj
 0001:0000b7ed       ?EnableToolTips@CWnd@@QAEHH@Z 5f40c7ed f   tooltip.obj
 0001:0000b808       ?EnableTrackingToolTips@CWnd@@QAEHH@Z 5f40c808 f   tooltip.obj
 0001:0000b826       ?_AfxRelayToolTipMessage@@YGXPAVCToolTipCtrl@@PAUtagMSG@@@Z 5f40c826 f   tooltip.obj
 0001:0000b8b8       ?_FilterToolTipMessage@CWnd@@SGXPAUtagMSG@@PAV1@@Z 5f40c8b8 f   tooltip.obj
 0001:0000b8cb       ?FilterToolTipMessage@CWnd@@QAEXPAUtagMSG@@@Z 5f40c8cb f   tooltip.obj
 0001:0000c070       ??1CDragListBox@@UAE@XZ    5f40d070 f   winctrl2.obj
 0001:0000c0c1       ?PreSubclassWindow@CDragListBox@@UAEXXZ 5f40d0c1 f   winctrl2.obj
 0001:0000c12d       ?BeginDrag@CDragListBox@@UAEHVCPoint@@@Z 5f40d12d f   winctrl2.obj
 0001:0000c16a       ?CancelDrag@CDragListBox@@UAEXVCPoint@@@Z 5f40d16a f   winctrl2.obj
 0001:0000c187       ?Dragging@CDragListBox@@UAEIVCPoint@@@Z 5f40d187 f   winctrl2.obj
 0001:0000c1df       ?Dropped@CDragListBox@@UAEXHVCPoint@@@Z 5f40d1df f   winctrl2.obj
 0001:0000c324       ?DrawInsert@CDragListBox@@UAEXH@Z 5f40d324 f   winctrl2.obj
 0001:0000c360       ?DrawSingle@CDragListBox@@QAEXH@Z 5f40d360 f   winctrl2.obj
 0001:0000c466       ?OnChildNotify@CDragListBox@@MAEHIIJPAJ@Z 5f40d466 f   winctrl2.obj
 0001:0000c5cb       ?_GetBaseMessageMap@CToolBarCtrl@@KGPBUAFX_MSGMAP@@XZ 5f40d5cb f   winctrl2.obj
 0001:0000c5d5       ?GetMessageMap@CToolBarCtrl@@MBEPBUAFX_MSGMAP@@XZ 5f40d5d5 f   winctrl2.obj
 0001:0000c5e5       ?Create@CToolBarCtrl@@QAEHKABUtagRECT@@PAVCWnd@@I@Z 5f40d5e5 f   winctrl2.obj
 0001:0000c64c       ??1CToolBarCtrl@@UAE@XZ    5f40d64c f   winctrl2.obj
 0001:0000c69d       ?AddBitmap@CToolBarCtrl@@QAEHHPAVCBitmap@@@Z 5f40d69d f   winctrl2.obj
 0001:0000c709       ?AddBitmap@CToolBarCtrl@@QAEHHI@Z 5f40d709 f   winctrl2.obj
 0001:0000c797       ?SaveState@CToolBarCtrl@@QAEXPAUHKEY__@@PBD1@Z 5f40d797 f   winctrl2.obj
 0001:0000c801       ?RestoreState@CToolBarCtrl@@QAEXPAUHKEY__@@PBD1@Z 5f40d801 f   winctrl2.obj
 0001:0000c86b       ?AddString@CToolBarCtrl@@QAEHI@Z 5f40d86b f   winctrl2.obj
 0001:0000c8fe       ?OnCreate@CToolBarCtrl@@IAEHPAUtagCREATESTRUCTA@@@Z 5f40d8fe f   winctrl2.obj
 0001:0000c92d       ?GetDropTarget@CToolBarCtrl@@QBEJPAPAUIDropTarget@@@Z 5f40d92d f   winctrl2.obj
 0001:0000c9a6       ?Create@CStatusBarCtrl@@QAEHKABUtagRECT@@PAVCWnd@@I@Z 5f40d9a6 f   winctrl2.obj
 0001:0000ca0d       ??1CStatusBarCtrl@@UAE@XZ  5f40da0d f   winctrl2.obj
 0001:0000ca5e       ?GetText@CStatusBarCtrl@@QBEHPBDHPAH@Z 5f40da5e f   winctrl2.obj
 0001:0000cb03       ?GetText@CStatusBarCtrl@@QBE?AVCString@@HPAH@Z 5f40db03 f   winctrl2.obj
 0001:0000cc2f       ?GetTextLength@CStatusBarCtrl@@QBEHHPAH@Z 5f40dc2f f   winctrl2.obj
 0001:0000ccd2       ?GetTipText@CStatusBarCtrl@@QBE?AVCString@@H@Z 5f40dcd2 f   winctrl2.obj
 0001:0000cd94       ?GetBorders@CStatusBarCtrl@@QBEHAAH00@Z 5f40dd94 f   winctrl2.obj
 0001:0000ce10       ?DrawItem@CStatusBarCtrl@@UAEXPAUtagDRAWITEMSTRUCT@@@Z 5f40de10 f   winctrl2.obj
 0001:0000ce46       ?OnChildNotify@CStatusBarCtrl@@MAEHIIJPAJ@Z 5f40de46 f   winctrl2.obj
 0001:0000ceb0       ?_GetBaseMessageMap@CListCtrl@@KGPBUAFX_MSGMAP@@XZ 5f40deb0 f   winctrl2.obj
 0001:0000ceba       ?GetMessageMap@CListCtrl@@MBEPBUAFX_MSGMAP@@XZ 5f40deba f   winctrl2.obj
 0001:0000ceca       ?Create@CListCtrl@@QAEHKABUtagRECT@@PAVCWnd@@I@Z 5f40deca f   winctrl2.obj
 0001:0000cf31       ??1CListCtrl@@UAE@XZ       5f40df31 f   winctrl2.obj
 0001:0000cf82       ?GetItemRect@CListCtrl@@QBEHHPAUtagRECT@@I@Z 5f40df82 f   winctrl2.obj
 0001:0000cfe2       ?SetItemCountEx@CListCtrl@@QAEHHK@Z 5f40dfe2 f   winctrl2.obj
 0001:0000d06b       ?SetIconSpacing@CListCtrl@@QAE?AVCSize@@HH@Z 5f40e06b f   winctrl2.obj
 0001:0000d0f5       ?SetIconSpacing@CListCtrl@@QAE?AVCSize@@V2@@Z 5f40e0f5 f   winctrl2.obj
 0001:0000d17f       ?GetSubItemRect@CListCtrl@@QAEHHHHAAVCRect@@@Z 5f40e17f f   winctrl2.obj
 0001:0000d229       ?InsertColumn@CListCtrl@@QAEHHPBDHHH@Z 5f40e229 f   winctrl2.obj
 0001:0000d285       ?InsertItem@CListCtrl@@QAEHIHPBDIIHJ@Z 5f40e285 f   winctrl2.obj
 0001:0000d302       ?HitTest@CListCtrl@@QBEHVCPoint@@PAI@Z 5f40e302 f   winctrl2.obj
 0001:0000d37a       ?SetItem@CListCtrl@@QAEHHHIPBDHIIJ@Z 5f40e37a f   winctrl2.obj
 0001:0000d42d       ?SetItemState@CListCtrl@@QAEHHII@Z 5f40e42d f   winctrl2.obj
 0001:0000d493       ?SetItemText@CListCtrl@@QAEHHHPBD@Z 5f40e493 f   winctrl2.obj
 0001:0000d524       ?GetItemText@CListCtrl@@QBE?AVCString@@HH@Z 5f40e524 f   winctrl2.obj
 0001:0000d629       ?GetItemText@CListCtrl@@QBEHHHPADH@Z 5f40e629 f   winctrl2.obj
 0001:0000d6a5       ?GetItemData@CListCtrl@@QBEKH@Z 5f40e6a5 f   winctrl2.obj
 0001:0000d73b       ?DrawItem@CListCtrl@@UAEXPAUtagDRAWITEMSTRUCT@@@Z 5f40e73b f   winctrl2.obj
 0001:0000d771       ?OnChildNotify@CListCtrl@@MAEHIIJPAJ@Z 5f40e771 f   winctrl2.obj
 0001:0000d7db       ?RemoveImageList@CListCtrl@@IAEXH@Z 5f40e7db f   winctrl2.obj
 0001:0000d820       ?OnNcDestroy@CListCtrl@@IAEXXZ 5f40e820 f   winctrl2.obj
 0001:0000d851       ?CreateDragImage@CListCtrl@@QAEPAVCImageList@@HPAUtagPOINT@@@Z 5f40e851 f   winctrl2.obj
 0001:0000d94c       ?_GetBaseMessageMap@CTreeCtrl@@KGPBUAFX_MSGMAP@@XZ 5f40e94c f   winctrl2.obj
 0001:0000d956       ?GetMessageMap@CTreeCtrl@@MBEPBUAFX_MSGMAP@@XZ 5f40e956 f   winctrl2.obj
 0001:0000d966       ?Create@CTreeCtrl@@QAEHKABUtagRECT@@PAVCWnd@@I@Z 5f40e966 f   winctrl2.obj
 0001:0000d9cd       ??1CTreeCtrl@@UAE@XZ       5f40e9cd f   winctrl2.obj
 0001:0000da1e       ?GetItemRect@CTreeCtrl@@QBEHPAU_TREEITEM@@PAUtagRECT@@H@Z 5f40ea1e f   winctrl2.obj
 0001:0000da7e       ?GetItemText@CTreeCtrl@@QBE?AVCString@@PAU_TREEITEM@@@Z 5f40ea7e f   winctrl2.obj
 0001:0000db82       ?GetItemImage@CTreeCtrl@@QBEHPAU_TREEITEM@@AAH1@Z 5f40eb82 f   winctrl2.obj
 0001:0000dc03       ?GetItemState@CTreeCtrl@@QBEIPAU_TREEITEM@@I@Z 5f40ec03 f   winctrl2.obj
 0001:0000dc96       ?GetItemData@CTreeCtrl@@QBEKPAU_TREEITEM@@@Z 5f40ec96 f   winctrl2.obj
 0001:0000dd1c       ?ItemHasChildren@CTreeCtrl@@QBEHPAU_TREEITEM@@@Z 5f40ed1c f   winctrl2.obj
 0001:0000dd84       ?SetItem@CTreeCtrl@@QAEHPAU_TREEITEM@@IPBDHHIIJ@Z 5f40ed84 f   winctrl2.obj
 0001:0000de0c       ?InsertItem@CTreeCtrl@@QAEPAU_TREEITEM@@IPBDHHIIJPAU2@1@Z 5f40ee0c f   winctrl2.obj
 0001:0000de9a       ?HitTest@CTreeCtrl@@QBEPAU_TREEITEM@@VCPoint@@PAI@Z 5f40ee9a f   winctrl2.obj
 0001:0000df12       ?RemoveImageList@CTreeCtrl@@IAEXH@Z 5f40ef12 f   winctrl2.obj
 0001:0000df57       ?OnDestroy@CTreeCtrl@@QAEXXZ 5f40ef57 f   winctrl2.obj
 0001:0000df7e       ?CreateDragImage@CTreeCtrl@@QAEPAVCImageList@@PAU_TREEITEM@@@Z 5f40ef7e f   winctrl2.obj
 0001:0000e077       ?GetCheck@CTreeCtrl@@QBEHPAU_TREEITEM@@@Z 5f40f077 f   winctrl2.obj
 0001:0000e10a       ?SetCheck@CTreeCtrl@@QAEHPAU_TREEITEM@@H@Z 5f40f10a f   winctrl2.obj
 0001:0000e186       ?Create@CSpinButtonCtrl@@QAEHKABUtagRECT@@PAVCWnd@@I@Z 5f40f186 f   winctrl2.obj
 0001:0000e1ea       ??1CSpinButtonCtrl@@UAE@XZ 5f40f1ea f   winctrl2.obj
 0001:0000e23b       ?GetRange@CSpinButtonCtrl@@QBEXAAH0@Z 5f40f23b f   winctrl2.obj
 0001:0000e2b1       ?Create@CSliderCtrl@@QAEHKABUtagRECT@@PAVCWnd@@I@Z 5f40f2b1 f   winctrl2.obj
 0001:0000e318       ??1CSliderCtrl@@UAE@XZ     5f40f318 f   winctrl2.obj
 0001:0000e369       ?GetRange@CSliderCtrl@@QBEXAAH0@Z 5f40f369 f   winctrl2.obj
 0001:0000e3c1       ?SetRange@CSliderCtrl@@QAEXHHH@Z 5f40f3c1 f   winctrl2.obj
 0001:0000e3ee       ?GetSelection@CSliderCtrl@@QBEXAAH0@Z 5f40f3ee f   winctrl2.obj
 0001:0000e462       ?SetSelection@CSliderCtrl@@QAEXHH@Z 5f40f462 f   winctrl2.obj
 0001:0000e4d0       ?Create@CProgressCtrl@@QAEHKABUtagRECT@@PAVCWnd@@I@Z 5f40f4d0 f   winctrl2.obj
 0001:0000e537       ??1CProgressCtrl@@UAE@XZ   5f40f537 f   winctrl2.obj
 0001:0000e588       ?Create@CHeaderCtrl@@QAEHKABUtagRECT@@PAVCWnd@@I@Z 5f40f588 f   winctrl2.obj
 0001:0000e5ef       ??1CHeaderCtrl@@UAE@XZ     5f40f5ef f   winctrl2.obj
 0001:0000e640       ?DrawItem@CHeaderCtrl@@UAEXPAUtagDRAWITEMSTRUCT@@@Z 5f40f640 f   winctrl2.obj
 0001:0000e676       ?OnChildNotify@CHeaderCtrl@@MAEHIIJPAJ@Z 5f40f676 f   winctrl2.obj
 0001:0000e6e0       ?Create@CHotKeyCtrl@@QAEHKABUtagRECT@@PAVCWnd@@I@Z 5f40f6e0 f   winctrl2.obj
 0001:0000e747       ??1CHotKeyCtrl@@UAE@XZ     5f40f747 f   winctrl2.obj
 0001:0000e798       ?GetHotKey@CHotKeyCtrl@@QBEXAAG0@Z 5f40f798 f   winctrl2.obj
 0001:0000e819       ?_GetBaseMessageMap@CTabCtrl@@KGPBUAFX_MSGMAP@@XZ 5f40f819 f   winctrl2.obj
 0001:0000e823       ?GetMessageMap@CTabCtrl@@MBEPBUAFX_MSGMAP@@XZ 5f40f823 f   winctrl2.obj
 0001:0000e833       ?Create@CTabCtrl@@QAEHKABUtagRECT@@PAVCWnd@@I@Z 5f40f833 f   winctrl2.obj
 0001:0000e89a       ??1CTabCtrl@@UAE@XZ        5f40f89a f   winctrl2.obj
 0001:0000e8eb       ?DrawItem@CTabCtrl@@UAEXPAUtagDRAWITEMSTRUCT@@@Z 5f40f8eb f   winctrl2.obj
 0001:0000e921       ?OnChildNotify@CTabCtrl@@MAEHIIJPAJ@Z 5f40f921 f   winctrl2.obj
 0001:0000e98b       ?OnDestroy@CTabCtrl@@IAEXXZ 5f40f98b f   winctrl2.obj
 0001:0000e9d2       ?GetItemState@CTabCtrl@@QBEKHK@Z 5f40f9d2 f   winctrl2.obj
 0001:0000ea5a       ?SetItemState@CTabCtrl@@QAEHHKK@Z 5f40fa5a f   winctrl2.obj
 0001:0000eac7       ?InsertItem@CTabCtrl@@QAEHIHPBDHJ@Z 5f40fac7 f   winctrl2.obj
 0001:0000eb39       ?InsertItem@CTabCtrl@@QAEHIHPBDHJKK@Z 5f40fb39 f   winctrl2.obj
 0001:0000ebb7       ?Create@CAnimateCtrl@@QAEHKABUtagRECT@@PAVCWnd@@I@Z 5f40fbb7 f   winctrl2.obj
 0001:0000ec1e       ??1CAnimateCtrl@@UAE@XZ    5f40fc1e f   winctrl2.obj
 0001:0000ec6f       ??1CRichEditCtrl@@UAE@XZ   5f40fc6f f   winctrl2.obj
 0001:0000ecc0       ?afxMapHIMAGELIST@@YGPAVCHandleMap@@H@Z 5f40fcc0 f   winctrl2.obj
 0001:0000ed90       ??0CImageList@@QAE@XZ      5f40fd90 f   winctrl2.obj
 0001:0000edb9       ??1CImageList@@UAE@XZ      5f40fdb9 f   winctrl2.obj
 0001:0000ee0a       ?Detach@CImageList@@QAEPAU_IMAGELIST@@XZ 5f40fe0a f   winctrl2.obj
 0001:0000ee52       ?DeleteImageList@CImageList@@QAEHXZ 5f40fe52 f   winctrl2.obj
 0001:0000ee79       ?FromHandle@CImageList@@SGPAV1@PAU_IMAGELIST@@@Z 5f40fe79 f   winctrl2.obj
 0001:0000eef2       ?FromHandlePermanent@CImageList@@SGPAV1@PAU_IMAGELIST@@@Z 5f40fef2 f   winctrl2.obj
 0001:0000ef58       ?Create@CImageList@@QAEHHHIHH@Z 5f40ff58 f   winctrl2.obj
 0001:0000ef88       ?Create@CImageList@@QAEHIHHK@Z 5f40ff88 f   winctrl2.obj
 0001:0000f020       ?Create@CImageList@@QAEHPBDHHK@Z 5f410020 f   winctrl2.obj
 0001:0000f08a       ?Create@CImageList@@QAEHAAV1@H0HHH@Z 5f41008a f   winctrl2.obj
 0001:0000f0c4       ?Attach@CImageList@@QAEHPAU_IMAGELIST@@@Z 5f4100c4 f   winctrl2.obj
 0001:0000f175       ?Read@CImageList@@QAEHPAVCArchive@@@Z 5f410175 f   winctrl2.obj
 0001:0000f21a       ?Write@CImageList@@QAEHPAVCArchive@@@Z 5f41021a f   winctrl2.obj
 0001:0000f2b4       ?Dump@CImageList@@UBEXAAVCDumpContext@@@Z 5f4102b4 f   winctrl2.obj
 0001:0000f2f5       ?AssertValid@CImageList@@UBEXXZ 5f4102f5 f   winctrl2.obj
 0001:0000f3b4       ??0CDragListBox@@QAE@XZ    5f4103b4 f   winctrl2.obj
 0001:0000f3dd       ?ItemFromPt@CDragListBox@@QBEHVCPoint@@H@Z 5f4103dd f   winctrl2.obj
 0001:0000f43f       ??0CToolBarCtrl@@QAE@XZ    5f41043f f   winctrl2.obj
 0001:0000f45e       ?EnableButton@CToolBarCtrl@@QAEHHH@Z 5f41045e f   winctrl2.obj
 0001:0000f4b8       ?CheckButton@CToolBarCtrl@@QAEHHH@Z 5f4104b8 f   winctrl2.obj
 0001:0000f512       ?PressButton@CToolBarCtrl@@QAEHHH@Z 5f410512 f   winctrl2.obj
 0001:0000f56c       ?HideButton@CToolBarCtrl@@QAEHHH@Z 5f41056c f   winctrl2.obj
 0001:0000f5c6       ?Indeterminate@CToolBarCtrl@@QAEHHH@Z 5f4105c6 f   winctrl2.obj
 0001:0000f620       ?IsButtonEnabled@CToolBarCtrl@@QBEHH@Z 5f410620 f   winctrl2.obj
 0001:0000f673       ?IsButtonChecked@CToolBarCtrl@@QBEHH@Z 5f410673 f   winctrl2.obj
 0001:0000f6c6       ?IsButtonPressed@CToolBarCtrl@@QBEHH@Z 5f4106c6 f   winctrl2.obj
 0001:0000f719       ?IsButtonHidden@CToolBarCtrl@@QBEHH@Z 5f410719 f   winctrl2.obj
 0001:0000f76c       ?IsButtonIndeterminate@CToolBarCtrl@@QBEHH@Z 5f41076c f   winctrl2.obj
 0001:0000f7bf       ?SetState@CToolBarCtrl@@QAEHHI@Z 5f4107bf f   winctrl2.obj
 0001:0000f819       ?GetState@CToolBarCtrl@@QBEHH@Z 5f410819 f   winctrl2.obj
 0001:0000f86c       ?AddButtons@CToolBarCtrl@@QAEHHPAU_TBBUTTON@@@Z 5f41086c f   winctrl2.obj
 0001:0000f8c1       ?InsertButton@CToolBarCtrl@@QAEHHPAU_TBBUTTON@@@Z 5f4108c1 f   winctrl2.obj
 0001:0000f916       ?DeleteButton@CToolBarCtrl@@QAEHH@Z 5f410916 f   winctrl2.obj
 0001:0000f969       ?GetButton@CToolBarCtrl@@QBEHHPAU_TBBUTTON@@@Z 5f410969 f   winctrl2.obj
 0001:0000f9be       ?GetButtonCount@CToolBarCtrl@@QBEHXZ 5f4109be f   winctrl2.obj
 0001:0000fa0d       ?CommandToIndex@CToolBarCtrl@@QBEII@Z 5f410a0d f   winctrl2.obj
 0001:0000fa60       ?Customize@CToolBarCtrl@@QAEXXZ 5f410a60 f   winctrl2.obj
 0001:0000faaf       ?AddStrings@CToolBarCtrl@@QAEHPBD@Z 5f410aaf f   winctrl2.obj
 0001:0000fb02       ?GetItemRect@CToolBarCtrl@@QBEHHPAUtagRECT@@@Z 5f410b02 f   winctrl2.obj
 0001:0000fb57       ?SetButtonStructSize@CToolBarCtrl@@QAEXH@Z 5f410b57 f   winctrl2.obj
 0001:0000fbaa       ?SetButtonSize@CToolBarCtrl@@QAEHVCSize@@@Z 5f410baa f   winctrl2.obj
 0001:0000fc10       ?SetBitmapSize@CToolBarCtrl@@QAEHVCSize@@@Z 5f410c10 f   winctrl2.obj
 0001:0000fc76       ?AutoSize@CToolBarCtrl@@QAEXXZ 5f410c76 f   winctrl2.obj
 0001:0000fcc5       ?GetToolTips@CToolBarCtrl@@QBEPAVCToolTipCtrl@@XZ 5f410cc5 f   winctrl2.obj
 0001:0000fd1a       ?SetToolTips@CToolBarCtrl@@QAEXPAVCToolTipCtrl@@@Z 5f410d1a f   winctrl2.obj
 0001:0000fd72       ?SetOwner@CToolBarCtrl@@QAEXPAVCWnd@@@Z 5f410d72 f   winctrl2.obj
 0001:0000fdca       ?SetRows@CToolBarCtrl@@QAEXHHPAUtagRECT@@@Z 5f410dca f   winctrl2.obj
 0001:0000fe33       ?GetRows@CToolBarCtrl@@QBEHXZ 5f410e33 f   winctrl2.obj
 0001:0000fe82       ?SetCmdID@CToolBarCtrl@@QAEHHI@Z 5f410e82 f   winctrl2.obj
 0001:0000fed7       ?GetBitmapFlags@CToolBarCtrl@@QBEIXZ 5f410ed7 f   winctrl2.obj
 0001:0000ff26       ?HitTest@CToolBarCtrl@@QBEHPAUtagPOINT@@@Z 5f410f26 f   winctrl2.obj
 0001:0000ff79       ?GetExtendedStyle@CToolBarCtrl@@QBEKXZ 5f410f79 f   winctrl2.obj
 0001:0000ffc8       ?SetExtendedStyle@CToolBarCtrl@@QAEKK@Z 5f410fc8 f   winctrl2.obj
 0001:0001001b       ?GetInsertMarkColor@CToolBarCtrl@@QBEKXZ 5f41101b f   winctrl2.obj
 0001:0001006a       ?SetInsertMarkColor@CToolBarCtrl@@QAEKK@Z 5f41106a f   winctrl2.obj
 0001:000100bd       ??0CStatusBarCtrl@@QAE@XZ  5f4110bd f   winctrl2.obj
 0001:000100dc       ?SetText@CStatusBarCtrl@@QAEHPBDHH@Z 5f4110dc f   winctrl2.obj
 0001:00010154       ?SetParts@CStatusBarCtrl@@QAEHHPAH@Z 5f411154 f   winctrl2.obj
 0001:000101a9       ?GetParts@CStatusBarCtrl@@QBEHHPAH@Z 5f4111a9 f   winctrl2.obj
 0001:000101fe       ?GetBorders@CStatusBarCtrl@@QBEHPAH@Z 5f4111fe f   winctrl2.obj
 0001:00010251       ?SetMinHeight@CStatusBarCtrl@@QAEXH@Z 5f411251 f   winctrl2.obj
 0001:000102a4       ?SetSimple@CStatusBarCtrl@@QAEHH@Z 5f4112a4 f   winctrl2.obj
 0001:000102f7       ?GetRect@CStatusBarCtrl@@QBEHHPAUtagRECT@@@Z 5f4112f7 f   winctrl2.obj
 0001:0001034c       ??0CListCtrl@@QAE@XZ       5f41134c f   winctrl2.obj
 0001:0001036b       ?GetBkColor@CListCtrl@@QBEKXZ 5f41136b f   winctrl2.obj
 0001:000103ba       ?SetBkColor@CListCtrl@@QAEHK@Z 5f4113ba f   winctrl2.obj
 0001:0001040d       ?GetImageList@CListCtrl@@QBEPAVCImageList@@H@Z 5f41140d f   winctrl2.obj
 0001:00010469       ?SetImageList@CListCtrl@@QAEPAVCImageList@@PAV2@H@Z 5f411469 f   winctrl2.obj
 0001:000104cc       ?GetItemCount@CListCtrl@@QBEHXZ 5f4114cc f   winctrl2.obj
 0001:0001051e       ?GetItem@CListCtrl@@QBEHPAUtagLVITEMA@@@Z 5f41151e f   winctrl2.obj
 0001:00010574       ?SetItem@CListCtrl@@QAEHPBUtagLVITEMA@@@Z 5f411574 f   winctrl2.obj
 0001:000105ca       ?SetItemData@CListCtrl@@QAEHHK@Z 5f4115ca f   winctrl2.obj
 0001:00010624       ?InsertItem@CListCtrl@@QAEHPBUtagLVITEMA@@@Z 5f411624 f   winctrl2.obj
 0001:0001067a       ?InsertItem@CListCtrl@@QAEHHPBD@Z 5f41167a f   winctrl2.obj
 0001:000106d2       ?InsertItem@CListCtrl@@QAEHHPBDH@Z 5f4116d2 f   winctrl2.obj
 0001:0001072c       ?DeleteItem@CListCtrl@@QAEHH@Z 5f41172c f   winctrl2.obj
 0001:00010782       ?DeleteAllItems@CListCtrl@@QAEHXZ 5f411782 f   winctrl2.obj
 0001:000107d4       ?GetCallbackMask@CListCtrl@@QBEIXZ 5f4117d4 f   winctrl2.obj
 0001:00010826       ?SetCallbackMask@CListCtrl@@QAEHI@Z 5f411826 f   winctrl2.obj
 0001:0001087c       ?GetNextItem@CListCtrl@@QBEHHH@Z 5f41187c f   winctrl2.obj
 0001:000108d9       ?GetFirstSelectedItemPosition@CListCtrl@@QBEPAU__POSITION@@XZ 5f4118d9 f   winctrl2.obj
 0001:00010924       ?GetNextSelectedItem@CListCtrl@@QBEHAAPAU__POSITION@@@Z 5f411924 f   winctrl2.obj
 0001:00010988       ?FindItem@CListCtrl@@QBEHPAUtagLVFINDINFOA@@H@Z 5f411988 f   winctrl2.obj
 0001:000109e0       ?HitTest@CListCtrl@@QBEHPAUtagLVHITTESTINFO@@@Z 5f4119e0 f   winctrl2.obj
 0001:00010a36       ?SetItemPosition@CListCtrl@@QAEHHUtagPOINT@@@Z 5f411a36 f   winctrl2.obj
 0001:00010ab9       ?GetItemPosition@CListCtrl@@QBEHHPAUtagPOINT@@@Z 5f411ab9 f   winctrl2.obj
 0001:00010b11       ?GetStringWidth@CListCtrl@@QBEHPBD@Z 5f411b11 f   winctrl2.obj
 0001:00010b67       ?EnsureVisible@CListCtrl@@QAEHHH@Z 5f411b67 f   winctrl2.obj
 0001:00010bc4       ?Scroll@CListCtrl@@QAEHVCSize@@@Z 5f411bc4 f   winctrl2.obj
 0001:00010c1c       ?RedrawItems@CListCtrl@@QAEHHH@Z 5f411c1c f   winctrl2.obj
 0001:00010c74       ?Arrange@CListCtrl@@QAEHI@Z 5f411c74 f   winctrl2.obj
 0001:00010cca       ?EditLabel@CListCtrl@@QAEPAVCEdit@@H@Z 5f411cca f   winctrl2.obj
 0001:00010d26       ?GetEditControl@CListCtrl@@QBEPAVCEdit@@XZ 5f411d26 f   winctrl2.obj
 0001:00010d7e       ?GetColumn@CListCtrl@@QBEHHPAUtagLVCOLUMNA@@@Z 5f411d7e f   winctrl2.obj
 0001:00010dd6       ?SetColumn@CListCtrl@@QAEHHPBUtagLVCOLUMNA@@@Z 5f411dd6 f   winctrl2.obj
 0001:00010e2e       ?InsertColumn@CListCtrl@@QAEHHPBUtagLVCOLUMNA@@@Z 5f411e2e f   winctrl2.obj
 0001:00010e86       ?DeleteColumn@CListCtrl@@QAEHH@Z 5f411e86 f   winctrl2.obj
 0001:00010edc       ?GetColumnWidth@CListCtrl@@QBEHH@Z 5f411edc f   winctrl2.obj
 0001:00010f32       ?SetColumnWidth@CListCtrl@@QAEHHH@Z 5f411f32 f   winctrl2.obj
 0001:00010f8f       ?GetViewRect@CListCtrl@@QBEHPAUtagRECT@@@Z 5f411f8f f   winctrl2.obj
 0001:00010fe5       ?GetTextColor@CListCtrl@@QBEKXZ 5f411fe5 f   winctrl2.obj
 0001:00011037       ?SetTextColor@CListCtrl@@QAEHK@Z 5f412037 f   winctrl2.obj
 0001:0001108d       ?GetTextBkColor@CListCtrl@@QBEKXZ 5f41208d f   winctrl2.obj
 0001:000110df       ?SetTextBkColor@CListCtrl@@QAEHK@Z 5f4120df f   winctrl2.obj
 0001:00011135       ?GetTopIndex@CListCtrl@@QBEHXZ 5f412135 f   winctrl2.obj
 0001:00011187       ?GetCountPerPage@CListCtrl@@QBEHXZ 5f412187 f   winctrl2.obj
 0001:000111d9       ?GetOrigin@CListCtrl@@QBEHPAUtagPOINT@@@Z 5f4121d9 f   winctrl2.obj
 0001:0001122f       ?Update@CListCtrl@@QAEHH@Z 5f41222f f   winctrl2.obj
 0001:00011285       ?SetItemState@CListCtrl@@QAEHHPAUtagLVITEMA@@@Z 5f412285 f   winctrl2.obj
 0001:000112dd       ?GetItemState@CListCtrl@@QBEIHI@Z 5f4122dd f   winctrl2.obj
 0001:00011335       ?SetItemCount@CListCtrl@@QAEXH@Z 5f412335 f   winctrl2.obj
 0001:0001138b       ?SortItems@CListCtrl@@QAEHP6GHJJJ@ZK@Z 5f41238b f   winctrl2.obj
 0001:0001140e       ?GetSelectedCount@CListCtrl@@QBEIXZ 5f41240e f   winctrl2.obj
 0001:00011460       ??0CTreeCtrl@@QAE@XZ       5f412460 f   winctrl2.obj
 0001:0001147f       ?InsertItem@CTreeCtrl@@QAEPAU_TREEITEM@@PAUtagTVINSERTSTRUCTA@@@Z 5f41247f f   winctrl2.obj
 0001:000114d5       ?InsertItem@CTreeCtrl@@QAEPAU_TREEITEM@@PBDHHPAU2@1@Z 5f4124d5 f   winctrl2.obj
 0001:00011537       ?InsertItem@CTreeCtrl@@QAEPAU_TREEITEM@@PBDPAU2@1@Z 5f412537 f   winctrl2.obj
 0001:00011595       ?DeleteItem@CTreeCtrl@@QAEHPAU_TREEITEM@@@Z 5f412595 f   winctrl2.obj
 0001:000115eb       ?DeleteAllItems@CTreeCtrl@@QAEHXZ 5f4125eb f   winctrl2.obj
 0001:00011640       ?Expand@CTreeCtrl@@QAEHPAU_TREEITEM@@I@Z 5f412640 f   winctrl2.obj
 0001:00011698       ?GetCount@CTreeCtrl@@QBEIXZ 5f412698 f   winctrl2.obj
 0001:000116ea       ?GetIndent@CTreeCtrl@@QBEIXZ 5f4126ea f   winctrl2.obj
 0001:0001173c       ?SetIndent@CTreeCtrl@@QAEXI@Z 5f41273c f   winctrl2.obj
 0001:00011792       ?GetImageList@CTreeCtrl@@QBEPAVCImageList@@I@Z 5f412792 f   winctrl2.obj
 0001:000117ee       ?SetImageList@CTreeCtrl@@QAEPAVCImageList@@PAV2@H@Z 5f4127ee f   winctrl2.obj
 0001:00011851       ?GetNextItem@CTreeCtrl@@QBEPAU_TREEITEM@@PAU2@I@Z 5f412851 f   winctrl2.obj
 0001:000118a9       ?GetChildItem@CTreeCtrl@@QBEPAU_TREEITEM@@PAU2@@Z 5f4128a9 f   winctrl2.obj
 0001:000118ff       ?GetNextSiblingItem@CTreeCtrl@@QBEPAU_TREEITEM@@PAU2@@Z 5f4128ff f   winctrl2.obj
 0001:00011955       ?GetPrevSiblingItem@CTreeCtrl@@QBEPAU_TREEITEM@@PAU2@@Z 5f412955 f   winctrl2.obj
 0001:000119ab       ?GetParentItem@CTreeCtrl@@QBEPAU_TREEITEM@@PAU2@@Z 5f4129ab f   winctrl2.obj
 0001:00011a01       ?GetFirstVisibleItem@CTreeCtrl@@QBEPAU_TREEITEM@@XZ 5f412a01 f   winctrl2.obj
 0001:00011a53       ?GetNextVisibleItem@CTreeCtrl@@QBEPAU_TREEITEM@@PAU2@@Z 5f412a53 f   winctrl2.obj
 0001:00011aa9       ?GetPrevVisibleItem@CTreeCtrl@@QBEPAU_TREEITEM@@PAU2@@Z 5f412aa9 f   winctrl2.obj
 0001:00011aff       ?GetSelectedItem@CTreeCtrl@@QBEPAU_TREEITEM@@XZ 5f412aff f   winctrl2.obj
 0001:00011b51       ?GetDropHilightItem@CTreeCtrl@@QBEPAU_TREEITEM@@XZ 5f412b51 f   winctrl2.obj
 0001:00011ba3       ?GetRootItem@CTreeCtrl@@QBEPAU_TREEITEM@@XZ 5f412ba3 f   winctrl2.obj
 0001:00011bf5       ?Select@CTreeCtrl@@QAEHPAU_TREEITEM@@I@Z 5f412bf5 f   winctrl2.obj
 0001:00011c4d       ?SelectItem@CTreeCtrl@@QAEHPAU_TREEITEM@@@Z 5f412c4d f   winctrl2.obj
 0001:00011ca3       ?SelectDropTarget@CTreeCtrl@@QAEHPAU_TREEITEM@@@Z 5f412ca3 f   winctrl2.obj
 0001:00011cf9       ?SelectSetFirstVisible@CTreeCtrl@@QAEHPAU_TREEITEM@@@Z 5f412cf9 f   winctrl2.obj
 0001:00011d4f       ?GetItem@CTreeCtrl@@QBEHPAUtagTVITEMA@@@Z 5f412d4f f   winctrl2.obj
 0001:00011da5       ?SetItem@CTreeCtrl@@QAEHPAUtagTVITEMA@@@Z 5f412da5 f   winctrl2.obj
 0001:00011dfb       ?SetItemText@CTreeCtrl@@QAEHPAU_TREEITEM@@PBD@Z 5f412dfb f   winctrl2.obj
 0001:00011e55       ?SetItemImage@CTreeCtrl@@QAEHPAU_TREEITEM@@HH@Z 5f412e55 f   winctrl2.obj
 0001:00011eb1       ?SetItemState@CTreeCtrl@@QAEHPAU_TREEITEM@@II@Z 5f412eb1 f   winctrl2.obj
 0001:00011f0d       ?SetItemData@CTreeCtrl@@QAEHPAU_TREEITEM@@K@Z 5f412f0d f   winctrl2.obj
 0001:00011f67       ?EditLabel@CTreeCtrl@@QAEPAVCEdit@@PAU_TREEITEM@@@Z 5f412f67 f   winctrl2.obj
 0001:00011fc3       ?HitTest@CTreeCtrl@@QBEPAU_TREEITEM@@PAUtagTVHITTESTINFO@@@Z 5f412fc3 f   winctrl2.obj
 0001:00012019       ?GetEditControl@CTreeCtrl@@QBEPAVCEdit@@XZ 5f413019 f   winctrl2.obj
 0001:00012071       ?GetVisibleCount@CTreeCtrl@@QBEIXZ 5f413071 f   winctrl2.obj
 0001:000120c3       ?SortChildren@CTreeCtrl@@QAEHPAU_TREEITEM@@@Z 5f4130c3 f   winctrl2.obj
 0001:00012119       ?EnsureVisible@CTreeCtrl@@QAEHPAU_TREEITEM@@@Z 5f413119 f   winctrl2.obj
 0001:0001216f       ?SortChildrenCB@CTreeCtrl@@QAEHPAUtagTVSORTCB@@@Z 5f41316f f   winctrl2.obj
 0001:000121c5       ?GetToolTips@CTreeCtrl@@QBEPAVCToolTipCtrl@@XZ 5f4131c5 f   winctrl2.obj
 0001:0001221d       ?SetToolTips@CTreeCtrl@@QAEPAVCToolTipCtrl@@PAV2@@Z 5f41321d f   winctrl2.obj
 0001:0001227e       ?GetBkColor@CTreeCtrl@@QBEKXZ 5f41327e f   winctrl2.obj
 0001:000122d0       ?SetBkColor@CTreeCtrl@@QAEKK@Z 5f4132d0 f   winctrl2.obj
 0001:00012326       ?GetItemHeight@CTreeCtrl@@QBEFXZ 5f413326 f   winctrl2.obj
 0001:00012378       ?SetItemHeight@CTreeCtrl@@QAEFF@Z 5f413378 f   winctrl2.obj
 0001:000123cf       ?GetTextColor@CTreeCtrl@@QBEKXZ 5f4133cf f   winctrl2.obj
 0001:00012421       ?SetTextColor@CTreeCtrl@@QAEKK@Z 5f413421 f   winctrl2.obj
 0001:00012477       ?SetInsertMark@CTreeCtrl@@QAEHPAU_TREEITEM@@H@Z 5f413477 f   winctrl2.obj
 0001:000124cf       ?GetInsertMarkColor@CTreeCtrl@@QBEKXZ 5f4134cf f   winctrl2.obj
 0001:00012521       ?SetInsertMarkColor@CTreeCtrl@@QAEKK@Z 5f413521 f   winctrl2.obj
 0001:00012577       ??0CHotKeyCtrl@@QAE@XZ     5f413577 f   winctrl2.obj
 0001:00012596       ?SetHotKey@CHotKeyCtrl@@QAEXGG@Z 5f413596 f   winctrl2.obj
 0001:00012604       ?GetHotKey@CHotKeyCtrl@@QBEKXZ 5f413604 f   winctrl2.obj
 0001:00012656       ?SetRules@CHotKeyCtrl@@QAEXGG@Z 5f413656 f   winctrl2.obj
 0001:000126b9       ?Activate@CToolTipCtrl@@QAEXH@Z 5f4136b9 f   winctrl2.obj
 0001:0001270f       ?SetToolInfo@CToolTipCtrl@@QAEXPAUtagTOOLINFOA@@@Z 5f41370f f   winctrl2.obj
 0001:00012765       ?RelayEvent@CToolTipCtrl@@QAEXPAUtagMSG@@@Z 5f413765 f   winctrl2.obj
 0001:000127bb       ?GetToolCount@CToolTipCtrl@@QBEHXZ 5f4137bb f   winctrl2.obj
 0001:0001280d       ??0CSpinButtonCtrl@@QAE@XZ 5f41380d f   winctrl2.obj
 0001:0001282c       ?GetAccel@CSpinButtonCtrl@@QBEIHPAU_UDACCEL@@@Z 5f41382c f   winctrl2.obj
 0001:00012889       ?GetBase@CSpinButtonCtrl@@QBEIXZ 5f413889 f   winctrl2.obj
 0001:000128e0       ?GetBuddy@CSpinButtonCtrl@@QBEPAVCWnd@@XZ 5f4138e0 f   winctrl2.obj
 0001:00012938       ?GetPos@CSpinButtonCtrl@@QBEHXZ 5f413938 f   winctrl2.obj
 0001:0001298a       ?GetRange@CSpinButtonCtrl@@QBEKXZ 5f41398a f   winctrl2.obj
 0001:000129dc       ?SetAccel@CSpinButtonCtrl@@QAEHHPAU_UDACCEL@@@Z 5f4139dc f   winctrl2.obj
 0001:00012a39       ?SetBase@CSpinButtonCtrl@@QAEHH@Z 5f413a39 f   winctrl2.obj
 0001:00012a8f       ?SetBuddy@CSpinButtonCtrl@@QAEPAVCWnd@@PAV2@@Z 5f413a8f f   winctrl2.obj
 0001:00012af0       ?SetPos@CSpinButtonCtrl@@QAEHH@Z 5f413af0 f   winctrl2.obj
 0001:00012b4e       ?SetRange@CSpinButtonCtrl@@QAEXHH@Z 5f413b4e f   winctrl2.obj
 0001:00012bb7       ??0CSliderCtrl@@QAE@XZ     5f413bb7 f   winctrl2.obj
 0001:00012bd6       ?GetLineSize@CSliderCtrl@@QBEHXZ 5f413bd6 f   winctrl2.obj
 0001:00012c28       ?SetLineSize@CSliderCtrl@@QAEHH@Z 5f413c28 f   winctrl2.obj
 0001:00012c7e       ?GetPageSize@CSliderCtrl@@QBEHXZ 5f413c7e f   winctrl2.obj
 0001:00012cd0       ?SetPageSize@CSliderCtrl@@QAEHH@Z 5f413cd0 f   winctrl2.obj
 0001:00012d26       ?GetRangeMax@CSliderCtrl@@QBEHXZ 5f413d26 f   winctrl2.obj
 0001:00012d78       ?GetRangeMin@CSliderCtrl@@QBEHXZ 5f413d78 f   winctrl2.obj
 0001:00012dca       ?SetRangeMin@CSliderCtrl@@QAEXHH@Z 5f413dca f   winctrl2.obj
 0001:00012e22       ?SetRangeMax@CSliderCtrl@@QAEXHH@Z 5f413e22 f   winctrl2.obj
 0001:00012e7a       ?ClearSel@CSliderCtrl@@QAEXH@Z 5f413e7a f   winctrl2.obj
 0001:00012ed0       ?GetChannelRect@CSliderCtrl@@QBEXPAUtagRECT@@@Z 5f413ed0 f   winctrl2.obj
 0001:00012f26       ?GetThumbRect@CSliderCtrl@@QBEXPAUtagRECT@@@Z 5f413f26 f   winctrl2.obj
 0001:00012f7c       ?GetPos@CSliderCtrl@@QBEHXZ 5f413f7c f   winctrl2.obj
 0001:00012fce       ?SetPos@CSliderCtrl@@QAEXH@Z 5f413fce f   winctrl2.obj
 0001:00013024       ?VerifyPos@CSliderCtrl@@QAEXXZ 5f414024 f   winctrl2.obj
 0001:00013076       ?ClearTics@CSliderCtrl@@QAEXH@Z 5f414076 f   winctrl2.obj
 0001:000130cc       ?GetNumTics@CSliderCtrl@@QBEIXZ 5f4140cc f   winctrl2.obj
 0001:0001311e       ?GetTicArray@CSliderCtrl@@QBEPAKXZ 5f41411e f   winctrl2.obj
[...]
 0003:00001f98       \177comdlg32_NULL_THUNK_DATA_DLA 5f4cdf98     comdlg32:comdlg32.dll
 0003:00001fa0       ?_simpleNotSupportedException@@3VCNotSupportedException@@A 5f4cdfa0     except.obj
 0003:00002040       ?_simpleMemoryException@@3VCMemoryException@@A 5f4ce040     except.obj
 0003:000020e0       ?afxDebugState@@3V?$CProcessLocal@V_AFX_DEBUG_STATE@@@@A 5f4ce0e0     dumpinit.obj
 0003:000020e4       ?_afxDiagnosticInit@@3HA   5f4ce0e4     dumpinit.obj
 0003:000020e8       ?afxTraceFlags@@3IA        5f4ce0e8     dumpinit.obj
 0003:000020ec       ?afxTraceEnabled@@3HA      5f4ce0ec     dumpinit.obj
 0003:000020f0       ?afxDump@@3VCDumpContext@@A 5f4ce0f0     dumpinit.obj
 0003:00002100       ?_afxMemoryLeakOverride@@3HA 5f4ce100     afxmem.obj
 0003:00002104       ?pfnCrtAllocHook@@3P6AHHPAXIHJPBEH@ZA 5f4ce104     afxmem.obj
 0003:00002108       ?_init_CByteArray@@3UAFX_CLASSINIT@@A 5f4ce108     array_b.obj
 0003:0000210c       ?_init_CDWordArray@@3UAFX_CLASSINIT@@A 5f4ce10c     array_d.obj
 0003:00002110       ?_init_CObArray@@3UAFX_CLASSINIT@@A 5f4ce110     array_o.obj
 0003:00002114       ?_init_CStringArray@@3UAFX_CLASSINIT@@A 5f4ce114     array_s.obj
 0003:00002118       ?_init_CWordArray@@3UAFX_CLASSINIT@@A 5f4ce118     array_w.obj
 0003:0000211c       ?_init_CObList@@3UAFX_CLASSINIT@@A 5f4ce11c     list_o.obj
 0003:00002120       ?_init_CStringList@@3UAFX_CLASSINIT@@A 5f4ce120     list_s.obj
 0003:00002124       ?_init_CMapStringToOb@@3UAFX_CLASSINIT@@A 5f4ce124     map_so.obj
 0003:00002128       ?_init_CMapStringToString@@3UAFX_CLASSINIT@@A 5f4ce128     map_ss.obj
 0003:0000212c       ?_init_CMapWordToOb@@3UAFX_CLASSINIT@@A 5f4ce12c     map_wo.obj
 0003:00002130       ?afxChNil@@3DA             5f4ce130     strcore.obj
 0003:00002134       ?_afxDBCS@@3HB             5f4ce134     afxdbcs.obj
 0003:00002138       ?_afxBaseModuleState@@3V?$CProcessLocal@V_AFX_BASE_MODULE_STATE@@@@A 5f4ce138     afxstate.obj
 0003:0000213c       ?_afxThreadState@@3V?$CThreadLocal@V_AFX_THREAD_STATE@@@@A 5f4ce13c     afxstate.obj
 0003:00002140       ?_afxTlsRef@@3JA           5f4ce140     afxtls.obj
 0003:00002144       ?_afxThreadData@@3PAVCThreadSlotData@@A 5f4ce144     afxtls.obj
 0003:00002148       ?__afxThreadData@@3PAEA    5f4ce148     afxtls.obj
 0003:00002180       ?_afxGotScrollLines@@3HA   5f4ce180     wincore.obj
 0003:00002188       ?_afxMsgCache@@3PAUAFX_MSG_CACHE@@A 5f4ce188     wincore.obj
 0003:00003988       ?wndNoTopMost@CWnd@@2V1@B  5f4cf988     wincore.obj
 0003:000039c8       ?wndTopMost@CWnd@@2V1@B    5f4cf9c8     wincore.obj
 0003:00003a08       ?wndBottom@CWnd@@2V1@B     5f4cfa08     wincore.obj
 0003:00003a50       ?wndTop@CWnd@@2V1@B        5f4cfa50     wincore.obj
 0003:00003a90       ?m_nMsgDragList@CWnd@@1IB  5f4cfa90     wincore.obj
 0003:00003a94       _g_pfnGetSystemMetrics     5f4cfa94     wincore.obj
 0003:00003a98       _g_pfnMonitorFromWindow    5f4cfa98     wincore.obj
 0003:00003a9c       _g_pfnMonitorFromRect      5f4cfa9c     wincore.obj
 0003:00003aa0       _g_pfnMonitorFromPoint     5f4cfaa0     wincore.obj
 0003:00003aa4       _g_pfnGetMonitorInfo       5f4cfaa4     wincore.obj
 0003:00003aa8       _g_pfnEnumDisplayMonitors  5f4cfaa8     wincore.obj
 0003:00003aac       _g_fMultiMonInitDone       5f4cfaac     wincore.obj
 0003:00003ab0       ?_afxMsgMouseWheel@@3IA    5f4cfab0     winfrm.obj
 0003:00003ab8       ?rectDefault@CFrameWnd@@2VCRect@@B 5f4cfab8     winfrm.obj
 0003:00003ac8       ?_afx_sizeMiniSys@@3UtagSIZE@@A 5f4cfac8     winmini.obj
 0003:00003ad0       ?_afx_hfontMiniSys@@3PAUHFONT__@@A 5f4cfad0     winmini.obj
 0003:00003ad4       ?_afx_hbmMiniSys@@3PAUHBITMAP__@@A 5f4cfad4     winmini.obj
 0003:00003ad8       ?_afxWinminiTerm@@3HA      5f4cfad8     winmini.obj
 0003:00003adc       ?_init_CDockState@@3UAFX_CLASSINIT@@A 5f4cfadc     dockstat.obj
 0003:00003ae0       ?_afxHandleSize@@3HA       5f4cfae0     trckrect.obj
 0003:00003ae4       ?_afxBlackDottedPen@@3PAUHPEN__@@A 5f4cfae4     trckrect.obj
 0003:00003ae8       ?_afxHatchBrush@@3PAUHBRUSH__@@A 5f4cfae8     trckrect.obj
 0003:00003aec       ?_afxCursors@@3PAPAUHICON__@@A 5f4cfaec     trckrect.obj
 0003:00003b18       ?_afxTrackerTerm@@3DA      5f4cfb18     trckrect.obj
 0003:00003b1c       ?_afxChecklistState@@3V?$CProcessLocal@V_AFX_CHECKLIST_STATE@@@@A 5f4cfb1c     winctrl3.obj
 0003:00003b20       ?_afxRichEditState@@3V?$CProcessLocal@V_AFX_RICHEDIT_STATE@@@@A 5f4cfb20     winctrl4.obj
 0003:00003b24       ?_afxMsgSETRGB@@3IA        5f4cfb24     dlgcomm.obj
 0003:00003b28       ?_afxMsgHELP@@3IA          5f4cfb28     dlgcomm.obj
 0003:00003b2c       ?_afxMsgCOLOROK@@3IA       5f4cfb2c     dlgcomm.obj
 0003:00003b30       ?_afxMsgFILEOK@@3IA        5f4cfb30     dlgcomm.obj
 0003:00003b34       ?_afxMsgSHAREVI@@3IA       5f4cfb34     dlgcomm.obj
 0003:00003b38       ?_afxMsgLBSELCHANGE@@3IA   5f4cfb38     dlgcomm.obj
 0003:00003b3c       ?_afxClrState@@3V?$CProcessLocal@V_AFX_COLOR_STATE@@@@A 5f4cfb3c     dlgclr.obj
 0003:00003b40       ?_afxPropPageFontInfo@@3V?$CProcessLocal@U_AFX_PROPPAGEFONTINFO@@@@A 5f4cfb40     ccdata.obj
 0003:00003b48       ?_simpleUserException@@3VCUserException@@A 5f4cfb48     wingdi.obj
 0003:00003be8       ?_simpleResourceException@@3VCResourceException@@A 5f4cfbe8     wingdi.obj
 0003:00003c88       ?_afxHalftoneBrush@@3PAUHBRUSH__@@A 5f4cfc88     wingdix.obj
 0003:00003c8c       ?_afxWingdixTerm@@3DA      5f4cfc8c     wingdix.obj
 0003:00003c90       ?afxData@@3UAUX_DATA@@A    5f4cfc90     auxdata.obj
 0003:00003cfc       ?_afxResourceLocked@@3PAHA 5f4cfcfc     afxcrit.obj
 0003:00003d40       ?_afxLockInit@@3PAHA       5f4cfd40     afxcrit.obj
 0003:00003d88       ?_afxLockInitLock@@3U_RTL_CRITICAL_SECTION@@A 5f4cfd88     afxcrit.obj
 0003:00003da0       ?_afxResourceLock@@3PAU_RTL_CRITICAL_SECTION@@A 5f4cfda0     afxcrit.obj
 0003:00003f38       ?_afxCriticalWin32s@@3HA   5f4cff38     afxcrit.obj
 0003:00003f3c       ?_afxCriticalInit@@3HA     5f4cff3c     afxcrit.obj
 0003:00003f40       ?_afx_idcPrimaryLast@@3IA  5f4cff40     winsplit.obj
 0003:00003f44       ?_afx_hcurDestroy@@3PAUHICON__@@A 5f4cff44     winsplit.obj
 0003:00003f48       ?_afx_hcurLast@@3PAUHICON__@@A 5f4cff48     winsplit.obj
 0003:00003f58       ?_afxEditState@@3V?$CProcessLocal@V_AFX_EDIT_STATE@@@@A 5f4cff58     viewedit.obj
 0003:00003f5c       ?_afxMsgFindReplace@@3IB   5f4cff5c     viewedit.obj
 0003:00003f60       ?_afxMailState@@3V?$CProcessLocal@V_AFX_MAIL_STATE@@@@A 5f4cff60     docmapi.obj
 0003:00003f64       ?_afxWinState@@3V?$CProcessLocal@V_AFX_WIN_STATE@@@@A 5f4cff64     appcore.obj
 0003:00003f68       ?pStaticDocManager@CDocManager@@2PAV1@A 5f4cff68     appcore.obj
 0003:00003f6c       ?pStaticList@CDocManager@@2PAVCPtrList@@A 5f4cff6c     appcore.obj
 0003:00003f70       ?_afxCtl3dThread@@3V?$CThreadLocal@V_AFX_CTL3D_THREAD@@@@A 5f4cff70     app3d.obj
 0003:00003f74       ?_afxCtl3dState@@3V?$CProcessLocal@V_AFX_CTL3D_STATE@@@@A 5f4cff74     app3d.obj
 0003:00003f78       ?_afxSessionMap@@3VCSessionMapPtrToPtr@@A 5f4cff78     inet.obj
 0003:00003fd0       __hmod__ADVAPI32           5f4cffd0     advapi32:ADVAPI32.dll
 0003:00003fd4       __hmod__COMCTL32           5f4cffd4     comctl32:COMCTL32.dll
 0003:00003fd8       __hmod__SHELL32            5f4cffd8     shell32:SHELL32.dll
 0003:00003fdc       __hmod__COMDLG32           5f4cffdc     comdlg32:comdlg32.dll
 0003:00003fe0       __hmod__WINSPOOL           5f4cffe0     winspool:WINSPOOL.DRV
 0003:00003fe4       __hmod__WININET            5f4cffe4     wininet:WININET.dll
 0003:00003fe8       ___puiHead                 5f4cffe8     delayimp:delayhlp.obj
 0003:00003fec       ___pfnDliFailureHook       5f4cffec     delayimp:delayhk1.obj
 0003:00003ff0       ___pfnDliNotifyHook        5f4cfff0     delayimp:delayhk2.obj
 0003:00003ff4       __adjust_fdiv              5f4cfff4     <common>
 0003:00003ff8       ___onexitend               5f4cfff8     <common>
 0003:00003ffc       ___onexitbegin             5f4cfffc     <common>

 entry point at        0001:00002f00

 Static symbols

 0001:000a1040       ?_AfxForceVectorDelete@@YAXXZ 5f4a2040 f   dllinit.obj
 0001:0009871e       _$E375                     5f49971e f   inet.obj
 0001:0009872d       _$E372                     5f49972d f   inet.obj
 0001:0009873c       _$E374                     5f49973c f   inet.obj
 0001:0009874e       _$E373                     5f49974e f   inet.obj
 0001:00098576       _$E375                     5f499576 f   app3d.obj
 0001:00098585       _$E372                     5f499585 f   app3d.obj
 0001:0009858a       _$E374                     5f49958a f   app3d.obj
 0001:0009859c       _$E373                     5f49959c f   app3d.obj
 0001:000985ab       _$E380                     5f4995ab f   app3d.obj
 0001:000985ba       _$E377                     5f4995ba f   app3d.obj
 0001:000985bf       _$E379                     5f4995bf f   app3d.obj
 0001:000985d1       _$E378                     5f4995d1 f   app3d.obj
 0001:00096bac       _$E375                     5f497bac f   appcore.obj
 0001:00096bbb       _$E372                     5f497bbb f   appcore.obj
 0001:00096bc0       _$E374                     5f497bc0 f   appcore.obj
 0001:00096bd2       _$E373                     5f497bd2 f   appcore.obj
 0001:00095ba0       _$E375                     5f496ba0 f   docmapi.obj
 0001:00095baf       _$E372                     5f496baf f   docmapi.obj
 0001:00095bb4       _$E374                     5f496bb4 f   docmapi.obj
 0001:00095bc6       _$E373                     5f496bc6 f   docmapi.obj
 0001:00071f40       _$E373                     5f472f40 f   viewedit.obj
 0001:00071f4a       _$E372                     5f472f4a f   viewedit.obj
 0001:000958c8       _$E378                     5f4968c8 f   viewedit.obj
 0001:000958d7       _$E375                     5f4968d7 f   viewedit.obj
 0001:000958dc       _$E377                     5f4968dc f   viewedit.obj
 0001:000958ee       _$E376                     5f4968ee f   viewedit.obj
 0001:00079ded       ?TraceDDE@@YGXPBDPBUtagMSG@@@Z 5f47aded f   afxtrace.obj
 0001:00093f90       _$E375                     5f494f90 f   auxdata.obj
 0001:00093f9f       _$E372                     5f494f9f f   auxdata.obj
 0001:00093fae       _$E374                     5f494fae f   auxdata.obj
 0001:00093fc0       _$E373                     5f494fc0 f   auxdata.obj
 0001:0007128f       _$E373                     5f47228f f   wingdix.obj
 0001:00071299       _$E372                     5f472299 f   wingdix.obj
 0001:0009399a       _$E377                     5f49499a f   wingdi.obj
 0001:000939a9       _$E374                     5f4949a9 f   wingdi.obj
 0001:000939bf       _$E376                     5f4949bf f   wingdi.obj
 0001:000939d1       _$E375                     5f4949d1 f   wingdi.obj
 0001:000939fa       _$E382                     5f4949fa f   wingdi.obj
 0001:00093a09       _$E379                     5f494a09 f   wingdi.obj
 0001:00093a1f       _$E381                     5f494a1f f   wingdi.obj
 0001:00093a31       _$E380                     5f494a31 f   wingdi.obj
 0001:00093680       _$E375                     5f494680 f   ccdata.obj
 0001:0009368f       _$E372                     5f49468f f   ccdata.obj
 0001:00093694       _$E374                     5f494694 f   ccdata.obj
 0001:000936a6       _$E373                     5f4946a6 f   ccdata.obj
 0001:0009352a       _$E375                     5f49452a f   dlgclr.obj
 0001:00093539       _$E372                     5f494539 f   dlgclr.obj
 0001:0009353e       _$E374                     5f49453e f   dlgclr.obj
 0001:00093550       _$E373                     5f494550 f   dlgclr.obj
 0001:00015f68       _$E375                     5f416f68 f   winctrl4.obj
 0001:00015f77       _$E372                     5f416f77 f   winctrl4.obj
 0001:00015f7c       _$E374                     5f416f7c f   winctrl4.obj
 0001:00015f8e       _$E373                     5f416f8e f   winctrl4.obj
 0001:000932ea       _$E375                     5f4942ea f   winctrl3.obj
 0001:000932f9       _$E372                     5f4942f9 f   winctrl3.obj
 0001:000932fe       _$E374                     5f4942fe f   winctrl3.obj
 0001:00093310       _$E373                     5f494310 f   winctrl3.obj
 0001:000699c9       _$E373                     5f46a9c9 f   trckrect.obj
 0001:000699d3       _$E372                     5f46a9d3 f   trckrect.obj
 0001:00092e98       _$E373                     5f493e98 f   dockstat.obj
 0001:00092ea2       _$E372                     5f493ea2 f   dockstat.obj
 0001:00067fa9       _$E373                     5f468fa9 f   winmini.obj
 0001:00067fb3       _$E372                     5f468fb3 f   winmini.obj
 0001:00061000       _$E373                     5f462000 f   winfrm.obj
 0001:0006100a       _$E372                     5f46200a f   winfrm.obj
 0001:00061027       _$E376                     5f462027 f   winfrm.obj
 0001:00061031       _$E375                     5f462031 f   winfrm.obj
 0001:0002b1d0       _$E381                     5f42c1d0 f   wincore.obj
 0001:0002b1da       _$E380                     5f42c1da f   wincore.obj
 0001:0002b1ef       _$E387                     5f42c1ef f   wincore.obj
 0001:0002b1fe       _$E383                     5f42c1fe f   wincore.obj
 0001:0002b20f       _$E386                     5f42c20f f   wincore.obj
 0001:0002b221       _$E384                     5f42c221 f   wincore.obj
 0001:0002b24d       _$E392                     5f42c24d f   wincore.obj
 0001:0002b25c       _$E389                     5f42c25c f   wincore.obj
 0001:0002b26d       _$E391                     5f42c26d f   wincore.obj
 0001:0002b27f       _$E390                     5f42c27f f   wincore.obj
 0001:0002b2ab       _$E397                     5f42c2ab f   wincore.obj
 0001:0002b2ba       _$E394                     5f42c2ba f   wincore.obj
 0001:0002b2cb       _$E396                     5f42c2cb f   wincore.obj
 0001:0002b2dd       _$E395                     5f42c2dd f   wincore.obj
 0001:0002b309       _$E402                     5f42c309 f   wincore.obj
 0001:0002b318       _$E399                     5f42c318 f   wincore.obj
 0001:0002b329       _$E401                     5f42c329 f   wincore.obj
 0001:0002b33b       _$E400                     5f42c33b f   wincore.obj
 0001:0008ee82       _$E375                     5f48fe82 f   afxstate.obj
 0001:0008ee91       _$E372                     5f48fe91 f   afxstate.obj
 0001:0008ee96       _$E374                     5f48fe96 f   afxstate.obj
 0001:0008eea8       _$E373                     5f48fea8 f   afxstate.obj
 0001:0008f41e       _$E380                     5f49041e f   afxstate.obj
 0001:0008f42d       _$E377                     5f49042d f   afxstate.obj
 0001:0008f432       _$E379                     5f490432 f   afxstate.obj
 0001:0008f444       _$E378                     5f490444 f   afxstate.obj
 0001:0008ec87       _$E373                     5f48fc87 f   afxdbcs.obj
 0001:0008ec91       _$E372                     5f48fc91 f   afxdbcs.obj
 0001:0008ebfa       _$E373                     5f48fbfa f   map_wo.obj
 0001:0008ec04       _$E372                     5f48fc04 f   map_wo.obj
 0001:00023d5b       ?DestructElement@@YAXPAVCString@@@Z 5f424d5b f   map_ss.obj
 0001:00023f05       ?ConstructElement@@YAXPAVCString@@@Z 5f424f05 f   map_ss.obj
 0001:0008eb2a       _$E373                     5f48fb2a f   map_ss.obj
 0001:0008eb34       _$E372                     5f48fb34 f   map_ss.obj
 0001:000233cc       ?DestructElement@@YAXPAVCString@@@Z 5f4243cc f   map_sp.obj
 0001:0002288c       ?DestructElement@@YAXPAVCString@@@Z 5f42388c f   map_so.obj
 0001:0008ea3a       _$E373                     5f48fa3a f   map_so.obj
 0001:0008ea44       _$E372                     5f48fa44 f   map_so.obj
 0001:00020530       ?DestructElement@@YAXPAVCString@@@Z 5f421530 f   list_s.obj
 0001:000206d0       ?ConstructElement@@YAXPAVCString@@@Z 5f4216d0 f   list_s.obj
 0001:0008e92a       _$E373                     5f48f92a f   list_s.obj
 0001:0008e934       _$E372                     5f48f934 f   list_s.obj
 0001:0008e83a       _$E373                     5f48f83a f   list_o.obj
 0001:0008e844       _$E372                     5f48f844 f   list_o.obj
 0001:0008e768       _$E373                     5f48f768 f   array_w.obj
 0001:0008e772       _$E372                     5f48f772 f   array_w.obj
 0001:0001c5ad       ?DestructElements@@YAXPAVCString@@H@Z 5f41d5ad f   array_s.obj
 0001:0001c5fc       ?DestructElement@@YAXPAVCString@@@Z 5f41d5fc f   array_s.obj
 0001:0001c93f       ?ConstructElements@@YAXPAVCString@@H@Z 5f41d93f f   array_s.obj
 0001:0001c98e       ?ConstructElement@@YAXPAVCString@@@Z 5f41d98e f   array_s.obj
 0001:0001ca37       ?CopyElements@@YAXPAVCString@@0H@Z 5f41da37 f   array_s.obj
 0001:0008e678       _$E373                     5f48f678 f   array_s.obj
 0001:0008e682       _$E372                     5f48f682 f   array_s.obj
 0001:0008e5a8       _$E373                     5f48f5a8 f   array_o.obj
 0001:0008e5b2       _$E372                     5f48f5b2 f   array_o.obj
 0001:0008e4b8       _$E373                     5f48f4b8 f   array_d.obj
 0001:0008e4c2       _$E372                     5f48f4c2 f   array_d.obj
 0001:0008e3e8       _$E373                     5f48f3e8 f   array_b.obj
 0001:0008e3f2       _$E372                     5f48f3f2 f   array_b.obj
 0001:00003c10       _$E373                     5f404c10 f   dumpinit.obj
 0001:00003c1a       _$E372                     5f404c1a f   dumpinit.obj
 0001:00003c2b       _$E376                     5f404c2b f   dumpinit.obj
 0001:00003c35       _$E375                     5f404c35 f   dumpinit.obj
 0001:00003f71       _$E381                     5f404f71 f   dumpinit.obj
 0001:00003f80       _$E378                     5f404f80 f   dumpinit.obj
 0001:00003f85       _$E380                     5f404f85 f   dumpinit.obj
 0001:00003f97       _$E379                     5f404f97 f   dumpinit.obj
 0001:0008e114       _$E375                     5f48f114 f   except.obj
 0001:0008e123       _$E372                     5f48f123 f   except.obj
 0001:0008e139       _$E374                     5f48f139 f   except.obj
 0001:0008e14b       _$E373                     5f48f14b f   except.obj
 0001:0008e174       _$E380                     5f48f174 f   except.obj
 0001:0008e183       _$E377                     5f48f183 f   except.obj
 0001:0008e199       _$E379                     5f48f199 f   except.obj
 0001:0008e1ab       _$E378                     5f48f1ab f   except.obj
 0001:00002dc0       ?ArrayUnwindFilter@@YAHPAU_EXCEPTION_POINTERS@@@Z 5f403dc0 f   msvcrtd:ehvecdtr.obj
 0001:00002bc9       hard                       5f403bc9 f   msvcrtd:llmul.obj
 0001:00002b90       MORE32                     5f403b90 f   msvcrtd:llshr.obj
 0001:00002b9b       RETSIGN                    5f403b9b f   msvcrtd:llshr.obj
 0001:00002af1       L1                         5f403af1 f   msvcrtd:lldiv.obj
 0001:00002b0d       L2                         5f403b0d f   msvcrtd:lldiv.obj
 0001:00002b29       L3                         5f403b29 f   msvcrtd:lldiv.obj
 0001:00002b37       L5                         5f403b37 f   msvcrtd:lldiv.obj
 0001:00002b65       L6                         5f403b65 f   msvcrtd:lldiv.obj
 0001:00002b66       L7                         5f403b66 f   msvcrtd:lldiv.obj
 0001:00002b6a       L4                         5f403b6a f   msvcrtd:lldiv.obj
 0001:00002b74       L8                         5f403b74 f   msvcrtd:lldiv.obj
 0001:00002a90       _$$$00001                  5f403a90 f   msvcrtd:chkstk.obj
 0001:00002a9c       probepages                 5f403a9c f   msvcrtd:chkstk.obj
 0001:00002ab0       lastpage                   5f403ab0 f   msvcrtd:chkstk.obj
 0001:00003a0f       ?OverlayIAT@@YGXPAU_IMAGE_THUNK_DATA32@@PBU1@@Z 5f404a0f f   delayimp:delayhlp.obj

 1245 bytes saved through ICF

