[Windows 95 Params] 
	WndTitle   = "Microsoft PowerPoint Viewer 97 Setup"
	WndMess    = Starting Microsoft PowerPoint Viewer 97 Setup, please wait...
	TmpDirSize  = 1200
	TmpDirName  = ~msstfqf.t
	CmdLine     = acmsetup /T ppview.stf /S %s %s
	DrvWinClass = Stuff-Shell
	Require31   = This application requires a newer version of Microsoft Windows.
	CabinetFile = 

[Windows 95 Files]
	setup\acmsetup.exe = acmsetup.exe
	setup\acmsetup.hlp = acmsetup.hlp
	setup\mssetup.dll  = mssetup.dll
	setup\ppview.dll  = ppview.dll
	setup\ppview.stf  = ppview.stf
	setup\ppview.inf = ppview.inf
	

[NT Intel Params]
	WndTitle   = "Microsoft PowerPoint Viewer 97 Setup"
	WndMess    = Starting Microsoft PowerPoint Viewer 97 Setup, please wait...
	TmpDirSize  = 1200
	TmpDirName  = ~msstfqf.t
	CmdLine     = acmsetup /T ppview.stf /S %s %s
	DrvWinClass = Stuff-Shell
	Require31   = This application requires a newer version of Microsoft Windows.
	CabinetFile = 

[NT Intel Files]
	setup\acmsetup.exe = acmsetup.exe
	setup\acmsetup.hlp = acmsetup.hlp
	setup\mssetup.dll  = mssetup.dll
	setup\ppview.dll  = ppview.dll
	setup\ppview.stf  = ppview.stf
	setup\ppview.inf = ppview.inf
	
