 callback

 Timestamp is 30793e90 (Mon Oct 09 15:24:00 1995)

 Preferred load address is 00400000

 Start         Length     Name                   Class
 0001:00000000 000000dfH _LTEXT                  CODE
 0001:000000e0 00000050H _LDATA                  CODE
 0001:00000130 00000000H .text                   CODE
 0001:00000130 00000000H _DATA                   CODE
 0001:00000130 00000000H .data                   CODE
 0001:00000130 00000000H CONST                   CODE
 0001:00000130 00000000H .rdata                  CODE
 0001:00000130 00000000H _BSS                    CODE
 0001:00000130 00000124H .bss                    CODE
 0002:00000000 0000003eH PNP                     CODE
 0003:00000000 000002e0H _PTEXT                  CODE
 0003:000002e0 00000019H _PDATA                  CODE
 0004:00000000 00000000H _STEXT                  CODE
 0004:00000000 000000f4H _SDATA                  CODE
 0005:00000000 00000097H _ITEXT                  CODE
 0005:00000098 0000002cH _IDATA                  CODE

  Address         Publics by Value              Rva+Base   Lib:Object

 0001:00000000       _callback_Control          00401000 f helper.obj
 0001:000000e0       callback_DDB               004010e0   callback.obj
 0001:00000130       _hSystemVM                 00401130   <common>
 0001:00000134       _dRing3Address             00401134   <common>
 0001:00000140       _pArgs                     00401140   <common>
 0001:00000150       _szDLLName                 00401150   <common>
 0002:00000000       _CCODE_Get_Sys_VM_Handle   00402000 f vxdwraps:vmm0d6.obj
 0002:0000000c       _CCODE__HeapFree           0040200c f vxdwraps:vmm036.obj
 0002:00000014       _CCODE__Debug_Printf_Service 00402014 f vxdwraps:vmm096.obj
 0002:00000028       _CCODE__SHELL_CallDll      00402028 f vxdwraps:shell056.obj
 0002:00000030       _CCODE__SHELL_CallAtAppyTime 00402030 f vxdwraps:shell016.obj
 0002:00000038       _CCODE__HeapAllocate       00402038 f vxdwraps:vmm026.obj
 0003:00000000       _Int_60h_Hook_Procedure    00403000 f helper.obj
 0003:00000075       _callback_Device_Exit@4    00403075 f helper.obj
 0003:000000aa       _AppyCallBack              004030aa f helper.obj
 0003:00000124       _callback_Create_Thread@4  00403124 f helper.obj
 0003:00000193       _callback_Create_VM@4      00403193 f helper.obj
 0003:0000020e       _callback_Destroy_VM@4     0040320e f helper.obj
 0003:00000271       _callback_Destroy_Thread@4 00403271 f helper.obj
 0003:000002e0       _szDebugStr                004032e0   helper.obj
 0004:00000000       _dOpenCount                00404000   helper.obj
 0005:00000000       _callback_Device_Init@4    00405000 f helper.obj
 0005:000000b8       _szKeyName                 004050b8   helper.obj

 entry point at        0000:00000000

 Static symbols


FIXUPS: 500d ffffe0d6 15 12 e 1a 34 15 32 34 15 26 28 15 26 34 15 ffffdd53
FIXUPS: 102c 11 11 11 11
