
 NativeVB

 Start     Length     Name                   Class
 0001:0000 00000H     INI_FUNC_TEXT          CODE 16-bit
 0001:0000 00000H     VERSTAMP_TEXT          CODE 16-bit
 0001:0000 00000H     DIRPATHS_TEXT          CODE 16-bit
 0001:0000 00000H     NETWORK_TEXT           CODE 16-bit
 0001:0000 00000H     HLSTR_TEXT             CODE 16-bit
 0001:0000 00000H     SUMINFO_TEXT           CODE 16-bit
 0001:0000 00000H     NATIVEVB_TEXT          CODE 16-bit
 0001:0000 02BA6H     _TEXT                  CODE 16-bit
           at offset 00000H 000FEH bytes from c:\msvc\lib\ldllcew.lib (windows\crt0.asm)
           at offset 000FEH 002D4H bytes from c:\msvc\lib\ldllcew.lib (dos\stat.c)
           at offset 003D2H 0006EH bytes from c:\msvc\lib\ldllcew.lib (sprintf.c)
           at offset 00440H 00019H bytes from c:\msvc\lib\ldllcew.lib (strlen.asm)
           at offset 0045AH 0000AH bytes from c:\msvc\lib\ldllcew.lib (ltoa.asm)
           at offset 00464H 00036H bytes from c:\msvc\lib\ldllcew.lib (ctime.c)
           at offset 0049AH 0004BH bytes from c:\msvc\lib\ldllcew.lib (dos\diskfree.asm)
           at offset 004E6H 00032H bytes from c:\msvc\lib\ldllcew.lib (lmul.asm)
           at offset 00518H 00019H bytes from c:\msvc\lib\ldllcew.lib (strlen.asm)
           at offset 00532H 0002CH bytes from c:\msvc\lib\ldllcew.lib (windows\stubmain.asm)
           at offset 0055EH 000E3H bytes from c:\msvc\lib\ldllcew.lib (dos\crt0dat.asm)
           at offset 00642H 00023H bytes from c:\msvc\lib\ldllcew.lib (dos\crt0msg.asm)
           at offset 00666H 00097H bytes from c:\msvc\lib\ldllcew.lib (dos\stdenvp.asm)
           at offset 006FEH 00506H bytes from c:\msvc\lib\ldllcew.lib (output.asm)
           at offset 00C04H 000E2H bytes from c:\msvc\lib\ldllcew.lib (_flsbuf.asm)
           at offset 00CE6H 000FEH bytes from c:\msvc\lib\ldllcew.lib (dtoxtime.c)
           at offset 00DE4H 0012CH bytes from c:\msvc\lib\ldllcew.lib (localtim.c)
           at offset 00F10H 0005DH bytes from c:\msvc\lib\ldllcew.lib (dos\dosret.asm)
           at offset 00F6EH 0007DH bytes from c:\msvc\lib\ldllcew.lib (dos\intdosx.asm)
           at offset 00FECH 00108H bytes from c:\msvc\lib\ldllcew.lib (asctime.c)
           at offset 010F4H 00045H bytes from c:\msvc\lib\ldllcew.lib (stricmp.asm)
           at offset 0113AH 00034H bytes from c:\msvc\lib\ldllcew.lib (strrchr.asm)
           at offset 0116EH 0005EH bytes from c:\msvc\lib\ldllcew.lib (strpbrk.asm)
           at offset 011CCH 00063H bytes from c:\msvc\lib\ldllcew.lib (xtoa.asm)
           at offset 01230H 00073H bytes from c:\msvc\lib\ldllcew.lib (dos\drive.asm)
           at offset 012A4H 00344H bytes from c:\msvc\lib\ldllcew.lib (fullpath.c)
           at offset 015E8H 0008CH bytes from c:\msvc\lib\ldllcew.lib (dos\d_find.asm)
           at offset 01674H 0004EH bytes from c:\msvc\lib\ldllcew.lib (dos\nmsghdr.asm)
           at offset 016C2H 0005AH bytes from c:\msvc\lib\ldllcew.lib (windows\wchkstk.asm)
           at offset 0171CH 00146H bytes from c:\msvc\lib\ldllcew.lib (dos\getcwd.c)
           at offset 01862H 000C8H bytes from c:\msvc\lib\ldllcew.lib (dos\lseek.asm)
           at offset 0192AH 0018BH bytes from c:\msvc\lib\ldllcew.lib (write.asm)
           at offset 01AB6H 002B8H bytes from c:\msvc\lib\ldllcew.lib (tzset.c)
           at offset 01D6EH 00006H bytes from c:\msvc\lib\ldllcew.lib (crt0fp.asm)
           at offset 01D74H 0002DH bytes from c:\msvc\lib\ldllcew.lib (dos\stdalloc.asm)
           at offset 01DA2H 00010H bytes from c:\msvc\lib\ldllcew.lib (windows\windgrp.asm)
           at offset 01DB2H 00001H bytes from c:\msvc\lib\ldllcew.lib (nearstub.asm)
           at offset 01DB4H 0004BH bytes from c:\msvc\lib\ldllcew.lib (_getbuf.asm)
           at offset 01E00H 001A6H bytes from c:\msvc\lib\ldllcew.lib (gmtime.c)
           at offset 01FA6H 0004CH bytes from c:\msvc\lib\ldllcew.lib (windows\fatal.asm)
           at offset 01FF2H 00117H bytes from c:\msvc\lib\ldllcew.lib (growseg.asm)
           at offset 0210AH 00014H bytes from c:\msvc\lib\ldllcew.lib (windows\windgrpx.c)
           at offset 0211EH 00014H bytes from c:\msvc\lib\ldllcew.lib (stackava.asm)
           at offset 02132H 000C8H bytes from c:\msvc\lib\ldllcew.lib (fmalloc.asm)
           at offset 021FAH 0003CH bytes from c:\msvc\lib\ldllcew.lib (strcpy.asm)
           at offset 02236H 0002AH bytes from c:\msvc\lib\ldllcew.lib (strncpy.asm)
           at offset 02260H 00003H bytes from c:\msvc\lib\ldllcew.lib (atol.asm)
           at offset 02264H 0009CH bytes from c:\msvc\lib\ldllcew.lib (getenv.c)
           at offset 02300H 0009AH bytes from c:\msvc\lib\ldllcew.lib (ldiv.asm)
           at offset 0239AH 000A0H bytes from c:\msvc\lib\ldllcew.lib (lrem.asm)
           at offset 0243AH 0003BH bytes from c:\msvc\lib\ldllcew.lib (strncmp.asm)
           at offset 02476H 0002AH bytes from c:\msvc\lib\ldllcew.lib (strncpy.asm)
           at offset 024A0H 00081H bytes from c:\msvc\lib\ldllcew.lib (newseg.asm)
           at offset 02522H 0000DH bytes from c:\msvc\lib\ldllcew.lib (fdata.asm)
           at offset 02530H 0007CH bytes from c:\msvc\lib\ldllcew.lib (searchsg.asm)
           at offset 025ACH 0003BH bytes from c:\msvc\lib\ldllcew.lib (strncmp.asm)
           at offset 025E8H 00056H bytes from c:\msvc\lib\ldllcew.lib (atox.asm)
           at offset 0263EH 0002AH bytes from c:\msvc\lib\ldllcew.lib (freelist.asm)
           at offset 02668H 00034H bytes from c:\msvc\lib\ldllcew.lib (initseg.asm)
           at offset 0269CH 00036H bytes from c:\msvc\lib\ldllcew.lib (linkseg.asm)
           at offset 026D2H 002F8H bytes from e:\msvc\lib\vbapi.lib (c:\vb3\ruby\vbapilib.asm)
           at offset 029CAH 00020H bytes from c:\msvc\lib\ldllcew.lib (auldiv.asm)
           at offset 029EAH 0005FH bytes from c:\msvc\lib\ldllcew.lib (uldiv.asm)
           at offset 02A4AH 0006AH bytes from c:\msvc\lib\ldllcew.lib (ulrem.asm)
           at offset 02AB4H 0005EH bytes from c:\msvc\lib\ldllcew.lib (hmemcpy.asm)
           at offset 02B12H 0003CH bytes from c:\msvc\lib\ldllcew.lib (strcpy.asm)
           at offset 02B4EH 00048H bytes from c:\msvc\lib\ldllcew.lib (hmemset.asm)

 0001:2BA6 00054H     WEP_TEXT               CODE 16-bit
           at offset 00000H 0003CH bytes from c:\msvc\lib\ldllcew.lib (windows\wep.asm)
           at offset 0003CH 00018H bytes from c:\msvc\lib\ldllcew.lib (windows\stubwep.asm)

 0001:2C00 03EBFH     COMDAT_SEG1            CODE 16-bit
           at offset 00000H 000A1H bytes from INI_FUNC.OBJ (z:\kenl\technote\vbtnote1\ini_func.c)
           at offset 000A2H 00091H bytes from INI_FUNC.OBJ (z:\kenl\technote\vbtnote1\ini_func.c)
           at offset 00134H 00061H bytes from INI_FUNC.OBJ (z:\kenl\technote\vbtnote1\ini_func.c)
           at offset 00196H 0005DH bytes from INI_FUNC.OBJ (z:\kenl\technote\vbtnote1\ini_func.c)
           at offset 001F4H 0004BH bytes from INI_FUNC.OBJ (z:\kenl\technote\vbtnote1\ini_func.c)
           at offset 00240H 0001DH bytes from INI_FUNC.OBJ (z:\kenl\technote\vbtnote1\ini_func.c)
           at offset 0025EH 000A4H bytes from INI_FUNC.OBJ (z:\kenl\technote\vbtnote1\ini_func.c)
           at offset 00302H 00095H bytes from INI_FUNC.OBJ (z:\kenl\technote\vbtnote1\ini_func.c)
           at offset 00398H 00065H bytes from INI_FUNC.OBJ (z:\kenl\technote\vbtnote1\ini_func.c)
           at offset 003FEH 00061H bytes from INI_FUNC.OBJ (z:\kenl\technote\vbtnote1\ini_func.c)
           at offset 00460H 00051H bytes from INI_FUNC.OBJ (z:\kenl\technote\vbtnote1\ini_func.c)
           at offset 004B2H 00025H bytes from INI_FUNC.OBJ (z:\kenl\technote\vbtnote1\ini_func.c)
           at offset 004D8H 0000CH bytes from INI_FUNC.OBJ (z:\kenl\technote\vbtnote1\ini_func.c)
           at offset 004E4H 00033H bytes from INI_FUNC.OBJ (z:\kenl\technote\vbtnote1\ini_func.c)
           at offset 00518H 00002H bytes from INI_FUNC.OBJ (z:\kenl\technote\vbtnote1\ini_func.c)
           at offset 0051AH 00018H bytes from INI_FUNC.OBJ (z:\kenl\technote\vbtnote1\ini_func.c)
           at offset 00532H 0000FH bytes from INI_FUNC.OBJ (z:\kenl\technote\vbtnote1\ini_func.c)
           at offset 00542H 0002DH bytes from INI_FUNC.OBJ (z:\kenl\technote\vbtnote1\ini_func.c)
           at offset 00570H 00013H bytes from INI_FUNC.OBJ (z:\kenl\technote\vbtnote1\ini_func.c)
           at offset 00584H 0002AH bytes from INI_FUNC.OBJ (z:\kenl\technote\vbtnote1\ini_func.c)
           at offset 005AEH 0000CH bytes from INI_FUNC.OBJ (z:\kenl\technote\vbtnote1\ini_func.c)
           at offset 005BAH 0003FH bytes from INI_FUNC.OBJ (z:\kenl\technote\vbtnote1\ini_func.c)
           at offset 005FAH 00011H bytes from INI_FUNC.OBJ (z:\kenl\technote\vbtnote1\ini_func.c)
           at offset 0060CH 0000CH bytes from INI_FUNC.OBJ (z:\kenl\technote\vbtnote1\ini_func.c)
           at offset 00618H 00013H bytes from INI_FUNC.OBJ (z:\kenl\technote\vbtnote1\ini_func.c)
           at offset 0062CH 0000BH bytes from INI_FUNC.OBJ (z:\kenl\technote\vbtnote1\ini_func.c)
           at offset 00638H 00009H bytes from INI_FUNC.OBJ (z:\kenl\technote\vbtnote1\ini_func.c)
           at offset 00642H 00009H bytes from INI_FUNC.OBJ (z:\kenl\technote\vbtnote1\ini_func.c)
           at offset 0064CH 00010H bytes from INI_FUNC.OBJ (z:\kenl\technote\vbtnote1\ini_func.c)
           at offset 0065CH 0002AH bytes from VERSTAMP.OBJ (z:\kenl\technote\vbtnote1\verstamp.c)
           at offset 00686H 0003DH bytes from VERSTAMP.OBJ (z:\kenl\technote\vbtnote1\verstamp.c)
           at offset 006C4H 00088H bytes from VERSTAMP.OBJ (z:\kenl\technote\vbtnote1\verstamp.c)
           at offset 0074CH 003C0H bytes from VERSTAMP.OBJ (z:\kenl\technote\vbtnote1\verstamp.c)
           at offset 00B0CH 00232H bytes from VERSTAMP.OBJ (z:\kenl\technote\vbtnote1\verstamp.c)
           at offset 00D3EH 0000FH bytes from VERSTAMP.OBJ (z:\kenl\technote\vbtnote1\verstamp.c)
           at offset 00D4EH 0000CH bytes from VERSTAMP.OBJ (z:\kenl\technote\vbtnote1\verstamp.c)
           at offset 00D5AH 00010H bytes from VERSTAMP.OBJ (z:\kenl\technote\vbtnote1\verstamp.c)
           at offset 00D6AH 0000CH bytes from VERSTAMP.OBJ (z:\kenl\technote\vbtnote1\verstamp.c)
           at offset 00D76H 0000DH bytes from VERSTAMP.OBJ (z:\kenl\technote\vbtnote1\verstamp.c)
           at offset 00D84H 0000FH bytes from VERSTAMP.OBJ (z:\kenl\technote\vbtnote1\verstamp.c)
           at offset 00D94H 00010H bytes from VERSTAMP.OBJ (z:\kenl\technote\vbtnote1\verstamp.c)
           at offset 00DA4H 0000CH bytes from VERSTAMP.OBJ (z:\kenl\technote\vbtnote1\verstamp.c)
           at offset 00DB0H 0000FH bytes from VERSTAMP.OBJ (z:\kenl\technote\vbtnote1\verstamp.c)
           at offset 00DC0H 0000CH bytes from VERSTAMP.OBJ (z:\kenl\technote\vbtnote1\verstamp.c)
           at offset 00DCCH 00008H bytes from VERSTAMP.OBJ (z:\kenl\technote\vbtnote1\verstamp.c)
           at offset 00DD4H 00001H bytes from VERSTAMP.OBJ (z:\kenl\technote\vbtnote1\verstamp.c)
           at offset 00DD6H 00008H bytes from VERSTAMP.OBJ (z:\kenl\technote\vbtnote1\verstamp.c)
           at offset 00DDEH 00005H bytes from VERSTAMP.OBJ (z:\kenl\technote\vbtnote1\verstamp.c)
           at offset 00DE4H 00008H bytes from VERSTAMP.OBJ (z:\kenl\technote\vbtnote1\verstamp.c)
           at offset 00DECH 00008H bytes from VERSTAMP.OBJ (z:\kenl\technote\vbtnote1\verstamp.c)
           at offset 00DF4H 00007H bytes from VERSTAMP.OBJ (z:\kenl\technote\vbtnote1\verstamp.c)
           at offset 00DFCH 00006H bytes from VERSTAMP.OBJ (z:\kenl\technote\vbtnote1\verstamp.c)
           at offset 00E02H 00015H bytes from VERSTAMP.OBJ (z:\kenl\technote\vbtnote1\verstamp.c)
           at offset 00E18H 0000AH bytes from VERSTAMP.OBJ (z:\kenl\technote\vbtnote1\verstamp.c)
           at offset 00E22H 0000AH bytes from VERSTAMP.OBJ (z:\kenl\technote\vbtnote1\verstamp.c)
           at offset 00E2CH 0000EH bytes from VERSTAMP.OBJ (z:\kenl\technote\vbtnote1\verstamp.c)
           at offset 00E3AH 0000EH bytes from VERSTAMP.OBJ (z:\kenl\technote\vbtnote1\verstamp.c)
           at offset 00E48H 00009H bytes from VERSTAMP.OBJ (z:\kenl\technote\vbtnote1\verstamp.c)
           at offset 00E52H 00004H bytes from VERSTAMP.OBJ (z:\kenl\technote\vbtnote1\verstamp.c)
           at offset 00E56H 00004H bytes from VERSTAMP.OBJ (z:\kenl\technote\vbtnote1\verstamp.c)
           at offset 00E5AH 00007H bytes from VERSTAMP.OBJ (z:\kenl\technote\vbtnote1\verstamp.c)
           at offset 00E62H 00005H bytes from VERSTAMP.OBJ (z:\kenl\technote\vbtnote1\verstamp.c)
           at offset 00E68H 00004H bytes from VERSTAMP.OBJ (z:\kenl\technote\vbtnote1\verstamp.c)
           at offset 00E6CH 00004H bytes from VERSTAMP.OBJ (z:\kenl\technote\vbtnote1\verstamp.c)
           at offset 00E70H 0000CH bytes from VERSTAMP.OBJ (z:\kenl\technote\vbtnote1\verstamp.c)
           at offset 00E7CH 0000CH bytes from VERSTAMP.OBJ (z:\kenl\technote\vbtnote1\verstamp.c)
           at offset 00E88H 0000EH bytes from VERSTAMP.OBJ (z:\kenl\technote\vbtnote1\verstamp.c)
           at offset 00E96H 0000CH bytes from VERSTAMP.OBJ (z:\kenl\technote\vbtnote1\verstamp.c)
           at offset 00EA2H 0000DH bytes from VERSTAMP.OBJ (z:\kenl\technote\vbtnote1\verstamp.c)
           at offset 00EB0H 0000DH bytes from VERSTAMP.OBJ (z:\kenl\technote\vbtnote1\verstamp.c)
           at offset 00EBEH 0000CH bytes from VERSTAMP.OBJ (z:\kenl\technote\vbtnote1\verstamp.c)
           at offset 00ECAH 0000AH bytes from VERSTAMP.OBJ (z:\kenl\technote\vbtnote1\verstamp.c)
           at offset 00ED4H 0000CH bytes from VERSTAMP.OBJ (z:\kenl\technote\vbtnote1\verstamp.c)
           at offset 00EE0H 0000BH bytes from VERSTAMP.OBJ (z:\kenl\technote\vbtnote1\verstamp.c)
           at offset 00EECH 0000CH bytes from VERSTAMP.OBJ (z:\kenl\technote\vbtnote1\verstamp.c)
           at offset 00EF8H 0000AH bytes from VERSTAMP.OBJ (z:\kenl\technote\vbtnote1\verstamp.c)
           at offset 00F02H 00009H bytes from VERSTAMP.OBJ (z:\kenl\technote\vbtnote1\verstamp.c)
           at offset 00F0CH 0001AH bytes from VERSTAMP.OBJ (z:\kenl\technote\vbtnote1\verstamp.c)
           at offset 00F26H 00003H bytes from VERSTAMP.OBJ (z:\kenl\technote\vbtnote1\verstamp.c)
           at offset 00F2AH 00004H bytes from VERSTAMP.OBJ (z:\kenl\technote\vbtnote1\verstamp.c)
           at offset 00F2EH 00002H bytes from VERSTAMP.OBJ (z:\kenl\technote\vbtnote1\verstamp.c)
           at offset 00F30H 0002AH bytes from DIRPATHS.OBJ (z:\kenl\technote\vbtnote1\dirpaths.c)
           at offset 00F5AH 00052H bytes from DIRPATHS.OBJ (z:\kenl\technote\vbtnote1\dirpaths.c)
           at offset 00FACH 0002BH bytes from DIRPATHS.OBJ (z:\kenl\technote\vbtnote1\dirpaths.c)
           at offset 00FD8H 00040H bytes from DIRPATHS.OBJ (z:\kenl\technote\vbtnote1\dirpaths.c)
           at offset 01018H 001A1H bytes from DIRPATHS.OBJ (z:\kenl\technote\vbtnote1\dirpaths.c)
           at offset 011BAH 0005DH bytes from DIRPATHS.OBJ (z:\kenl\technote\vbtnote1\dirpaths.c)
           at offset 01218H 00053H bytes from DIRPATHS.OBJ (z:\kenl\technote\vbtnote1\dirpaths.c)
           at offset 0126CH 00048H bytes from DIRPATHS.OBJ (z:\kenl\technote\vbtnote1\dirpaths.c)
           at offset 012B4H 00127H bytes from DIRPATHS.OBJ (z:\kenl\technote\vbtnote1\dirpaths.c)
           at offset 013DCH 0019DH bytes from DIRPATHS.OBJ (z:\kenl\technote\vbtnote1\dirpaths.c)
           at offset 0157AH 00006H bytes from DIRPATHS.OBJ (z:\kenl\technote\vbtnote1\dirpaths.c)
           at offset 01580H 00009H bytes from DIRPATHS.OBJ (z:\kenl\technote\vbtnote1\dirpaths.c)
           at offset 0158AH 00005H bytes from DIRPATHS.OBJ (z:\kenl\technote\vbtnote1\dirpaths.c)
           at offset 01590H 00006H bytes from DIRPATHS.OBJ (z:\kenl\technote\vbtnote1\dirpaths.c)
           at offset 01596H 00006H bytes from DIRPATHS.OBJ (z:\kenl\technote\vbtnote1\dirpaths.c)
           at offset 0159CH 00006H bytes from DIRPATHS.OBJ (z:\kenl\technote\vbtnote1\dirpaths.c)
           at offset 015A2H 00006H bytes from DIRPATHS.OBJ (z:\kenl\technote\vbtnote1\dirpaths.c)
           at offset 015A8H 00008H bytes from DIRPATHS.OBJ (z:\kenl\technote\vbtnote1\dirpaths.c)
           at offset 015B0H 00007H bytes from DIRPATHS.OBJ (z:\kenl\technote\vbtnote1\dirpaths.c)
           at offset 015B8H 00009H bytes from DIRPATHS.OBJ (z:\kenl\technote\vbtnote1\dirpaths.c)
           at offset 015C2H 00009H bytes from DIRPATHS.OBJ (z:\kenl\technote\vbtnote1\dirpaths.c)
           at offset 015CCH 00004H bytes from DIRPATHS.OBJ (z:\kenl\technote\vbtnote1\dirpaths.c)
           at offset 015D0H 00007H bytes from DIRPATHS.OBJ (z:\kenl\technote\vbtnote1\dirpaths.c)
           at offset 015D8H 00005H bytes from DIRPATHS.OBJ (z:\kenl\technote\vbtnote1\dirpaths.c)
           at offset 015DEH 00004H bytes from DIRPATHS.OBJ (z:\kenl\technote\vbtnote1\dirpaths.c)
           at offset 015E2H 00006H bytes from DIRPATHS.OBJ (z:\kenl\technote\vbtnote1\dirpaths.c)
           at offset 015E8H 00003H bytes from DIRPATHS.OBJ (z:\kenl\technote\vbtnote1\dirpaths.c)
           at offset 015ECH 00003H bytes from DIRPATHS.OBJ (z:\kenl\technote\vbtnote1\dirpaths.c)
           at offset 015F0H 00003H bytes from DIRPATHS.OBJ (z:\kenl\technote\vbtnote1\dirpaths.c)
           at offset 015F4H 00007H bytes from DIRPATHS.OBJ (z:\kenl\technote\vbtnote1\dirpaths.c)
           at offset 015FCH 0000FH bytes from DIRPATHS.OBJ (z:\kenl\technote\vbtnote1\dirpaths.c)
           at offset 0160CH 00012H bytes from DIRPATHS.OBJ (z:\kenl\technote\vbtnote1\dirpaths.c)
           at offset 0161EH 00004H bytes from DIRPATHS.OBJ (z:\kenl\technote\vbtnote1\dirpaths.c)
           at offset 01622H 00004H bytes from DIRPATHS.OBJ (z:\kenl\technote\vbtnote1\dirpaths.c)
           at offset 01626H 0000AH bytes from DIRPATHS.OBJ (z:\kenl\technote\vbtnote1\dirpaths.c)
           at offset 01630H 00006H bytes from DIRPATHS.OBJ (z:\kenl\technote\vbtnote1\dirpaths.c)
           at offset 01636H 00011H bytes from DIRPATHS.OBJ (z:\kenl\technote\vbtnote1\dirpaths.c)
           at offset 01648H 0000DH bytes from DIRPATHS.OBJ (z:\kenl\technote\vbtnote1\dirpaths.c)
           at offset 01656H 0000FH bytes from DIRPATHS.OBJ (z:\kenl\technote\vbtnote1\dirpaths.c)
           at offset 01666H 0000EH bytes from DIRPATHS.OBJ (z:\kenl\technote\vbtnote1\dirpaths.c)
           at offset 01674H 00014H bytes from DIRPATHS.OBJ (z:\kenl\technote\vbtnote1\dirpaths.c)
           at offset 01688H 00016H bytes from DIRPATHS.OBJ (z:\kenl\technote\vbtnote1\dirpaths.c)
           at offset 0169EH 0016AH bytes from NETWORK.OBJ (z:\kenl\technote\vbtnote1\network.c)
           at offset 01808H 0017CH bytes from NETWORK.OBJ (z:\kenl\technote\vbtnote1\network.c)
           at offset 01984H 00060H bytes from NETWORK.OBJ (z:\kenl\technote\vbtnote1\network.c)
           at offset 019E4H 0010DH bytes from NETWORK.OBJ (z:\kenl\technote\vbtnote1\network.c)
           at offset 01AF2H 0001EH bytes from NETWORK.OBJ (z:\kenl\technote\vbtnote1\network.c)
           at offset 01B10H 0001EH bytes from NETWORK.OBJ (z:\kenl\technote\vbtnote1\network.c)
           at offset 01B2EH 00027H bytes from NETWORK.OBJ (z:\kenl\technote\vbtnote1\network.c)
           at offset 01B56H 00003H bytes from NETWORK.OBJ (z:\kenl\technote\vbtnote1\network.c)
           at offset 01B5AH 00014H bytes from NETWORK.OBJ (z:\kenl\technote\vbtnote1\network.c)
           at offset 01B6EH 00018H bytes from NETWORK.OBJ (z:\kenl\technote\vbtnote1\network.c)
           at offset 01B86H 00029H bytes from NETWORK.OBJ (z:\kenl\technote\vbtnote1\network.c)
           at offset 01BB0H 0001AH bytes from NETWORK.OBJ (z:\kenl\technote\vbtnote1\network.c)
           at offset 01BCAH 0002FH bytes from NETWORK.OBJ (z:\kenl\technote\vbtnote1\network.c)
           at offset 01BFAH 0000EH bytes from NETWORK.OBJ (z:\kenl\technote\vbtnote1\network.c)
           at offset 01C08H 0001EH bytes from NETWORK.OBJ (z:\kenl\technote\vbtnote1\network.c)
           at offset 01C26H 00036H bytes from NETWORK.OBJ (z:\kenl\technote\vbtnote1\network.c)
           at offset 01C5CH 0001FH bytes from NETWORK.OBJ (z:\kenl\technote\vbtnote1\network.c)
           at offset 01C7CH 0002FH bytes from NETWORK.OBJ (z:\kenl\technote\vbtnote1\network.c)
           at offset 01CACH 00008H bytes from NETWORK.OBJ (z:\kenl\technote\vbtnote1\network.c)
           at offset 01CB4H 0005BH bytes from NETWORK.OBJ (z:\kenl\technote\vbtnote1\network.c)
           at offset 01D10H 0001FH bytes from NETWORK.OBJ (z:\kenl\technote\vbtnote1\network.c)
           at offset 01D30H 00050H bytes from NETWORK.OBJ (z:\kenl\technote\vbtnote1\network.c)
           at offset 01D80H 00015H bytes from NETWORK.OBJ (z:\kenl\technote\vbtnote1\network.c)
           at offset 01D96H 00032H bytes from NETWORK.OBJ (z:\kenl\technote\vbtnote1\network.c)
           at offset 01DC8H 00011H bytes from NETWORK.OBJ (z:\kenl\technote\vbtnote1\network.c)
           at offset 01DDAH 00021H bytes from NETWORK.OBJ (z:\kenl\technote\vbtnote1\network.c)
           at offset 01DFCH 00039H bytes from NETWORK.OBJ (z:\kenl\technote\vbtnote1\network.c)
           at offset 01E36H 00030H bytes from NETWORK.OBJ (z:\kenl\technote\vbtnote1\network.c)
           at offset 01E66H 0005CH bytes from HLSTR.OBJ (z:\kenl\technote\vbtnote1\hlstr.c)
           at offset 01EC2H 00083H bytes from HLSTR.OBJ (z:\kenl\technote\vbtnote1\hlstr.c)
           at offset 01F46H 00095H bytes from HLSTR.OBJ (z:\kenl\technote\vbtnote1\hlstr.c)
           at offset 01FDCH 00164H bytes from SUMINFO.OBJ (z:\kenl\technote\vbtnote1\suminfo.cpp)
           at offset 02140H 00810H bytes from SUMINFO.OBJ (z:\kenl\technote\vbtnote1\suminfo.cpp)
           at offset 02950H 00014H bytes from SUMINFO.OBJ (z:\kenl\technote\vbtnote1\suminfo.cpp)
           at offset 02964H 00016H bytes from SUMINFO.OBJ (z:\kenl\technote\vbtnote1\suminfo.cpp)
           at offset 0297AH 00011H bytes from SUMINFO.OBJ (z:\kenl\technote\vbtnote1\suminfo.cpp)
           at offset 0298CH 0000FH bytes from SUMINFO.OBJ (z:\kenl\technote\vbtnote1\suminfo.cpp)
           at offset 0299CH 00017H bytes from SUMINFO.OBJ (z:\kenl\technote\vbtnote1\suminfo.cpp)
           at offset 029B4H 0000EH bytes from SUMINFO.OBJ (z:\kenl\technote\vbtnote1\suminfo.cpp)
           at offset 029C2H 00011H bytes from SUMINFO.OBJ (z:\kenl\technote\vbtnote1\suminfo.cpp)
           at offset 029D4H 0000EH bytes from SUMINFO.OBJ (z:\kenl\technote\vbtnote1\suminfo.cpp)
           at offset 029E2H 00015H bytes from SUMINFO.OBJ (z:\kenl\technote\vbtnote1\suminfo.cpp)
           at offset 029F8H 00014H bytes from SUMINFO.OBJ (z:\kenl\technote\vbtnote1\suminfo.cpp)
           at offset 02A0CH 00014H bytes from SUMINFO.OBJ (z:\kenl\technote\vbtnote1\suminfo.cpp)
           at offset 02A20H 00021H bytes from SUMINFO.OBJ (z:\kenl\technote\vbtnote1\suminfo.cpp)
           at offset 02A42H 00023H bytes from SUMINFO.OBJ (z:\kenl\technote\vbtnote1\suminfo.cpp)
           at offset 02A66H 00012H bytes from SUMINFO.OBJ (z:\kenl\technote\vbtnote1\suminfo.cpp)
           at offset 02A78H 0001CH bytes from SUMINFO.OBJ (z:\kenl\technote\vbtnote1\suminfo.cpp)
           at offset 02A94H 0001EH bytes from SUMINFO.OBJ (z:\kenl\technote\vbtnote1\suminfo.cpp)
           at offset 02AB2H 00018H bytes from SUMINFO.OBJ (z:\kenl\technote\vbtnote1\suminfo.cpp)
           at offset 02ACAH 0000CH bytes from SUMINFO.OBJ (z:\kenl\technote\vbtnote1\suminfo.cpp)
           at offset 02AD6H 00009H bytes from SUMINFO.OBJ (z:\kenl\technote\vbtnote1\suminfo.cpp)
           at offset 02AE0H 00009H bytes from SUMINFO.OBJ (z:\kenl\technote\vbtnote1\suminfo.cpp)
           at offset 02AEAH 00009H bytes from SUMINFO.OBJ (z:\kenl\technote\vbtnote1\suminfo.cpp)
           at offset 02AF4H 0000CH bytes from SUMINFO.OBJ (z:\kenl\technote\vbtnote1\suminfo.cpp)
           at offset 02B00H 0000EH bytes from SUMINFO.OBJ (z:\kenl\technote\vbtnote1\suminfo.cpp)
           at offset 02B0EH 0000CH bytes from SUMINFO.OBJ (z:\kenl\technote\vbtnote1\suminfo.cpp)
           at offset 02B1AH 00012H bytes from SUMINFO.OBJ (z:\kenl\technote\vbtnote1\suminfo.cpp)
           at offset 02B2CH 00019H bytes from SUMINFO.OBJ (z:\kenl\technote\vbtnote1\suminfo.cpp)
           at offset 02B46H 00016H bytes from SUMINFO.OBJ (z:\kenl\technote\vbtnote1\suminfo.cpp)
           at offset 02B5CH 00017H bytes from SUMINFO.OBJ (z:\kenl\technote\vbtnote1\suminfo.cpp)
           at offset 02B74H 0000DH bytes from SUMINFO.OBJ (z:\kenl\technote\vbtnote1\suminfo.cpp)
           at offset 02B82H 0000AH bytes from SUMINFO.OBJ (z:\kenl\technote\vbtnote1\suminfo.cpp)
           at offset 02B8CH 0000AH bytes from SUMINFO.OBJ (z:\kenl\technote\vbtnote1\suminfo.cpp)
           at offset 02B96H 0000AH bytes from SUMINFO.OBJ (z:\kenl\technote\vbtnote1\suminfo.cpp)
           at offset 02BA0H 0000FH bytes from SUMINFO.OBJ (z:\kenl\technote\vbtnote1\suminfo.cpp)
           at offset 02BB0H 00050H bytes from NATIVEVB.OBJ (z:\kenl\technote\vbtnote1\nativevb.c)
           at offset 02C00H 0004AH bytes from NATIVEVB.OBJ (z:\kenl\technote\vbtnote1\nativevb.c)
           at offset 02C4AH 00011H bytes from NATIVEVB.OBJ (z:\kenl\technote\vbtnote1\nativevb.c)
           at offset 02C5CH 0002DH bytes from NATIVEVB.OBJ (z:\kenl\technote\vbtnote1\nativevb.c)
           at offset 02C8AH 0002DH bytes from NATIVEVB.OBJ (z:\kenl\technote\vbtnote1\nativevb.c)
           at offset 02CB8H 00056H bytes from e:\msvc\lib\moleuic.lib (suminfo.cpp)
           at offset 02D0EH 0004EH bytes from e:\msvc\lib\moleuic.lib (suminfo.cpp)
           at offset 02D5CH 00091H bytes from e:\msvc\lib\moleuic.lib (suminfo.cpp)
           at offset 02DEEH 00090H bytes from e:\msvc\lib\moleuic.lib (suminfo.cpp)
           at offset 02E7EH 00099H bytes from e:\msvc\lib\moleuic.lib (suminfo.cpp)
           at offset 02F18H 00067H bytes from e:\msvc\lib\moleuic.lib (suminfo.cpp)
           at offset 02F80H 0004FH bytes from e:\msvc\lib\moleuic.lib (suminfo.cpp)
           at offset 02FD0H 000D5H bytes from e:\msvc\lib\moleuic.lib (suminfo.cpp)
           at offset 030A6H 00759H bytes from e:\msvc\lib\moleuic.lib (suminfo.cpp)
           at offset 03800H 00037H bytes from e:\msvc\lib\moleuic.lib (suminfo.cpp)
           at offset 03838H 00035H bytes from e:\msvc\lib\moleuic.lib (suminfo.cpp)
           at offset 0386EH 00157H bytes from e:\msvc\lib\moleuic.lib (suminfo.cpp)
           at offset 039C6H 00082H bytes from e:\msvc\lib\moleuic.lib (suminfo.cpp)
           at offset 03A48H 000C0H bytes from e:\msvc\lib\moleuic.lib (suminfo.cpp)
           at offset 03B08H 00207H bytes from e:\msvc\lib\moleuic.lib (suminfo.cpp)
           at offset 03D10H 001AFH bytes from e:\msvc\lib\moleuic.lib (suminfo.cpp)

 0002:0000 00010H     NULL                   BEGDATA 16-bit
           at offset 00000H 00010H bytes from c:\msvc\lib\ldllcew.lib (windows\crt0.asm)

 0002:0010 00324H     _DATA                  DATA 16-bit
           at offset 00000H 00053H bytes from VERSTAMP.OBJ (z:\kenl\technote\vbtnote1\verstamp.c)
           at offset 00054H 00004H bytes from NATIVEVB.OBJ (z:\kenl\technote\vbtnote1\nativevb.c)
           at offset 00058H 00015H bytes from c:\msvc\lib\ldllcew.lib (windows\crt0.asm)
           at offset 0006EH 00016H bytes from c:\msvc\lib\ldllcew.lib (dos\stat.c)
           at offset 00084H 00101H bytes from c:\msvc\lib\ldllcew.lib (ctype.asm)
           at offset 00186H 00044H bytes from c:\msvc\lib\ldllcew.lib (dos\crt0dat.asm)
           at offset 001CAH 00004H bytes from c:\msvc\lib\ldllcew.lib (dos\crt0msg.asm)
           at offset 001CEH 00061H bytes from c:\msvc\lib\ldllcew.lib (output.asm)
           at offset 00230H 00014H bytes from c:\msvc\lib\ldllcew.lib (dos\dosret.asm)
           at offset 00244H 0003BH bytes from c:\msvc\lib\ldllcew.lib (asctime.c)
           at offset 00280H 00004H bytes from c:\msvc\lib\ldllcew.lib (windows\wchkstk.asm)
           at offset 00284H 00002H bytes from c:\msvc\lib\ldllcew.lib (file.asm)
           at offset 00286H 00007H bytes from c:\msvc\lib\ldllcew.lib (tzset.c)
           at offset 0028EH 00022H bytes from c:\msvc\lib\ldllcew.lib (cmiscdat.asm)
           at offset 002B0H 00034H bytes from c:\msvc\lib\ldllcew.lib (days.c)
           at offset 002E4H 00012H bytes from c:\msvc\lib\ldllcew.lib (gmtime.c)
           at offset 002F6H 00016H bytes from c:\msvc\lib\ldllcew.lib (timeset.c)
           at offset 0030CH 00002H bytes from c:\msvc\lib\ldllcew.lib (growseg.asm)
           at offset 0030EH 00002H bytes from c:\msvc\lib\ldllcew.lib (_cflush.asm)
           at offset 00310H 00002H bytes from c:\msvc\lib\ldllcew.lib (seekfast.asm)
           at offset 00312H 00004H bytes from c:\msvc\lib\ldllcew.lib (fmalloc.asm)
           at offset 00316H 0000EH bytes from c:\msvc\lib\ldllcew.lib (fdata.asm)

 0002:0334 0000EH     CDATA                  DATA 16-bit
           at offset 00000H 0000EH bytes from c:\msvc\lib\ldllcew.lib (dos\crt0dat.asm)

 0002:0342 00000H     XIFB                   DATA 16-bit
 0002:0342 00000H     XIF                    DATA 16-bit
 0002:0342 00000H     XIFE                   DATA 16-bit
 0002:0342 00000H     XIB                    DATA 16-bit
 0002:0342 00000H     XI                     DATA 16-bit
 0002:0342 00000H     XIE                    DATA 16-bit
 0002:0342 00000H     XPB                    DATA 16-bit
 0002:0342 00000H     XP                     DATA 16-bit
 0002:0342 00000H     XPE                    DATA 16-bit
 0002:0342 00000H     XCB                    DATA 16-bit
 0002:0342 00000H     XC                     DATA 16-bit
 0002:0342 00000H     XCE                    DATA 16-bit
 0002:0342 00000H     XCFB                   DATA 16-bit
 0002:0342 00000H     XCFCRT                 DATA 16-bit
 0002:0342 00000H     XCF                    DATA 16-bit
 0002:0342 00000H     XCFE                   DATA 16-bit
 0002:0342 00000H     XIFCB                  DATA 16-bit
 0002:0342 00000H     XIFU                   DATA 16-bit
 0002:0342 00000H     XIFL                   DATA 16-bit
 0002:0342 00000H     XIFM                   DATA 16-bit
 0002:0342 00000H     XIFCE                  DATA 16-bit
 0002:0342 00000H     DBDATA                 DATA 16-bit
 0002:0342 000E4H     IOB                    DATA 16-bit
           at offset 00000H 000E4H bytes from c:\msvc\lib\ldllcew.lib (file.asm)

 0002:0426 00000H     IOBX                   DATA 16-bit
 0002:0426 0000CH     IOBE                   DATA 16-bit
           at offset 00000H 0000CH bytes from c:\msvc\lib\ldllcew.lib (file.asm)

 0002:0432 000E4H     IOB2                   DATA 16-bit
           at offset 00000H 000E4H bytes from c:\msvc\lib\ldllcew.lib (file.asm)

 0002:0516 00000H     IOB2X                  DATA 16-bit
 0002:0516 0000CH     IOB2E                  DATA 16-bit
           at offset 00000H 0000CH bytes from c:\msvc\lib\ldllcew.lib (file.asm)

 0002:0522 00000H     CONST                  CONST 16-bit
 0002:0522 00008H     HDR                    MSG 16-bit
           at offset 00000H 00008H bytes from c:\msvc\lib\ldllcew.lib (dos\nmsghdr.asm)

 0002:052A 000D4H     MSG                    MSG 16-bit
           at offset 00000H 000A5H bytes from c:\msvc\lib\ldllcew.lib (dos\crt0msg.asm)
           at offset 000A5H 0002FH bytes from c:\msvc\lib\ldllcew.lib (crt0fp.asm)

 0002:05FE 00002H     PAD                    MSG 16-bit
           at offset 00000H 00002H bytes from c:\msvc\lib\ldllcew.lib (dos\crt0msg.asm)
           at offset 00000H 00002H bytes from c:\msvc\lib\ldllcew.lib (dos\nmsghdr.asm)
           at offset 00000H 00002H bytes from c:\msvc\lib\ldllcew.lib (crt0fp.asm)

 0002:0600 00001H     EPAD                   MSG 16-bit
           at offset 00000H 00001H bytes from c:\msvc\lib\ldllcew.lib (dos\nmsghdr.asm)

 0002:0602 0103AH     _BSS                   BSS 16-bit
           at offset 00000H 01002H bytes from SUMINFO.OBJ (z:\kenl\technote\vbtnote1\suminfo.cpp)
           at offset 01002H 0000CH bytes from c:\msvc\lib\ldllcew.lib (sprintf.c)
           at offset 0100EH 0001AH bytes from c:\msvc\lib\ldllcew.lib (asctime.c)
           at offset 01028H 00012H bytes from c:\msvc\lib\ldllcew.lib (tzset.c)

 0002:163C 00000H     XOB                    BSS 16-bit
 0002:163C 00000H     XO                     BSS 16-bit
 0002:163C 00000H     XOE                    BSS 16-bit
 0002:163C 00000H     XOFB                   BSS 16-bit
 0002:163C 00000H     XOF                    BSS 16-bit
 0002:163C 00000H     XOFE                   BSS 16-bit
 0002:1640 0294FH     c_common               BSS 16-bit

 Origin   Group
 0002:0   DGROUP

 Address   Export                  Alias

 0001:2FFE DELINI                  DELINI
 0001:3060 DELINISECTION           DELINISECTION
 0001:2D96 DELWININI               DELWININI
 0001:2DF4 DELWININISECTION        DELWININISECTION
 0001:30B2 FLUSHINI                FLUSHINI
 0001:2E40 FLUSHWININI             FLUSHWININI
 0001:325C HASVERINFO              HASVERINFO
 0001:46F2 NETDRIVEDIALOG          NETDRIVEDIALOG
 0001:4710 NETPRINTERDIALOG        NETPRINTERDIALOG
 0001:2F98 PUTINI                  PUTINI
 0001:2D34 PUTWININI               PUTWININI
 0001:4584 REMOVECONNECTION        REMOVECONNECTION
 0001:57B0 STOPWATCH_RESET         STOPWATCH_RESET
 0001:5800 STOPWATCH_TIME          STOPWATCH_TIME
 0001:4408 VBADDCONNECTION         VBADDCONNECTION
 0001:4AC2 VBALLTRIM               VBALLTRIM
 0001:4B46 VBCHANGECHAR            VBCHANGECHAR
 0001:4A66 VBCOUNTNULLS            VBCOUNTNULLS
 0001:3FDC VBDRIVEINFO             VBDRIVEINFO
 0001:3EB4 VBFILEINFO              VBFILEINFO
 0001:45E4 VBGETCONNECTION         VBGETCONNECTION
 0001:2E5E VBGETINI                VBGETINI
 0001:2F02 VBGETINISECTION         VBGETINISECTION
 0001:3B30 VBGETKEYBOARDSTATE      VBGETKEYBOARDSTATE
 0001:3DBA VBGETTEMPDRIVE          VBGETTEMPDRIVE
 0001:3E18 VBGETTEMPFILENAME       VBGETTEMPFILENAME
 0001:3286 VBGETVERINFO            VBGETVERINFO
 0001:2C00 VBGETWININI             VBGETWININI
 0001:2CA2 VBGETWININISECTION      VBGETWININISECTION
 0001:4BDC VBHASSUMMARYINFO        VBHASSUMMARYINFO
 0001:3B5A VBINKEY                 VBINKEY
 0001:3E6C VBNEXTFREEDRIVE         VBNEXTFREEDRIVE
 0001:4D40 VBSUMMARYINFO           VBSUMMARYINFO
 0001:3BD8 VBSYSDIR                VBSYSDIR
 0001:3BAC VBWINDIR                VBWINDIR
 0001:3C18 VBWININFO               VBWININFO
 0001:429E VBWORKSTATIONINFO       VBWORKSTATIONINFO
 0001:211A ___ExportedStub         ___ExportedStub

  Address         Publics by Name

 0001:39D4       ??_C@_00A@?$AA@
                    ??_C@_00A@?$AA@

 0001:3118       ??_C@_01A@?$AA?$AA@
                    ??_C@_01A@?$AA?$AA@

 0001:3B2E       ??_C@_01POCP@?7?$AA@
                    ??_C@_01POCP@?7?$AA@

 0001:41E8       ??_C@_02CPFE@?5?3?$AA@
                    ??_C@_02CPFE@?5?3?$AA@

 0001:3B26       ??_C@_02DILL@?$CFs?$AA@
                    ??_C@_02DILL@?$CFs?$AA@

 0001:41F0       ??_C@_02JBML@?$CFc?$AA@
                    ??_C@_02JBML@?$CFc?$AA@

 0001:41EC       ??_C@_02MAKP@vb?$AA@
                    ??_C@_02MAKP@vb?$AA@

 0001:4756       ??_C@_02MECO@?$CFd?$AA@
                    ??_C@_02MECO@?$CFd?$AA@

 0001:3A6C       ??_C@_03CDEC@Lib?$AA@
                    ??_C@_03CDEC@Lib?$AA@

 0001:41DE       ??_C@_03FMLL@?$CFud?$AA@
                    ??_C@_03FMLL@?$CFud?$AA@

 0001:3B2A       ??_C@_03IIBH@?$CFs?7?$AA@
                    ??_C@_03IIBH@?$CFs?7?$AA@

 0001:421E       ??_C@_03JFOM@?$CFld?$AA@
                    ??_C@_03JFOM@?$CFld?$AA@

 0001:3A52       ??_C@_03JMLC@App?$AA@
                    ??_C@_03JMLC@App?$AA@

 0001:3A56       ??_C@_03NDIP@DLL?$AA@
                    ??_C@_03NDIP@DLL?$AA@

 0001:4222       ??_C@_03OGJH@?$CFc?3?$AA@
                    ??_C@_03OGJH@?$CFc?3?$AA@

 0001:3A68       ??_C@_03OHCB@VxD?$AA@
                    ??_C@_03OHCB@VxD?$AA@

 0001:41CC       ??_C@_03PLGH@WLO?$AA@
                    ??_C@_03PLGH@WLO?$AA@

 0001:39DE       ??_C@_04BOIP@Info?$AA@
                    ??_C@_04BOIP@Info?$AA@

 0001:3A62       ??_C@_04CLJC@Font?$AA@
                    ??_C@_04CLJC@Font?$AA@

 0001:41D8       ??_C@_04FOAE@?$CFd?$CF?$CF?$AA@
                    ??_C@_04FOAE@?$CFd?$CF?$CF?$AA@

 0001:418A       ??_C@_04LIAB@8086?$AA@
                    ??_C@_04LIAB@8086?$AA@

 0001:4230       ??_C@_05CEAP@fixed?$AA@
                    ??_C@_05CEAP@fixed?$AA@

 0001:417A       ??_C@_05CKMM@80x87?$AA@
                    ??_C@_05CKMM@80x87?$AA@

 0001:4196       ??_C@_05DBGJ@80286?$AA@
                    ??_C@_05DBGJ@80286?$AA@

 0001:39FC       ??_C@_05FPNF@Debug?$AA@
                    ??_C@_05FPNF@Debug?$AA@

 0001:419C       ??_C@_05GDHP@80386?$AA@
                    ??_C@_05GDHP@80386?$AA@

 0001:41E2       ??_C@_05LFKM@?$CFd?4?$CFd?$AA@
                    ??_C@_05LFKM@?$CFd?4?$CFd?$AA@

 0001:4190       ??_C@_05MHFC@80186?$AA@
                    ??_C@_05MHFC@80186?$AA@

 0001:41A2       ??_C@_05NNBO@80486?$AA@
                    ??_C@_05NNBO@80486?$AA@

 0001:41D0       ??_C@_06IFMD@No?5WLO?$AA@
                    ??_C@_06IFMD@No?5WLO?$AA@

 0001:39F4       ??_C@_06JOJ@PreRel?$AA@
                    ??_C@_06JOJ@PreRel?$AA@

 0001:3A5A       ??_C@_06LCIG@Driver?$AA@
                    ??_C@_06LCIG@Driver?$AA@

 0001:41F4       ??_C@_06NNGL@stat?4c?$AA@
                    ??_C@_06NNGL@stat?4c?$AA@

 0001:41B0       ??_C@_06PBBG@Win?5NT?$AA@
                    ??_C@_06PBBG@Win?5NT?$AA@

 0001:39E4       ??_C@_07BEPA@Private?$AA@
                    ??_C@_07BEPA@Private?$AA@

 0001:41A8       ??_C@_07CAMD@unknown?$AA@
                    ??_C@_07CAMD@unknown?$AA@

 0001:39EC       ??_C@_07CCNB@Patched?$AA@
                    ??_C@_07CCNB@Patched?$AA@

 0001:48AC       ??_C@_07ENOD@WARNING?$AA@
                    ??_C@_07ENOD@WARNING?$AA@

 0001:39D6       ??_C@_07GALJ@Special?$AA@
                    ??_C@_07GALJ@Special?$AA@

 0001:39CC       ??_C@_07PCHH@Unknown?$AA@
                    ??_C@_07PCHH@Unknown?$AA@

 0001:56E0       ??_C@_08CPFM@?$CFd?5Pages?$AA@
                    ??_C@_08CPFM@?$CFd?5Pages?$AA@

 0001:3238       ??_C@_08DJHD@PutIni?$CI?$CJ?$AA@
                    ??_C@_08DJHD@PutIni?$CI?$CJ?$AA@

 0001:3B02       ??_C@_08DLEJ@Comm?5drv?$AA@
                    ??_C@_08DLEJ@Comm?5drv?$AA@

 0001:41C2       ??_C@_08GOAK@standard?$AA@
                    ??_C@_08GOAK@standard?$AA@

 0001:3242       ??_C@_08IFHJ@DelIni?$CI?$CJ?$AA@
                    ??_C@_08IFHJ@DelIni?$CI?$CJ?$AA@

 0001:56EA       ??_C@_08JHFG@?$CFd?5Words?$AA@
                    ??_C@_08JHFG@?$CFd?5Words?$AA@

 0001:56D6       ??_C@_08JONC@?$CFd?2?$CFd?2?$CFd?$AA@
                    ??_C@_08JONC@?$CFd?2?$CFd?2?$CFd?$AA@

 0001:41B8       ??_C@_08KEM@enhanced?$AA@
                    ??_C@_08KEM@enhanced?$AA@

 0001:4180       ??_C@_08KOGH@No?580x87?$AA@
                    ??_C@_08KOGH@No?580x87?$AA@

 0001:3A48       ??_C@_08NNIO@NT?9Win32?$AA@
                    ??_C@_08NNIO@NT?9Win32?$AA@

 0001:4226       ??_C@_09DHA@removable?$AA@
                    ??_C@_09DHA@removable?$AA@

 0001:3A18       ??_C@_09EAGK@DOS?9Win16?$AA@
                    ??_C@_09EAGK@DOS?9Win16?$AA@

 0001:3ACA       ??_C@_09FPEC@Mouse?5drv?$AA@
                    ??_C@_09FPEC@Mouse?5drv?$AA@

 0001:3AF8       ??_C@_09HADH@Sound?5drv?$AA@
                    ??_C@_09HADH@Sound?5drv?$AA@

 0001:5796       ??_C@_09HGLI@?$CFd?5Words?7?$AA@
                    ??_C@_09HGLI@?$CFd?5Words?7?$AA@

 0001:3A22       ??_C@_09MHGD@DOS?9Win32?$AA@
                    ??_C@_09MHGD@DOS?9Win32?$AA@

 0001:578C       ??_C@_09OIAA@?$CFd?5Pages?7?$AA@
                    ??_C@_09OIAA@?$CFd?5Pages?7?$AA@

 0001:5782       ??_C@_09OJLB@?$CFd?2?$CFd?2?$CFd?7?$AA@
                    ??_C@_09OJLB@?$CFd?2?$CFd?2?$CFd?7?$AA@

 0001:395A       ??_C@_0BA@EJP@FileDescription?$AA@
                    ??_C@_0BA@EJP@FileDescription?$AA@

 0001:324C       ??_C@_0BA@MKJL@DelIniSection?$CI?$CJ?$AA@
                    ??_C@_0BA@MKJL@DelIniSection?$CI?$CJ?$AA@

 0001:3994       ??_C@_0BA@NHED@LegalTrademarks?$AA@
                    ??_C@_0BA@NHED@LegalTrademarks?$AA@

 0001:4236       ??_C@_0BB@HIAO@remote?5?$CInetwork?$CJ?$AA@
                    ??_C@_0BB@HIAO@remote?5?$CInetwork?$CJ?$AA@

 0001:584A       ??_C@_0BB@IICL@Unexpected?5Error?$AA@
                    ??_C@_0BB@IICL@Unexpected?5Error?$AA@

 0001:55C2       ??_C@_0BB@KAGD@Invalid?5Pointer?4?$AA@
                    ??_C@_0BB@KAGD@Invalid?5Pointer?4?$AA@

 0001:31FA       ??_C@_0BB@LNHC@Function?5failed?4?$AA@
                    ??_C@_0BB@LNHC@Function?5failed?4?$AA@

 0001:49C8       ??_C@_0BB@NDBC@?91?5Network?5Error?$AA@
                    ??_C@_0BB@NDBC@?91?5Network?5Error?$AA@

 0001:557A       ??_C@_0BB@ODAP@Not?5Storage?5File?$AA@
                    ??_C@_0BB@ODAP@Not?5Storage?5File?$AA@

 0001:571A       ??_C@_0BC@FNML@password?5required?$AA@
                    ??_C@_0BC@FNML@password?5required?$AA@

 0001:420C       ??_C@_0BC@GHN@0?5Not?5Fixed?5Drive?$AA@
                    ??_C@_0BC@GHN@0?5Not?5Fixed?5Drive?$AA@

 0001:5666       ??_C@_0BC@PAKH@Unknown?5Error?3?5?$CFl?$AA@
                    ??_C@_0BC@PAKH@Unknown?5Error?3?5?$CFl?$AA@

 0001:3218       ??_C@_0BD@MFLO@DelWinIniSection?$CI?$CJ?$AA@
                    ??_C@_0BD@MFLO@DelWinIniSection?$CI?$CJ?$AA@

 0001:3170       ??_C@_0BD@OJJN@GetWinIniSection?$CI?$CJ?$AA@
                    ??_C@_0BD@OJJN@GetWinIniSection?$CI?$CJ?$AA@

 0001:560C       ??_C@_0BE@COOK@Too?5many?5open?5files?$AA@
                    ??_C@_0BE@COOK@Too?5many?5open?5files?$AA@

 0001:4274       ??_C@_0BE@DCPC@?$CFu?5bytes?5per?5sector?$AA@
                    ??_C@_0BE@DCPC@?$CFu?5bytes?5per?5sector?$AA@

 0001:55F8       ??_C@_0BE@DKMO@Insufficient?5Memory?$AA@
                    ??_C@_0BE@DKMO@Insufficient?5Memory?$AA@

 0001:475A       ??_C@_0BE@FJBF@Access?5Denied?5to?5?$CFs?$AA@
                    ??_C@_0BE@FJBF@Access?5Denied?5to?5?$CFs?$AA@

 0001:5550       ??_C@_0BE@OMPO@?$AFSummaryInformation?$AA@
                    ??_C@_0BE@OMPO@?$AFSummaryInformation?$AA@

 0001:3A02       ??_C@_0BF@HMMK@?$CFs?5?$CFs?5?$CFs?5?$CFs?5?$CFs?5?$CFs?5?$CFs?$AA@
                    ??_C@_0BF@HMMK@?$CFs?5?$CFs?5?$CFs?5?$CFs?5?$CFs?5?$CFs?5?$CFs?$AA@

 0001:55E2       ??_C@_0BF@OHEL@File?5already?5Exists?4?$AA@
                    ??_C@_0BF@OHEL@File?5already?5Exists?4?$AA@

 0001:4980       ??_C@_0BF@OOJE@?91?5Bad?5Local?5Name?5?$CFs?$AA@
                    ??_C@_0BF@OOJE@?91?5Bad?5Local?5Name?5?$CFs?$AA@

 0001:4288       ??_C@_0BG@NEOB@?$CFu?5sector?5per?5cluster?$AA@
                    ??_C@_0BG@NEOB@?$CFu?5sector?5per?5cluster?$AA@

 0001:5564       ??_C@_0BG@PKCG@CoInitialize?5Failed?4?6?$AA@
                    ??_C@_0BG@PKCG@CoInitialize?5Failed?4?6?$AA@

 0001:5746       ??_C@_0BG@PMHD@read?9only?5is?5required?$AA@
                    ??_C@_0BG@PMHD@read?9only?5is?5required?$AA@

 0001:575C       ??_C@_0BH@BNAC@locked?5for?5annotations?$AA@
                    ??_C@_0BH@BNAC@locked?5for?5annotations?$AA@

 0001:559C       ??_C@_0BH@ECDB@Access?5to?5file?5denied?4?$AA@
                    ??_C@_0BH@ECDB@Access?5to?5file?5denied?4?$AA@

 0001:56B2       ??_C@_0BI@EDAF@Could?5not?5open?5Stream?4?6?$AA@
                    ??_C@_0BI@EDAF@Could?5not?5open?5Stream?4?6?$AA@

 0001:311A       ??_C@_0BI@MLED@Value?5may?5be?5truncated?4?$AA@
                    ??_C@_0BI@MLED@Value?5may?5be?5truncated?4?$AA@

 0001:476E       ??_C@_0BI@OFMO@Already?5connected?5on?5?$CFs?$AA@
                    ??_C@_0BI@OFMO@Already?5connected?5on?5?$CFs?$AA@

 0001:572C       ??_C@_0BJ@LFKI@read?9only?5is?5recommended?$AA@
                    ??_C@_0BJ@LFKI@read?9only?5is?5recommended?$AA@

 0001:3B0C       ??_C@_0BK@CG@?2StringFileInfo?2040904E4?2?$AA@
                    ??_C@_0BK@CG@?2StringFileInfo?2040904E4?2?$AA@

 0001:47B0       ??_C@_0BK@HJKP@Bad?5Password?5on?5?$CFs?0?5PW?$DN?$CFs?$AA@
                    ??_C@_0BK@HJKP@Bad?5Password?5on?5?$CFs?0?5PW?$DN?$CFs?$AA@

 0001:5678       ??_C@_0BM@MIHN@?91?5Has?5Version?5Information?5?$AA@
                    ??_C@_0BM@MIHN@?91?5Has?5Version?5Information?5?$AA@

 0001:4808       ??_C@_0BO@FOEC@Not?5supported?5by?5this?5Network?$AA@
                    ??_C@_0BO@FOEC@Not?5supported?5by?5this?5Network?$AA@

 0001:5694       ??_C@_0BO@MIDO@Could?5not?5open?5storage?5file?4?6?$AA@
                    ??_C@_0BO@MIDO@Could?5not?5open?5storage?5file?4?6?$AA@

 0001:4910       ??_C@_0BP@DGHN@?91?5Not?5a?5Valid?5Local?5Device?5?$CFs?$AA@
                    ??_C@_0BP@DGHN@?91?5Not?5a?5Valid?5Local?5Device?5?$CFs?$AA@

 0001:485C       ??_C@_0BP@KALK@?91?5Drive?5?$CFs?5is?5connected?5to?5?$CFs?$AA@
                    ??_C@_0BP@KALK@?91?5Drive?5?$CFs?5is?5connected?5to?5?$CFs?$AA@

 0001:49DA       ??_C@_0CB@CHDD@?91?5Not?5supported?5by?5this?5Network@
                    ??_C@_0CB@CHDD@?91?5Not?5supported?5by?5this?5Network@

 0001:5620       ??_C@_0CB@EKJI@Storage?5DLL?5is?5too?5old?5?9?9?5update@
                    ??_C@_0CB@EKJI@Storage?5DLL?5is?5too?5old?5?9?9?5update@

 0001:5642       ??_C@_0CD@ONEF@File?5is?5in?5Beta?51?5Format?5?9?9?5upda@
                    ??_C@_0CD@ONEF@File?5is?5in?5Beta?51?5Format?5?9?9?5upda@

 0001:472E       ??_C@_0CH@KLHK@?$CK?5Could?5not?5get?5info?5on?5workstat@
                    ??_C@_0CH@KLHK@?$CK?5Could?5not?5get?5info?5on?5workstat@

 0001:4786       ??_C@_0CJ@KOBI@Bad?5Local?5Name?5?$FL?$CFs?$FN?0?5should?5by?5l@
                    ??_C@_0CJ@KOBI@Bad?5Local?5Name?5?$FL?$CFs?$FN?0?5should?5by?5l@

 0001:3184       ??_C@_0CK@FPHG@Section?5is?5NULL?5?9?9?5wrong?5functio@
                    ??_C@_0CK@FPHG@Section?5is?5NULL?5?9?9?5wrong?5functio@

 0001:588A       ??_C@_0CN@FGGI@Unable?5to?5obtain?5current?5time?5fo@
                    ??_C@_0CN@FGGI@Unable?5to?5obtain?5current?5time?5fo@

 0001:585C       ??_C@_0CN@KOCB@Unable?5to?5obtain?5current?5time?5fo@
                    ??_C@_0CN@KOCB@Unable?5to?5obtain?5current?5time?5fo@

 0001:3142       ??_C@_0CN@MOLL@VBCreateTempHlstr?5failed?5?9?9?5Cont@
                    ??_C@_0CN@MOLL@VBCreateTempHlstr?5failed?5?9?9?5Cont@

 0001:487C       ??_C@_0CP@HCEG@Unknown?5error?3?5Drive?5?$CFs?5is?5not?5c@
                    ??_C@_0CP@HCEG@Unknown?5error?3?5Drive?5?$CFs?5is?5not?5c@

 0001:47CA       ??_C@_0CP@IJBJ@Bad?5Pointer?5Passed?5?9?9?5Must?5be?5By@
                    ??_C@_0CP@IJBJ@Bad?5Pointer?5Passed?5?9?9?5Must?5be?5By@

 0001:4A36       ??_C@_0DA@KIOF@?91?5Unknown?5error?$FL?$CFd?$FN?3?5Drive?5?$CFs?5i@
                    ??_C@_0DA@KIOF@?91?5Unknown?5error?$FL?$CFd?$FN?3?5Drive?5?$CFs?5i@

 0001:4996       ??_C@_0DC@CJCM@?91?5Bad?5Pointer?5Passed?5?9?9?5Must?5be@
                    ??_C@_0DC@CJCM@?91?5Bad?5Pointer?5Passed?5?9?9?5Must?5be@

 0001:30E4       ??_C@_0DD@MBFI@Section?5or?5Entry?5is?5NULL?5?9?9?5wron@
                    ??_C@_0DD@MBFI@Section?5or?5Entry?5is?5NULL?5?9?9?5wron@

 0001:4826       ??_C@_0DG@CBPM@Out?5of?5Memory?5?9?9?5shut?5down?5appli@
                    ??_C@_0DG@CBPM@Out?5of?5Memory?5?9?9?5shut?5down?5appli@

 0001:49FC       ??_C@_0DJ@JAFF@?91?5Out?5of?5Memory?5?9?9?5shut?5down?5ap@
                    ??_C@_0DJ@JAFF@?91?5Out?5of?5Memory?5?9?9?5shut?5down?5ap@

 0001:31BA       ??_C@_0DP@BKJN@Section?5or?5Entry?5or?5IniValue?5is?5@
                    ??_C@_0DP@BKJN@Section?5or?5Entry?5or?5IniValue?5is?5@

 0001:4930       ??_C@_0FA@LFGE@?91?5DLL?5did?5not?5supply?5enough?5mem@
                    ??_C@_0FA@LFGE@?91?5DLL?5did?5not?5supply?5enough?5mem@

 0001:48B4       ??_C@_0FL@KKPG@You?5have?5open?5files?5on?5this?5conn@
                    ??_C@_0FL@KKPG@You?5have?5open?5files?5on?5this?5conn@

 0001:322C       ??_C@_0L@CBOF@vbGetIni?$CI?$CJ?$AA@
                    ??_C@_0L@CBOF@vbGetIni?$CI?$CJ?$AA@

 0001:3AE0       ??_C@_0L@EMEP@System?5drv?$AA@
                    ??_C@_0L@EMEP@System?5drv?$AA@

 0001:3A7C       ??_C@_0M@BPGC@Vector?5font?$AA@
                    ??_C@_0M@BPGC@Vector?5font?$AA@

 0001:3ABE       ??_C@_0M@CHGO@Display?5drv?$AA@
                    ??_C@_0M@CHGO@Display?5drv?$AA@

 0001:56F4       ??_C@_0M@CLHK@nCharacters?$AA@
                    ??_C@_0M@CLHK@nCharacters?$AA@

 0001:30D8       ??_C@_0M@ECLL@GetWinIni?$CI?$CJ?$AA@
                    ??_C@_0M@ECLL@GetWinIni?$CI?$CJ?$AA@

 0001:320C       ??_C@_0M@ELOI@DelWinIni?$CI?$CJ?$AA@
                    ??_C@_0M@ELOI@DelWinIni?$CI?$CJ?$AA@

 0001:396A       ??_C@_0M@EOAE@FileVersion?$AA@
                    ??_C@_0M@EOAE@FileVersion?$AA@

 0001:3AEC       ??_C@_0M@HDJE@Installable?$AA@
                    ??_C@_0M@HDJE@Installable?$AA@

 0001:394E       ??_C@_0M@HFKG@CompanyName?$AA@
                    ??_C@_0M@HFKG@CompanyName?$AA@

 0001:39C0       ??_C@_0M@IBML@?$CFd?4?$CFd?4?$CFd?4?$CFd?$AA@
                    ??_C@_0M@IBML@?$CFd?4?$CFd?4?$CFd?4?$CFd?$AA@

 0001:31AE       ??_C@_0M@IDMM@PutWinIni?$CI?$CJ?$AA@
                    ??_C@_0M@IDMM@PutWinIni?$CI?$CJ?$AA@

 0001:3AD4       ??_C@_0M@IFGG@Network?5drv?$AA@
                    ??_C@_0M@IFGG@Network?5drv?$AA@

 0001:3A70       ??_C@_0M@IHFA@Raster?5font?$AA@
                    ??_C@_0M@IHFA@Raster?5font?$AA@

 0001:56CA       ??_C@_0M@JOKF@?$CFul?5seconds?$AA@
                    ??_C@_0M@JOKF@?$CFul?5seconds?$AA@

 0001:570E       ??_C@_0M@LIME@no?5security?$AA@
                    ??_C@_0M@LIME@no?5security?$AA@

 0001:3A96       ??_C@_0M@NMMG@Printer?5drv?$AA@
                    ??_C@_0M@NMMG@Printer?5drv?$AA@

 0001:39A4       ??_C@_0M@OKED@ProductName?$AA@
                    ??_C@_0M@OKED@ProductName?$AA@

 0001:3976       ??_C@_0N@CCA@InternalName?$AA@
                    ??_C@_0N@CCA@InternalName?$AA@

 0001:3AA2       ??_C@_0N@DJCI@Keyboard?5drv?$AA@
                    ??_C@_0N@DJCI@Keyboard?5drv?$AA@

 0001:3AB0       ??_C@_0N@GAEG@Language?5drv?$AA@
                    ??_C@_0N@GAEG@Language?5drv?$AA@

 0001:5774       ??_C@_0N@JALB@?$CFul?5seconds?7?$AA@
                    ??_C@_0N@JALB@?$CFul?5seconds?7?$AA@

 0001:4248       ??_C@_0N@NHNL@undetermined?$AA@
                    ??_C@_0N@NHNL@undetermined?$AA@

 0001:4266       ??_C@_0O@CLFB@?$CFs?5bytes?5free?$AA@
                    ??_C@_0O@CLFB@?$CFs?5bytes?5free?$AA@

 0001:3A88       ??_C@_0O@FGHE@TrueType?5font?$AA@
                    ??_C@_0O@FGHE@TrueType?5font?$AA@

 0001:3A2C       ??_C@_0O@GINP@OS?12?916?5PM?916?$AA@
                    ??_C@_0O@GINP@OS?12?916?5PM?916?$AA@

 0001:55D4       ??_C@_0O@KDNF@Invalid?5Flag?4?$AA@
                    ??_C@_0O@KDNF@Invalid?5Flag?4?$AA@

 0001:3A3A       ??_C@_0O@MFNN@OS?12?932?5PM?932?$AA@
                    ??_C@_0O@MFNN@OS?12?932?5PM?932?$AA@

 0001:55B4       ??_C@_0O@MNMP@Invalid?5Name?4?$AA@
                    ??_C@_0O@MNMP@Invalid?5Name?4?$AA@

 0001:5700       ??_C@_0O@OKOL@?$CFd?5Characters?$AA@
                    ??_C@_0O@OKOL@?$CFd?5Characters?$AA@

 0001:47FA       ??_C@_0O@PFBJ@Network?5Error?$AA@
                    ??_C@_0O@PFBJ@Network?5Error?$AA@

 0001:57A0       ??_C@_0P@CCMF@?$CFd?5Characters?7?$AA@
                    ??_C@_0P@CCMF@?$CFd?5Characters?7?$AA@

 0001:4256       ??_C@_0P@IBIN@?$CFs?5bytes?5total?$AA@
                    ??_C@_0P@IBIN@?$CFs?5bytes?5total?$AA@

 0001:39B0       ??_C@_0P@JKBO@ProductVersion?$AA@
                    ??_C@_0P@JKBO@ProductVersion?$AA@

 0001:558C       ??_C@_0P@LANE@File?5not?5found?$AA@
                    ??_C@_0P@LANE@File?5not?5found?$AA@

 0001:3132       ??_C@_0P@MOEH@CRITICAL?5ERROR?$AA@
                    ??_C@_0P@MOEH@CRITICAL?5ERROR?$AA@

 0001:41FC       ??_C@_0P@NBID@?91?5Fixed?5Drive?$AA@
                    ??_C@_0P@NBID@?91?5Fixed?5Drive?$AA@

 0001:3984       ??_C@_0P@NIMM@LegalCopyright?$AA@
                    ??_C@_0P@NIMM@LegalCopyright?$AA@

 0001:393E       ??_C@_0P@OMCD@Illegal?5string?$AA@
                    ??_C@_0P@OMCD@Illegal?5string?$AA@

 0002:0602       ?len@@3HE
                    int __far len

 0002:0604       ?szBuffer@@3QEDE
                    char __far* __far szBuffer

 0000:0000  Imp  CODOSDATETIMETOFILETIME (COMPOBJ.31)
 0000:0000  Imp  COFILETIMETODOSDATETIME (COMPOBJ.30)
 0000:0000  Imp  COGETMALLOC          (COMPOBJ.4)
 0000:0000  Imp  COINITIALIZE         (COMPOBJ.2)
 0000:0000  Imp  COUNINITIALIZE       (COMPOBJ.3)
 0001:2FFE       DELINI
 0001:3060       DELINISECTION
 0001:2D96       DELWININI
 0001:2DF4       DELWININISECTION
 0000:0000  Imp  DOS3CALL             (KERNEL.102)
 0000:0000  Imp  FATALAPPEXIT         (KERNEL.137)
 0000:0000  Imp  FATALEXIT            (KERNEL.1)
 0001:30B2       FLUSHINI
 0001:2E40       FLUSHWININI
 0000:0000  Imp  GETDOSENVIRONMENT    (KERNEL.131)
 0000:0000  Imp  GETDRIVETYPE         (KERNEL.136)
 0000:0000  Imp  GETFILEVERSIONINFO   (VER.7)
 0000:0000  Imp  GETFILEVERSIONINFOSIZE (VER.6)
 0000:0000  Imp  GETFOCUS             (USER.23)
 0000:0000  Imp  GETFREESPACE         (KERNEL.169)
 0000:0000  Imp  GETFREESYSTEMRESOURCES (USER.284)
 0000:0000  Imp  GETKEYBOARDSTATE     (USER.222)
 0000:0000  Imp  GETMODULEUSAGE       (KERNEL.48)
 0000:0000  Imp  GETPRIVATEPROFILESTRING (KERNEL.128)
 0000:0000  Imp  GETPROFILESTRING     (KERNEL.58)
 0000:0000  Imp  GETSYSTEMDIRECTORY   (KERNEL.135)
 0000:0000  Imp  GETTEMPDRIVE         (KERNEL.92)
 0000:0000  Imp  GETTEMPFILENAME      (KERNEL.97)
 0000:0000  Imp  GETVERSION           (KERNEL.3)
 0000:0000  Imp  GETWINDOWSDIRECTORY  (KERNEL.134)
 0000:0000  Imp  GETWINFLAGS          (KERNEL.132)
 0000:0000  Imp  GLOBALALLOC          (KERNEL.15)
 0000:0000  Imp  GLOBALFREE           (KERNEL.17)
 0000:0000  Imp  GLOBALLOCK           (KERNEL.18)
 0000:0000  Imp  GLOBALREALLOC        (KERNEL.16)
 0000:0000  Imp  GLOBALSIZE           (KERNEL.20)
 0000:0000  Imp  GLOBALUNLOCK         (KERNEL.19)
 0001:325C       HASVERINFO
 0000:0000  Imp  INITTASK             (KERNEL.91)
 0000:0000  Imp  LOCALALLOC           (KERNEL.5)
 0000:0000  Imp  LOCALFREE            (KERNEL.7)
 0000:0000  Imp  LOCALINIT            (KERNEL.4)
 0000:0000  Imp  LOCALLOCK            (KERNEL.8)
 0000:0000  Imp  LOCALUNLOCK          (KERNEL.9)
 0000:0000  Imp  LOCKSEGMENT          (KERNEL.23)
 0000:0000  Imp  LSTRCAT              (KERNEL.89)
 0000:0000  Imp  MESSAGEBOX           (USER.1)
 0001:370C       MOREVERINFO
 0001:46F2       NETDRIVEDIALOG
 0001:4710       NETPRINTERDIALOG
 0000:0000  Imp  NETWKSTAGETINFO      (NETAPI.NETWKSTAGETINFO)
 0001:5BD0       OLESTDCLEARSUMMARYINFO
 0001:5B80       OLESTDFREESUMMARYINFO
 0001:6910       OLESTDGETDATEPROPERTY
 0001:6648       OLESTDGETDOCPROPERTY
 0001:6400       OLESTDGETSECURITYPROPERTY
 0001:6438       OLESTDGETSTRINGPROPERTY
 0001:65C6       OLESTDGETSTRINGZPROPERTY
 0000:0000  Unr  OLESTDGETTHUMBNAILPROPERTY
 0001:5B18       OLESTDINITSUMMARYINFO
 0001:5CA6       OLESTDREADSUMMARYINFO
 0000:0000  Unr  OLESTDSETDATEPROPERTY
 0000:0000  Unr  OLESTDSETDOCPROPERTY
 0000:0000  Unr  OLESTDSETSECURITYPROPERTY
 0001:646E       OLESTDSETSTRINGPROPERTY
 0001:6708       OLESTDSETTHUMBNAILPROPERTY
 0000:0000  Unr  OLESTDWRITESUMMARYINFO
 0000:0000  Imp  OPENFILE             (KERNEL.74)
 0000:0008  Abs  pAtomTable
 0000:0006  Abs  pLocalHeap
 0000:000E  Abs  pStackBot
 0000:000C  Abs  pStackMin
 0000:000A  Abs  pStackTop
 0001:2F98       PUTINI
 0001:2D34       PUTWININI
 0001:4584       REMOVECONNECTION
 0002:0004       rsrvptrs
 0000:0000  Imp  STGISSTORAGEFILE     (STORAGE.5)
 0000:0000  Imp  STGOPENSTORAGE       (STORAGE.3)
 0001:57B0       STOPWATCH_RESET
 0001:5800       STOPWATCH_TIME
 0000:0000  Imp  TIMERCOUNT           (TOOLHELP.80)
 0001:4408       VBADDCONNECTION
 0001:27E2       VBAllocPic
 0001:288A       VBAllocPicEx
 0001:4AC2       VBALLTRIM
 0001:296A       VBArrayBounds
 0001:2962       VBArrayElement
 0001:2972       VBArrayElemSize
 0001:297A       VBArrayFirstElem
 0001:2982       VBArrayIndexCount
 0001:299A       VBCbSaveFPState
 0001:4B46       VBCHANGECHAR
 0001:28EA       VBClientToScreen
 0001:291A       VBCoerceVariant
 0001:4A66       VBCOUNTNULLS
 0001:2782       VBCreateHlstr
 0001:2712       VBCreateHsz
 0001:295A       VBCREATETEMPHLSTR
 0001:26F2       VBDefControlProc
 0001:26EA       VBDerefControl
 0001:279A       VBDEREFHLSTR
 0001:294A       VBDerefHlstrLen
 0001:2722       VBDerefHsz
 0001:2952       VBDerefZeroTermHlstr
 0001:2792       VBDestroyHlstr
 0001:271A       VBDestroyHsz
 0001:281A       VBDialogBoxParam
 0001:2872       VBDirtyForm
 0001:3FDC       VBDRIVEINFO
 0001:3EB4       VBFILEINFO
 0001:26FA       VBFireEvent
 0001:2992       VBFormat
 0001:27EA       VBFreePic
 0001:2812       VBGetAppTitle
 0001:28A2       VBGetCapture
 0001:28E2       VBGetClientRect
 0001:45E4       VBGETCONNECTION
 0001:28BA       VBGetControl
 0001:273A       VBGetControlHwnd
 0001:274A       VBGetControlModel
 0001:2832       VBGetControlName
 0001:270A       VBGetControlProperty
 0001:28D2       VBGetControlRect
 0001:29C2       VBGetDataSourceControl
 0001:277A       VBGetHInstance
 0001:293A       VBGetHlstr
 0001:27A2       VBGETHLSTRLEN
 0001:27AA       VBGetHwndControl
 0001:2E5E       VBGETINI
 0001:2F02       VBGETINISECTION
 0001:3B30       VBGETKEYBOARDSTATE
 0001:2772       VBGetMode
 0001:27F2       VBGetPic
 0001:2892       VBGetPicEx
 0001:28DA       VBGetRectInContainer
 0001:3DBA       VBGETTEMPDRIVE
 0001:3E18       VBGETTEMPFILENAME
 0001:2922       VBGetVariantType
 0001:292A       VBGetVariantValue
 0001:3286       VBGETVERINFO
 0001:29CA       VBGetVersion
 0001:2C00       VBGETWININI
 0001:2CA2       VBGETWININISECTION
 0001:4BDC       VBHASSUMMARYINFO
 0001:3B5A       VBINKEY
 0001:290A       VBInvalidateRect
 0001:2902       VBIsControlEnabled
 0001:28FA       VBIsControlVisible
 0001:29AA       VBLinkMakeItemName
 0001:2862       VBLinkPostAdvise
 0001:272A       VBLockHsz
 0001:28CA       VBMoveControl
 0001:3E6C       VBNEXTFREEDRIVE
 0001:2882       VBPaletteChanged
 0001:286A       VBPasteLinkOk
 0001:2802       VBPicFromCF
 0001:27D2       VBReadBasicFile
 0001:275A       VBReadFormFile
 0001:2742       VBRecreateControlHwnd
 0001:27FA       VBRefPic
 0001:26E2       VBRegisterModel
 0001:28B2       VBReleaseCapture
 0001:29BA       VBRelSeekBasicFile
 0001:282A       VBRelSeekFormFile
 0001:283A       VBReserved0
 0001:2842       VBReserved1
 0001:284A       VBReserved2
 0001:2852       VBReserved3
 0001:2942       VBResizeHlstr
 0001:29A2       VBRestoreFPState
 0001:298A       VBRuntimeError
 0001:28F2       VBScreenToClient
 0001:29B2       VBSeekBasicFile
 0001:2822       VBSeekFormFile
 0001:2752       VBSendControlMsg
 0001:28AA       VBSetCapture
 0001:287A       VBSetControlFlags
 0001:2702       VBSetControlProperty
 0001:280A       VBSetErrorMessage
 0001:278A       VBSetHlstr
 0001:2932       VBSetVariantValue
 0001:4D40       VBSUMMARYINFO
 0001:276A       VBSuperControlProc
 0001:3BD8       VBSYSDIR
 0001:289A       VBTranslateColor
 0001:2732       VBUnlockHsz
 0001:2912       VBUpdateControl
 0001:3BAC       VBWINDIR
 0001:3C18       VBWININFO
 0001:429E       VBWORKSTATIONINFO
 0001:27DA       VBWriteBasicFile
 0001:2762       VBWriteFormFile
 0001:27B2       VBXPixelsToTwips
 0001:27C2       VBXTwipsToPixels
 0001:27BA       VBYPixelsToTwips
 0001:27CA       VBYTwipsToPixels
 0001:28C2       VBZOrder
 0000:0000  Imp  VERLANGUAGENAME      (VER.10)
 0000:0000  Imp  VERQUERYVALUE        (VER.11)
 0001:2BA6       WEP
 0000:0000  Unr  WINMAIN
 0000:0000  Imp  WNETADDCONNECTION    (USER.517)
 0000:0000  Imp  WNETCANCELCONNECTION (USER.518)
 0000:0000  Imp  WNETCONNECTIONDIALOG (NETAPI.WNETCONNECTIONDIALOG)
 0000:0000  Imp  WNETGETCONNECTION    (USER.512)
 0000:0000  Imp  WRITEPRIVATEPROFILESTRING (KERNEL.129)
 0000:0000  Imp  WRITEPROFILESTRING   (KERNEL.59)
 0001:102A       _asctime
 0002:0077       _aseghi
 0002:0075       _aseglo
 0001:2270       _atol
 0002:0014       _bFirst
 0001:0474       _ctime
 0002:0064       _dwStopWatchStarted
 0002:0602       _edata
 0002:3F8F       _end
 0002:01A4       _errno
 0001:334C       _FillVerDialog
 0002:0010       _gdwVerInfo
 0001:2274       _getenv
 0002:2C56       _ghInst
 0001:1E10       _gmtime
 0002:1746       _gsqTrgFile
 0002:005A       _gszAppName
 0002:294A       _gszCurDir
 0002:001A       _gszDlgClear
 0002:2B52       _gszDstDir
 0002:2A4E       _gszSrcDir
 0002:3D68       _gszSrcFile
 0002:1642       _gszSysDir
 0002:001C       _gszTrans
 0002:2846       _gszTrgDir
 0002:3E6E       _gszUserMsg
 0002:0036       _gszVerString
 0002:2C58       _gszWinDir
 0002:0016       _gwCurDirLen
 0002:0018       _gwDstDirLen
 0002:3E68       _hInstance
 0002:3E6A       _hlstr
 0002:1846       _iniBuffer
 0002:1640       _Len
 0001:0DF4       _localtime
 0001:32C4       _ShowVerInfo
 0001:03E2       _sprintf
 0002:0068       _STKHQQ
 0001:220A       _strcpy
 0001:0450       _strlen
 0001:25BC       _strncmp
 0001:2246       _strncpy
 0001:117E       _strpbrk
 0001:114A       _strrchr
 0002:2D68       _szBuffer
 0002:3F6E       _szLong
 0002:2D5C       _tiThisTime
 0000:0000  Imp  _wsprintf            (USER.420)
 0002:0290       __aaltstkovr
 0000:9876  Abs  __acrtmsg
 0000:9876  Abs  __acrtused
 0000:D6D6  Abs  __aDBdoswp
 0002:01DA       __adbgmsg
 0000:D6D6  Abs  __aDBused
 0001:16F2       __aFchkstk
 0001:2310       __aFldiv
 0001:04F6       __aFlmul
 0001:23AA       __aFlrem
 0001:29DA       __aFNauldiv
 0001:29FA       __aFuldiv
 0001:04F6       __aFulmul
 0001:2A5A       __aFulrem
 0000:0000  Imp  __AHINCR             (KERNEL.114)
 0002:0196       __aintdiv
 0002:031C       __amblksiz
 0001:1FC0       __amsg_exit
 0001:16D2       __aNchkstk
 0002:02BE       __asizeC
 0002:02BF       __asizeD
 0001:0054       __astart
 0001:25F8       __catox
 0001:05B6       __cexit
 0002:029E       __cfltcvt_tab
 0002:031E       __cflush
 0001:126A       __chdrive
 0002:01D7       __child
 0001:16F2       __chkstk
 0001:056E       __cinit
 0001:1FB6       __cintDIV
 0001:11DC       __cltoasub
 0002:01AF       __cpumode
 0001:0615       __ctermsub
 0002:0094       __ctype
 0002:0094       __ctype_
 0001:11E9       __cxtoa
 0001:05C7       __c_exit
 0002:030A       __daylight
 0002:02DA       __days
 0002:0074       __dllinit
 0002:01B0       __doserrno
 0001:0F20       __dosret0
 0001:0F3F       __dosretax
 0001:0F2D       __dosreturn
 0001:0CF6       __dostotime_t
 0001:160A       __dos_findfirst
 0001:15F8       __dos_findnext
 0001:04AA       __dos_getdiskfree
 0002:0602       __edata
 0002:3F8F       __end
 0002:01CE       __environ
 0002:01D9       __exitflag
 0002:019A       __fac
 0001:2142       __ffree
 0001:0652       __FF_MSGBANNER
 0002:0326       __fheap
 0001:20F9       __findlast
 0001:0C14       __flsbuf
 0001:2163       __fmalloc
 0001:2AC4       __fmemcpy
 0001:2B5E       __fmemset
 0002:0336       __fpinit
 0000:9876  Abs  __fptaskdata
 0001:1D7E       __fptrap
 0001:2532       __freefarheap
 0001:264E       __freelist
 0001:2B22       __fstrcpy
 0001:0528       __fstrlen
 0001:244A       __fstrncmp
 0001:2486       __fstrncpy
 0001:12B4       __fullpath
 0001:1DC4       __getbuf
 0001:172C       __getcwd
 0001:174A       __getdcwd
 0001:1DB2       __GetDGROUP
 0001:1240       __getdrive
 0001:2002       __growseg
 0002:006A       __hModule
 0001:2093       __incseg
 0001:2678       __initseg
 0001:0F7E       __intdosx
 0002:0342       __iob
 0002:0432       __iob2
 0001:1CAA       __isindst
 0002:0294       __lastiob
 0001:26AC       __linkseg
 0002:02C0       __lpdays
 0002:0070       __lpszCmdLine
 0001:1872       __lseek
 0002:0320       __lseekchk
 0001:046A       __ltoa
 0001:0F51       __maperror
 0001:1D84       __myalloc
 0001:1DC2       __nearstub
 0001:24B0       __newseg
 0002:01B2       __nfile
 0001:1684       __NMSG_TEXT
 0001:16BB       __NMSG_WRITE
 0001:00F6       __nomain
 0002:01B0       __oserr
 0002:01B4       __osfile
 0002:01AB       __osmajor
 0002:01AA       __osminor
 0002:01AE       __osmode
 0002:01AA       __osver
 0002:01AC       __osversion
 0001:071E       __output
 0002:01D2       __pgmptr
 0002:0322       __pnhFarHeap
 0001:2540       __searchseg
 0001:0676       __setenvp
 0002:02BC       __sigintoff
 0002:02BA       __sigintseg
 0000:0001  Abs  __sizec
 0000:0001  Abs  __sized
 0001:212E       __stackavail
 0001:01F2       __stat
 0001:1104       __strcmpi
 0001:1104       __stricmp
 0001:0542       __stubmain
 0001:2BE2       __STUBWEP
 0002:0306       __timezone
 0002:0314       __tzname
 0001:1AE2       __tzset
 0002:01A6       __umaskval
 0001:285A       __VBGetVersion
 0002:006C       __wDataSeg
 0001:0010       __wflags
 0002:006E       __wHeapSize
 0000:0000  Imp  __WINFLAGS           (KERNEL.178)
 0002:01A9       __winmajor
 0002:01A8       __winminor
 0002:01A8       __winver
 0001:193A       __write
 0002:007B       ___aDBrterr
 0002:0079       ___aDBswpflg
 0002:01C8       ___argc
 0002:01CA       ___argv
 0001:211A       ___ExportedStub
 0001:1AC6       ___tzset

  Address         Publics by Value

 0000:0000  Imp  LOCALINIT            (KERNEL.4)
 0000:0000  Imp  GETFREESYSTEMRESOURCES (USER.284)
 0000:0000  Imp  GLOBALREALLOC        (KERNEL.16)
 0000:0000  Imp  GETTEMPDRIVE         (KERNEL.92)
 0000:0000  Imp  WNETCANCELCONNECTION (USER.518)
 0000:0000  Imp  VERLANGUAGENAME      (VER.10)
 0000:0000  Imp  LOCALFREE            (KERNEL.7)
 0000:0000  Imp  LOCALLOCK            (KERNEL.8)
 0000:0000  Imp  CODOSDATETIMETOFILETIME (COMPOBJ.31)
 0000:0000  Imp  GETDRIVETYPE         (KERNEL.136)
 0000:0000  Imp  WNETGETCONNECTION    (USER.512)
 0000:0000  Imp  _wsprintf            (USER.420)
 0000:0000  Imp  GLOBALALLOC          (KERNEL.15)
 0000:0000  Imp  WNETADDCONNECTION    (USER.517)
 0000:0000  Unr  OLESTDSETSECURITYPROPERTY
 0000:0000  Imp  COGETMALLOC          (COMPOBJ.4)
 0000:0000  Imp  GLOBALFREE           (KERNEL.17)
 0000:0000  Imp  COFILETIMETODOSDATETIME (COMPOBJ.30)
 0000:0000  Imp  FATALAPPEXIT         (KERNEL.137)
 0000:0000  Unr  OLESTDSETDOCPROPERTY
 0000:0000  Unr  OLESTDGETTHUMBNAILPROPERTY
 0000:0000  Imp  GETPRIVATEPROFILESTRING (KERNEL.128)
 0000:0000  Imp  GLOBALUNLOCK         (KERNEL.19)
 0000:0000  Imp  GETWINDOWSDIRECTORY  (KERNEL.134)
 0000:0000  Imp  COUNINITIALIZE       (COMPOBJ.3)
 0000:0000  Imp  GLOBALLOCK           (KERNEL.18)
 0000:0000  Imp  WRITEPROFILESTRING   (KERNEL.59)
 0000:0000  Imp  GETFILEVERSIONINFO   (VER.7)
 0000:0000  Imp  GETSYSTEMDIRECTORY   (KERNEL.135)
 0000:0000  Imp  GETVERSION           (KERNEL.3)
 0000:0000  Imp  STGISSTORAGEFILE     (STORAGE.5)
 0000:0000  Imp  FATALEXIT            (KERNEL.1)
 0000:0000  Imp  WNETCONNECTIONDIALOG (NETAPI.WNETCONNECTIONDIALOG)
 0000:0000  Imp  INITTASK             (KERNEL.91)
 0000:0000  Imp  WRITEPRIVATEPROFILESTRING (KERNEL.129)
 0000:0000  Imp  GETDOSENVIRONMENT    (KERNEL.131)
 0000:0000  Imp  GETKEYBOARDSTATE     (USER.222)
 0000:0000  Imp  MESSAGEBOX           (USER.1)
 0000:0000  Imp  VERQUERYVALUE        (VER.11)
 0000:0000  Unr  OLESTDWRITESUMMARYINFO
 0000:0000  Imp  DOS3CALL             (KERNEL.102)
 0000:0000  Imp  GETPROFILESTRING     (KERNEL.58)
 0000:0000  Imp  NETWKSTAGETINFO      (NETAPI.NETWKSTAGETINFO)
 0000:0000  Imp  STGOPENSTORAGE       (STORAGE.3)
 0000:0000  Imp  GETFILEVERSIONINFOSIZE (VER.6)
 0000:0000  Imp  OPENFILE             (KERNEL.74)
 0000:0000  Imp  TIMERCOUNT           (TOOLHELP.80)
 0000:0000  Imp  LSTRCAT              (KERNEL.89)
 0000:0000  Imp  __WINFLAGS           (KERNEL.178)
 0000:0000  Imp  GETTEMPFILENAME      (KERNEL.97)
 0000:0000  Imp  GETWINFLAGS          (KERNEL.132)
 0000:0000  Imp  LOCALUNLOCK          (KERNEL.9)
 0000:0000  Unr  OLESTDSETDATEPROPERTY
 0000:0000  Unr  WINMAIN
 0000:0000  Imp  GETFOCUS             (USER.23)
 0000:0000  Imp  COINITIALIZE         (COMPOBJ.2)
 0000:0000  Imp  LOCKSEGMENT          (KERNEL.23)
 0000:0000  Imp  __AHINCR             (KERNEL.114)
 0000:0000  Imp  GETFREESPACE         (KERNEL.169)
 0000:0000  Imp  GETMODULEUSAGE       (KERNEL.48)
 0000:0000  Imp  GLOBALSIZE           (KERNEL.20)
 0000:0000  Imp  LOCALALLOC           (KERNEL.5)
 0000:0001  Abs  __sized
 0000:0001  Abs  __sizec
 0000:0006  Abs  pLocalHeap
 0000:0008  Abs  pAtomTable
 0000:000A  Abs  pStackTop
 0000:000C  Abs  pStackMin
 0000:000E  Abs  pStackBot
 0000:9876  Abs  __fptaskdata
 0000:9876  Abs  __acrtmsg
 0000:9876  Abs  __acrtused
 0000:D6D6  Abs  __aDBused
 0000:D6D6  Abs  __aDBdoswp
 0001:0010       __wflags
 0001:0054       __astart
 0001:00F6       __nomain
 0001:01F2       __stat
 0001:03E2       _sprintf
 0001:0450       _strlen
 0001:046A       __ltoa
 0001:0474       _ctime
 0001:04AA       __dos_getdiskfree
 0001:04F6       __aFlmul
 0001:04F6       __aFulmul
 0001:0528       __fstrlen
 0001:0542       __stubmain
 0001:056E       __cinit
 0001:05B6       __cexit
 0001:05C7       __c_exit
 0001:0615       __ctermsub
 0001:0652       __FF_MSGBANNER
 0001:0676       __setenvp
 0001:071E       __output
 0001:0C14       __flsbuf
 0001:0CF6       __dostotime_t
 0001:0DF4       _localtime
 0001:0F20       __dosret0
 0001:0F2D       __dosreturn
 0001:0F3F       __dosretax
 0001:0F51       __maperror
 0001:0F7E       __intdosx
 0001:102A       _asctime
 0001:1104       __strcmpi
 0001:1104       __stricmp
 0001:114A       _strrchr
 0001:117E       _strpbrk
 0001:11DC       __cltoasub
 0001:11E9       __cxtoa
 0001:1240       __getdrive
 0001:126A       __chdrive
 0001:12B4       __fullpath
 0001:15F8       __dos_findnext
 0001:160A       __dos_findfirst
 0001:1684       __NMSG_TEXT
 0001:16BB       __NMSG_WRITE
 0001:16D2       __aNchkstk
 0001:16F2       __chkstk
 0001:16F2       __aFchkstk
 0001:172C       __getcwd
 0001:174A       __getdcwd
 0001:1872       __lseek
 0001:193A       __write
 0001:1AC6       ___tzset
 0001:1AE2       __tzset
 0001:1CAA       __isindst
 0001:1D7E       __fptrap
 0001:1D84       __myalloc
 0001:1DB2       __GetDGROUP
 0001:1DC2       __nearstub
 0001:1DC4       __getbuf
 0001:1E10       _gmtime
 0001:1FB6       __cintDIV
 0001:1FC0       __amsg_exit
 0001:2002       __growseg
 0001:2093       __incseg
 0001:20F9       __findlast
 0001:211A       ___ExportedStub
 0001:212E       __stackavail
 0001:2142       __ffree
 0001:2163       __fmalloc
 0001:220A       _strcpy
 0001:2246       _strncpy
 0001:2270       _atol
 0001:2274       _getenv
 0001:2310       __aFldiv
 0001:23AA       __aFlrem
 0001:244A       __fstrncmp
 0001:2486       __fstrncpy
 0001:24B0       __newseg
 0001:2532       __freefarheap
 0001:2540       __searchseg
 0001:25BC       _strncmp
 0001:25F8       __catox
 0001:264E       __freelist
 0001:2678       __initseg
 0001:26AC       __linkseg
 0001:26E2       VBRegisterModel
 0001:26EA       VBDerefControl
 0001:26F2       VBDefControlProc
 0001:26FA       VBFireEvent
 0001:2702       VBSetControlProperty
 0001:270A       VBGetControlProperty
 0001:2712       VBCreateHsz
 0001:271A       VBDestroyHsz
 0001:2722       VBDerefHsz
 0001:272A       VBLockHsz
 0001:2732       VBUnlockHsz
 0001:273A       VBGetControlHwnd
 0001:2742       VBRecreateControlHwnd
 0001:274A       VBGetControlModel
 0001:2752       VBSendControlMsg
 0001:275A       VBReadFormFile
 0001:2762       VBWriteFormFile
 0001:276A       VBSuperControlProc
 0001:2772       VBGetMode
 0001:277A       VBGetHInstance
 0001:2782       VBCreateHlstr
 0001:278A       VBSetHlstr
 0001:2792       VBDestroyHlstr
 0001:279A       VBDEREFHLSTR
 0001:27A2       VBGETHLSTRLEN
 0001:27AA       VBGetHwndControl
 0001:27B2       VBXPixelsToTwips
 0001:27BA       VBYPixelsToTwips
 0001:27C2       VBXTwipsToPixels
 0001:27CA       VBYTwipsToPixels
 0001:27D2       VBReadBasicFile
 0001:27DA       VBWriteBasicFile
 0001:27E2       VBAllocPic
 0001:27EA       VBFreePic
 0001:27F2       VBGetPic
 0001:27FA       VBRefPic
 0001:2802       VBPicFromCF
 0001:280A       VBSetErrorMessage
 0001:2812       VBGetAppTitle
 0001:281A       VBDialogBoxParam
 0001:2822       VBSeekFormFile
 0001:282A       VBRelSeekFormFile
 0001:2832       VBGetControlName
 0001:283A       VBReserved0
 0001:2842       VBReserved1
 0001:284A       VBReserved2
 0001:2852       VBReserved3
 0001:285A       __VBGetVersion
 0001:2862       VBLinkPostAdvise
 0001:286A       VBPasteLinkOk
 0001:2872       VBDirtyForm
 0001:287A       VBSetControlFlags
 0001:2882       VBPaletteChanged
 0001:288A       VBAllocPicEx
 0001:2892       VBGetPicEx
 0001:289A       VBTranslateColor
 0001:28A2       VBGetCapture
 0001:28AA       VBSetCapture
 0001:28B2       VBReleaseCapture
 0001:28BA       VBGetControl
 0001:28C2       VBZOrder
 0001:28CA       VBMoveControl
 0001:28D2       VBGetControlRect
 0001:28DA       VBGetRectInContainer
 0001:28E2       VBGetClientRect
 0001:28EA       VBClientToScreen
 0001:28F2       VBScreenToClient
 0001:28FA       VBIsControlVisible
 0001:2902       VBIsControlEnabled
 0001:290A       VBInvalidateRect
 0001:2912       VBUpdateControl
 0001:291A       VBCoerceVariant
 0001:2922       VBGetVariantType
 0001:292A       VBGetVariantValue
 0001:2932       VBSetVariantValue
 0001:293A       VBGetHlstr
 0001:2942       VBResizeHlstr
 0001:294A       VBDerefHlstrLen
 0001:2952       VBDerefZeroTermHlstr
 0001:295A       VBCREATETEMPHLSTR
 0001:2962       VBArrayElement
 0001:296A       VBArrayBounds
 0001:2972       VBArrayElemSize
 0001:297A       VBArrayFirstElem
 0001:2982       VBArrayIndexCount
 0001:298A       VBRuntimeError
 0001:2992       VBFormat
 0001:299A       VBCbSaveFPState
 0001:29A2       VBRestoreFPState
 0001:29AA       VBLinkMakeItemName
 0001:29B2       VBSeekBasicFile
 0001:29BA       VBRelSeekBasicFile
 0001:29C2       VBGetDataSourceControl
 0001:29CA       VBGetVersion
 0001:29DA       __aFNauldiv
 0001:29FA       __aFuldiv
 0001:2A5A       __aFulrem
 0001:2AC4       __fmemcpy
 0001:2B22       __fstrcpy
 0001:2B5E       __fmemset
 0001:2BA6       WEP
 0001:2BE2       __STUBWEP
 0001:2C00       VBGETWININI
 0001:2CA2       VBGETWININISECTION
 0001:2D34       PUTWININI
 0001:2D96       DELWININI
 0001:2DF4       DELWININISECTION
 0001:2E40       FLUSHWININI
 0001:2E5E       VBGETINI
 0001:2F02       VBGETINISECTION
 0001:2F98       PUTINI
 0001:2FFE       DELINI
 0001:3060       DELINISECTION
 0001:30B2       FLUSHINI
 0001:30D8       ??_C@_0M@ECLL@GetWinIni?$CI?$CJ?$AA@
                    ??_C@_0M@ECLL@GetWinIni?$CI?$CJ?$AA@

 0001:30E4       ??_C@_0DD@MBFI@Section?5or?5Entry?5is?5NULL?5?9?9?5wron@
                    ??_C@_0DD@MBFI@Section?5or?5Entry?5is?5NULL?5?9?9?5wron@

 0001:3118       ??_C@_01A@?$AA?$AA@
                    ??_C@_01A@?$AA?$AA@

 0001:311A       ??_C@_0BI@MLED@Value?5may?5be?5truncated?4?$AA@
                    ??_C@_0BI@MLED@Value?5may?5be?5truncated?4?$AA@

 0001:3132       ??_C@_0P@MOEH@CRITICAL?5ERROR?$AA@
                    ??_C@_0P@MOEH@CRITICAL?5ERROR?$AA@

 0001:3142       ??_C@_0CN@MOLL@VBCreateTempHlstr?5failed?5?9?9?5Cont@
                    ??_C@_0CN@MOLL@VBCreateTempHlstr?5failed?5?9?9?5Cont@

 0001:3170       ??_C@_0BD@OJJN@GetWinIniSection?$CI?$CJ?$AA@
                    ??_C@_0BD@OJJN@GetWinIniSection?$CI?$CJ?$AA@

 0001:3184       ??_C@_0CK@FPHG@Section?5is?5NULL?5?9?9?5wrong?5functio@
                    ??_C@_0CK@FPHG@Section?5is?5NULL?5?9?9?5wrong?5functio@

 0001:31AE       ??_C@_0M@IDMM@PutWinIni?$CI?$CJ?$AA@
                    ??_C@_0M@IDMM@PutWinIni?$CI?$CJ?$AA@

 0001:31BA       ??_C@_0DP@BKJN@Section?5or?5Entry?5or?5IniValue?5is?5@
                    ??_C@_0DP@BKJN@Section?5or?5Entry?5or?5IniValue?5is?5@

 0001:31FA       ??_C@_0BB@LNHC@Function?5failed?4?$AA@
                    ??_C@_0BB@LNHC@Function?5failed?4?$AA@

 0001:320C       ??_C@_0M@ELOI@DelWinIni?$CI?$CJ?$AA@
                    ??_C@_0M@ELOI@DelWinIni?$CI?$CJ?$AA@

 0001:3218       ??_C@_0BD@MFLO@DelWinIniSection?$CI?$CJ?$AA@
                    ??_C@_0BD@MFLO@DelWinIniSection?$CI?$CJ?$AA@

 0001:322C       ??_C@_0L@CBOF@vbGetIni?$CI?$CJ?$AA@
                    ??_C@_0L@CBOF@vbGetIni?$CI?$CJ?$AA@

 0001:3238       ??_C@_08DJHD@PutIni?$CI?$CJ?$AA@
                    ??_C@_08DJHD@PutIni?$CI?$CJ?$AA@

 0001:3242       ??_C@_08IFHJ@DelIni?$CI?$CJ?$AA@
                    ??_C@_08IFHJ@DelIni?$CI?$CJ?$AA@

 0001:324C       ??_C@_0BA@MKJL@DelIniSection?$CI?$CJ?$AA@
                    ??_C@_0BA@MKJL@DelIniSection?$CI?$CJ?$AA@

 0001:325C       HASVERINFO
 0001:3286       VBGETVERINFO
 0001:32C4       _ShowVerInfo
 0001:334C       _FillVerDialog
 0001:370C       MOREVERINFO
 0001:393E       ??_C@_0P@OMCD@Illegal?5string?$AA@
                    ??_C@_0P@OMCD@Illegal?5string?$AA@

 0001:394E       ??_C@_0M@HFKG@CompanyName?$AA@
                    ??_C@_0M@HFKG@CompanyName?$AA@

 0001:395A       ??_C@_0BA@EJP@FileDescription?$AA@
                    ??_C@_0BA@EJP@FileDescription?$AA@

 0001:396A       ??_C@_0M@EOAE@FileVersion?$AA@
                    ??_C@_0M@EOAE@FileVersion?$AA@

 0001:3976       ??_C@_0N@CCA@InternalName?$AA@
                    ??_C@_0N@CCA@InternalName?$AA@

 0001:3984       ??_C@_0P@NIMM@LegalCopyright?$AA@
                    ??_C@_0P@NIMM@LegalCopyright?$AA@

 0001:3994       ??_C@_0BA@NHED@LegalTrademarks?$AA@
                    ??_C@_0BA@NHED@LegalTrademarks?$AA@

 0001:39A4       ??_C@_0M@OKED@ProductName?$AA@
                    ??_C@_0M@OKED@ProductName?$AA@

 0001:39B0       ??_C@_0P@JKBO@ProductVersion?$AA@
                    ??_C@_0P@JKBO@ProductVersion?$AA@

 0001:39C0       ??_C@_0M@IBML@?$CFd?4?$CFd?4?$CFd?4?$CFd?$AA@
                    ??_C@_0M@IBML@?$CFd?4?$CFd?4?$CFd?4?$CFd?$AA@

 0001:39CC       ??_C@_07PCHH@Unknown?$AA@
                    ??_C@_07PCHH@Unknown?$AA@

 0001:39D4       ??_C@_00A@?$AA@
                    ??_C@_00A@?$AA@

 0001:39D6       ??_C@_07GALJ@Special?$AA@
                    ??_C@_07GALJ@Special?$AA@

 0001:39DE       ??_C@_04BOIP@Info?$AA@
                    ??_C@_04BOIP@Info?$AA@

 0001:39E4       ??_C@_07BEPA@Private?$AA@
                    ??_C@_07BEPA@Private?$AA@

 0001:39EC       ??_C@_07CCNB@Patched?$AA@
                    ??_C@_07CCNB@Patched?$AA@

 0001:39F4       ??_C@_06JOJ@PreRel?$AA@
                    ??_C@_06JOJ@PreRel?$AA@

 0001:39FC       ??_C@_05FPNF@Debug?$AA@
                    ??_C@_05FPNF@Debug?$AA@

 0001:3A02       ??_C@_0BF@HMMK@?$CFs?5?$CFs?5?$CFs?5?$CFs?5?$CFs?5?$CFs?5?$CFs?$AA@
                    ??_C@_0BF@HMMK@?$CFs?5?$CFs?5?$CFs?5?$CFs?5?$CFs?5?$CFs?5?$CFs?$AA@

 0001:3A18       ??_C@_09EAGK@DOS?9Win16?$AA@
                    ??_C@_09EAGK@DOS?9Win16?$AA@

 0001:3A22       ??_C@_09MHGD@DOS?9Win32?$AA@
                    ??_C@_09MHGD@DOS?9Win32?$AA@

 0001:3A2C       ??_C@_0O@GINP@OS?12?916?5PM?916?$AA@
                    ??_C@_0O@GINP@OS?12?916?5PM?916?$AA@

 0001:3A3A       ??_C@_0O@MFNN@OS?12?932?5PM?932?$AA@
                    ??_C@_0O@MFNN@OS?12?932?5PM?932?$AA@

 0001:3A48       ??_C@_08NNIO@NT?9Win32?$AA@
                    ??_C@_08NNIO@NT?9Win32?$AA@

 0001:3A52       ??_C@_03JMLC@App?$AA@
                    ??_C@_03JMLC@App?$AA@

 0001:3A56       ??_C@_03NDIP@DLL?$AA@
                    ??_C@_03NDIP@DLL?$AA@

 0001:3A5A       ??_C@_06LCIG@Driver?$AA@
                    ??_C@_06LCIG@Driver?$AA@

 0001:3A62       ??_C@_04CLJC@Font?$AA@
                    ??_C@_04CLJC@Font?$AA@

 0001:3A68       ??_C@_03OHCB@VxD?$AA@
                    ??_C@_03OHCB@VxD?$AA@

 0001:3A6C       ??_C@_03CDEC@Lib?$AA@
                    ??_C@_03CDEC@Lib?$AA@

 0001:3A70       ??_C@_0M@IHFA@Raster?5font?$AA@
                    ??_C@_0M@IHFA@Raster?5font?$AA@

 0001:3A7C       ??_C@_0M@BPGC@Vector?5font?$AA@
                    ??_C@_0M@BPGC@Vector?5font?$AA@

 0001:3A88       ??_C@_0O@FGHE@TrueType?5font?$AA@
                    ??_C@_0O@FGHE@TrueType?5font?$AA@

 0001:3A96       ??_C@_0M@NMMG@Printer?5drv?$AA@
                    ??_C@_0M@NMMG@Printer?5drv?$AA@

 0001:3AA2       ??_C@_0N@DJCI@Keyboard?5drv?$AA@
                    ??_C@_0N@DJCI@Keyboard?5drv?$AA@

 0001:3AB0       ??_C@_0N@GAEG@Language?5drv?$AA@
                    ??_C@_0N@GAEG@Language?5drv?$AA@

 0001:3ABE       ??_C@_0M@CHGO@Display?5drv?$AA@
                    ??_C@_0M@CHGO@Display?5drv?$AA@

 0001:3ACA       ??_C@_09FPEC@Mouse?5drv?$AA@
                    ??_C@_09FPEC@Mouse?5drv?$AA@

 0001:3AD4       ??_C@_0M@IFGG@Network?5drv?$AA@
                    ??_C@_0M@IFGG@Network?5drv?$AA@

 0001:3AE0       ??_C@_0L@EMEP@System?5drv?$AA@
                    ??_C@_0L@EMEP@System?5drv?$AA@

 0001:3AEC       ??_C@_0M@HDJE@Installable?$AA@
                    ??_C@_0M@HDJE@Installable?$AA@

 0001:3AF8       ??_C@_09HADH@Sound?5drv?$AA@
                    ??_C@_09HADH@Sound?5drv?$AA@

 0001:3B02       ??_C@_08DLEJ@Comm?5drv?$AA@
                    ??_C@_08DLEJ@Comm?5drv?$AA@

 0001:3B0C       ??_C@_0BK@CG@?2StringFileInfo?2040904E4?2?$AA@
                    ??_C@_0BK@CG@?2StringFileInfo?2040904E4?2?$AA@

 0001:3B26       ??_C@_02DILL@?$CFs?$AA@
                    ??_C@_02DILL@?$CFs?$AA@

 0001:3B2A       ??_C@_03IIBH@?$CFs?7?$AA@
                    ??_C@_03IIBH@?$CFs?7?$AA@

 0001:3B2E       ??_C@_01POCP@?7?$AA@
                    ??_C@_01POCP@?7?$AA@

 0001:3B30       VBGETKEYBOARDSTATE
 0001:3B5A       VBINKEY
 0001:3BAC       VBWINDIR
 0001:3BD8       VBSYSDIR
 0001:3C18       VBWININFO
 0001:3DBA       VBGETTEMPDRIVE
 0001:3E18       VBGETTEMPFILENAME
 0001:3E6C       VBNEXTFREEDRIVE
 0001:3EB4       VBFILEINFO
 0001:3FDC       VBDRIVEINFO
 0001:417A       ??_C@_05CKMM@80x87?$AA@
                    ??_C@_05CKMM@80x87?$AA@

 0001:4180       ??_C@_08KOGH@No?580x87?$AA@
                    ??_C@_08KOGH@No?580x87?$AA@

 0001:418A       ??_C@_04LIAB@8086?$AA@
                    ??_C@_04LIAB@8086?$AA@

 0001:4190       ??_C@_05MHFC@80186?$AA@
                    ??_C@_05MHFC@80186?$AA@

 0001:4196       ??_C@_05DBGJ@80286?$AA@
                    ??_C@_05DBGJ@80286?$AA@

 0001:419C       ??_C@_05GDHP@80386?$AA@
                    ??_C@_05GDHP@80386?$AA@

 0001:41A2       ??_C@_05NNBO@80486?$AA@
                    ??_C@_05NNBO@80486?$AA@

 0001:41A8       ??_C@_07CAMD@unknown?$AA@
                    ??_C@_07CAMD@unknown?$AA@

 0001:41B0       ??_C@_06PBBG@Win?5NT?$AA@
                    ??_C@_06PBBG@Win?5NT?$AA@

 0001:41B8       ??_C@_08KEM@enhanced?$AA@
                    ??_C@_08KEM@enhanced?$AA@

 0001:41C2       ??_C@_08GOAK@standard?$AA@
                    ??_C@_08GOAK@standard?$AA@

 0001:41CC       ??_C@_03PLGH@WLO?$AA@
                    ??_C@_03PLGH@WLO?$AA@

 0001:41D0       ??_C@_06IFMD@No?5WLO?$AA@
                    ??_C@_06IFMD@No?5WLO?$AA@

 0001:41D8       ??_C@_04FOAE@?$CFd?$CF?$CF?$AA@
                    ??_C@_04FOAE@?$CFd?$CF?$CF?$AA@

 0001:41DE       ??_C@_03FMLL@?$CFud?$AA@
                    ??_C@_03FMLL@?$CFud?$AA@

 0001:41E2       ??_C@_05LFKM@?$CFd?4?$CFd?$AA@
                    ??_C@_05LFKM@?$CFd?4?$CFd?$AA@

 0001:41E8       ??_C@_02CPFE@?5?3?$AA@
                    ??_C@_02CPFE@?5?3?$AA@

 0001:41EC       ??_C@_02MAKP@vb?$AA@
                    ??_C@_02MAKP@vb?$AA@

 0001:41F0       ??_C@_02JBML@?$CFc?$AA@
                    ??_C@_02JBML@?$CFc?$AA@

 0001:41F4       ??_C@_06NNGL@stat?4c?$AA@
                    ??_C@_06NNGL@stat?4c?$AA@

 0001:41FC       ??_C@_0P@NBID@?91?5Fixed?5Drive?$AA@
                    ??_C@_0P@NBID@?91?5Fixed?5Drive?$AA@

 0001:420C       ??_C@_0BC@GHN@0?5Not?5Fixed?5Drive?$AA@
                    ??_C@_0BC@GHN@0?5Not?5Fixed?5Drive?$AA@

 0001:421E       ??_C@_03JFOM@?$CFld?$AA@
                    ??_C@_03JFOM@?$CFld?$AA@

 0001:4222       ??_C@_03OGJH@?$CFc?3?$AA@
                    ??_C@_03OGJH@?$CFc?3?$AA@

 0001:4226       ??_C@_09DHA@removable?$AA@
                    ??_C@_09DHA@removable?$AA@

 0001:4230       ??_C@_05CEAP@fixed?$AA@
                    ??_C@_05CEAP@fixed?$AA@

 0001:4236       ??_C@_0BB@HIAO@remote?5?$CInetwork?$CJ?$AA@
                    ??_C@_0BB@HIAO@remote?5?$CInetwork?$CJ?$AA@

 0001:4248       ??_C@_0N@NHNL@undetermined?$AA@
                    ??_C@_0N@NHNL@undetermined?$AA@

 0001:4256       ??_C@_0P@IBIN@?$CFs?5bytes?5total?$AA@
                    ??_C@_0P@IBIN@?$CFs?5bytes?5total?$AA@

 0001:4266       ??_C@_0O@CLFB@?$CFs?5bytes?5free?$AA@
                    ??_C@_0O@CLFB@?$CFs?5bytes?5free?$AA@

 0001:4274       ??_C@_0BE@DCPC@?$CFu?5bytes?5per?5sector?$AA@
                    ??_C@_0BE@DCPC@?$CFu?5bytes?5per?5sector?$AA@

 0001:4288       ??_C@_0BG@NEOB@?$CFu?5sector?5per?5cluster?$AA@
                    ??_C@_0BG@NEOB@?$CFu?5sector?5per?5cluster?$AA@

 0001:429E       VBWORKSTATIONINFO
 0001:4408       VBADDCONNECTION
 0001:4584       REMOVECONNECTION
 0001:45E4       VBGETCONNECTION
 0001:46F2       NETDRIVEDIALOG
 0001:4710       NETPRINTERDIALOG
 0001:472E       ??_C@_0CH@KLHK@?$CK?5Could?5not?5get?5info?5on?5workstat@
                    ??_C@_0CH@KLHK@?$CK?5Could?5not?5get?5info?5on?5workstat@

 0001:4756       ??_C@_02MECO@?$CFd?$AA@
                    ??_C@_02MECO@?$CFd?$AA@

 0001:475A       ??_C@_0BE@FJBF@Access?5Denied?5to?5?$CFs?$AA@
                    ??_C@_0BE@FJBF@Access?5Denied?5to?5?$CFs?$AA@

 0001:476E       ??_C@_0BI@OFMO@Already?5connected?5on?5?$CFs?$AA@
                    ??_C@_0BI@OFMO@Already?5connected?5on?5?$CFs?$AA@

 0001:4786       ??_C@_0CJ@KOBI@Bad?5Local?5Name?5?$FL?$CFs?$FN?0?5should?5by?5l@
                    ??_C@_0CJ@KOBI@Bad?5Local?5Name?5?$FL?$CFs?$FN?0?5should?5by?5l@

 0001:47B0       ??_C@_0BK@HJKP@Bad?5Password?5on?5?$CFs?0?5PW?$DN?$CFs?$AA@
                    ??_C@_0BK@HJKP@Bad?5Password?5on?5?$CFs?0?5PW?$DN?$CFs?$AA@

 0001:47CA       ??_C@_0CP@IJBJ@Bad?5Pointer?5Passed?5?9?9?5Must?5be?5By@
                    ??_C@_0CP@IJBJ@Bad?5Pointer?5Passed?5?9?9?5Must?5be?5By@

 0001:47FA       ??_C@_0O@PFBJ@Network?5Error?$AA@
                    ??_C@_0O@PFBJ@Network?5Error?$AA@

 0001:4808       ??_C@_0BO@FOEC@Not?5supported?5by?5this?5Network?$AA@
                    ??_C@_0BO@FOEC@Not?5supported?5by?5this?5Network?$AA@

 0001:4826       ??_C@_0DG@CBPM@Out?5of?5Memory?5?9?9?5shut?5down?5appli@
                    ??_C@_0DG@CBPM@Out?5of?5Memory?5?9?9?5shut?5down?5appli@

 0001:485C       ??_C@_0BP@KALK@?91?5Drive?5?$CFs?5is?5connected?5to?5?$CFs?$AA@
                    ??_C@_0BP@KALK@?91?5Drive?5?$CFs?5is?5connected?5to?5?$CFs?$AA@

 0001:487C       ??_C@_0CP@HCEG@Unknown?5error?3?5Drive?5?$CFs?5is?5not?5c@
                    ??_C@_0CP@HCEG@Unknown?5error?3?5Drive?5?$CFs?5is?5not?5c@

 0001:48AC       ??_C@_07ENOD@WARNING?$AA@
                    ??_C@_07ENOD@WARNING?$AA@

 0001:48B4       ??_C@_0FL@KKPG@You?5have?5open?5files?5on?5this?5conn@
                    ??_C@_0FL@KKPG@You?5have?5open?5files?5on?5this?5conn@

 0001:4910       ??_C@_0BP@DGHN@?91?5Not?5a?5Valid?5Local?5Device?5?$CFs?$AA@
                    ??_C@_0BP@DGHN@?91?5Not?5a?5Valid?5Local?5Device?5?$CFs?$AA@

 0001:4930       ??_C@_0FA@LFGE@?91?5DLL?5did?5not?5supply?5enough?5mem@
                    ??_C@_0FA@LFGE@?91?5DLL?5did?5not?5supply?5enough?5mem@

 0001:4980       ??_C@_0BF@OOJE@?91?5Bad?5Local?5Name?5?$CFs?$AA@
                    ??_C@_0BF@OOJE@?91?5Bad?5Local?5Name?5?$CFs?$AA@

 0001:4996       ??_C@_0DC@CJCM@?91?5Bad?5Pointer?5Passed?5?9?9?5Must?5be@
                    ??_C@_0DC@CJCM@?91?5Bad?5Pointer?5Passed?5?9?9?5Must?5be@

 0001:49C8       ??_C@_0BB@NDBC@?91?5Network?5Error?$AA@
                    ??_C@_0BB@NDBC@?91?5Network?5Error?$AA@

 0001:49DA       ??_C@_0CB@CHDD@?91?5Not?5supported?5by?5this?5Network@
                    ??_C@_0CB@CHDD@?91?5Not?5supported?5by?5this?5Network@

 0001:49FC       ??_C@_0DJ@JAFF@?91?5Out?5of?5Memory?5?9?9?5shut?5down?5ap@
                    ??_C@_0DJ@JAFF@?91?5Out?5of?5Memory?5?9?9?5shut?5down?5ap@

 0001:4A36       ??_C@_0DA@KIOF@?91?5Unknown?5error?$FL?$CFd?$FN?3?5Drive?5?$CFs?5i@
                    ??_C@_0DA@KIOF@?91?5Unknown?5error?$FL?$CFd?$FN?3?5Drive?5?$CFs?5i@

 0001:4A66       VBCOUNTNULLS
 0001:4AC2       VBALLTRIM
 0001:4B46       VBCHANGECHAR
 0001:4BDC       VBHASSUMMARYINFO
 0001:4D40       VBSUMMARYINFO
 0001:5550       ??_C@_0BE@OMPO@?$AFSummaryInformation?$AA@
                    ??_C@_0BE@OMPO@?$AFSummaryInformation?$AA@

 0001:5564       ??_C@_0BG@PKCG@CoInitialize?5Failed?4?6?$AA@
                    ??_C@_0BG@PKCG@CoInitialize?5Failed?4?6?$AA@

 0001:557A       ??_C@_0BB@ODAP@Not?5Storage?5File?$AA@
                    ??_C@_0BB@ODAP@Not?5Storage?5File?$AA@

 0001:558C       ??_C@_0P@LANE@File?5not?5found?$AA@
                    ??_C@_0P@LANE@File?5not?5found?$AA@

 0001:559C       ??_C@_0BH@ECDB@Access?5to?5file?5denied?4?$AA@
                    ??_C@_0BH@ECDB@Access?5to?5file?5denied?4?$AA@

 0001:55B4       ??_C@_0O@MNMP@Invalid?5Name?4?$AA@
                    ??_C@_0O@MNMP@Invalid?5Name?4?$AA@

 0001:55C2       ??_C@_0BB@KAGD@Invalid?5Pointer?4?$AA@
                    ??_C@_0BB@KAGD@Invalid?5Pointer?4?$AA@

 0001:55D4       ??_C@_0O@KDNF@Invalid?5Flag?4?$AA@
                    ??_C@_0O@KDNF@Invalid?5Flag?4?$AA@

 0001:55E2       ??_C@_0BF@OHEL@File?5already?5Exists?4?$AA@
                    ??_C@_0BF@OHEL@File?5already?5Exists?4?$AA@

 0001:55F8       ??_C@_0BE@DKMO@Insufficient?5Memory?$AA@
                    ??_C@_0BE@DKMO@Insufficient?5Memory?$AA@

 0001:560C       ??_C@_0BE@COOK@Too?5many?5open?5files?$AA@
                    ??_C@_0BE@COOK@Too?5many?5open?5files?$AA@

 0001:5620       ??_C@_0CB@EKJI@Storage?5DLL?5is?5too?5old?5?9?9?5update@
                    ??_C@_0CB@EKJI@Storage?5DLL?5is?5too?5old?5?9?9?5update@

 0001:5642       ??_C@_0CD@ONEF@File?5is?5in?5Beta?51?5Format?5?9?9?5upda@
                    ??_C@_0CD@ONEF@File?5is?5in?5Beta?51?5Format?5?9?9?5upda@

 0001:5666       ??_C@_0BC@PAKH@Unknown?5Error?3?5?$CFl?$AA@
                    ??_C@_0BC@PAKH@Unknown?5Error?3?5?$CFl?$AA@

 0001:5678       ??_C@_0BM@MIHN@?91?5Has?5Version?5Information?5?$AA@
                    ??_C@_0BM@MIHN@?91?5Has?5Version?5Information?5?$AA@

 0001:5694       ??_C@_0BO@MIDO@Could?5not?5open?5storage?5file?4?6?$AA@
                    ??_C@_0BO@MIDO@Could?5not?5open?5storage?5file?4?6?$AA@

 0001:56B2       ??_C@_0BI@EDAF@Could?5not?5open?5Stream?4?6?$AA@
                    ??_C@_0BI@EDAF@Could?5not?5open?5Stream?4?6?$AA@

 0001:56CA       ??_C@_0M@JOKF@?$CFul?5seconds?$AA@
                    ??_C@_0M@JOKF@?$CFul?5seconds?$AA@

 0001:56D6       ??_C@_08JONC@?$CFd?2?$CFd?2?$CFd?$AA@
                    ??_C@_08JONC@?$CFd?2?$CFd?2?$CFd?$AA@

 0001:56E0       ??_C@_08CPFM@?$CFd?5Pages?$AA@
                    ??_C@_08CPFM@?$CFd?5Pages?$AA@

 0001:56EA       ??_C@_08JHFG@?$CFd?5Words?$AA@
                    ??_C@_08JHFG@?$CFd?5Words?$AA@

 0001:56F4       ??_C@_0M@CLHK@nCharacters?$AA@
                    ??_C@_0M@CLHK@nCharacters?$AA@

 0001:5700       ??_C@_0O@OKOL@?$CFd?5Characters?$AA@
                    ??_C@_0O@OKOL@?$CFd?5Characters?$AA@

 0001:570E       ??_C@_0M@LIME@no?5security?$AA@
                    ??_C@_0M@LIME@no?5security?$AA@

 0001:571A       ??_C@_0BC@FNML@password?5required?$AA@
                    ??_C@_0BC@FNML@password?5required?$AA@

 0001:572C       ??_C@_0BJ@LFKI@read?9only?5is?5recommended?$AA@
                    ??_C@_0BJ@LFKI@read?9only?5is?5recommended?$AA@

 0001:5746       ??_C@_0BG@PMHD@read?9only?5is?5required?$AA@
                    ??_C@_0BG@PMHD@read?9only?5is?5required?$AA@

 0001:575C       ??_C@_0BH@BNAC@locked?5for?5annotations?$AA@
                    ??_C@_0BH@BNAC@locked?5for?5annotations?$AA@

 0001:5774       ??_C@_0N@JALB@?$CFul?5seconds?7?$AA@
                    ??_C@_0N@JALB@?$CFul?5seconds?7?$AA@

 0001:5782       ??_C@_09OJLB@?$CFd?2?$CFd?2?$CFd?7?$AA@
                    ??_C@_09OJLB@?$CFd?2?$CFd?2?$CFd?7?$AA@

 0001:578C       ??_C@_09OIAA@?$CFd?5Pages?7?$AA@
                    ??_C@_09OIAA@?$CFd?5Pages?7?$AA@

 0001:5796       ??_C@_09HGLI@?$CFd?5Words?7?$AA@
                    ??_C@_09HGLI@?$CFd?5Words?7?$AA@

 0001:57A0       ??_C@_0P@CCMF@?$CFd?5Characters?7?$AA@
                    ??_C@_0P@CCMF@?$CFd?5Characters?7?$AA@

 0001:57B0       STOPWATCH_RESET
 0001:5800       STOPWATCH_TIME
 0001:584A       ??_C@_0BB@IICL@Unexpected?5Error?$AA@
                    ??_C@_0BB@IICL@Unexpected?5Error?$AA@

 0001:585C       ??_C@_0CN@KOCB@Unable?5to?5obtain?5current?5time?5fo@
                    ??_C@_0CN@KOCB@Unable?5to?5obtain?5current?5time?5fo@

 0001:588A       ??_C@_0CN@FGGI@Unable?5to?5obtain?5current?5time?5fo@
                    ??_C@_0CN@FGGI@Unable?5to?5obtain?5current?5time?5fo@

 0001:5B18       OLESTDINITSUMMARYINFO
 0001:5B80       OLESTDFREESUMMARYINFO
 0001:5BD0       OLESTDCLEARSUMMARYINFO
 0001:5CA6       OLESTDREADSUMMARYINFO
 0001:6400       OLESTDGETSECURITYPROPERTY
 0001:6438       OLESTDGETSTRINGPROPERTY
 0001:646E       OLESTDSETSTRINGPROPERTY
 0001:65C6       OLESTDGETSTRINGZPROPERTY
 0001:6648       OLESTDGETDOCPROPERTY
 0001:6708       OLESTDSETTHUMBNAILPROPERTY
 0001:6910       OLESTDGETDATEPROPERTY
 0002:0004       rsrvptrs
 0002:0010       _gdwVerInfo
 0002:0014       _bFirst
 0002:0016       _gwCurDirLen
 0002:0018       _gwDstDirLen
 0002:001A       _gszDlgClear
 0002:001C       _gszTrans
 0002:0036       _gszVerString
 0002:005A       _gszAppName
 0002:0064       _dwStopWatchStarted
 0002:0068       _STKHQQ
 0002:006A       __hModule
 0002:006C       __wDataSeg
 0002:006E       __wHeapSize
 0002:0070       __lpszCmdLine
 0002:0074       __dllinit
 0002:0075       _aseglo
 0002:0077       _aseghi
 0002:0079       ___aDBswpflg
 0002:007B       ___aDBrterr
 0002:0094       __ctype_
 0002:0094       __ctype
 0002:0196       __aintdiv
 0002:019A       __fac
 0002:01A4       _errno
 0002:01A6       __umaskval
 0002:01A8       __winminor
 0002:01A8       __winver
 0002:01A9       __winmajor
 0002:01AA       __osver
 0002:01AA       __osminor
 0002:01AB       __osmajor
 0002:01AC       __osversion
 0002:01AE       __osmode
 0002:01AF       __cpumode
 0002:01B0       __oserr
 0002:01B0       __doserrno
 0002:01B2       __nfile
 0002:01B4       __osfile
 0002:01C8       ___argc
 0002:01CA       ___argv
 0002:01CE       __environ
 0002:01D2       __pgmptr
 0002:01D7       __child
 0002:01D9       __exitflag
 0002:01DA       __adbgmsg
 0002:0290       __aaltstkovr
 0002:0294       __lastiob
 0002:029E       __cfltcvt_tab
 0002:02BA       __sigintseg
 0002:02BC       __sigintoff
 0002:02BE       __asizeC
 0002:02BF       __asizeD
 0002:02C0       __lpdays
 0002:02DA       __days
 0002:0306       __timezone
 0002:030A       __daylight
 0002:0314       __tzname
 0002:031C       __amblksiz
 0002:031E       __cflush
 0002:0320       __lseekchk
 0002:0322       __pnhFarHeap
 0002:0326       __fheap
 0002:0336       __fpinit
 0002:0342       __iob
 0002:0432       __iob2
 0002:0602       ?len@@3HE
                    int __far len

 0002:0602       _edata
 0002:0602       __edata
 0002:0604       ?szBuffer@@3QEDE
                    char __far* __far szBuffer

 0002:1640       _Len
 0002:1642       _gszSysDir
 0002:1746       _gsqTrgFile
 0002:1846       _iniBuffer
 0002:2846       _gszTrgDir
 0002:294A       _gszCurDir
 0002:2A4E       _gszSrcDir
 0002:2B52       _gszDstDir
 0002:2C56       _ghInst
 0002:2C58       _gszWinDir
 0002:2D5C       _tiThisTime
 0002:2D68       _szBuffer
 0002:3D68       _gszSrcFile
 0002:3E68       _hInstance
 0002:3E6A       _hlstr
 0002:3E6E       _gszUserMsg
 0002:3F6E       _szLong
 0002:3F8F       _end
 0002:3F8F       __end

Program entry point at 0001:0054
