 MFC42_original

 Timestamp is 404006c5 (Fri Feb 27 19:11:01 2004)

 Preferred load address is 5f400000

 Start         Length     Name                   Class
 0001:00000000 0009b004H .text                   CODE
 0002:00000000 00035ba8H .rdata                  DATA
 0003:00000000 00009b08H .data                   DATA
 0004:00000000 0000a2c0H .rsrc                   DATA
 0005:00000000 0000f898H .reloc                  DATA

  Address         Publics by Value              Rva+Base   Lib:Object

 0001:00000000       ?GetData@CThreadLocalObject@@QAEPAVCNoTrackObject@@P6GPAV2@XZ@Z 5f401000 f
 0001:0000007d       __EH_prolog                5f40107d f
 0001:0000009c       ?AfxGetModuleState@@YGPAVAFX_MODULE_STATE@@XZ 5f40109c f
 0001:000000c4       ?GetData@CProcessLocalObject@@QAEPAVCNoTrackObject@@P6GPAV2@XZ@Z 5f4010c4 f
 0001:00000111       ?AfxGetModuleThreadState@@YGPAVAFX_MODULE_THREAD_STATE@@XZ 5f401111 f
 0001:00000128       ?AfxGetThread@@YGPAVCWinThread@@XZ 5f401128 f
 0001:00000139       ?AfxGetMainWnd@@YGPAVCWnd@@XZ 5f401139 f
 0001:0000014e       ?GetMainWnd@CWinThread@@UAEPAVCWnd@@XZ 5f40114e f
 0001:0000016b       ?FromHandle@CWnd@@SGPAV1@PAUHWND__@@@Z 5f40116b f
 0001:00000192       ?afxMapHWND@@YGPAVCHandleMap@@H@Z 5f401192 f
 0001:00000206       ?FromHandle@CHandleMap@@QAEPAVCObject@@PAX@Z 5f401206 f
 0001:000002b6       ?AttachControlSite@CWnd@@IAEXPAVCHandleMap@@@Z 5f4012b6 f
 0001:000002eb       ?GetValueAt@CMapPtrToPtr@@QBEPAXPAX@Z 5f4012eb f
 0001:0000031e       ?FromHandlePermanent@CWnd@@SGPAV1@PAUHWND__@@@Z 5f40131e f
 0001:00000339       ?GetTopLevelParent@CWnd@@QBEPAV1@XZ 5f401339 f
 0001:00000361       ?AfxGetParentOwner@@YGPAUHWND__@@PAU1@@Z 5f401361 f
 0001:000003a8       ?GetOwner@CWnd@@QBEPAV1@XZ 5f4013a8 f
 0001:000003bf       ?PumpMessage@CWinThread@@UAEHXZ 5f4013bf f
 0001:000003ff       ?PreTranslateMessage@CWinThread@@UAEHPAUtagMSG@@@Z 5f4013ff f
 0001:00000456       ?WalkPreTranslateTree@CWnd@@SGHPAUHWND__@@PAUtagMSG@@@Z 5f401456 f
 0001:00000498       ?IsIdleMessage@CWinThread@@UAEHPAUtagMSG@@@Z 5f401498 f
 0001:00000508       ?PreTranslateMessage@CWnd@@UAEHPAUtagMSG@@@Z 5f401508 f
 0001:00000521       ?AfxGetThreadState@@YGPAV_AFX_THREAD_STATE@@XZ 5f401521 f
 0001:00000531       _memset                    5f401531 f
 0001:00000537       ?AfxLockGlobals@@YGXH@Z    5f401537 f
 0001:000005a8       ?AfxUnlockGlobals@@YGXH@Z  5f4015a8 f
 0001:000005c9       ?FreeDataChain@CPlex@@QAEXXZ 5f4015c9 f
 0001:000005e1       ?Free@CFixedAlloc@@QAEXPAX@Z 5f4015e1 f
 0001:00000626       ??1CWnd@@UAE@XZ            5f401626 f
 0001:0000069a       ??1CCmdTarget@@UAE@XZ      5f40169a f
 0001:000006db       ??1CString@@QAE@XZ         5f4016db f
 0001:00000705       ?FreeData@CString@@KIXPAUCStringData@@@Z 5f401705 f
 0001:0000074d       ?DeleteTemp@CHandleMap@@QAEXXZ 5f40174d f
 0001:000007b6       ?RemoveAll@CMapWordToPtr@@QAEXXZ 5f4017b6 f
 0001:000007e3       ?AfxOleTermOrFreeLib@@YGXHH@Z 5f4017e3 f
 0001:0000082b       ?_AfxHandleSetCursor@@YGHPAVCWnd@@II@Z 5f40182b f
 0001:00000840       ??0CCmdTarget@@QAE@XZ      5f401840 f
 0001:0000088a       ??0CWnd@@QAE@XZ            5f40188a f
 0001:000008ac       ?InitInstance@CWinThread@@UAEHXZ 5f4018ac f
 0001:000008af       ?Alloc@CFixedAlloc@@QAEPAXXZ 5f4018af f
 0001:00000928       ??0AFX_MAINTAIN_STATE2@@QAE@PAVAFX_MODULE_STATE@@@Z 5f401928 f
 0001:0000094f       ?AfxWndProcBase@@YGJPAUHWND__@@IIJ@Z 5f40194f f
 0001:0000099f       ?AfxWndProc@@YGJPAUHWND__@@IIJ@Z 5f40199f f
 0001:000009df       ?AfxCallWndProc@@YGJPAVCWnd@@PAUHWND__@@IIJ@Z 5f4019df f
 0001:00000aa8       ?WindowProc@CWnd@@MAEJIIJ@Z 5f401aa8 f
 0001:00000aec       ?OnWndMsg@CWnd@@MAEHIIJPAJ@Z 5f401aec f
 0001:00000e2c       ?AfxFindMessageEntry@@YGPBUAFX_MSGMAP_ENTRY@@PBU1@III@Z 5f401e2c f
 0001:00000e6c       ?GetMessageMap@CCmdTarget@@MBEPBUAFX_MSGMAP@@XZ 5f401e6c f
 0001:00000e72       ?DefWindowProcA@CWnd@@MAEJIIJ@Z 5f401e72 f
 0001:00000e9b       ?OnPaint@CCtrlView@@IAEXXZ 5f401e9b f
 0001:00000e9b       ?Default@CWnd@@IAEJXZ      5f401e9b f
 0001:00000ec2       ?GetStyle@CWnd@@QBEKXZ     5f401ec2 f
 0001:00000ed9       ?GetTopLevelFrame@CWnd@@QBEPAVCFrameWnd@@XZ 5f401ed9 f
 0001:00000f20       ?GetParentFrame@CWnd@@QBEPAVCFrameWnd@@XZ 5f401f20 f
 0001:00001022       ?OnCmdMsg@CCmdTarget@@UAEHIHPAXPAUAFX_CMDHANDLERINFO@@@Z 5f402022 f
 0001:0000109f       ?_AfxDispatchCmdMsg@@YGHPAVCCmdTarget@@IHP81@AEXXZPAXIPAUAFX_CMDHANDLERINFO@@@Z 5f40209f f
 0001:00001137       ??0CCmdUI@@QAE@XZ          5f402137 f
 0001:0000115d       ??0CString@@QAE@XZ         5f40215d f
 0001:0000116d       ?AfxGetEmptyString@@YGABVCString@@XZ 5f40216d f
 0001:00001173       ?AllocBuffer@CString@@IAEXH@Z 5f402173 f
 0001:000011f0       _memcpy                    5f4021f0 f
 0001:000011f6       ?GetBuffer@CString@@QAEPADH@Z 5f4021f6 f
 0001:00001247       ?Release@CString@@KGXPAUCStringData@@@Z 5f402247 f
 0001:0000126c       ?ReleaseBuffer@CString@@QAEXH@Z 5f40226c f
 0001:00001294       ?CopyBeforeWrite@CString@@IAEXXZ 5f402294 f
 0001:000012a7       ?AfxDynamicDownCast@@YAPAVCObject@@PAUCRuntimeClass@@PAV1@@Z 5f4022a7 f
 0001:000012cc       ?IsKindOf@CObject@@QBEHPBUCRuntimeClass@@@Z 5f4022cc f
 0001:000012de       ?IsDerivedFrom@CRuntimeClass@@QBEHPBU1@@Z 5f4022de f
 0001:000012f9       ?SendMessageToDescendants@CWnd@@SGXPAUHWND__@@IIJHH@Z 5f4022f9 f
 0001:00001378       ?IsFrameWnd@CFrameWnd@@UBEHXZ 5f402378 f
 0001:0000137c       ?SendChildNotifyLastMsg@CWnd@@QAEHPAJ@Z 5f40237c f
 0001:000013a9       ?OnChildNotify@CWnd@@MAEHIIJPAJ@Z 5f4023a9 f
 0001:000013cd       ?ReflectChildNotify@CWnd@@IAEHIIJPAJ@Z 5f4023cd f
 0001:000014b1       ?GetBufferSetLength@CString@@QAEPADH@Z 5f4024b1 f
 0001:000014d1       ?ReflectLastMsg@CWnd@@KGHPAUHWND__@@PAJ@Z 5f4024d1 f
 0001:00001539       ?OnIdle@CWinApp@@UAEHJ@Z   5f402539 f
 0001:000015a3       ?OnIdle@CWinThread@@UAEHJ@Z 5f4025a3 f
 0001:000016a6       ?AfxLockTempMaps@@YGXXZ    5f4026a6 f
 0001:000016af       ?AfxUnlockTempMaps@@YGHH@Z 5f4026af f
 0001:00001796       ?OnCommand@CWnd@@MAEHIJ@Z  5f402796 f
 0001:0000182f       ?OnCommand@CFrameWnd@@MAEHIJ@Z 5f40282f f
 0001:0000185e       ?_GetBaseMessageMap@CPropertySheet@@KGPBUAFX_MSGMAP@@XZ 5f40285e f
 0001:00001864       ?WindowProc@CControlBar@@UAEJIIJ@Z 5f402864 f
 0001:000018c3       ?GetMessageMap@CToolBar@@MBEPBUAFX_MSGMAP@@XZ 5f4028c3 f
 0001:000018c9       ?_GetBaseMessageMap@CReBar@@KGPBUAFX_MSGMAP@@XZ 5f4028c9 f
 0001:000018cf       ?_GetBaseMessageMap@CSplitterWnd@@KGPBUAFX_MSGMAP@@XZ 5f4028cf f
 0001:000018d5       ?GetMessageMap@CStatusBar@@MBEPBUAFX_MSGMAP@@XZ 5f4028d5 f
 0001:000018db       ?GetMessageMap@CDockBar@@MBEPBUAFX_MSGMAP@@XZ 5f4028db f
 0001:000018e1       ?OnIdleUpdateCmdUI@CControlBar@@QAEJIJ@Z 5f4028e1 f
 0001:00001974       ?OnUpdateCmdUI@CStatusBar@@UAEXPAVCFrameWnd@@H@Z 5f402974 f
 0001:000019e8       ?DoUpdate@CCmdUI@@QAEHPAVCCmdTarget@@H@Z 5f4029e8 f
 0001:00001a4b       ?OnCmdMsg@CFrameWnd@@UAEHIHPAXPAUAFX_CMDHANDLERINFO@@@Z 5f402a4b f
 0001:00001af3       ?GetActiveView@CFrameWnd@@QBEPAVCView@@XZ 5f402af3 f
 0001:00001afa       ?OnUpdateKeyIndicator@CFrameWnd@@IAEXPAVCCmdUI@@@Z 5f402afa f
 0001:00001b42       ?Enable@CStatusCmdUI@@UAEXH@Z 5f402b42 f
 0001:00001b7b       ?GetPaneStyle@CStatusBar@@QBEIH@Z 5f402b7b f
 0001:00001b8c       ?SetPaneStyle@CStatusBar@@QAEXHI@Z 5f402b8c f
 0001:00001bd8       ?UpdateDialogControls@CWnd@@QAEXPAVCCmdTarget@@H@Z 5f402bd8 f
 0001:00001cc3       ?OnUpdateCmdUI@CDockBar@@MAEXPAVCFrameWnd@@H@Z 5f402cc3 f
 0001:00001cc6       ?OnUpdateCmdUI@CToolBar@@UAEXPAVCFrameWnd@@H@Z 5f402cc6 f
 0001:00001d72       ?_GetButton@CToolBar@@IBEXHPAU_TBBUTTON@@@Z 5f402d72 f
 0001:00001d91       ?GetMessageMap@CView@@MBEPBUAFX_MSGMAP@@XZ 5f402d91 f
 0001:00001d97       ?_GetBaseMessageMap@CView@@KGPBUAFX_MSGMAP@@XZ 5f402d97 f
 0001:00001d9d       ?GetFirstViewPosition@CDocument@@UBEPAU__POSITION@@XZ 5f402d9d f
 0001:00001da1       ?GetNextView@CDocument@@UBEPAVCView@@AAPAU__POSITION@@@Z 5f402da1 f
 0001:00001db5       ?_GetBaseClass@COleObjectFactory@@KGPAUCRuntimeClass@@XZ 5f402db5 f
 0001:00001dbb       ?OnCmdMsg@CView@@UAEHIHPAXPAUAFX_CMDHANDLERINFO@@@Z 5f402dbb f
 0001:00001e38       ?OnCmdMsg@COleDocument@@UAEHIHPAXPAUAFX_CMDHANDLERINFO@@@Z 5f402e38 f
 0001:00001e7f       ?OnCmdMsg@CDocument@@UAEHIHPAXPAUAFX_CMDHANDLERINFO@@@Z 5f402e7f f
 0001:00001ec2       ?_GetBaseMessageMap@CDocument@@KGPBUAFX_MSGMAP@@XZ 5f402ec2 f
 0001:00001ec8       ?OnCmdMsg@CDocTemplate@@UAEHIHPAXPAUAFX_CMDHANDLERINFO@@@Z 5f402ec8 f
 0001:00001eff       ?GetRuntimeClass@COleObjectFactory@@UBEPAUCRuntimeClass@@XZ 5f402eff f
 0001:00001f05       ?_GetBaseMessageMap@COleServerDoc@@KGPBUAFX_MSGMAP@@XZ 5f402f05 f
 0001:00001f0b       ?Enable@CToolCmdUI@@UAEXH@Z 5f402f0b f
 0001:00001f4b       ?GetButtonStyle@CToolBar@@QBEIH@Z 5f402f4b f
 0001:00001f6e       ?SetButtonStyle@CToolBar@@QAEXHI@Z 5f402f6e f
 0001:00001fbd       ?GetFirstDocTemplatePosition@CDocManager@@UBEPAU__POSITION@@XZ 5f402fbd f
 0001:00001fc1       ?GetNextDocTemplate@CDocManager@@UBEPAVCDocTemplate@@AAPAU__POSITION@@@Z 5f402fc1 f
 0001:00001fd1       ?GetActiveDocument@CFrameWnd@@UAEPAVCDocument@@XZ 5f402fd1 f
 0001:00001fe1       ?SetCheck@CToolCmdUI@@UAEXH@Z 5f402fe1 f
 0001:00002022       ?OnIdleUpdateCmdUI@CFrameWnd@@IAEXXZ 5f403022 f
 0001:00002068       ?OnIdle@CDocTemplate@@UAEXXZ 5f403068 f
 0001:00002099       ?OnIdle@COleDocument@@UAEXXZ 5f403099 f
 0001:000020ef       ?GetDefaultAccelerator@CFrameWnd@@UAEPAUHACCEL__@@XZ 5f4030ef f
 0001:00002115       ?OnSetCursor@CFrameWnd@@IAEHPAVCWnd@@II@Z 5f403115 f
 0001:00002132       ?GetDefaultAccelerator@COleServerDoc@@MAEPAUHACCEL__@@XZ 5f403132 f
 0001:00002156       ?OnNotify@CWnd@@MAEHIJPAJ@Z 5f403156 f
 0001:000021d0       ?GetScrollBarCtrl@CView@@UBEPAVCScrollBar@@H@Z 5f4031d0 f
 0001:00002245       ?GetParentSplitter@CView@@SGPAVCSplitterWnd@@PBVCWnd@@H@Z 5f403245 f
 0001:00002289       ?GetScrollPos@CWnd@@QBEHH@Z 5f403289 f
 0001:000022b1       ?_GetBaseClass@CDialog@@KGPAUCRuntimeClass@@XZ 5f4032b1 f
 0001:000022b7       ?_GetBaseClass@CPtrList@@KGPAUCRuntimeClass@@XZ 5f4032b7 f
 0001:000022bd       ?PreTranslateMessage@CFrameWnd@@UAEHPAUtagMSG@@@Z 5f4032bd f
 0001:0000232f       ?_FilterToolTipMessage@CWnd@@SGXPAUtagMSG@@PAV1@@Z 5f40332f f
 0001:0000233f       ?FilterToolTipMessage@CWnd@@QAEXPAUtagMSG@@@Z 5f40333f f
 0001:0000241c       ?GetWindowTextA@CWnd@@QBEXAAVCString@@@Z 5f40341c f
 0001:0000245a       ?_GetBaseMessageMap@CRichEditView@@KGPBUAFX_MSGMAP@@XZ 5f40345a f
 0001:00002460       ?OnUpdateCharBold@CRichEditView@@IAEXPAVCCmdUI@@@Z 5f403460 f
 0001:00002470       ?OnUpdateCharEffect@CRichEditView@@QAEXPAVCCmdUI@@KK@Z 5f403470 f
 0001:000024a6       ?GetCharFormatSelection@CRichEditView@@QAEAAU_charformat@@XZ 5f4034a6 f
 0001:000024d3       ?OnUpdateCharItalic@CRichEditView@@IAEXPAVCCmdUI@@@Z 5f4034d3 f
 0001:000024e3       ?OnUpdateCharUnderline@CRichEditView@@IAEXPAVCCmdUI@@@Z 5f4034e3 f
 0001:000024f3       ?OnUpdateParaLeft@CRichEditView@@IAEXPAVCCmdUI@@@Z 5f4034f3 f
 0001:00002501       ?OnUpdateParaAlign@CRichEditView@@QAEXPAVCCmdUI@@G@Z 5f403501 f
 0001:00002548       ?GetParaFormatSelection@CRichEditView@@QAEAAU_paraformat@@XZ 5f403548 f
 0001:00002575       ?OnUpdateParaCenter@CRichEditView@@IAEXPAVCCmdUI@@@Z 5f403575 f
 0001:00002583       ?OnUpdateParaRight@CRichEditView@@IAEXPAVCCmdUI@@@Z 5f403583 f
 0001:00002591       ?OnUpdateBullet@CRichEditView@@IAEXPAVCCmdUI@@@Z 5f403591 f
 0001:000025bd       ?GetDlgCtrlID@CWnd@@QBEHXZ 5f4035bd f
 0001:000025d2       ?OnUpdateNeedText@CRichEditView@@IAEXPAVCCmdUI@@@Z 5f4035d2 f
 0001:000025f6       ?OnUpdateNeedSel@CRichEditView@@IAEXPAVCCmdUI@@@Z 5f4035f6 f
 0001:00002621       ?GetSel@CRichEditCtrl@@QBEXAAJ0@Z 5f403621 f
 0001:0000264e       ?OnUpdateNeedClip@CRichEditView@@IAEXPAVCCmdUI@@@Z 5f40364e f
 0001:00002665       ?CanPaste@CRichEditView@@QBEHXZ 5f403665 f
 0001:0000267c       ?OnUpdateEditUndo@CEditView@@IAEXPAVCCmdUI@@@Z 5f40367c f
 0001:0000269a       ?GetFirstDocPosition@CSingleDocTemplate@@UBEPAU__POSITION@@XZ 5f40369a f
 0001:000026a2       ?GetNextDoc@CSingleDocTemplate@@UBEPAVCDocument@@AAPAU__POSITION@@@Z 5f4036a2 f
 0001:000026b6       ?OnKeyDown@CRichEditView@@IAEXIII@Z 5f4036b6 f
 0001:000026d5       ?GetParaFormat@CRichEditCtrl@@QBEKAAU_paraformat@@@Z 5f4036d5 f
 0001:000026f3       ?GetSelectionCharFormat@CRichEditCtrl@@QBEKAAU_charformat@@@Z 5f4036f3 f
 0001:00002711       ?OnSelChange@CRichEditView@@IAEXPAUtagNMHDR@@PAJ@Z 5f403711 f
 0001:0000272a       ??3@YAXPAX@Z               5f40372a f
 0001:00002736       ??2CNoTrackObject@@SGPAXI@Z 5f403736 f
 0001:00002753       ??0CPtrList@@QAE@H@Z       5f403753 f
 0001:00002776       ??2@YAPAXI@Z               5f403776 f
 0001:0000279f       ?AfxSetNewHandler@@YGP6AHI@ZP6AHI@Z@Z 5f40379f f
 0001:000027b3       ?InitHashTable@CMapWordToPtr@@QAEXIH@Z 5f4037b3 f
 0001:000027f1       ??ACMapPtrToPtr@@QAEAAPAXPAX@Z 5f4037f1 f
 0001:00002843       ?GetAssocAt@CMapPtrToWord@@IBEPAUCAssoc@1@PAXAAI@Z 5f403843 f
 0001:00002875       ?NewAssoc@CMapPtrToPtr@@IAEPAUCAssoc@1@XZ 5f403875 f
 0001:000028c2       ?Create@CPlex@@SGPAU1@AAPAU1@II@Z 5f4038c2 f
 0001:000028e2       ?_AfxCbtFilterHook@@YGJHIJ@Z 5f4038e2 f
 0001:00002a4a       ?CreateObject@CRuntimeClass@@QAEPAVCObject@@XZ 5f403a4a f
 0001:00002a82       ?GetNextAssoc@CMapPtrToPtr@@QBEXAAPAU__POSITION@@AAPAX1@Z 5f403a82 f
 0001:00002af6       ??_ECTempWnd@@UAEPAXI@Z    5f403af6 f
 0001:00002af6       ??_GCTempWnd@@UAEPAXI@Z    5f403af6 f
 0001:00002b16       ??_GCTempMenu@@UAEPAXI@Z   5f403b16 f
 0001:00002b16       ??_ECTempMenu@@UAEPAXI@Z   5f403b16 f
 0001:00002b36       ??1CTempMenu@@UAE@XZ       5f403b36 f
 0001:00002b69       ?DestroyMenu@CMenu@@QAEHXZ 5f403b69 f
 0001:00002b76       ?CreateObject@CTempWnd@@SGPAVCObject@@XZ 5f403b76 f
 0001:00002bb6       ?_AfxMsgFilterHook@@YGJHIJ@Z 5f403bb6 f
 0001:00002bef       ?ProcessMessageFilter@CWinThread@@UAEHHPAUtagMSG@@@Z 5f403bef f
 0001:00002c72       ?RemoveKey@CMapPtrToWord@@QAEHPAX@Z 5f403c72 f
 0001:00002cb4       ?FreeAssoc@CMapPtrToPtr@@IAEXPAUCAssoc@1@@Z 5f403cb4 f
 0001:00002ccf       ?SetWindowPos@CWnd@@QAEHPBV1@HHHHI@Z 5f403ccf f
 0001:00002d06       ?_GetBaseInterfaceMap@COleLinkingDoc@@KGPBUAFX_INTERFACEMAP@@XZ 5f403d06 f
 0001:00002d0c       ?AfxDeleteObject@@YGXPAPAX@Z 5f403d0c f
 0001:00002d27       ??1CPtrList@@UAE@XZ        5f403d27 f
 0001:00002d5a       ?RemoveAll@CObList@@QAEXXZ 5f403d5a f
 0001:00002d7a       ?Remove@CSimpleList@@QAEHPAX@Z 5f403d7a f
 0001:00002da2       ?AfxLoadString@@YGHIPADI@Z 5f403da2 f
 0001:00002ede       ??4CString@@QAEABV0@PBD@Z  5f403ede f
 0001:00002f05       ?AssignCopy@CString@@IAEXHPBD@Z 5f403f05 f
 0001:00002f32       ?AllocBeforeWrite@CString@@IAEXH@Z 5f403f32 f
 0001:00002f5b       ?SetWindowTextA@CWnd@@QAEXPBD@Z 5f403f5b f
 0001:00002f76       ?FromHandle@CMenu@@SGPAV1@PAUHMENU__@@@Z 5f403f76 f
 0001:00002f8b       ?afxMapHMENU@@YGPAVCHandleMap@@H@Z 5f403f8b f
 0001:00002fff       ?CreateObject@CTempMenu@@SGPAVCObject@@XZ 5f403fff f
 0001:0000301c       ?OnEnterIdle@CWnd@@IAEXIPAV1@@Z 5f40401c f
 0001:00003054       __imp_load__OleInitialize@4 5f404054 f
 0001:0000305b       __tailMerge_ole32          5f40405b f
 0001:00003069       ___delayLoadHelper@8       5f404069 f
 0001:0000317a       ?ExternalAddRef@CCmdTarget@@QAEKXZ 5f40417a f
 0001:00003190       ?GetSuperWndProcAddr@CWnd@@MAEPAP6GJPAUHWND__@@IIJ@ZXZ 5f404190 f
 0001:00003194       ?_AfxHandleActivate@@YGXPAVCWnd@@I0@Z 5f404194 f
 0001:000031f5       ?OnActivateTopLevel@CWnd@@IAEJIJ@Z 5f4041f5 f
 0001:00003246       ?Release@CString@@IAEXXZ   5f404246 f
 0001:00003258       ?ShowWindow@CWnd@@QAEHH@Z  5f404258 f
 0001:00003273       ?Empty@CString@@QAEXXZ     5f404273 f
 0001:0000327c       ?InternalQueryInterface@CCmdTarget@@QAEKPBXPAPAX@Z 5f40427c f
 0001:000032be       ?GetInterface@CCmdTarget@@QAEPAUIUnknown@@PBX@Z 5f4042be f
 0001:00003372       ?GetConnectionHook@CCmdTarget@@MAEPAUIConnectionPoint@@ABU_GUID@@@Z 5f404372 f
 0001:00003397       ?ExternalRelease@CCmdTarget@@QAEKXZ 5f404397 f
 0001:000033a2       ?InternalRelease@CCmdTarget@@QAEKXZ 5f4043a2 f
 0001:000033dc       ?QueryAggregates@CCmdTarget@@QAEPAUIUnknown@@PBX@Z 5f4043dc f
 0001:00003416       ?ExternalQueryInterface@CCmdTarget@@QAEKPBXPAPAX@Z 5f404416 f
 0001:00003431       ?CancelToolTips@CWnd@@SGXH@Z 5f404431 f
 0001:00003460       ??1CDC@@UAE@XZ             5f404460 f
 0001:000034a2       ?PreSubclassWindow@CWnd@@UAEXXZ 5f4044a2 f
 0001:000034a3       ?DeleteObject@CGdiObject@@QAEHXZ 5f4044a3 f
 0001:000034b9       ?afxMapHGDIOBJ@@YGPAVCHandleMap@@H@Z 5f4044b9 f
 0001:0000352d       ?Detach@CGdiObject@@QAEPAXXZ 5f40452d f
 0001:00003556       ?AfxGetFileName@@YGIPBDPADI@Z 5f404556 f
 0001:000035b5       __imp_load__RegCloseKey@4  5f4045b5 f
 0001:000035bc       __tailMerge_ADVAPI32       5f4045bc f
 0001:000035ca       ?OnChildNotify@CComboBox@@MAEHIIJPAJ@Z 5f4045ca f
 0001:0000361a       ?GetDockedControlBar@CDockBar@@IBEPAVCControlBar@@H@Z 5f40461a f
 0001:00003636       ?OnActivateFrame@CView@@MAEXIPAVCFrameWnd@@@Z 5f404636 f
 0001:00003639       ?OnActivateView@CView@@MAEXHPAV1@0@Z 5f404639 f
 0001:00003659       ?OnNcActivate@CFrameWnd@@IAEHH@Z 5f404659 f
 0001:00003692       ?IsWindowEnabled@CWnd@@QBEHXZ 5f404692 f
 0001:000036a7       ?OnActivateTopLevel@CFrameWnd@@IAEJIJ@Z 5f4046a7 f
 0001:00003721       ?ExitHelpMode@CFrameWnd@@UAEXXZ 5f404721 f
 0001:00003739       ?OnActivate@CFrameWnd@@IAEXIPAVCWnd@@H@Z 5f404739 f
 0001:000037fd       ?NotifyFloatingWindows@CFrameWnd@@QAEXK@Z 5f4047fd f
 0001:00003895       ?AfxIsDescendant@@YGHPAUHWND__@@0@Z 5f404895 f
 0001:000038b3       ?UpdateVisibleLock@COleLinkingDoc@@IAEXHH@Z 5f4048b3 f
 0001:000038ef       ?LockExternal@COleLinkingDoc@@IAEXHH@Z 5f4048ef f
 0001:00003937       ?IsVisible@CControlBar@@UBEHXZ 5f404937 f
 0001:0000395a       ?ScreenToClient@CWnd@@QBEXPAUtagRECT@@@Z 5f40495a f
 0001:00003992       ?DestroyWindow@CWnd@@UAEHXZ 5f404992 f
 0001:000039d8       ?OnDestroy@CWnd@@IAEXXZ    5f4049d8 f
 0001:000039f3       ?OnNcDestroy@CWnd@@IAEXXZ  5f4049f3 f
 0001:00003ae6       ?Detach@CWnd@@QAEPAUHWND__@@XZ 5f404ae6 f
 0001:00003b13       ?GetInterfaceHook@COleServerDoc@@MAEPAUIUnknown@@PBX@Z 5f404b13 f
 0001:00003b36       ?GetInterfaceMap@COleServerDoc@@MBEPBUAFX_INTERFACEMAP@@XZ 5f404b36 f
 0001:00003b3c       ?QueryInterface@XPersistStorage@COleServerDoc@@UAGJABU_GUID@@PAPAX@Z 5f404b3c f
 0001:00003b56       ?_GetBaseInterfaceMap@COleServerDoc@@KGPBUAFX_INTERFACEMAP@@XZ 5f404b56 f
 0001:00003b5c       ?Release@XPersistStorage@COleServerDoc@@UAGKXZ 5f404b5c f
 0001:00003b6e       __DllMainCRTStartup@12     5f404b6e f
 0001:00003c12       _RawDllMain@12             5f404c12 f
 0001:00003cbf       ?CreateObject@?$CThreadLocal@V_AFX_THREAD_STATE@@@@SGPAVCNoTrackObject@@XZ 5f404cbf f
 0001:00003cf3       ??0_AFX_THREAD_STATE@@QAE@XZ 5f404cf3 f
 0001:00003d0a       ?SetValue@CThreadSlotData@@QAEXHPAX@Z 5f404d0a f
 0001:00003df5       ?AddHead@CSimpleList@@QAEXPAX@Z 5f404df5 f
 0001:00003e08       __CRT_INIT@12              5f404e08 f
 0001:00003eb9       ??0CMapPtrToPtr@@QAE@H@Z   5f404eb9 f
 0001:00003ee0       ?CreateObject@?$CThreadLocal@VAFX_MODULE_THREAD_STATE@@@@SGPAVCNoTrackObject@@XZ 5f404ee0 f
 0001:00003f14       ??0AFX_MODULE_THREAD_STATE@@QAE@XZ 5f404f14 f
 0001:00003f79       _DllMain@12                5f404f79 f
 0001:000040f5       ?_AfxGetOleModuleState@@YGPAVAFX_MODULE_STATE@@XZ 5f4050f5 f
 0001:000040fb       ?AfxSetModuleState@@YGPAVAFX_MODULE_STATE@@PAV1@@Z 5f4050fb f
 0001:00004119       ?afxMapHDC@@YGPAVCHandleMap@@H@Z 5f405119 f
 0001:0000418d       ?Detach@CDC@@QAEPAUHDC__@@XZ 5f40518d f
 0001:000041bd       ?ReleaseAttribDC@CDC@@UAEXXZ 5f4051bd f
 0001:000041c2       ??1CWinThread@@UAE@XZ      5f4051c2 f
 0001:00004213       ?DeleteValues@CThreadSlotData@@QAEXPAUHINSTANCE__@@H@Z 5f405213 f
 0001:0000426c       ?DeleteValues@CThreadSlotData@@QAEXPAUCThreadData@@PAUHINSTANCE__@@@Z 5f40526c f
 0001:00004309       ??_G_AFX_THREAD_STATE@@UAEPAXI@Z 5f405309 f
 0001:00004309       ??_E_AFX_THREAD_STATE@@UAEPAXI@Z 5f405309 f
 0001:00004324       ??1_AFX_THREAD_STATE@@UAE@XZ 5f405324 f
 0001:0000438e       ??3CNoTrackObject@@SGXPAX@Z 5f40538e f
 0001:000043a2       ??_GAFX_MODULE_THREAD_STATE@@UAEPAXI@Z 5f4053a2 f
 0001:000043a2       ??_EAFX_MODULE_THREAD_STATE@@UAEPAXI@Z 5f4053a2 f
 0001:000043bd       ??1AFX_MODULE_THREAD_STATE@@UAE@XZ 5f4053bd f
 0001:0000448f       ??1CMapPtrToPtr@@UAE@XZ    5f40548f f
 0001:000044c2       ??1CHandleMap@@QAE@XZ      5f4054c2 f
 0001:00004503       ??_G_AFX_CTL3D_THREAD@@UAEPAXI@Z 5f405503 f
 0001:00004503       ??_E_AFX_CTL3D_THREAD@@UAEPAXI@Z 5f405503 f
 0001:0000451e       ??1_AFX_CTL3D_THREAD@@UAE@XZ 5f40551e f
 0001:00004556       ??_E_AFX_DB_STATE@@UAEPAXI@Z 5f405556 f
 0001:00004556       ??_G_AFX_DB_STATE@@UAEPAXI@Z 5f405556 f
 0001:00004571       ??1_AFX_DB_STATE@@UAE@XZ   5f405571 f
 0001:00004572       ?GetDataNA@CThreadLocalObject@@QAEPAVCNoTrackObject@@XZ 5f405572 f
 0001:0000459f       _memcmp                    5f40559f f
 0001:000045a5       ??0CDC@@QAE@XZ             5f4055a5 f
 0001:000045b9       ?_GetBaseMessageMap@CDialog@@KGPBUAFX_MSGMAP@@XZ 5f4055b9 f
 0001:000045bf       ?AfxUnhookWindowCreate@@YGHXZ 5f4055bf f
 0001:000045df       ??_GCTempGdiObject@@UAEPAXI@Z 5f4055df f
 0001:000045df       ??_ECTempGdiObject@@UAEPAXI@Z 5f4055df f
 0001:000045ff       ??1CTempGdiObject@@UAE@XZ  5f4055ff f
 0001:00004632       ?CommonConstruct@CWinThread@@QAEXXZ 5f405632 f
 0001:00004664       ?AfxInitThread@@YGXXZ      5f405664 f
 0001:000046bc       ?CreateObject@?$CThreadLocal@V_AFX_CTL3D_THREAD@@@@SGPAVCNoTrackObject@@XZ 5f4056bc f
 0001:000046d2       ??0CHandleMap@@QAE@PAUCRuntimeClass@@IH@Z 5f4056d2 f
 0001:0000472e       ?LoadStringA@CString@@QAEHI@Z 5f40572e f
 0001:0000477c       ?Attach@CWnd@@QAEHPAUHWND__@@@Z 5f40577c f
 0001:000047b4       ?FromHandle@CGdiObject@@SGPAV1@PAX@Z 5f4057b4 f
 0001:000047c9       ?Run@CWinApp@@UAEHXZ       5f4057c9 f
 0001:000047e9       ?Run@CWinThread@@UAEHXZ    5f4057e9 f
 0001:0000486c       ?SetFocus@CWnd@@QAEPAV1@XZ 5f40586c f
 0001:00004887       ?AfxSetWindowText@@YGXPAUHWND__@@PBD@Z 5f405887 f
 0001:000048e1       ?UpdateFrameTitleForDocument@CFrameWnd@@QAEXPBD@Z 5f4058e1 f
 0001:000049a3       ?ProcessShellCommand@CWinApp@@QAEHAAVCCommandLineInfo@@@Z 5f4059a3 f
 0001:00004a1b       ??0AFX_EXCEPTION_LINK@@QAE@XZ 5f405a1b f
 0001:00004a31       ?AfxGetExceptionContext@@YAPAUAFX_EXCEPTION_CONTEXT@@XZ 5f405a31 f
 0001:00004a59       ?AfxTryCleanup@@YGXXZ      5f405a59 f
 0001:00004a76       ?PreTranslateInput@CWnd@@QAEHPAUtagMSG@@@Z 5f405a76 f
 0001:00004aa8       __imp_load__CoRegisterClassObject@20 5f405aa8 f
 0001:00004ab4       ?AddRef@XClassFactory@COleObjectFactory@@UAGKXZ 5f405ab4 f
 0001:00004ac5       ?QueryInterface@XClassFactory@COleObjectFactory@@UAGJABU_GUID@@PAPAX@Z 5f405ac5 f
 0001:00004adc       ?GetInterfaceMap@COleObjectFactory@@MBEPBUAFX_INTERFACEMAP@@XZ 5f405adc f
 0001:00004ae2       ?Release@XClassFactory@COleObjectFactory@@UAGKXZ 5f405ae2 f
 0001:00004af1       __imp_load__CoRevokeClassObject@4 5f405af1 f
 0001:00004afd       ?OnNTCtlColor@CWnd@@IAEJIJ@Z 5f405afd f
 0001:00004b43       ?GetDlgItem@CWnd@@QBEPAV1@H@Z 5f405b43 f
 0001:00004b64       ??1COleLinksDialog@@UAE@XZ 5f405b64 f
 0001:00004b6a       ??1CDialog@@UAE@XZ         5f405b6a f
 0001:00004ba7       ?AfxDlgProc@@YGHPAUHWND__@@IIJ@Z 5f405ba7 f
 0001:00004be0       ?GrayCtlColor@CWnd@@SGHPAUHDC__@@PAUHWND__@@IPAUHBRUSH__@@K@Z 5f405be0 f
 0001:00004c06       ?ClientToScreen@CWnd@@QBEXPAUtagRECT@@@Z 5f405c06 f
 0001:00004c3e       ?OnCtlColor@CWnd@@IAEPAUHBRUSH__@@PAVCDC@@PAV1@I@Z 5f405c3e f
 0001:00004c64       ??0CDialog@@QAE@IPAVCWnd@@@Z 5f405c64 f
 0001:00004c9d       ?SetContainerInfo@CDocTemplate@@QAEXI@Z 5f405c9d f
 0001:00004cb5       ?GetMessageMap@CDialog@@MBEPBUAFX_MSGMAP@@XZ 5f405cb5 f
 0001:00004cbb       ?GetWindowPlacement@CWnd@@QBEHPAUtagWINDOWPLACEMENT@@@Z 5f405cbb f
 0001:00004cd2       ?CalcWindowRect@CView@@UAEXPAUtagRECT@@I@Z 5f405cd2 f
 0001:00004cf3       ?GetItemRect@CToolBar@@UBEXHPAUtagRECT@@@Z 5f405cf3 f
 0001:00004d29       ?Attach@CDC@@QAEHPAUHDC__@@@Z 5f405d29 f
 0001:00004d5f       ?SetAttribDC@CDC@@UAEXPAUHDC__@@@Z 5f405d5f f
 0001:00004d69       ??4CString@@QAEABV0@ABV0@@Z 5f405d69 f
 0001:00004db4       ?AfxExtractSubString@@YGHAAVCString@@PBDHD@Z 5f405db4 f
 0001:00004e2b       ?RecalcLayout@CFrameWnd@@UAEXH@Z 5f405e2b f
 0001:00004ea9       ?RepositionBars@CWnd@@QAEXIIIIPAUtagRECT@@PBU2@H@Z 5f405ea9 f
 0001:00004fb6       ?CalcWindowRect@CWnd@@UAEXPAUtagRECT@@I@Z 5f405fb6 f
 0001:00004fe1       ?AfxRepositionWindow@@YGXPAUAFX_SIZEPARENTPARAMS@@PAUHWND__@@PBUtagRECT@@@Z 5f405fe1 f
 0001:00005069       ?OnNcCalcSize@CToolBar@@IAEXHPAUtagNCCALCSIZE_PARAMS@@@Z 5f406069 f
 0001:000050c8       ?CalcInsideRect@CControlBar@@QBEXAAVCRect@@H@Z 5f4060c8 f
 0001:00005170       ?ModifyStyle@CWnd@@QAEHKKI@Z 5f406170 f
 0001:00005193       ?ModifyStyle@CWnd@@SGHPAUHWND__@@KKI@Z 5f406193 f
 0001:000051ad       ?_AfxModifyStyle@@YGHPAUHWND__@@HKKI@Z 5f4061ad f
 0001:000051fe       ?OnNcCalcSize@CStatusBar@@IAEXHPAUtagNCCALCSIZE_PARAMS@@@Z 5f4061fe f
 0001:00005240       ?OnSize@CStatusBar@@IAEXIHH@Z 5f406240 f
 0001:00005257       ?CalcInsideRect@CStatusBar@@QBEXAAVCRect@@H@Z 5f406257 f
 0001:000052c7       ??0CClientDC@@QAE@PAVCWnd@@@Z 5f4062c7 f
 0001:0000531e       ??1CClientDC@@UAE@XZ       5f40631e f
 0001:00005360       ?GetControlBar@CFrameWnd@@QAEPAVCControlBar@@I@Z 5f406360 f
 0001:00005394       ?FromHandle@CDC@@SGPAV1@PAUHDC__@@@Z 5f406394 f
 0001:000053a9       ?CreateObject@CTempDC@@SGPAVCObject@@XZ 5f4063a9 f
 0001:000053cf       ?OnNcCalcSize@CDockBar@@IAEXHPAUtagNCCALCSIZE_PARAMS@@@Z 5f4063cf f
 0001:00005415       ?OnWindowPosChanging@CToolBar@@IAEXPAUtagWINDOWPOS@@@Z 5f406415 f
 0001:00005452       ?OnWindowPosChanging@CControlBar@@QAEXPAUtagWINDOWPOS@@@Z 5f406452 f
 0001:000054bf       ?OnInitialUpdate@CControlBar@@QAEXXZ 5f4064bf f
 0001:000054c9       ?_SetButton@CToolBar@@IAEXHPAU_TBBUTTON@@@Z 5f4064c9 f
 0001:000055bd       ?DragAcceptFiles@CWnd@@QAEXH@Z 5f4065bd f
 0001:000055cd       ?GetDocString@CDocTemplate@@UBEHAAVCString@@W4DocStringIndex@1@@Z 5f4065cd f
 0001:000055e3       ?OnSize@CFrameWnd@@IAEXIHH@Z 5f4065e3 f
 0001:00005602       ?CalcDynamicLayout@CControlBar@@UAE?AVCSize@@HK@Z 5f406602 f
 0001:00005625       ?CalcFixedLayout@CStatusBar@@UAE?AVCSize@@HH@Z 5f406625 f
 0001:000056ea       ?CalcFixedLayout@CControlBar@@UAE?AVCSize@@HH@Z 5f4066ea f
 0001:0000571e       ?CalcDynamicLayout@CToolBar@@UAE?AVCSize@@HK@Z 5f40671e f
 0001:00005763       ?CalcLayout@CToolBar@@IAE?AVCSize@@KH@Z 5f406763 f
 0001:00005a75       ?SizeToolBar@CToolBar@@IAEXPAU_TBBUTTON@@HHH@Z 5f406a75 f
 0001:00005b21       ?WrapToolBar@CToolBar@@IAEHPAU_TBBUTTON@@HH@Z 5f406b21 f
 0001:00005bf4       ?CalcSize@CToolBar@@IAE?AVCSize@@PAU_TBBUTTON@@H@Z 5f406bf4 f
 0001:00005d0d       ?OnWindowPosChanging@CStatusBar@@IAEXPAUtagWINDOWPOS@@@Z 5f406d0d f
 0001:00005d2d       ?Layout@CToolBar@@IAEXXZ   5f406d2d f
 0001:00005d6c       ?SelectObject@CDC@@QAEPAVCBrush@@PAV2@@Z 5f406d6c f
 0001:00005dab       ?ExtTextOutA@CDC@@UAEHHHIPBUtagRECT@@PBDIPAH@Z 5f406dab f
 0001:00005dd0       ?AddRef@XPersistStorage@COleServerDoc@@UAGKXZ 5f406dd0 f
 0001:00005de2       ?OnSizeParent@CControlBar@@QAEJIJ@Z 5f406de2 f
 0001:00005f30       ?RecalcDelayShow@CControlBar@@UAEKPAUAFX_SIZEPARENTPARAMS@@@Z 5f406f30 f
 0001:00005f60       ?OnSizeParent@CDockBar@@IAEJIJ@Z 5f406f60 f
 0001:00005fc6       ?CalcFixedLayout@CDockBar@@UAE?AVCSize@@HH@Z 5f406fc6 f
 0001:00006264       ?CalcFixedLayout@CToolBar@@UAE?AVCSize@@HH@Z 5f407264 f
 0001:0000628d       __imp_load__CoLockObjectExternal@12 5f40728d f
 0001:00006299       ??_9@$BOI@AE               5f407299 f
 0001:000062a1       ?OnInitialUpdate@CView@@UAEXXZ 5f4072a1 f
 0001:000062af       ?OnUpdate@CView@@MAEXPAV1@JPAVCObject@@@Z 5f4072af f
 0001:000062bf       ??0CWindowDC@@QAE@PAVCWnd@@@Z 5f4072bf f
 0001:00006314       ??1CWindowDC@@UAE@XZ       5f407314 f
 0001:00006356       ?ActivateFrame@CFrameWnd@@UAEXH@Z 5f407356 f
 0001:0000639b       ?BringToTop@CFrameWnd@@IAEXH@Z 5f40739b f
 0001:000063ca       ?IsTopParentActive@CWnd@@QBEHXZ 5f4073ca f
 0001:000063fe       ?OnSetFocus@CFrameWnd@@IAEXPAVCWnd@@@Z 5f4073fe f
 0001:00006419       ?OnEraseBkgnd@CFrameWnd@@IAEHPAVCDC@@@Z 5f407419 f
 0001:0000642f       ??0CPaintDC@@QAE@PAVCWnd@@@Z 5f40742f f
 0001:00006484       ?FillSolidRect@CDC@@QAEXHHHHK@Z 5f407484 f
 0001:000064d0       ??1CPaintDC@@UAE@XZ        5f4074d0 f
 0001:00006517       ?SetViewportOrg@CDC@@UAE?AVCPoint@@HH@Z 5f407517 f
 0001:0000655a       ?SetTextColor@CDC@@UAEKK@Z 5f40755a f
 0001:00006586       ?EraseNonClient@CControlBar@@QAEXXZ 5f407586 f
 0001:00006586       ?OnNcPaint@CToolBar@@IAEXXZ 5f407586 f
 0001:00006653       ?ExcludeClipRect@CDC@@QAEHPBUtagRECT@@@Z 5f407653 f
 0001:0000668b       ?DrawBorders@CControlBar@@QAEXPAVCDC@@AAVCRect@@@Z 5f40768b f
 0001:00006838       ?IntersectClipRect@CDC@@QAEHPBUtagRECT@@@Z 5f407838 f
 0001:00006870       ?OnEraseBkgnd@CWnd@@IAEHPAVCDC@@@Z 5f407870 f
 0001:00006878       ?DrawGripper@CControlBar@@QAEXPAVCDC@@ABVCRect@@@Z 5f407878 f
 0001:00006896       ?OnPaint@CDockBar@@IAEXXZ  5f407896 f
 0001:000068f6       ?GetDockedVisibleCount@CDockBar@@UBEHXZ 5f4078f6 f
 0001:00006933       ?SetText@CToolCmdUI@@UAEXPBD@Z 5f407933 f
 0001:00006936       ?OnPaint@CToolBar@@IAEXXZ  5f407936 f
 0001:00006950       ?OnEraseBkgnd@CToolBar@@IAEHPAVCDC@@@Z 5f407950 f
 0001:00006958       ?OnShowViews@COleLinkingDoc@@MAEXH@Z 5f407958 f
 0001:0000696d       ??_GCTempDC@@UAEPAXI@Z     5f40796d f
 0001:0000696d       ??_ECTempDC@@UAEPAXI@Z     5f40796d f
 0001:0000698d       ?OnInitialUpdate@CRichEditView@@MAEXXZ 5f40798d f
 0001:000069a6       ?OnCtlColor@CControlBar@@QAEPAUHBRUSH__@@PAVCDC@@PAVCWnd@@I@Z 5f4079a6 f
 0001:000069fa       ?OnPaint@CControlBar@@QAEXXZ 5f4079fa f
 0001:00006a4c       ?DoPaint@CControlBar@@UAEXPAVCDC@@@Z 5f407a4c f
 0001:00006a83       ?SaveDC@CDC@@UAEHXZ        5f407a83 f
 0001:00006aae       ?MoveTo@CDC@@QAE?AVCPoint@@HH@Z 5f407aae f
 0001:00006af1       ?LineTo@CDC@@QAEHHH@Z      5f407af1 f
 0001:00006b19       ?RestoreDC@CDC@@UAEHH@Z    5f407b19 f
 0001:00006b58       ?SetBkMode@CDC@@QAEHH@Z    5f407b58 f
 0001:00006b83       ?OnUpdateFrameTitle@CFrameWnd@@UAEXH@Z 5f407b83 f
 0001:00006bc6       ?AfxBeginThread@@YGPAVCWinThread@@P6AIPAX@Z0HIKPAU_SECURITY_ATTRIBUTES@@@Z 5f407bc6 f
 0001:00006c40       ??0CWinThread@@QAE@P6AIPAX@Z0@Z 5f407c40 f
 0001:00006c84       ?CreateThread@CWinThread@@QAEHKIPAU_SECURITY_ATTRIBUTES@@@Z 5f407c84 f
 0001:00006d4f       ?_AfxThreadEntry@@YGIPAX@Z 5f407d4f f
 0001:00006e1f       ??1CButton@@UAE@XZ         5f407e1f f
 0001:00006e57       ?AfxW2AHelper@@YGPADPADPBGH@Z 5f407e57 f
 0001:00006e81       ?AfxEndThread@@YGXIH@Z     5f407e81 f
 0001:00006ec7       ?Delete@CWinThread@@UAEXXZ 5f407ec7 f
 0001:00006ed9       ??_ECWinThread@@UAEPAXI@Z  5f407ed9 f
 0001:00006ed9       ??_GCWinThread@@UAEPAXI@Z  5f407ed9 f
 0001:00006ef5       ?AfxTermThread@@YGXPAUHINSTANCE__@@@Z 5f407ef5 f
 0001:00006f5f       ?AfxTlsAddRef@@YGXXZ       5f407f5f f
 0001:00006f66       ?AfxCriticalInit@@YGHXZ    5f407f66 f
 0001:00006fa0       ??0CThreadSlotData@@QAE@XZ 5f407fa0 f
 0001:00006fe1       ?AllocSlot@CThreadSlotData@@QAEHXZ 5f407fe1 f
 0001:000070a6       __initterm                 5f4080a6 f
 0001:000070cc       ??0CFixedAlloc@@QAE@II@Z   5f4080cc f
 0001:000070f4       _atexit                    5f4080f4 f
 0001:00007106       __onexit                   5f408106 f
 0001:0000712a       ___dllonexit               5f40812a f
 0001:00007273       ??0CSessionMapPtrToPtr@@QAE@XZ 5f408273 f
 0001:000072c2       ??0CSyncObject@@QAE@PBD@Z  5f4082c2 f
 0001:000073c1       ??0AFX_MODULE_STATE@@QAE@HP6GJPAUHWND__@@IIJ@ZKH@Z 5f4083c1 f
 0001:00007477       ??0CMemoryException@@QAE@HI@Z 5f408477 f
 0001:000074a1       ??0CException@@QAE@H@Z     5f4084a1 f
 0001:000074d6       ??0CNotSupportedException@@QAE@HI@Z 5f4084d6 f
 0001:0000750b       ?AfxClassInit@@YGXPAUCRuntimeClass@@@Z 5f40850b f
 0001:0000759f       ?_AfxInitDBCS@@YGHXZ       5f40859f f
 0001:000075f1       ??0CWnd@@AAE@PAUHWND__@@@Z 5f4085f1 f
 0001:0000772a       ??0CResourceException@@QAE@HI@Z 5f40872a f
 0001:00007777       ??0CUserException@@QAE@HI@Z 5f408777 f
 0001:000077c8       ??0AUX_DATA@@QAE@XZ        5f4087c8 f
 0001:00007863       ?UpdateSysMetrics@AUX_DATA@@QAEXXZ 5f408863 f
 0001:000078b8       ?AfxEnableWin40Compatibility@@YGXXZ 5f4088b8 f
 0001:000078e8       ?UpdateSysColors@AUX_DATA@@QAEXXZ 5f4088e8 f
 0001:00007942       ??0OLE_DATA@@QAE@XZ        5f408942 f
 0001:00007a40       ??0CColorPropPageFactory@CColorPropPage@@QAE@ABU_GUID@@PAUCRuntimeClass@@HPBD@Z 5f408a40 f
 0001:00007a64       ??0COleObjectFactory@@QAE@ABU_GUID@@PAUCRuntimeClass@@HPBD@Z 5f408a64 f
 0001:00007b16       ??0CFontPropPageFactory@CFontPropPage@@QAE@ABU_GUID@@PAUCRuntimeClass@@HPBD@Z 5f408b16 f
 0001:00007b67       ??0CPicturePropPageFactory@CPicturePropPage@@QAE@ABU_GUID@@PAUCRuntimeClass@@HPBD@Z 5f408b67 f
 0001:00007ba9       ??0CWinApp@@QAE@PBD@Z      5f408ba9 f
 0001:00007c88       ??0CWinThread@@QAE@XZ      5f408c88 f
 0001:00007cc5       ?AfxInitExtensionModule@@YGHAAUAFX_EXTENSION_MODULE@@PAUHINSTANCE__@@@Z 5f408cc5 f
 0001:00007d07       ?AfxWinInit@@YGHPAUHINSTANCE__@@0PADH@Z 5f408d07 f
 0001:00007d6a       ?SetCurrentHandles@CWinApp@@QAEXXZ 5f408d6a f
 0001:00007e81       ?RegisterAll@COleObjectFactory@@SGHXZ 5f408e81 f
 0001:00007f11       ?IsRegistered@COleObjectFactory@@UBEHXZ 5f408f11 f
 0001:00007f41       ?Register@COleObjectFactory@@UAEHXZ 5f408f41 f
 0001:00007f41       ?Register@COleTemplateServer@@UAEHXZ 5f408f41 f
 0001:00007f57       ??0CDynLinkLibrary@@QAE@AAUAFX_EXTENSION_MODULE@@H@Z 5f408f57 f
 0001:00007fe1       ?CreateObject@?$CProcessLocal@V_AFX_BASE_MODULE_STATE@@@@SGPAVCNoTrackObject@@XZ 5f408fe1 f
 0001:00008013       ??0AFX_MODULE_STATE@@QAE@HP6GJPAUHWND__@@IIJ@ZK@Z 5f409013 f
 0001:00008074       ?AfxWinMain@@YGHPAUHINSTANCE__@@0PADH@Z 5f409074 f
 0001:000080e9       ?CreateObject@?$CProcessLocal@V_AFX_CTL3D_STATE@@@@SGPAVCNoTrackObject@@XZ 5f4090e9 f
 0001:000080ff       ?InitApplication@CWinApp@@UAEHXZ 5f4090ff f
 0001:00008141       ?Enable3dControls@CWinApp@@IAEHXZ 5f409141 f
 0001:00008157       ?AfxOleInit@@YGHXZ         5f409157 f
 0001:000081e9       ??0COleMessageFilter@@QAE@XZ 5f4091e9 f
 0001:0000822b       ?Register@COleMessageFilter@@QAEHXZ 5f40922b f
 0001:0000824a       __imp_load__CoRegisterMessageFilter@8 5f40924a f
 0001:00008256       ?AddRef@XMessageFilter@COleMessageFilter@@UAGKXZ 5f409256 f
 0001:00008265       ?AfxFindResourceHandle@@YGPAUHINSTANCE__@@PBD0@Z 5f409265 f
 0001:00008323       ?AfxHookWindowCreate@@YGXPAVCWnd@@@Z 5f409323 f
 0001:00008370       ?AfxEndDeferRegisterClass@@YGHJ@Z 5f409370 f
 0001:000085e9       ?_AfxInitCommonControls@@YGJPAUtagINITCOMMONCONTROLSEX@@J@Z 5f4095e9 f
 0001:00008632       __imp_load__InitCommonControlsEx@4 5f409632 f
 0001:00008639       __tailMerge_COMCTL32       5f409639 f
 0001:00008647       ?AfxGetAfxWndProc@@YGP6GJPAUHWND__@@IIJ@ZXZ 5f409647 f
 0001:00008653       ?AfxOleSetUserCtrl@@YGXH@Z 5f409653 f
 0001:00008662       ?CreateObject@CTempGdiObject@@SGPAVCObject@@XZ 5f409662 f
 0001:0000867f       ??0COleTemplateServer@@QAE@XZ 5f40967f f
 0001:000086a0       ??0CCommandLineInfo@@QAE@XZ 5f4096a0 f
 0001:0000870f       ?LoadStdProfileSettings@CWinApp@@IAEXI@Z 5f40970f f
 0001:0000878b       ??0CRecentFileList@@QAE@IPBD0HH@Z 5f40978b f
 0001:00008847       ??0CDocTemplate@@IAE@IPAUCRuntimeClass@@00@Z 5f409847 f
 0001:0000894e       ??0CDocManager@@QAE@XZ     5f40994e f
 0001:00008988       ??_L@YGXPAXIHP6EX0@Z1@Z    5f409988 f
 0001:000089fd       ?AddDocTemplate@CDocManager@@UAEXPAVCDocTemplate@@@Z 5f4099fd f
 0001:00008a62       ?LoadTemplate@CDocTemplate@@UAEXXZ 5f409a62 f
 0001:00008b27       ?ReadList@CRecentFileList@@UAEXXZ 5f409b27 f
 0001:00008bc5       ?GetProfileStringA@CWinApp@@QAE?AVCString@@PBD00@Z 5f409bc5 f
 0001:00008cca       ?GetProfileIntA@CWinApp@@QAEIPBD0H@Z 5f409cca f
 0001:00008d39       ?ParseCommandLine@CWinApp@@QAEXAAVCCommandLineInfo@@@Z 5f409d39 f
 0001:00008d90       ??0CFrameWnd@@QAE@XZ       5f409d90 f
 0001:00008e56       ?AddFrameWnd@CFrameWnd@@IAEXXZ 5f409e56 f
 0001:00008e77       ??0CStatusBar@@QAE@XZ      5f409e77 f
 0001:00008ea9       ??0CControlBar@@IAE@XZ     5f409ea9 f
 0001:00008efb       ??0CToolBar@@QAE@XZ        5f409efb f
 0001:00008f5f       ?LoadFrame@CFrameWnd@@UAEHIKPAVCWnd@@PAUCCreateContext@@@Z 5f409f5f f
 0001:0000902b       ?_AfxRegisterWithIcon@@YGHPAUtagWNDCLASSA@@PBDI@Z 5f40a02b f
 0001:0000906c       ?AfxRegisterClass@@YGHPAUtagWNDCLASSA@@@Z 5f40a06c f
 0001:000090ca       ?GetIconWndClass@CFrameWnd@@IAEPBDKI@Z 5f40a0ca f
 0001:0000914d       ?AfxRegisterWndClass@@YGPBDIPAUHICON__@@PAUHBRUSH__@@0@Z 5f40a14d f
 0001:000091e5       ?Create@CFrameWnd@@QAEHPBD0KABUtagRECT@@PAVCWnd@@0KPAUCCreateContext@@@Z 5f40a1e5 f
 0001:0000926d       ?CreateEx@CWnd@@QAEHKPBD0KHHHHPAUHWND__@@PAUHMENU__@@PAX@Z 5f40a26d f
 0001:00009323       ?OnCreate@CFrameWnd@@IAEHPAUtagCREATESTRUCTA@@@Z 5f40a323 f
 0001:00009332       ?OnCreateHelper@CFrameWnd@@IAEHPAUtagCREATESTRUCTA@@PAUCCreateContext@@@Z 5f40a332 f
 0001:00009384       ?Create@CToolBar@@QAEHPAVCWnd@@KI@Z 5f40a384 f
 0001:000093c6       ?CreateEx@CToolBar@@QAEHPAVCWnd@@KKVCRect@@I@Z 5f40a3c6 f
 0001:0000946a       ?SetBorders@CControlBar@@QAEXHHHH@Z 5f40a46a f
 0001:00009489       ?_AfxGetComCtlVersion@@YGKXZ 5f40a489 f
 0001:000094f7       ?_AfxGetDropDownWidth@@YGHXZ 5f40a4f7 f
 0001:00009578       ?Create@CWnd@@UAEHPBD0KABUtagRECT@@PAV1@IPAUCCreateContext@@@Z 5f40a578 f
 0001:000095c4       ?PreCreateWindow@CControlBar@@UAEHAAUtagCREATESTRUCTA@@@Z 5f40a5c4 f
 0001:00009637       ?PreCreateWindow@CWnd@@UAEHAAUtagCREATESTRUCTA@@@Z 5f40a637 f
 0001:0000964d       ?OnNcCreate@CToolBar@@IAEHPAUtagCREATESTRUCTA@@@Z 5f40a64d f
 0001:0000967e       ?OnCreate@CControlBar@@QAEHPAUtagCREATESTRUCTA@@@Z 5f40a67e f
 0001:000096d3       ?SetSizes@CToolBar@@QAEXUtagSIZE@@0@Z 5f40a6d3 f
 0001:00009738       ?OnSetBitmapSize@CToolBar@@IAEJIJ@Z 5f40a738 f
 0001:0000974b       ?OnSetSizeHelper@CToolBar@@IAEJAAVCSize@@J@Z 5f40a74b f
 0001:000097b7       ?OnSetButtonSize@CToolBar@@IAEJIJ@Z 5f40a7b7 f
 0001:000097ca       ?LoadBitmapA@CToolBar@@QAEHPBD@Z 5f40a7ca f
 0001:0000981e       ?AfxLoadSysColorBitmap@@YGPAUHBITMAP__@@PAUHINSTANCE__@@PAUHRSRC__@@H@Z 5f40a81e f
 0001:0000998a       ?AddReplaceBitmap@CToolBar@@QAEHPAUHBITMAP__@@@Z 5f40a98a f
 0001:00009a01       ?SetButtons@CToolBar@@QAEHPBIH@Z 5f40aa01 f
 0001:00009ae6       ?Create@CStatusBar@@QAEHPAVCWnd@@KI@Z 5f40aae6 f
 0001:00009afc       ?CreateEx@CStatusBar@@QAEHPAVCWnd@@KKI@Z 5f40aafc f
 0001:00009b6c       ?PreCreateWindow@CStatusBar@@UAEHAAUtagCREATESTRUCTA@@@Z 5f40ab6c f
 0001:00009b9b       ?OnChildNotify@CStatusBar@@MAEHIIJPAJ@Z 5f40ab9b f
 0001:00009bbd       ?Attach@CGdiObject@@QAEHPAX@Z 5f40abbd f
 0001:00009be9       ?SetIndicators@CStatusBar@@QAEHPBIH@Z 5f40abe9 f
 0001:00009d26       ?EnableDocking@CFrameWnd@@QAEXK@Z 5f40ad26 f
 0001:00009dba       ??0CDockBar@@QAE@H@Z       5f40adba f
 0001:00009e38       ?Create@CDockBar@@QAEHPAVCWnd@@KI@Z 5f40ae38 f
 0001:00009e7f       ?EnableDocking@CControlBar@@QAEXK@Z 5f40ae7f f
 0001:00009ede       ??0CDockContext@@QAE@PAVCControlBar@@@Z 5f40aede f
 0001:00009f3f       ?DockControlBar@CFrameWnd@@QAEXPAVCControlBar@@IPBUtagRECT@@@Z 5f40af3f f
 0001:00009f62       ?DockControlBar@CFrameWnd@@QAEXPAVCControlBar@@PAVCDockBar@@PBUtagRECT@@@Z 5f40af62 f
 0001:00009fae       ?DockControlBar@CDockBar@@QAEXPAVCControlBar@@PBUtagRECT@@@Z 5f40afae f
 0001:0000a10b       ?GetWindowTextA@CWnd@@QBEHPADH@Z 5f40b10b f
 0001:0000a12a       ?SetBarStyle@CControlBar@@QAEXK@Z 5f40b12a f
 0001:0000a158       ?EnableToolTips@CWnd@@QAEHH@Z 5f40b158 f
 0001:0000a166       ?_EnableToolTips@CWnd@@QAEHHI@Z 5f40b166 f
 0001:0000a1b4       ?OnBarStyleChange@CToolBar@@UAEXKK@Z 5f40b1b4 f
 0001:0000a1e7       ?RemovePlaceHolder@CDockBar@@QAEXPAVCControlBar@@@Z 5f40b1e7 f
 0001:0000a220       ?FindBar@CDockBar@@QAEHPAVCControlBar@@H@Z 5f40b220 f
 0001:0000a24e       ?GetDockingFrame@CControlBar@@QBEPAVCFrameWnd@@XZ 5f40b24e f
 0001:0000a260       ?LoadAccelTable@CFrameWnd@@QAEHPBD@Z 5f40b260 f
 0001:0000a289       ?ConnectTemplate@COleTemplateServer@@QAEXABU_GUID@@PAVCDocTemplate@@H@Z 5f40b289 f
 0001:0000a2ac       ?CreateNewDocument@CDocTemplate@@UAEPAVCDocument@@XZ 5f40b2ac f
 0001:0000a2d7       ??0COleLinkingDoc@@QAE@XZ  5f40b2d7 f
 0001:0000a34c       ??0COleDocument@@QAE@XZ    5f40b34c f
 0001:0000a3b1       ??0CDocument@@QAE@XZ       5f40b3b1 f
 0001:0000a415       ??0CObList@@QAE@H@Z        5f40b415 f
 0001:0000a438       ?AfxOleLockApp@@YGXXZ      5f40b438 f
 0001:0000a448       ?AddDocument@CDocTemplate@@UAEXPAVCDocument@@@Z 5f40b448 f
 0001:0000a452       ?CreateNewFrame@CDocTemplate@@UAEPAVCFrameWnd@@PAVCDocument@@PAV2@@Z 5f40b452 f
 0001:0000a4bf       __imp_load__DragAcceptFiles@8 5f40b4bf f
 0001:0000a4c6       __tailMerge_SHELL32        5f40b4c6 f
 0001:0000a4d4       ?PreCreateWindow@CFrameWnd@@MAEHAAUtagCREATESTRUCTA@@@Z 5f40b4d4 f
 0001:0000a518       ??YCString@@QAEABV0@ABV0@@Z 5f40b518 f
 0001:0000a530       ?ConcatInPlace@CString@@IAEXHPBD@Z 5f40b530 f
 0001:0000a58f       ??0CView@@IAE@XZ           5f40b58f f
 0001:0000a5a5       ??YCString@@QAEABV0@PBD@Z  5f40b5a5 f
 0001:0000a5cc       ?PreCreateWindow@CView@@MAEHAAUtagCREATESTRUCTA@@@Z 5f40b5cc f
 0001:0000a60d       ?OnCreate@CView@@IAEHPAUtagCREATESTRUCTA@@@Z 5f40b60d f
 0001:0000a63d       ?AddView@CDocument@@QAEXPAVCView@@@Z 5f40b63d f
 0001:0000a65d       ?ModifyStyleEx@CWnd@@QAEHKKI@Z 5f40b65d f
 0001:0000a680       ?ModifyStyleEx@CWnd@@SGHPAUHWND__@@KKI@Z 5f40b680 f
 0001:0000a69a       ?SetTitle@CDocument@@UAEXPBD@Z 5f40b69a f
 0001:0000a6b7       ?OnNewDocument@COleLinkingDoc@@UAEHXZ 5f40b6b7 f
 0001:0000a6e8       ?RegisterIfServerAttached@COleLinkingDoc@@MAEHPBDH@Z 5f40b6e8 f
 0001:0000a714       ?Register@COleLinkingDoc@@QAEHPAVCOleObjectFactory@@PBD@Z 5f40b714 f
 0001:0000a832       ?_GetBaseClass@CCtrlView@@KGPAUCRuntimeClass@@XZ 5f40b832 f
 0001:0000a838       ?OnNewDocument@COleDocument@@UAEHXZ 5f40b838 f
 0001:0000a889       ?OnNewDocument@CDocument@@UAEHXZ 5f40b889 f
 0001:0000a8ae       ?InitialUpdateFrame@CDocTemplate@@UAEXPAVCFrameWnd@@PAVCDocument@@H@Z 5f40b8ae f
 0001:0000a8c2       ?InitialUpdateFrame@CFrameWnd@@QAEXPAVCDocument@@H@Z 5f40b8c2 f
 0001:0000a988       ?SetServerInfo@CDocTemplate@@QAEXIIPAUCRuntimeClass@@0@Z 5f40b988 f
 0001:0000a9b5       ??0COleServerDoc@@QAE@XZ   5f40b9b5 f
 0001:0000aa5a       ?OnCreateClient@CFrameWnd@@MAEHPAUtagCREATESTRUCTA@@PAUCCreateContext@@@Z 5f40ba5a f
 0001:0000aa7c       ?CreateView@CFrameWnd@@QAEPAVCWnd@@PAUCCreateContext@@I@Z 5f40ba7c f
 0001:0000aaf8       ?_GetBaseMessageMap@CMiniFrameWnd@@KGPBUAFX_MSGMAP@@XZ 5f40baf8 f
 0001:0000aafe       ?DefWindowProcA@CMDIFrameWnd@@MAEJIIJ@Z 5f40bafe f
 0001:0000ab1c       ?OnCmdMsg@CMDIFrameWnd@@UAEHIHPAXPAUAFX_CMDHANDLERINFO@@@Z 5f40bb1c f
 0001:0000abad       ?MDIGetActive@CMDIFrameWnd@@QBEPAVCMDIChildWnd@@PAH@Z 5f40bbad f
 0001:0000abf0       ?OnUpdateContextHelp@CFrameWnd@@IAEXPAVCCmdUI@@@Z 5f40bbf0 f
 0001:0000ac1f       ?DefWindowProcA@CMDIChildWnd@@MAEJIIJ@Z 5f40bc1f f
 0001:0000ac37       ?PreTranslateMessage@CMDIFrameWnd@@UAEHPAUtagMSG@@@Z 5f40bc37 f
 0001:0000acf0       ?PreTranslateMessage@CMDIChildWnd@@UAEHPAUtagMSG@@@Z 5f40bcf0 f
 0001:0000ad63       ?OnIdleUpdateCmdUI@CMDIFrameWnd@@IAEXXZ 5f40bd63 f
 0001:0000ad84       ??0COleDataObject@@QAE@XZ  5f40bd84 f
 0001:0000ad98       ?AttachClipboard@COleDataObject@@QAEHXZ 5f40bd98 f
 0001:0000ad9f       ?IsDataAvailable@COleDataObject@@QAEHGPAUtagFORMATETC@@@Z 5f40bd9f f
 0001:0000adc2       ?Release@COleDataObject@@QAEXXZ 5f40bdc2 f
 0001:0000adde       ?GetFirstDocPosition@CMultiDocTemplate@@UBEPAU__POSITION@@XZ 5f40bdde f
 0001:0000ade2       ?GetNextDoc@CMultiDocTemplate@@UBEPAVCDocument@@AAPAU__POSITION@@@Z 5f40bde2 f
 0001:0000adf2       ?GetMessageMap@CMDIChildWnd@@MBEPBUAFX_MSGMAP@@XZ 5f40bdf2 f
 0001:0000adf8       ?GetMDIFrame@CMDIChildWnd@@QAEPAVCMDIFrameWnd@@XZ 5f40bdf8 f
 0001:0000ae0f       ?OnUpdateFrameTitle@CMDIFrameWnd@@UAEXH@Z 5f40be0f f
 0001:0000aec9       ?GetInterfaceMap@COleDropTarget@@MBEPBUAFX_INTERFACEMAP@@XZ 5f40bec9 f
 0001:0000aecf       ?QueryInterface@XDropTarget@COleDropTarget@@UAGJABU_GUID@@PAPAX@Z 5f40becf f
 0001:0000aee6       ?_GetBaseInterfaceMap@COleServerItem@@KGPBUAFX_INTERFACEMAP@@XZ 5f40bee6 f
 0001:0000aeec       ?Release@XDropTarget@COleDropTarget@@UAGKXZ 5f40beec f
 0001:0000aefb       ?GetInPlaceActiveItem@COleDocument@@UAEPAVCOleClientItem@@PAVCWnd@@@Z 5f40befb f
 0001:0000af4c       ?OnMDIActivate@CMDIChildWnd@@IAEXHPAVCWnd@@0@Z 5f40bf4c f
 0001:0000b002       ?UpdateClientEdge@CMDIChildWnd@@IAEHPAUtagRECT@@@Z 5f40c002 f
 0001:0000b080       ?OnUpdateFrameTitle@CMDIChildWnd@@MAEXH@Z 5f40c080 f
 0001:0000b0f1       ?OnUpdateFrameMenu@CMDIChildWnd@@UAEXHPAVCWnd@@PAUHMENU__@@@Z 5f40c0f1 f
 0001:0000b17d       ?OnNcActivate@CMDIChildWnd@@IAEHH@Z 5f40c17d f
 0001:0000b185       ?GetActiveFrame@CMDIFrameWnd@@UAEPAVCFrameWnd@@XZ 5f40c185 f
 0001:0000b199       ?SetText@CCmdUI@@UAEXPBD@Z 5f40c199 f
 0001:0000b1e3       ?OnCommand@CMDIFrameWnd@@MAEHIJ@Z 5f40c1e3 f
 0001:0000b220       ?SaveAllModified@CWinApp@@UAEHXZ 5f40c220 f
 0001:0000b233       ?SaveAllModified@CDocManager@@UAEHXZ 5f40c233 f
 0001:0000b258       ?SaveAllModified@CDocTemplate@@UAEHXZ 5f40c258 f
 0001:0000b294       ?UpdateModifiedFlag@COleDocument@@UAEXXZ 5f40c294 f
 0001:0000b2bc       ?PreCloseFrame@COleDocument@@UAEXPAVCFrameWnd@@@Z 5f40c2bc f
 0001:0000b313       ?DestroyWindow@CMDIChildWnd@@UAEHXZ 5f40c313 f
 0001:0000b37c       ?MDIDestroy@CMDIChildWnd@@QAEXXZ 5f40c37c f
 0001:0000b3a3       ?OnDestroy@CMDIChildWnd@@IAEXXZ 5f40c3a3 f
 0001:0000b3b6       ?Revoke@COleDropTarget@@UAEXXZ 5f40c3b6 f
 0001:0000b3f0       __imp_load__RevokeDragDrop@4 5f40c3f0 f
 0001:0000b3fc       ??1COleDropTarget@@UAE@XZ  5f40c3fc f
 0001:0000b439       ?RemoveDocument@CMultiDocTemplate@@UAEXPAVCDocument@@@Z 5f40c439 f
 0001:0000b461       ?OnDestroy@CMDIFrameWnd@@IAEXXZ 5f40c461 f
 0001:0000b487       ??1CMultiDocTemplate@@UAE@XZ 5f40c487 f
 0001:0000b4d0       ??_ECMDIChildWnd@@UAEPAXI@Z 5f40c4d0 f
 0001:0000b4d0       ??_GCMDIChildWnd@@UAEPAXI@Z 5f40c4d0 f
 0001:0000b4ec       ?Format@CString@@QAAXPBDZZ 5f40c4ec f
 0001:0000b4ff       ?FormatV@CString@@QAEXPBDPAD@Z 5f40c4ff f
 0001:0000b76a       ?RunEmbedded@CWinApp@@QAEHXZ 5f40c76a f
 0001:0000b789       ?_AfxParseOption@@YGHPADPBD@Z 5f40c789 f
 0001:0000b7ee       ?AfxOleRegisterServerClass@@YGHABU_GUID@@PBD11W4OLE_APPTYPE@@PAPBD3H11@Z 5f40c7ee f
 0001:0000b8a6       ??0CAfxOleSymbolTable@@QAE@H@Z 5f40c8a6 f
 0001:0000b8d3       ?_AfxOleMakeSymbolTable@@YGHAAVCAfxOleSymbolTable@@ABU_GUID@@PBD22H22@Z 5f40c8d3 f
 0001:0000ba60       __imp_load__StringFromCLSID@8 5f40ca60 f
 0001:0000ba6c       ?AfxTaskStringW2A@@YGPADPBG@Z 5f40ca6c f
 0001:0000ba88       ?AfxAllocTaskAnsiString@@YGPADPBG@Z 5f40ca88 f
 0001:0000bacb       __imp_load__CoTaskMemAlloc@4 5f40cacb f
 0001:0000bad7       ?SetAt@CAfxOleSymbolTable@@QAEXHPBD@Z 5f40cad7 f
 0001:0000bb0d       ?AfxGetModuleShortFileName@@YGXPAUHINSTANCE__@@AAVCString@@@Z 5f40cb0d f
 0001:0000bb5c       ?AfxOleRegisterHelper@@YGHPBQBD0HHPAUHKEY__@@@Z 5f40cb5c f
 0001:0000bc99       __imp_load__RegOpenKeyA@12 5f40cc99 f
 0001:0000bca5       ?AfxFormatStrings@@YGXAAVCString@@PBDPBQBDH@Z 5f40cca5 f
 0001:0000bd9f       __imp_load__RegQueryValueA@16 5f40cd9f f
 0001:0000bdab       __imp_load__RegSetValueA@20 5f40cdab f
 0001:0000bdb7       ??1CAfxOleSymbolTable@@QAE@XZ 5f40cdb7 f
 0001:0000bddf       ?UpdateRegistryAll@COleObjectFactory@@SGHH@Z 5f40cddf f
 0001:0000be47       ?UpdateRegistry@COleObjectFactory@@MAEHH@Z 5f40ce47 f
 0001:0000be5b       ?UpdateRegistry@COleObjectFactory@@QAEXPBD@Z 5f40ce5b f
 0001:0000be83       ??1CSplitterWnd@@UAE@XZ    5f40ce83 f
 0001:0000becb       ??_GCMultiDocTemplate@@UAEPAXI@Z 5f40cecb f
 0001:0000becb       ??_ECMultiDocTemplate@@UAEPAXI@Z 5f40cecb f
 0001:0000bee7       ?CreateObject@CMDIChildWnd@@SGPAVCObject@@XZ 5f40cee7 f
 0001:0000bf1c       ?GetRuntimeClass@CMDIChildWnd@@UBEPAUCRuntimeClass@@XZ 5f40cf1c f
 0001:0000bf22       ?_GetBaseClass@COleIPFrameWnd@@KGPAUCRuntimeClass@@XZ 5f40cf22 f
 0001:0000bf28       ?LPtoDP@CDC@@QBEXPAUtagSIZE@@@Z 5f40cf28 f
 0001:0000bf91       _abs                       5f40cf91 f
 0001:0000bf97       ?CalcWindowRect@CScrollView@@UAEXPAUtagRECT@@I@Z 5f40cf97 f
 0001:0000bfcf       ?GetDefaultMenu@COleServerDoc@@MAEPAUHMENU__@@XZ 5f40cfcf f
 0001:0000bff3       ?RectVisible@CDC@@UBEHPBUtagRECT@@@Z 5f40cff3 f
 0001:0000c003       ??0CMultiDocTemplate@@QAE@IPAUCRuntimeClass@@00@Z 5f40d003 f
 0001:0000c06c       ?LoadTemplate@CMultiDocTemplate@@UAEXXZ 5f40d06c f
 0001:0000c0b2       ?AddDocTemplate@CWinApp@@QAEXPAVCDocTemplate@@@Z 5f40d0b2 f
 0001:0000c10e       ??0CMDIFrameWnd@@QAE@XZ    5f40d10e f
 0001:0000c127       ?LoadFrame@CMDIFrameWnd@@UAEHIKPAVCWnd@@PAUCCreateContext@@@Z 5f40d127 f
 0001:0000c156       ?PreCreateWindow@CMDIFrameWnd@@UAEHAAUtagCREATESTRUCTA@@@Z 5f40d156 f
 0001:0000c176       ?OnCreateClient@CMDIFrameWnd@@UAEHPAUtagCREATESTRUCTA@@PAUCCreateContext@@@Z 5f40d176 f
 0001:0000c1c2       ?CreateClient@CMDIFrameWnd@@UAEHPAUtagCREATESTRUCTA@@PAVCMenu@@@Z 5f40d1c2 f
 0001:0000c25e       ?EnableShellOpen@CWinApp@@IAEXXZ 5f40d25e f
 0001:0000c288       ?RegisterShellFileTypes@CWinApp@@IAEXH@Z 5f40d288 f
 0001:0000c29a       ?RegisterShellFileTypes@CDocManager@@UAEXH@Z 5f40d29a f
 0001:0000c6a7       __imp_load__ExtractIconA@12 5f40d6a7 f
 0001:0000c6b3       ?_AfxSetRegKey@@YGHPBD00@Z 5f40d6b3 f
 0001:0000c73c       __imp_load__RegCreateKeyA@12 5f40d73c f
 0001:0000c748       ?UpdateRegistry@COleTemplateServer@@QAEXW4OLE_APPTYPE@@PAPBD1@Z 5f40d748 f
 0001:0000c8ba       ?GetFirstDocTemplatePosition@CWinApp@@QBEPAU__POSITION@@XZ 5f40d8ba f
 0001:0000c8cd       ?GetNextDocTemplate@CWinApp@@QBEPAVCDocTemplate@@AAPAU__POSITION@@@Z 5f40d8cd f
 0001:0000c8df       ?OnFileNew@CWinApp@@IAEXXZ 5f40d8df f
 0001:0000c8f2       ?OnFileNew@CDocManager@@UAEXXZ 5f40d8f2 f
 0001:0000c93b       ?OpenDocumentFile@CMultiDocTemplate@@UAEPAVCDocument@@PBDH@Z 5f40d93b f
 0001:0000c9ce       ?AddDocument@CMultiDocTemplate@@UAEXPAVCDocument@@@Z 5f40d9ce f
 0001:0000c9ea       ??0CMDIChildWnd@@QAE@XZ    5f40d9ea f
 0001:0000ca0a       ?LoadFrame@CMDIChildWnd@@UAEHIKPAVCWnd@@PAUCCreateContext@@@Z 5f40da0a f
 0001:0000cad9       ?PreCreateWindow@CMDIChildWnd@@UAEHAAUtagCREATESTRUCTA@@@Z 5f40dad9 f
 0001:0000cae5       ?Create@CMDIChildWnd@@UAEHPBD0KABUtagRECT@@PAVCMDIFrameWnd@@PAUCCreateContext@@@Z 5f40dae5 f
 0001:0000cbf5       ?OnNcCreate@CMDIChildWnd@@IAEHPAUtagCREATESTRUCTA@@@Z 5f40dbf5 f
 0001:0000cc24       ?OnCreate@CMDIChildWnd@@IAEHPAUtagCREATESTRUCTA@@@Z 5f40dc24 f
 0001:0000cc36       ?GetMessageMap@CSplitterWnd@@MBEPBUAFX_MSGMAP@@XZ 5f40dc36 f
 0001:0000cc3c       ?OnWindowPosChanging@CMDIChildWnd@@IAEXPAUtagWINDOWPOS@@@Z 5f40dc3c f
 0001:0000cc69       ?OnSize@CMDIChildWnd@@IAEXIHH@Z 5f40dc69 f
 0001:0000cc94       ??0CScrollView@@IAE@XZ     5f40dc94 f
 0001:0000ccbb       ??0COleDropTarget@@QAE@XZ  5f40dcbb f
 0001:0000cd5b       ?Register@COleDropTarget@@QAEHPAVCWnd@@@Z 5f40dd5b f
 0001:0000cdb7       ?AddRef@XDropTarget@COleDropTarget@@UAGKXZ 5f40ddb7 f
 0001:0000cdc6       __imp_load__RegisterDragDrop@8 5f40ddc6 f
 0001:0000cdd2       ?OnSize@CScrollView@@QAEXIHH@Z 5f40ddd2 f
 0001:0000cdef       ?UpdateBars@CScrollView@@IAEXXZ 5f40ddef f
 0001:0000cf25       ?GetTrueClientSize@CScrollView@@IAEHAAVCSize@@0@Z 5f40df25 f
 0001:0000cf9d       ?GetScrollBarSizes@CScrollView@@IAEXAAVCSize@@@Z 5f40df9d f
 0001:0000cffa       ?GetScrollBarState@CScrollView@@IAEXVCSize@@AAV2@1AAVCPoint@@H@Z 5f40dffa f
 0001:0000d0b8       ?GetDeviceScrollPosition@CScrollView@@QBE?AVCPoint@@XZ 5f40e0b8 f
 0001:0000d0f0       ?ScrollToDevicePosition@CScrollView@@IAEXUtagPOINT@@@Z 5f40e0f0 f
 0001:0000d142       ?SetScrollPos@CWnd@@QAEHHHH@Z 5f40e142 f
 0001:0000d172       ?ScrollWindow@CWnd@@QAEXHHPBUtagRECT@@0@Z 5f40e172 f
 0001:0000d1c9       ?EnableScrollBarCtrl@CWnd@@QAEXHH@Z 5f40e1c9 f
 0001:0000d202       ?SetDefaultTitle@CMultiDocTemplate@@UAEXPAVCDocument@@@Z 5f40e202 f
 0001:0000d28c       ?SetScrollSizes@CScrollView@@QAEXHUtagSIZE@@ABU2@1@Z 5f40e28c f
 0001:0000d3c1       ?SetMapMode@CDC@@UAEHH@Z   5f40e3c1 f
 0001:0000d3ec       ?ActivateFrame@CMDIChildWnd@@UAEXH@Z 5f40e3ec f
 0001:0000d499       ?GetDefaultAccelerator@CDocument@@UAEPAUHACCEL__@@XZ 5f40e499 f
 0001:0000d49c       ?GetWindowMenuPopup@CMDIFrameWnd@@UAEPAUHMENU__@@PAU2@@Z 5f40e49c f
 0001:0000d50a       ?OnSize@CMDIFrameWnd@@IAEXIHH@Z 5f40e50a f
 0001:0000d51e       ?OnPaint@CView@@IAEXXZ     5f40e51e f
 0001:0000d572       ?OnPrepareDC@CScrollView@@UAEXPAVCDC@@PAUCPrintInfo@@@Z 5f40e572 f
 0001:0000d5e2       ?OnPrepareDC@CView@@UAEXPAVCDC@@PAUCPrintInfo@@@Z 5f40e5e2 f
 0001:0000d5f1       ?SetViewportExt@CDC@@UAE?AVCSize@@HH@Z 5f40e5f1 f
 0001:0000d634       ?SetWindowExt@CDC@@UAE?AVCSize@@HH@Z 5f40e634 f
 0001:0000d677       ?GetMessageBar@CMDIChildWnd@@MAEPAVCWnd@@XZ 5f40e677 f
 0001:0000d686       ?CanCreateFromData@COleClientItem@@SGHPBVCOleDataObject@@@Z 5f40e686 f
 0001:0000d69e       ?CanPaste@COleClientItem@@SGHXZ 5f40e69e f
 0001:0000d71d       ?PreTranslateMessage@CControlBar@@UAEHPAUtagMSG@@@Z 5f40e71d f
 0001:0000d7bb       ??0CSplitterWnd@@QAE@XZ    5f40e7bb f
 0001:0000d80d       ?Create@CSplitterWnd@@QAEHPAVCWnd@@HHUtagSIZE@@PAUCCreateContext@@KI@Z 5f40e80d f
 0001:0000d883       ?CreateCommon@CSplitterWnd@@IAEHPAVCWnd@@UtagSIZE@@KI@Z 5f40e883 f
 0001:0000d983       ?OnNcCreate@CSplitterWnd@@IAEHPAUtagCREATESTRUCTA@@@Z 5f40e983 f
 0001:0000d9b5       ?OnSize@CSplitterWnd@@IAEXIHH@Z 5f40e9b5 f
 0001:0000d9e0       ?SetScrollStyle@CSplitterWnd@@QAEXK@Z 5f40e9e0 f
 0001:0000db05       ?GetScrollStyle@CSplitterWnd@@QBEKXZ 5f40eb05 f
 0001:0000db1b       ?CreateScrollBarCtrl@CSplitterWnd@@UAEHKI@Z 5f40eb1b f
 0001:0000db58       ?CreateView@CSplitterWnd@@UAEHHHPAUCRuntimeClass@@UtagSIZE@@PAUCCreateContext@@@Z 5f40eb58 f
 0001:0000dc40       ?IdFromRowCol@CSplitterWnd@@QBEHHH@Z 5f40ec40 f
 0001:0000dc53       ?GetRuntimeClass@CSplitterWnd@@UBEPAUCRuntimeClass@@XZ 5f40ec53 f
 0001:0000dc59       ?EnableWindow@CWnd@@QAEHH@Z 5f40ec59 f
 0001:0000dc74       ?RecalcLayout@CSplitterWnd@@UAEXXZ 5f40ec74 f
 0001:0000df37       ?GetInsideRect@CSplitterWnd@@MBEXAAVCRect@@@Z 5f40ef37 f
 0001:0000df85       ?_AfxLayoutRowCol@@YGXPAUCRowColInfo@CSplitterWnd@@HHH@Z 5f40ef85 f
 0001:0000e000       ?GetSizingParent@CSplitterWnd@@IAEPAVCWnd@@XZ 5f40f000 f
 0001:0000e0a2       ?_AfxDeferClientPos@@YGXPAUAFX_SIZEPARENTPARAMS@@PAVCWnd@@HHHHH@Z 5f40f0a2 f
 0001:0000e187       ?GetRuntimeClass@CTempWnd@@UBEPAUCRuntimeClass@@XZ 5f40f187 f
 0001:0000e18d       ?GetPane@CSplitterWnd@@QBEPAVCWnd@@HH@Z 5f40f18d f
 0001:0000e1a9       ?DrawAllSplitBars@CSplitterWnd@@MAEXPAVCDC@@HH@Z 5f40f1a9 f
 0001:0000e30b       ?OnDrawSplitter@CSplitterWnd@@MAEXPAVCDC@@W4ESplitType@1@ABVCRect@@@Z 5f40f30b f
 0001:0000e3f4       __imp_load__StgCreateDocfile@16 5f40f3f4 f
 0001:0000e400       ?SetScrollInfo@CWnd@@QAEHHPAUtagSCROLLINFO@@H@Z 5f40f400 f
 0001:0000e44d       ?OnPaint@CSplitterWnd@@IAEXXZ 5f40f44d f
 0001:0000e56f       ?Draw3dRect@CDC@@QAEXPBUtagRECT@@KK@Z 5f40f56f f
 0001:0000e59a       ?Draw3dRect@CDC@@QAEXHHHHKK@Z 5f40f59a f
 0001:0000e604       ?FillSolidRect@CDC@@QAEXPBUtagRECT@@K@Z 5f40f604 f
 0001:0000e62e       ?SetBkColor@CDC@@UAEKK@Z   5f40f62e f
 0001:0000e65a       ?AddRef@XPersistFile@COleLinkingDoc@@UAGKXZ 5f40f65a f
 0001:0000e66c       ??0COleUpdateDialog@@QAE@PAVCOleDocument@@HHPAVCWnd@@@Z 5f40f66c f
 0001:0000e6d7       ??0COleLinksDialog@@QAE@PAVCOleDocument@@PAVCView@@KPAVCWnd@@@Z 5f40f6d7 f
 0001:0000e76e       ??0COleDialog@@QAE@PAVCWnd@@@Z 5f40f76e f
 0001:0000e78c       ??0COleUILinkInfo@@QAE@PAVCOleDocument@@@Z 5f40f78c f
 0001:0000e7ac       ?DoModal@COleUpdateDialog@@UAEHXZ 5f40f7ac f
 0001:0000e7cd       ?GetNextLink@COleUILinkInfo@@UAGKK@Z 5f40f7cd f
 0001:0000e803       ??1COleUpdateDialog@@UAE@XZ 5f40f803 f
 0001:0000e841       ?Release@COleDispatchImpl@@UAGKXZ 5f40f841 f
 0001:0000e850       ?PreTranslateMessage@CDialog@@UAEHPAUtagMSG@@@Z 5f40f850 f
 0001:0000e8a1       ?IsDialogMessageA@CWnd@@QAEHPAUtagMSG@@@Z 5f40f8a1 f
 0001:0000e8bf       ?GetInterfaceMap@CCmdTarget@@MBEPBUAFX_INTERFACEMAP@@XZ 5f40f8bf f
 0001:0000e8c5       ?QueryInterface@COleDispatchImpl@@UAGJABU_GUID@@PAPAX@Z 5f40f8c5 f
 0001:0000e8dc       ??_9@$BNA@AE               5f40f8dc f
 0001:0000e8e4       ?OnCmdMsg@CDialog@@UAEHIHPAXPAUAFX_CMDHANDLERINFO@@@Z 5f40f8e4 f
 0001:0000e925       ?EnableAutomation@CCmdTarget@@QAEXXZ 5f40f925 f
 0001:0000e92d       ?AddRef@COleDispatchImpl@@UAGKXZ 5f40f92d f
 0001:0000e93c       ?CheckAutoCenter@CDialog@@UAEHXZ 5f40f93c f
 0001:0000e9ac       ?RunAutomated@CWinApp@@QAEHXZ 5f40f9ac f
 0001:0000e9c4       ?AfxOleRegisterServerClass@@YGHABU_GUID@@PBD11W4OLE_APPTYPE@@PAPBD3H1@Z 5f40f9c4 f
 0001:0000e9ed       ?Find@CString@@QBEHD@Z     5f40f9ed f
 0001:0000e9fb       ?Find@CString@@QBEHDH@Z    5f40f9fb f
 0001:0000ea14       ?EnableModeless@CWinApp@@QAEXH@Z 5f40fa14 f
 0001:0000ea36       ?DDX_Control@@YGXPAVCDataExchange@@HAAVCWnd@@@Z 5f40fa36 f
 0001:0000ea7b       ?HandleInComingCall@XMessageFilter@COleMessageFilter@@UAGKKPAUHTASK__@@KPAUtagINTERFACEINFO@@@Z 5f40fa7b f
 0001:0000eaca       ?InvokeHelperV@COleDispatchDriver@@QAEXJGGPAXPBEPAD@Z 5f40faca f
 0001:0000ed7d       ?AfxVariantInit@@YGXPAUtagVARIANT@@@Z 5f40fd7d f
 0001:0000ed90       ?Invoke@COleDispatchImpl@@UAGJJABU_GUID@@KGPAUtagDISPPARAMS@@PAUtagVARIANT@@PAUtagEXCEPINFO@@PAI@Z 5f40fd90 f
 0001:0000ef8b       ?IsInvokeAllowed@CCmdTarget@@UAEHJ@Z 5f40ff8b f
 0001:0000ef91       ?GetDispEntry@CCmdTarget@@IAGPBUAFX_DISPMAP_ENTRY@@J@Z 5f40ff91 f
 0001:0000f007       ?GetEntryCount@CCmdTarget@@KGIPBUAFX_DISPMAP@@@Z 5f410007 f
 0001:0000f036       ?CallMemberFunc@CCmdTarget@@IAEJPBUAFX_DISPMAP_ENTRY@@GPAUtagVARIANT@@PAUtagDISPPARAMS@@PAI@Z 5f410036 f
 0001:0000f22b       ?GetStackSize@CCmdTarget@@KGIPBEG@Z 5f41022b f
 0001:0000f270       ?PushStackArgs@CCmdTarget@@IAEJPAEPBEPAXGPAUtagDISPPARAMS@@PAIPAUtagVARIANT@@@Z 5f410270 f
 0001:0000f3d4       __AfxDispatchCall@12       5f4103d4 f
 0001:0000f3e5       ?InvokeHelper@COleDispatchDriver@@QAAXJGGPAXPBEZZ 5f4103e5 f
 0001:0000f405       ?ContinueModal@CWnd@@UAEHXZ 5f410405 f
 0001:0000f40c       ??0CPoint@@QAE@UtagPOINT@@@Z 5f41040c f
 0001:0000f512       ??_9@$BMM@AE               5f410512 f
 0001:0000f51a       ?OnOK@CDialog@@MAEXXZ      5f41051a f
 0001:0000f533       ?EndDialog@CDialog@@QAEXH@Z 5f410533 f
 0001:0000f556       ?EndModalLoop@CWnd@@UAEXH@Z 5f410556 f
 0001:0000f57a       ?PostModal@CDialog@@IAEXXZ 5f41057a f
 0001:0000f5b5       ?OnFinalRelease@CWnd@@UAEXXZ 5f4105b5 f
 0001:0000f5c7       ?ReleaseDispatch@COleDispatchDriver@@QAEXXZ 5f4105c7 f
 0001:0000f5e1       ??1CEdit@@UAE@XZ           5f4105e1 f
 0001:0000f619       ??1CStatic@@UAE@XZ         5f410619 f
 0001:0000f651       ??0COleDispatchDriver@@QAE@XZ 5f410651 f
 0001:0000f65e       ?DoModal@CDialog@@UAEHXZ   5f41065e f
 0001:0000f771       ?PreModal@CDialog@@IAEPAUHWND__@@XZ 5f410771 f
 0001:0000f7ac       ?GetSafeOwner_@CWnd@@SGPAUHWND__@@PAU2@PAPAU2@@Z 5f4107ac f
 0001:0000f819       ?GetRoutingFrame_@CCmdTarget@@KGPAVCFrameWnd@@XZ 5f410819 f
 0001:0000f825       ?PrepareCtrl@CDataExchange@@QAEPAUHWND__@@H@Z 5f410825 f
 0001:0000f853       ?GetDlgItem@CWnd@@QBEXHPAPAUHWND__@@@Z 5f410853 f
 0001:0000f874       ?CreateDispatch@COleDispatchDriver@@QAEHABU_GUID@@PAVCOleException@@@Z 5f410874 f
 0001:0000f8f8       __imp_load__CoCreateInstance@20 5f4108f8 f
 0001:0000f904       __imp_load__OleRun@4       5f410904 f
 0001:0000f910       ?CreateInstance@XClassFactory@COleObjectFactory@@UAGJPAUIUnknown@@ABU_GUID@@PAPAX@Z 5f410910 f
 0001:0000f92d       ?CreateInstanceLic@XClassFactory@COleObjectFactory@@UAGJPAUIUnknown@@0ABU_GUID@@PAGPAPAX@Z 5f41092d f
 0001:0000fa11       ?IsLicenseValid@COleObjectFactory@@QAEHXZ 5f410a11 f
 0001:0000fa2c       ?VerifyUserLicense@COleObjectFactory@@MAEHXZ 5f410a2c f
 0001:0000fa30       ?OnCreateObject@COleObjectFactory@@MAEPAVCCmdTarget@@XZ 5f410a30 f
 0001:0000fa47       ?_AfxQueryInterface@@YGPAUIUnknown@@PAU1@ABU_GUID@@@Z 5f410a47 f
 0001:0000fa6b       ?SetProperty@COleDispatchDriver@@QAAXJGZZ 5f410a6b f
 0001:0000fab5       __imp_load__VariantClear@4 5f410ab5 f
 0001:0000fabc       __tailMerge_OLEAUT32       5f410abc f
 0001:0000faca       ?GetProperty@COleDispatchDriver@@QBEXJGPAX@Z 5f410aca f
 0001:0000fae6       __imp_load__VariantChangeType@16 5f410ae6 f
 0001:0000faef       ?RunModalLoop@CWnd@@QAEHK@Z 5f410aef f
 0001:0000fc02       __imp_load__SysAllocString@4 5f410c02 f
 0001:0000fc0e       ?AfxBSTR2ABSTR@@YGPAGPAG@Z 5f410c0e f
 0001:0000fc5b       __imp_load__SysStringLen@4 5f410c5b f
 0001:0000fc67       __imp_load__SysAllocStringByteLen@8 5f410c67 f
 0001:0000fc73       ?MessagePending@XMessageFilter@COleMessageFilter@@UAGKPAUHTASK__@@KK@Z 5f410c73 f
 0001:0000fce7       ?OnMessagePending@COleMessageFilter@@UAEHPBUtagMSG@@@Z 5f410ce7 f
 0001:0000fd31       ?UpdateData@CWnd@@QAEHH@Z  5f410d31 f
 0001:0000fdaa       ??0CDataExchange@@QAE@PAVCWnd@@H@Z 5f410daa f
 0001:0000fdc0       ?OnCtlColor@CDialog@@IAEPAUHBRUSH__@@PAVCDC@@PAVCWnd@@I@Z 5f410dc0 f
 0001:0000fdd4       ?OnGrayCtlColor@CWnd@@QAEPAUHBRUSH__@@PAVCDC@@PAV1@I@Z 5f410dd4 f
 0001:0000fe35       ?CreateDlgIndirect@CWnd@@IAEHPBUDLGTEMPLATE@@PAV1@PAUHINSTANCE__@@@Z 5f410e35 f
 0001:0000ff5e       ?GetFont@CDialogTemplate@@SAHPBUDLGTEMPLATE@@AAVCString@@AAG@Z 5f410f5e f
 0001:0000ffcc       ?GetFontSizeField@CDialogTemplate@@KAPAEPBUDLGTEMPLATE@@@Z 5f410fcc f
 0001:0001001f       ?Create@CDialog@@QAEHPBDPAVCWnd@@@Z 5f41101f f
 0001:00010070       ?CreateIndirect@CDialog@@IAEHPAXPAVCWnd@@PAUHINSTANCE__@@@Z 5f411070 f
 0001:00010093       ?CreateIndirect@CDialog@@IAEHPBUDLGTEMPLATE@@PAVCWnd@@PAXPAUHINSTANCE__@@@Z 5f411093 f
 0001:000100be       ?HandleSetFont@CDialog@@IAEJIJ@Z 5f4110be f
 0001:000100e2       ?SetCheck@CTestCmdUI@@UAEXH@Z 5f4110e2 f
 0001:000100e5       ?_AfxPreInitDialog@@YGXPAVCWnd@@PAUtagRECT@@PAK@Z 5f4110e5 f
 0001:00010108       ?HandleInitDialog@CDialog@@IAEJIJ@Z 5f411108 f
 0001:00010145       ?OnInitDialog@CDialog@@UAEHXZ 5f411145 f
 0001:00010191       ?ExecuteDlgInit@CWnd@@QAEHPBD@Z 5f411191 f
 0001:000101d5       ?ExecuteDlgInit@CWnd@@QAEHPAX@Z 5f4111d5 f
 0001:0001020d       ?_AfxPostInitDialog@@YGXPAVCWnd@@ABUtagRECT@@K@Z 5f41120d f
 0001:0001027c       ?CreateObject@?$CProcessLocal@V_AFX_WIN_STATE@@@@SGPAVCNoTrackObject@@XZ 5f41127c f
 0001:000102ad       ??0_AFX_WIN_STATE@@QAE@XZ  5f4112ad f
 0001:000102b6       ?_GetBaseClass@CColorDialog@@KGPAUCRuntimeClass@@XZ 5f4112b6 f
 0001:000102bc       ?SubclassWindow@CWnd@@QAEHPAUHWND__@@@Z 5f4112bc f
 0001:000102ff       ??0CException@@QAE@XZ      5f4112ff f
 0001:0001030f       ??0CDockState@@QAE@XZ      5f41130f f
 0001:0001038c       ??0CSingleDocTemplate@@QAE@IPAUCRuntimeClass@@00@Z 5f41138c f
 0001:000103b4       ??_ECPtrList@@UAEPAXI@Z    5f4113b4 f
 0001:000103df       ?SetRegistryKey@CWinApp@@IAEXPBD@Z 5f4113df f
 0001:00010426       __imp_load__RegOpenKeyExA@20 5f411426 f
 0001:00010432       __imp_load__RegCreateKeyExA@36 5f411432 f
 0001:0001043e       __imp_load__RegQueryValueExA@24 5f41143e f
 0001:0001044a       ?GetProfileBinary@CWinApp@@QAEHPBD0PAPAEPAI@Z 5f41144a f
 0001:000104ec       ?Write@CMemFile@@UAEXPBXI@Z 5f4114ec f
 0001:0001052e       ??5CArchive@@QAEAAV0@AAM@Z 5f41152e f
 0001:00010562       ?FillBuffer@CArchive@@QAEXI@Z 5f411562 f
 0001:000105be       ?Read@CArchive@@QAEIPAXI@Z 5f4115be f
 0001:00010608       ?SetScreenSize@CDockState@@QAEXAAVCSize@@@Z 5f411608 f
 0001:0001063e       ??5CArchive@@QAEAAV0@AAG@Z 5f41163e f
 0001:00010669       ?ScalePoint@CDockState@@QAEXAAVCPoint@@@Z 5f411669 f
 0001:00010697       ?ScaleRectPos@CDockState@@QAEXAAVCRect@@@Z 5f411697 f
 0001:000106e3       ??0CDialog@@QAE@XZ         5f4116e3 f
 0001:00010705       ?CenterWindow@CWnd@@QAEXPAV1@@Z 5f411705 f
 0001:0001082d       _xMonitorFromWindow@8      5f41182d f
 0001:00010850       _InitMultipleMonitorStubs  5f411850 f
 0001:00010912       _xGetMonitorInfo@8         5f411912 f
 0001:00010939       ?SubclassDlgItem@CWnd@@QAEHIPAV1@@Z 5f411939 f
 0001:00010965       ?OnChildNotify@CButton@@MAEHIIJPAJ@Z 5f411965 f
 0001:00010993       ?OnDrawItem@CWnd@@IAEXHPAUtagDRAWITEMSTRUCT@@@Z 5f411993 f
 0001:000109bb       ?SelectGdiObject@CDC@@KGPAVCGdiObject@@PAUHDC__@@PAX@Z 5f4119bb f
 0001:000109d2       ?UpdatePrinterSelection@CWinApp@@IAEXH@Z 5f4119d2 f
 0001:00010a77       ??0CPrintDialog@@QAE@HKPAVCWnd@@@Z 5f411a77 f
 0001:00010b11       ?GetDefaults@CPrintDialog@@QAEHXZ 5f411b11 f
 0001:00010b21       _PrintDlgA@4               5f411b21 f
 0001:00010b27       __imp_load__PrintDlgA@4    5f411b27 f
 0001:00010b33       ?OpenDocumentFile@CSingleDocTemplate@@UAEPAVCDocument@@PBDH@Z 5f411b33 f
 0001:00010c6a       ??0CRichEditDoc@@IAE@XZ    5f411c6a f
 0001:00010c8d       ?AddDocument@CSingleDocTemplate@@UAEXPAVCDocument@@@Z 5f411c8d f
 0001:00010ca3       ??0CRichEditView@@QAE@XZ   5f411ca3 f
 0001:00010d63       ??0CCtrlView@@QAE@PBDK@Z   5f411d63 f
 0001:00010db4       ??0CDWordArray@@QAE@XZ     5f411db4 f
 0001:00010dcb       ?PreCreateWindow@CRichEditView@@MAEHAAUtagCREATESTRUCTA@@@Z 5f411dcb f
 0001:00010e00       ?AfxInitRichEdit@@YGHXZ    5f411e00 f
 0001:00010e30       ?CreateObject@?$CProcessLocal@V_AFX_RICHEDIT_STATE@@@@SGPAVCNoTrackObject@@XZ 5f411e30 f
 0001:00010e6d       ??0_AFX_EDIT_STATE@@QAE@XZ 5f411e6d f
 0001:00010eb2       ?PreCreateWindow@CCtrlView@@MAEHAAUtagCREATESTRUCTA@@@Z 5f411eb2 f
 0001:00010efc       ?OnCreate@CRichEditView@@IAEHPAUtagCREATESTRUCTA@@@Z 5f411efc f
 0001:00010f7f       ?AddRef@XRichEditOleCallback@CRichEditView@@UAGKXZ 5f411f7f f
 0001:00010f92       ?GetIRichEditOle@CRichEditCtrl@@QBEPAUIRichEditOle@@XZ 5f411f92 f
 0001:00010fb3       ?WrapChanged@CRichEditView@@MAEXXZ 5f411fb3 f
 0001:00011055       ?Create@CComboBox@@QAEHKABUtagRECT@@PAVCWnd@@I@Z 5f412055 f
 0001:00011076       ?OnMeasureItem@CWnd@@IAEXHPAUtagMEASUREITEMSTRUCT@@@Z 5f412076 f
 0001:000110b4       ??0CMapStringToPtr@@QAE@H@Z 5f4120b4 f
 0001:000110db       ?Lookup@CMapStringToPtr@@QBEHPBDAAPAX@Z 5f4120db f
 0001:000110fd       ?GetAssocAt@CMapStringToPtr@@IBEPAUCAssoc@1@PBDAAI@Z 5f4120fd f
 0001:00011154       ??ACMapStringToPtr@@QAEAAPAXPBD@Z 5f412154 f
 0001:000111b8       ?NewAssoc@CMapStringToPtr@@IAEPAUCAssoc@1@XZ 5f4121b8 f
 0001:0001121d       ?RemoveKey@CMapStringToPtr@@QAEHPBD@Z 5f41221d f
 0001:00011284       ?FreeAssoc@CMapStringToOb@@IAEXPAUCAssoc@1@@Z 5f412284 f
 0001:000112aa       ??1CMapStringToPtr@@UAE@XZ 5f4122aa f
 0001:000112dd       ?RemoveAll@CMapStringToOb@@QAEXXZ 5f4122dd f
 0001:0001132f       ?SetButtonInfo@CToolBar@@QAEXHIIH@Z 5f41232f f
 0001:0001139e       ?SetDefaultTitle@CSingleDocTemplate@@UAEXPAVCDocument@@@Z 5f41239e f
 0001:00011400       ?SetTitle@CRichEditDoc@@UAEXPBD@Z 5f412400 f
 0001:00011432       ?DeleteContents@CRichEditView@@UAEXXZ 5f412432 f
 0001:00011462       ?SetSel@CRichEditCtrl@@QAEXJJ@Z 5f412462 f
 0001:0001148b       ?SetDefaultCharFormat@CRichEditCtrl@@QAEHAAU_charformat@@@Z 5f41248b f
 0001:000114a9       ?SetSelectionCharFormat@CRichEditCtrl@@QAEHAAU_charformat@@@Z 5f4124a9 f
 0001:000114c7       ?SetParaFormat@CRichEditCtrl@@QAEHAAU_paraformat@@@Z 5f4124c7 f
 0001:000114e5       ?SetModifiedFlag@CRichEditDoc@@UAEXH@Z 5f4124e5 f
 0001:00011504       ?SetDockState@CFrameWnd@@QAEXABVCDockState@@@Z 5f412504 f
 0001:000115aa       ?SetBarInfo@CControlBar@@QAEXPAVCControlBarInfo@@PAVCFrameWnd@@@Z 5f4125aa f
 0001:00011678       ?SetBarInfo@CDockBar@@QAEXPAVCControlBarInfo@@PAVCFrameWnd@@@Z 5f412678 f
 0001:000117fb       ?RemoveControlBar@CDockBar@@QAEHPAVCControlBar@@HH@Z 5f4127fb f
 0001:0001187f       ?RemoveAt@CDWordArray@@QAEXHH@Z 5f41287f f
 0001:000118b7       ?InsertAt@CObArray@@QAEXHPAVCObject@@H@Z 5f4128b7 f
 0001:0001194a       ?_GetBaseClass@CRichEditView@@KGPAUCRuntimeClass@@XZ 5f41294a f
 0001:00011950       ?CreatePrinterDC@CWinApp@@QAEHAAVCDC@@@Z 5f412950 f
 0001:00011986       ?AfxCreateDC@@YGPAUHDC__@@PAX0@Z 5f412986 f
 0001:000119f1       ?DeleteDC@CDC@@QAEHXZ      5f4129f1 f
 0001:000119fe       ?ParseParam@CCommandLineInfo@@UAEXPBDHH@Z 5f4129fe f
 0001:00011a24       ?ParseParamNotFlag@CCommandLineInfo@@IAEXPBD@Z 5f412a24 f
 0001:00011a44       ?ParseLast@CCommandLineInfo@@IAEXH@Z 5f412a44 f
 0001:00011a73       ?Open@CFile@@UAEHPBDIPAVCFileException@@@Z 5f412a73 f
 0001:00011b44       ?AfxFullPath@@YGHPADPBD@Z  5f412b44 f
 0001:00011bdb       ?AfxGetRoot@@YGXPBDAAVCString@@@Z 5f412bdb f
 0001:00011c73       ??0CTime@@QAE@ABU_FILETIME@@H@Z 5f412c73 f
 0001:00011cc2       ??0CTime@@QAE@ABU_SYSTEMTIME@@H@Z 5f412cc2 f
 0001:00011d0d       ??0CTime@@QAE@HHHHHHH@Z    5f412d0d f
 0001:00011d5a       ?Seek@CFile@@UAEJJI@Z      5f412d5a f
 0001:00011d7f       ?Read@CFile@@UAEIPAXI@Z    5f412d7f f
 0001:00011db0       ?Close@CFile@@UAEXXZ       5f412db0 f
 0001:00011de7       ?OpenDocumentFile@CWinApp@@UAEPAVCDocument@@PBD@Z 5f412de7 f
 0001:00011df9       ?OpenDocumentFile@CDocManager@@UAEPAVCDocument@@PBD@Z 5f412df9 f
 0001:00011ed7       ?AfxResolveShortcut@@YGHPAVCWnd@@PBDPADH@Z 5f412ed7 f
 0001:00011f25       __imp_load__SHGetFileInfoA@20 5f412f25 f
 0001:00011f31       ?MatchDocType@CDocTemplate@@UAE?AW4Confidence@1@PBDAAPAVCDocument@@@Z 5f412f31 f
 0001:00011fe4       ?AfxComparePath@@YGHPBD0@Z 5f412fe4 f
 0001:0001201f       ?OnOpenDocument@COleLinkingDoc@@UAEHPBD@Z 5f41301f f
 0001:0001206e       __imp_load__CreateFileMoniker@8 5f41306e f
 0001:0001207a       __imp_load__GetRunningObjectTable@8 5f41307a f
 0001:00012086       ?OnOpenDocument@COleDocument@@UAEHPBD@Z 5f413086 f
 0001:000120ce       ?OnOpenDocument@CDocument@@UAEHPBD@Z 5f4130ce f
 0001:00012200       ?GetBufferPtr@CFile@@UAEIIIPAPAX0@Z 5f413200 f
 0001:00012205       ?Serialize@CRichEditDoc@@UAEXAAVCArchive@@@Z 5f413205 f
 0001:0001221f       ?Serialize@CRichEditView@@UAEXAAVCArchive@@@Z 5f41321f f
 0001:0001222d       ?Stream@CRichEditView@@QAEXAAVCArchive@@H@Z 5f41322d f
 0001:000122a7       ?EditStreamCallBack@CRichEditView@@SGKKPAEJPAJ@Z 5f4132a7 f
 0001:00012306       ?GetPosition@CFile@@UBEKXZ 5f413306 f
 0001:00012325       ?SetMessageText@CFrameWnd@@QAEXPBD@Z 5f413325 f
 0001:0001233c       ?ReleaseFile@CDocument@@UAEXPAVCFile@@H@Z 5f41333c f
 0001:00012364       ?SetPathName@CRichEditDoc@@UAEXPBDH@Z 5f413364 f
 0001:00012374       ?SetPathName@CDocument@@UAEXPBDH@Z 5f413374 f
 0001:000123f0       ?AddToRecentFileList@CWinApp@@UAEXPBD@Z 5f4133f0 f
 0001:00012406       ?Add@CRecentFileList@@UAEXPBD@Z 5f413406 f
 0001:00012464       ?UpdateAllItems@COleServerDoc@@QAEXPAVCOleServerItem@@JPAVCObject@@W4tagDVASPECT@@@Z 5f413464 f
 0001:0001248e       ?GetSectionKey@CWinApp@@QAEPAUHKEY__@@PBD@Z 5f41348e f
 0001:000124d4       ?GetAppRegistryKey@CWinApp@@QAEPAUHKEY__@@XZ 5f4134d4 f
 0001:0001256b       ??0CMemFile@@QAE@I@Z       5f41356b f
 0001:0001259b       ??0CFile@@QAE@XZ           5f41359b f
 0001:000125db       ?GrowFile@CMemFile@@MAEXK@Z 5f4135db f
 0001:00012632       ?Alloc@CMemFile@@MAEPAEK@Z 5f413632 f
 0001:00012640       ?Memcpy@CMemFile@@MAEPAEPAEPBEI@Z 5f413640 f
 0001:00012665       ?Seek@CMemFile@@UAEJJI@Z   5f413665 f
 0001:000126a3       ??0CArchive@@QAE@PAVCFile@@IHPAX@Z 5f4136a3 f
 0001:0001277b       ?GetFilePath@CFile@@UBE?AVCString@@XZ 5f41377b f
 0001:000127bb       ??0CFileStatus@@QAE@XZ     5f4137bb f
 0001:000127d7       ??0CTime@@QAE@XZ           5f4137d7 f
 0001:000127da       ?GetStatus@CFile@@QBEHAAUCFileStatus@@@Z 5f4137da f
 0001:000128bb       ?GetBufferPtr@CMemFile@@UAEIIIPAPAX0@Z 5f4138bb f
 0001:0001295f       ?Serialize@CDockState@@UAEXAAVCArchive@@@Z 5f41395f f
 0001:00012a81       ?Clear@CDockState@@QAEXXZ  5f413a81 f
 0001:00012abd       ??0CControlBarInfo@@QAE@XZ 5f413abd f
 0001:00012b0b       ?Serialize@CControlBarInfo@@QAEXAAVCArchive@@PAVCDockState@@@Z 5f413b0b f
 0001:00012d02       ?GetVersion@CDockState@@QAEKXZ 5f413d02 f
 0001:00012d06       ?Close@CArchive@@QAEXXZ    5f413d06 f
 0001:00012d14       ?Flush@CArchive@@QAEXXZ    5f413d14 f
 0001:00012d79       ??1CArchive@@QAE@XZ        5f413d79 f
 0001:00012db8       ?Abort@CArchive@@QAEXXZ    5f413db8 f
 0001:00012df6       ??1CMemFile@@UAE@XZ        5f413df6 f
 0001:00012e42       ?Close@CMemFile@@UAEXXZ    5f413e42 f
 0001:00012e6c       ?Free@CMemFile@@MAEXPAE@Z  5f413e6c f
 0001:00012e7a       ??1CFile@@UAE@XZ           5f413e7a f
 0001:00012eca       ?BeginWaitCursor@CCmdTarget@@QAEXXZ 5f413eca f
 0001:00012edf       ?DoWaitCursor@CWinApp@@UAEXH@Z 5f413edf f
 0001:00012f3e       ?EndWaitCursor@CCmdTarget@@QAEXXZ 5f413f3e f
 0001:00012f53       ?GetView@CRichEditDoc@@UBEPAVCRichEditView@@XZ 5f413f53 f
 0001:00012f92       ?GetStartPosition@CRichEditDoc@@UBEPAU__POSITION@@XZ 5f413f92 f
 0001:00012fab       ?IsModified@CRichEditDoc@@UAEHXZ 5f413fab f
 0001:00012fc6       ?DeleteContents@CRichEditDoc@@UAEXXZ 5f413fc6 f
 0001:00013033       __imp_load__GetFileTitleA@12 5f414033 f
 0001:0001303a       __tailMerge_comdlg32       5f41403a f
 0001:00013048       ?OnCancel@CPropertyPage@@UAEXXZ 5f414048 f
 0001:00013049       ?GetLength@CFile@@UBEKXZ   5f414049 f
 0001:00013076       ?AfxGetFileTitle@@YGIPBDPADI@Z 5f414076 f
 0001:000130b3       _GetFileTitleA@12          5f4140b3 f
 0001:000130b9       ?GetDisplayName@CRecentFileList@@QBEHAAVCString@@HPBDHH@Z 5f4140b9 f
 0001:000131bc       ??H@YG?AVCString@@ABV0@0@Z 5f4141bc f
 0001:00013222       ?_AfxAbbreviateName@@YGXPADHH@Z 5f414222 f
 0001:000132ba       ?OnUpdateFileSendMail@CDocument@@IAEXPAVCCmdUI@@@Z 5f4142ba f
 0001:0001332c       ?OnCancelEditCntr@CRichEditView@@IAEXXZ 5f41432c f
 0001:00013336       ?CanCloseFrame@COleServerDoc@@UAEHPAVCFrameWnd@@@Z 5f414336 f
 0001:0001335b       ?CanCloseFrame@CDocument@@UAEHPAVCFrameWnd@@@Z 5f41435b f
 0001:000133a3       ?GetDockState@CFrameWnd@@QBEXAAVCDockState@@@Z 5f4143a3 f
 0001:0001341e       ?GetBarInfo@CControlBar@@QAEXPAVCControlBarInfo@@@Z 5f41441e f
 0001:000134e6       ?GetBarInfo@CDockBar@@QAEXPAVCControlBarInfo@@@Z 5f4144e6 f
 0001:0001356d       ?PreCloseFrame@CRichEditDoc@@UAEXPAVCFrameWnd@@@Z 5f41456d f
 0001:000135ce       ?OnDeleteItem@CWnd@@IAEXHPAUtagDELETEITEMSTRUCT@@@Z 5f4145ce f
 0001:000135ee       ?DrawItem@CListView@@UAEXPAUtagDRAWITEMSTRUCT@@@Z 5f4145ee f
 0001:000135f1       ?OnDestroy@CRichEditView@@IAEXXZ 5f4145f1 f
 0001:0001360a       ?Release@XRichEditOleCallback@CRichEditView@@UAGKXZ 5f41460a f
 0001:0001361c       ??1CDWordArray@@UAE@XZ     5f41461c f
 0001:00013653       ??1CComboBox@@UAE@XZ       5f414653 f
 0001:0001368b       ?RemoveDocument@CSingleDocTemplate@@UAEXPAVCDocument@@@Z 5f41468b f
 0001:0001369f       ?WriteProfileInt@CWinApp@@QAEHPBD0H@Z 5f41469f f
 0001:000136ee       ?WriteProfileBinary@CWinApp@@QAEHPBD0PAEI@Z 5f4146ee f
 0001:0001373c       ??6CArchive@@QAEAAV0@K@Z   5f41473c f
 0001:00013764       ?GetScreenSize@CDockState@@QAE?AVCSize@@XZ 5f414764 f
 0001:0001377e       ?Write@CArchive@@QAEXPBXI@Z 5f41477e f
 0001:000137bd       ??6CArchive@@QAEAAV0@G@Z   5f4147bd f
 0001:000137e3       ?Realloc@CMemFile@@MAEPAEPAEK@Z 5f4147e3 f
 0001:000137f6       ?Read@CMemFile@@UAEIPAXI@Z 5f4147f6 f
 0001:0001383b       __imp_load__RegDeleteKeyA@8 5f41483b f
 0001:00013847       ?UpdateAllPanes@CStatusBar@@IAEXHH@Z 5f414847 f
 0001:0001398f       ?SetPaneText@CStatusBar@@QAEHHPBDH@Z 5f41498f f
 0001:00013a43       ?SetMessageText@CFrameWnd@@QAEXI@Z 5f414a43 f
 0001:00013a5a       ?OnSetMessageString@CFrameWnd@@IAEJIJ@Z 5f414a5a f
 0001:00013b1d       ?GetMessageBar@CFrameWnd@@UAEPAVCWnd@@XZ 5f414b1d f
 0001:00013b2d       ?GetDescendantWindow@CWnd@@SGPAV1@PAUHWND__@@HH@Z 5f414b2d f
 0001:00013ba7       ?GetMessageString@CFrameWnd@@UBEXIAAVCString@@@Z 5f414ba7 f
 0001:00013bee       ?OnSetText@CStatusBar@@IAEJIJ@Z 5f414bee f
 0001:00013c19       ?CommandToIndex@CStatusBar@@QBEHI@Z 5f414c19 f
 0001:00013c42       ?_AfxRelease@@YGKPAPAUIUnknown@@@Z 5f414c42 f
 0001:00013c5e       ?GetExStyle@CWnd@@QBEKXZ   5f414c5e f
 0001:00013c75       ?UpdateFrameCounts@CDocument@@UAEXXZ 5f414c75 f
 0001:00013d68       ?OnPaint@CStatusBar@@IAEXXZ 5f414d68 f
 0001:00013d7d       ?OnSysCommand@CFrameWnd@@IAEXIJ@Z 5f414d7d f
 0001:00013da6       ?OnInitMenu@CFrameWnd@@IAEXPAVCMenu@@@Z 5f414da6 f
 0001:00013dbf       ?IsTracking@CFrameWnd@@QBEHXZ 5f414dbf f
 0001:00013dde       ?OnMenuSelect@CFrameWnd@@IAEXIIPAUHMENU__@@@Z 5f414dde f
 0001:00013ed9       ?OnInitMenuPopup@CFrameWnd@@IAEXPAVCMenu@@IH@Z 5f414ed9 f
 0001:00013ffd       ?AfxCancelModes@@YGXPAUHWND__@@@Z 5f414ffd f
 0001:0001404b       ?_AfxIsComboBoxControl@@YGHPAUHWND__@@I@Z 5f41504b f
 0001:00014074       ?OnEnterIdle@CFrameWnd@@IAEXIPAVCWnd@@@Z 5f415074 f
 0001:000140a5       ?AddTail@CObList@@QAEPAU__POSITION@@PAVCObject@@@Z 5f4150a5 f
 0001:000140ce       ?NewNode@CObList@@IAEPAUCNode@1@PAU21@0@Z 5f4150ce f
 0001:00014126       ?OnParentNotify@CWnd@@IAEXIJ@Z 5f415126 f
 0001:00014155       ?OnShowWindow@CWnd@@IAEXHI@Z 5f415155 f
 0001:0001415d       ?AllocElements@CStatusBar@@QAEHHH@Z 5f41515d f
 0001:000141c2       ?AllocElements@CControlBar@@QAEHHH@Z 5f4151c2 f
 0001:000141fd       ?_AfxActivationWndProc@@YGJPAUHWND__@@IIJ@Z 5f4151fd f
 0001:000142a1       ?OnChangedViewList@CDocument@@UAEXXZ 5f4152a1 f
 0001:000142b9       ?GetStartPosition@COleDocument@@UBEPAU__POSITION@@XZ 5f4152b9 f
 0001:000142bd       ?GetNextClientItem@COleDocument@@QBEPAVCOleClientItem@@AAPAU__POSITION@@@Z 5f4152bd f
 0001:000142ce       ?GetNextItemOfKind@COleDocument@@IBEPAVCDocItem@@AAPAU__POSITION@@PAUCRuntimeClass@@@Z 5f4152ce f
 0001:000142e8       ?Revoke@COleLinkingDoc@@QAEXXZ 5f4152e8 f
 0001:0001434c       ?DeleteContents@COleDocument@@UAEXXZ 5f41534c f
 0001:00014378       ?SetActiveView@CFrameWnd@@QAEXPAVCView@@H@Z 5f415378 f
 0001:000143c8       ?DeleteContents@COleServerDoc@@UAEXXZ 5f4153c8 f
 0001:00014437       ?GetNextServerItem@COleDocument@@QBEPAVCOleServerItem@@AAPAU__POSITION@@@Z 5f415437 f
 0001:00014448       ?IsDockBar@CControlBar@@UBEHXZ 5f415448 f
 0001:0001444b       ?IsDockBar@CDockBar@@UBEHXZ 5f41544b f
 0001:0001444f       ?SaveModified@COleDocument@@UAEHXZ 5f41544f f
 0001:0001448b       ?SaveModified@CDocument@@UAEHXZ 5f41548b f
 0001:000144b7       ?SaveModified@COleServerDoc@@MAEHXZ 5f4154b7 f
 0001:000144d0       ??0CPtrArray@@QAE@XZ       5f4154d0 f
 0001:000144e7       ??0CString@@QAE@PBD@Z      5f4154e7 f
 0001:00014536       ?SetSize@CUIntArray@@QAEXHH@Z 5f415536 f
 0001:00014650       ?SetAtGrow@CUIntArray@@QAEXHI@Z 5f415650 f
 0001:00014677       ??0CString@@QAE@ABV0@@Z    5f415677 f
 0001:0001469e       ?ConcatCopy@CString@@IAEXHPBDH0@Z 5f41569e f
 0001:000146dc       ?Revoke@COleObjectFactory@@QAEXXZ 5f4156dc f
 0001:000146ff       ?AfxOleGetUserCtrl@@YGHXZ  5f4156ff f
 0001:00014708       ??1CControlBarInfo@@QAE@XZ 5f415708 f
 0001:0001470b       ??1CPtrArray@@UAE@XZ       5f41570b f
 0001:00014742       ?GetInterfaceMap@COleLinkingDoc@@MBEPBUAFX_INTERFACEMAP@@XZ 5f415742 f
 0001:00014748       ?QueryInterface@XPersistFile@COleLinkingDoc@@UAGJABU_GUID@@PAPAX@Z 5f415748 f
 0001:00014762       ?Release@XPersistFile@COleLinkingDoc@@UAGKXZ 5f415762 f
 0001:00014774       __imp_load__CoTaskMemFree@4 5f415774 f
 0001:00014780       __imp_load__RegSetValueExA@24 5f415780 f
[...]
 0003:00004c78       ??_R0?AVCUIntArray@@@8     5f4d7c78  
 0003:00004c98       ??_R0?AVCWordArray@@@8     5f4d7c98  
 0003:00004cb8       ??_R0?AVCStringList@@@8    5f4d7cb8  
 0003:00004cd8       ??_R0?AVCMapPtrToWord@@@8  5f4d7cd8  
 0003:00004cf8       ??_R0?AVCMapStringToOb@@@8 5f4d7cf8  
 0003:00004d18       ??_R0?AVCMapStringToString@@@8 5f4d7d18  
 0003:00004d40       ??_R0?AVCMapWordToOb@@@8   5f4d7d40  
 0003:00004d60       ??_R0?AVCMapWordToPtr@@@8  5f4d7d60  
 0003:00004d80       ??_R0?AVCSemaphore@@@8     5f4d7d80  
 0003:00004da0       ??_R0?AVCMutex@@@8         5f4d7da0  
 0003:00004db8       ??_R0?AVCEvent@@@8         5f4d7db8  
 0003:00004dd0       ??_R0PAVCUserException@@@8 5f4d7dd0  
 0003:00004df0       ??_R0?AVCToolTipCtrl@@@8   5f4d7df0  
 0003:00004e10       ??_R0?AVCMiniFrameWnd@@@8  5f4d7e10  
 0003:00004e30       ??_R0?AVCBrush@@@8         5f4d7e30  
 0003:00004e48       ??_R0?AVCDialogBar@@@8     5f4d7e48  
 0003:00004e68       ??_R0?AVCMiniDockFrameWnd@@@8 5f4d7e68  
 0003:00004e88       ??_R0?AVCPreviewDC@@@8     5f4d7e88  
 0003:00004ea8       ??_R0?AVCMetaFileDC@@@8    5f4d7ea8  
 0003:00004ec8       ??_R0?AVCRectTracker@@@8   5f4d7ec8  
 0003:00004ee8       ??_R0?AVCReBar@@@8         5f4d7ee8  
 0003:00004f00       ??_R0?AVCListBox@@@8       5f4d7f00  
 0003:00004f18       ??_R0?AVCScrollBar@@@8     5f4d7f18  
 0003:00004f38       ??_R0?AVCDragListBox@@@8   5f4d7f38  
 0003:00004f58       ??_R0?AVCRgn@@@8           5f4d7f58  
 0003:00004f70       ??_R0?AVCToolBarCtrl@@@8   5f4d7f70  
 0003:00004f90       ??_R0?AVCStatusBarCtrl@@@8 5f4d7f90  
 0003:00004fb0       ??_R0?AVCListCtrl@@@8      5f4d7fb0  
 0003:00004fc8       ??_R0?AVCTreeCtrl@@@8      5f4d7fc8  
 0003:00004fe0       ??_R0?AVCSpinButtonCtrl@@@8 5f4d7fe0  
 0003:00005000       ??_R0?AVCSliderCtrl@@@8    5f4d8000  
 0003:00005020       ??_R0?AVCProgressCtrl@@@8  5f4d8020  
 0003:00005040       ??_R0?AVCHeaderCtrl@@@8    5f4d8040  
 0003:00005060       ??_R0?AVCHotKeyCtrl@@@8    5f4d8060  
 0003:00005080       ??_R0?AVCTabCtrl@@@8       5f4d8080  
 0003:00005098       ??_R0?AVCAnimateCtrl@@@8   5f4d8098  
 0003:000050b8       ??_R0?AVCRichEditCtrl@@@8  5f4d80b8  
 0003:000050d8       ??_R0?AVCImageList@@@8     5f4d80d8  
 0003:000050f8       ??_R0?AVCTempImageList@@@8 5f4d80f8  
 0003:00005118       ??_R0?AV_AFX_CHECKLIST_STATE@@@8 5f4d8118  
 0003:00005140       ??_R0?AVCBitmap@@@8        5f4d8140  
 0003:00005158       ?_afxPropSheetButtons@@3PAHA 5f4d8158  
 0003:00005168       ??_R0?AVCPropertyPage@@@8  5f4d8168  
 0003:00005188       ??_R0?AVCPropertySheet@@@8 5f4d8188  
 0003:000051a8       ??_R0?AVCPropertyPageEx@@@8 5f4d81a8  
 0003:000051c8       ??_R0?AVCPropertySheetEx@@@8 5f4d81c8  
 0003:000051e8       ??_R0?AVCFileDialog@@@8    5f4d81e8  
 0003:00005208       ??_R0?AVCPageSetupDialog@@@8 5f4d8208  
 0003:00005228       ??_R0?AV_AFX_COLOR_STATE@@@8 5f4d8228  
 0003:00005248       ??_R0?AVCColorDialog@@@8   5f4d8248  
 0003:00005268       ??_R0?AVCFontDialog@@@8    5f4d8268  
 0003:00005288       ??_R0?AVCFindReplaceDialog@@@8 5f4d8288  
 0003:000052b0       ??_R0?AU_AFX_PROPPAGEFONTINFO@@@8 5f4d82b0  
 0003:000052d8       ??_R0?AVCIPAddressCtrl@@@8 5f4d82d8  
 0003:000052f8       ??_R0?AVCComboBoxEx@@@8    5f4d82f8  
 0003:00005318       ??_R0?AVCPen@@@8           5f4d8318  
 0003:00005330       ??_R0PAVCResourceException@@@8 5f4d8330  
 0003:00005354       ?_dispatchEntryCount@CCmdTarget@@0IA 5f4d8354  
 0003:00005358       ?_dwStockPropMask@CCmdTarget@@0KA 5f4d8358  
 0003:0000535c       ?_eventsinkEntryCount@CCmdTarget@@0IA 5f4d835c  
 0003:00005360       ??_R0?AVCMirrorFile@@@8    5f4d8360  
 0003:00005380       ??_R0?AVCNewTypeDlg@@@8    5f4d8380  
 0003:000053a0       ??_R0?AVCPrintingDialog@@@8 5f4d83a0  
 0003:000053c0       ??_R0?AVCFormView@@@8      5f4d83c0  
 0003:000053d8       ??_R0?AVCEditView@@@8      5f4d83d8  
 0003:000053f0       ??_R0?AVCPreviewView@@@8   5f4d83f0  
 0003:00005410       ??_R0?AVCListView@@@8      5f4d8410  
 0003:00005428       ??_R0?AVCTreeView@@@8      5f4d8428  
 0003:00005440       ??_R0?AV_AFX_MAIL_STATE@@@8 5f4d8440  
 0003:00005460       ??_R0?AVCInternetSession@@@8 5f4d8460  
 0003:00005480       ??_R0?AVCInternetFile@@@8  5f4d8480  
 0003:000054a0       ??_R0?AVCInternetConnection@@@8 5f4d84a0  
 0003:000054c8       ??_R0?AVCFtpConnection@@@8 5f4d84c8  
 0003:000054e8       ??_R0?AVCGopherConnection@@@8 5f4d84e8  
 0003:00005508       ??_R0?AVCHttpConnection@@@8 5f4d8508  
 0003:00005528       ??_R0?AVCHttpFile@@@8      5f4d8528  
 0003:00005540       ??_R0?AVCGopherFile@@@8    5f4d8540  
 0003:00005560       ??_R0?AVCFileFind@@@8      5f4d8560  
 0003:00005578       ??_R0?AVCFtpFileFind@@@8   5f4d8578  
 0003:00005598       ??_R0?AVCGopherFileFind@@@8 5f4d8598  
 0003:000055b8       ??_R0?AVCGopherLocator@@@8 5f4d85b8  
 0003:000055d8       ??_R0PAVCInternetException@@@8 5f4d85d8  
 0003:00005600       ??_R0?AVCInternetException@@@8 5f4d8600  
 0003:00005628       ??_R0?AV_AFX_SOCK_STATE@@@8 5f4d8628  
 0003:00005648       ??_R0?AVCAsyncSocket@@@8   5f4d8648  
 0003:00005668       ??_R0?AVCSocket@@@8        5f4d8668  
 0003:00005680       ??_R0?AVCSocketFile@@@8    5f4d8680  
 0003:000056a0       ??_R0?AVCSocketWnd@@@8     5f4d86a0  
 0003:000056c0       ??_R0?AUIOleInPlaceSite@@@8 5f4d86c0  
 0003:000056e0       ??_R0?AVXOleIPSite@COleClientItem@@@8 5f4d86e0  
 0003:00005708       ??_R0?AUIAdviseSink@@@8    5f4d8708  
 0003:00005728       ??_R0?AVXAdviseSink@COleClientItem@@@8 5f4d8728  
 0003:00005758       ??_R0?AUIOleClientSite@@@8 5f4d8758  
 0003:00005778       ??_R0?AVXOleClientSite@COleClientItem@@@8 5f4d8778  
 0003:000057a8       ??_R0?AVCDocItem@@@8       5f4d87a8  
 0003:000057c0       ??_R0?AVCOleClientItem@@@8 5f4d87c0  
 0003:000057e0       ??_R0?AUIOleCommandTarget@@@8 5f4d87e0  
 0003:00005800       ??_R0?AVXOleCommandTarget@COleFrameHook@@@8 5f4d8800  
 0003:00005830       ??_R0?AUIOleInPlaceUIWindow@@@8 5f4d8830  
 0003:00005858       ??_R0?AUIOleInPlaceFrame@@@8 5f4d8858  
 0003:00005878       ??_R0?AVXOleInPlaceFrame@COleFrameHook@@@8 5f4d8878  
 0003:000058a8       ??_R0?AVCOleFrameHook@@@8  5f4d88a8  
 0003:000058c8       ??_R0?AVXDataObject@COleDataSource@@@8 5f4d88c8  
 0003:000058f8       ??_R0?AVCOleDataSource@@@8 5f4d88f8  
 0003:00005918       ??_R0?AVCEnumArray@@@8     5f4d8918  
 0003:00005938       ??_R0?AVCEnumFormatEtc@@@8 5f4d8938  
 0003:00005958       ??_R0PAVCOleException@@@8  5f4d8958  
 0003:00005978       ??_R0?AVCOleDispatchException@@@8 5f4d8978  
 0003:000059a0       ??_R0PAVCOleDispatchException@@@8 5f4d89a0  
 0003:000059c8       ??_R0?AVCOleInsertDialog@@@8 5f4d89c8  
 0003:000059e8       ??_R0?AVCOleConvertDialog@@@8 5f4d89e8  
 0003:00005a08       ??_R0?AVCOleChangeIconDialog@@@8 5f4d8a08  
 0003:00005a30       ??_R0?AVCOlePasteSpecialDialog@@@8 5f4d8a30  
 0003:00005a58       ??_R0?AVCOleBusyDialog@@@8 5f4d8a58  
 0003:00005a78       ??_R0?AUIOleUIObjInfoA@@@8 5f4d8a78  
 0003:00005a98       ??_R0?AVXOleUIObjInfo@COlePropertiesDialog@@@8 5f4d8a98  
 0003:00005ad0       ??_R0?AVCOlePropertiesDialog@@@8 5f4d8ad0  
 0003:00005af8       ??_R0?AVCOleChangeSourceDialog@@@8 5f4d8af8  
 0003:00005b20       ?_afxMonthDays@@3PAHA      5f4d8b20  
 0003:00005b58       ??_R0?AUIDropSource@@@8    5f4d8b58  
 0003:00005b78       ??_R0?AVXDropSource@COleDropSource@@@8 5f4d8b78  
 0003:00005ba8       ??_R0?AVCOleDropSource@@@8 5f4d8ba8  
 0003:00005bc8       ??_R0?AUIEnumVOID@@@8      5f4d8bc8  
 0003:00005be0       ??_R0?AVXEnumVOID@CEnumArray@@@8 5f4d8be0  
 0003:00005c08       ??_R0?AVCOleCntrFrameWnd@@@8 5f4d8c08  
 0003:00005c28       ??_R0?AVCOleIPFrameWnd@@@8 5f4d8c28  
 0003:00005c48       ??_R0?AVCOleException@@@8  5f4d8c48  
 0003:00005c68       ??_R0?AVCOleStreamFile@@@8 5f4d8c68  
 0003:00005c88       ??_R0?AVXOleObject@COleServerItem@@@8 5f4d8c88  
 0003:00005cb0       ??_R0?AVCItemDataSource@COleServerItem@@@8 5f4d8cb0  
 0003:00005ce0       ??_R0?AVXDataObject@COleServerItem@@@8 5f4d8ce0  
 0003:00005d10       ??_R0?AVCOleServerItem@@@8 5f4d8d10  
 0003:00005d30       ??_R0?AVCInnerUnknown@@@8  5f4d8d30  
 0003:00005d50       ??_R0?AVCEnumOleVerb@@@8   5f4d8d50  
 0003:00005d70       ??_R0?AVCRichEditCntrItem@@@8 5f4d8d70  
 0003:00005d90       ??_R0?AVCTypeLibCacheMap@@@8 5f4d8d90  
 0003:00005db0       ??_R0?AVCMonikerFile@@@8   5f4d8db0  
 0003:00005dd0       ??_R0?AUIBindHost@@@8      5f4d8dd0  
 0003:00005de8       ??_R0?AV_AfxBindHost@@@8   5f4d8de8  
 0003:00005e08       ??_R0?AVCDateTimeCtrl@@@8  5f4d8e08  
 0003:00005e28       ??_R0?AVCMonthCalCtrl@@@8  5f4d8e28  
 0003:00005e44       ?_eventsinkEntryCount@CHtmlView@@0IA 5f4d8e44  
 0003:00005e50       ??_R0?AVCHtmlView@@@8      5f4d8e50  
 0003:00005e68       ??_R0?AVCOccManager@@@8    5f4d8e68  
 0003:00005e84       ?_dwStockPropMask@COleControlContainer@@0KA 5f4d8e84  
 0003:00005e88       ?_dispatchEntryCount@COleControlContainer@@0IA 5f4d8e88  
 0003:00005e90       ??_R0?AVXOleIPFrame@COleControlContainer@@@8 5f4d8e90  
 0003:00005ec0       ??_R0?AVXOleContainer@COleControlContainer@@@8 5f4d8ec0  
 0003:00005ef8       ??_R0?AVCOleControlContainer@@@8 5f4d8ef8  
 0003:00005f20       ??_R0?AVCFont@@@8          5f4d8f20  
 0003:00005f38       ??_R0?AVCEnumUnknown@@@8   5f4d8f38  
 0003:00005f58       ??_R0?AVXOleClientSite@COleControlSite@@@8 5f4d8f58  
 0003:00005f88       ??_R0?AUIRowsetNotify@@@8  5f4d8f88  
 0003:00005fa8       ??_R0?AVXRowsetNotify@COleControlSite@@@8 5f4d8fa8  
 0003:00005fd8       ??_R0?AUINotifyDBEvents@@@8 5f4d8fd8  
 0003:00005ff8       ??_R0?AVXNotifyDBEvents@COleControlSite@@@8 5f4d8ff8  
 0003:00006028       ??_R0?AUIBoundObjectSite@@@8 5f4d9028  
 0003:00006048       ??_R0?AVXBoundObjectSite@COleControlSite@@@8 5f4d9048  
 0003:00006078       ??_R0?AVXEventSink@COleControlSite@@@8 5f4d9078  
 0003:000060a8       ??_R0?AUIPropertyNotifySink@@@8 5f4d90a8  
 0003:000060d0       ??_R0?AVXPropertyNotifySink@COleControlSite@@@8 5f4d90d0  
 0003:00006108       ??_R0?AVXAmbientProps@COleControlSite@@@8 5f4d9108  
 0003:00006138       ??_R0?AUIOleControlSite@@@8 5f4d9138  
 0003:00006158       ??_R0?AVXOleControlSite@COleControlSite@@@8 5f4d9158  
 0003:00006188       ??_R0?AVXOleIPSite@COleControlSite@@@8 5f4d9188  
 0003:000061b8       ??_R0?AVCOleControlSite@@@8 5f4d91b8  
 0003:000061d8       ??_R0?AVCDataSourceControl@@@8 5f4d91d8  
 0003:00006200       __GUID_0c733a05_2a1c_11ce_ade5_00aa0044773d 5f4d9200  
 0003:00006210       __GUID_0c733a11_2a1c_11ce_ade5_00aa0044773d 5f4d9210  
 0003:00006220       __GUID_0c733a8c_2a1c_11ce_ade5_00aa0044773d 5f4d9220  
 0003:00006230       ??_R0?AVCOleControlLock@@@8 5f4d9230  
 0003:00006250       ??_R0?AUIOleDocumentView@@@8 5f4d9250  
 0003:00006270       ??_R0?AVXOleDocumentView@CDocObjectServer@@@8 5f4d9270  
 0003:000062a0       ??_R0?AUIOleDocument@@@8   5f4d92a0  
 0003:000062c0       ??_R0?AVXOleDocument@CDocObjectServer@@@8 5f4d92c0  
 0003:000062f0       ??_R0?AVCDocObjectServer@@@8 5f4d92f0  
 0003:00006310       ??_R0?AVXOleObject@CDocObjectServer@@@8 5f4d9310  
 0003:00006340       ??_R0?AUIPrint@@@8         5f4d9340  
 0003:00006358       ??_R0?AVXPrint@CDocObjectServer@@@8 5f4d9358  
 0003:00006380       ??_R0?AVXOleCommandTarget@CDocObjectServer@@@8 5f4d9380  
 0003:000063b8       ??_R0?AVCDocObjectServerItem@@@8 5f4d93b8  
 0003:000063e0       ??_R0?AVCOleCmdUI@@@8      5f4d93e0  
 0003:000063f8       ??_R0?AVCOleDocIPFrameWnd@@@8 5f4d93f8  
 0003:00006418       ??_R0?AUIOleDocumentSite@@@8 5f4d9418  
 0003:00006438       ??_R0?AVXOleDocumentSite@COleDocObjectItem@@@8 5f4d9438  
 0003:00006470       ??_R0?AVCOleDocObjectItem@@@8 5f4d9470  
 0003:00006490       ??_R0?AVCAsyncMonikerFile@@@8 5f4d9490  
 0003:000064b0       ??_R0?AUIBindStatusCallback@@@8 5f4d94b0  
 0003:000064d8       ??_R0?AV_AfxBindStatusCallback@@@8 5f4d94d8  
 0003:00006500       ??_R0?AVCInnerUnknown@_AfxBindStatusCallback@@@8 5f4d9500  
 0003:00006538       ??_R0?AVCOleResizeBar@@@8  5f4d9538  
 0003:00006558       ??_R0?AVXOleObject@COleControl@@@8 5f4d9558  
 0003:00006580       ??_R0?AUIPerPropertyBrowsing@@@8 5f4d9580  
 0003:000065a8       ??_R0?AVXPerPropertyBrowsing@COleControl@@@8 5f4d95a8  
 0003:000065d8       ??_R0?AUIPersistPropertyBag@@@8 5f4d95d8  
 0003:00006600       ??_R0?AVXPersistPropertyBag@COleControl@@@8 5f4d9600  
 0003:00006630       ??_R0?AUISpecifyPropertyPages@@@8 5f4d9630  
 0003:00006658       ??_R0?AVXSpecifyPropertyPages@COleControl@@@8 5f4d9658  
 0003:00006688       ??_R0?AUIPersistMemory@@@8 5f4d9688  
 0003:000066a8       ??_R0?AVXPersistMemory@COleControl@@@8 5f4d96a8  
 0003:000066d8       ??_R0?AUIProvideClassInfo@@@8 5f4d96d8  
 0003:000066f8       ??_R0?AUIProvideClassInfo2@@@8 5f4d96f8  
 0003:00006720       ??_R0?AVXProvideClassInfo@COleControl@@@8 5f4d9720  
 0003:00006750       ??_R0?AVXPropConnPt@COleControl@@@8 5f4d9750  
 0003:00006778       ??_R0?AUIOleControl@@@8    5f4d9778  
 0003:00006798       ??_R0?AVXOleControl@COleControl@@@8 5f4d9798  
 0003:000067c0       ??_R0?AVCOleControl@@@8    5f4d97c0  
 0003:000067e0       ??_R0?AVCConnectionPoint@@@8 5f4d97e0  
 0003:00006800       ??_R0?AVXEventConnPt@COleControl@@@8 5f4d9800  
 0003:00006828       ??_R0?AUIOleCache@@@8      5f4d9828  
 0003:00006840       ??_R0?AVXOleCache@COleControl@@@8 5f4d9840  
 0003:00006868       ??_R0?AVXOleInPlaceActiveObject@COleControl@@@8 5f4d9868  
 0003:000068a0       ??_R0?AUIPersistStreamInit@@@8 5f4d98a0  
 0003:000068c8       ??_R0?AVXPersistStreamInit@COleControl@@@8 5f4d98c8  
 0003:000068f8       ??_R0?AUIOleInPlaceObjectWindowless@@@8 5f4d98f8  
 0003:00006928       ??_R0?AVXOleInPlaceObject@COleControl@@@8 5f4d9928  
 0003:00006958       ??_R0?AVXPersistStorage@COleControl@@@8 5f4d9958  
 0003:00006988       ??_R0?AVXDataObject@COleControl@@@8 5f4d9988  
 0003:000069b0       ??_R0?AUIPointerInactive@@@8 5f4d99b0  
 0003:000069d0       ??_R0?AVXPointerInactive@COleControl@@@8 5f4d99d0  
 0003:00006a00       ??_R0?AUIViewObject@@@8    5f4d9a00  
 0003:00006a20       ??_R0?AUIViewObject2@@@8   5f4d9a20  
 0003:00006a40       ??_R0?AUIViewObjectEx@@@8  5f4d9a40  
 0003:00006a60       ??_R0?AVXViewObject@COleControl@@@8 5f4d9a60  
 0003:00006a88       ??_R0?AUIQuickActivate@@@8 5f4d9a88  
 0003:00006aa8       ??_R0?AVXQuickActivate@COleControl@@@8 5f4d9aa8  
 0003:00006ad8       ??_R0?AVXFontNotification@COleControl@@@8 5f4d9ad8  
 0003:00006b08       ??_R0?AVCReflectorWnd@@@8  5f4d9b08  
 0003:00006b28       ??_R0?AVCParkingWnd@@@8    5f4d9b28  
 0003:00006b48       ??_R0?AVCControlDataSource@COleControl@@@8 5f4d9b48  
 0003:00006b78       ??_R0?AVCControlFrameWnd@@@8 5f4d9b78  
 0003:00006b98       ??_R0?AUIConnectionPoint@@@8 5f4d9b98  
 0003:00006bb8       ??_R0?AVXConnPt@CConnectionPoint@@@8 5f4d9bb8  
 0003:00006be0       ??_R0?AVCEnumConnections@@@8 5f4d9be0  
 0003:00006c00       ??_R0?AVCEnumConnPoints@@@8 5f4d9c00  
 0003:00006c20       ??_R0?AUIConnectionPointContainer@@@8 5f4d9c20  
 0003:00006c48       ??_R0?AVCOleConnPtContainer@@@8 5f4d9c48  
 0003:00006c70       ??_R0?AVCPropExchange@@@8  5f4d9c70  
 0003:00006c90       ??_R0?AVCArchivePropExchange@@@8 5f4d9c90  
 0003:00006cb8       ??_R0?AVCResetPropExchange@@@8 5f4d9cb8  
 0003:00006ce0       ??_R0?AVCAsyncPropExchange@@@8 5f4d9ce0  
 0003:00006d08       ??_R0?AUAFX_DDPDATA@@@8    5f4d9d08  
 0003:00006d28       ??_R0?AUIPropertyPage@@@8  5f4d9d28  
 0003:00006d48       ??_R0?AUIPropertyPage2@@@8 5f4d9d48  
 0003:00006d68       ??_R0?AVXPropertyPage@COlePropertyPage@@@8 5f4d9d68  
 0003:00006d98       ??_R0?AVCOlePropertyPage@@@8 5f4d9d98  
 0003:00006db8       ??_R0?AVXPropNotifySink@COlePropertyPage@@@8 5f4d9db8  
 0003:00006de8       ??_R0?AVCPropsetPropExchange@@@8 5f4d9de8  
 0003:00006e28       ??_R0?AVCControlRectTracker@@@8 5f4d9e28  
 0003:00006e50       ??_R0?AUIPersistStream@@@8 5f4d9e50  
 0003:00006e70       ??_R0?AVCBlobProperty@@@8  5f4d9e70  
 0003:00006e90       ??_R0?AVCPropbagPropExchange@@@8 5f4d9e90  
 0003:00006eb8       ??_R0?AV_AFXCTL_AMBIENT_CACHE@@@8 5f4d9eb8  
 0003:00006ee0       ??_R0?AVCWindowlessDC@@@8  5f4d9ee0  
 0003:00006f00       ??_R0?AVCColorButton@@@8   5f4d9f00  
 0003:00006f20       ??_R0?AVCStockPropPage@@@8 5f4d9f20  
 0003:00006f40       ??_R0?AVCColorPropPage@@@8 5f4d9f40  
 0003:00006f60       ?_afxTTDefaults@@3PAHA     5f4d9f60  
 0003:00006fa0       ??_R0?AVCFontPropPage@@@8  5f4d9fa0  
 0003:00006fc0       ??_R0?AVCSizeComboBox@@@8  5f4d9fc0  
 0003:00006fe0       ??_R0?AVCFontComboBox@@@8  5f4d9fe0  
 0003:00007000       ?_afxPictDescEmpty@@3UtagPICTDESC@@A 5f4da000  
 0003:00007018       ??_R0?AVCPicturePropPage@@@8 5f4da018  
 0003:00007038       ??_R0PAVCDBException@@@8   5f4da038  
 0003:00007058       ??_R0?AVCDBException@@@8   5f4da058  
 0003:00007078       ??_R0?AVCDatabase@@@8      5f4da078  
 0003:00007090       ??_R0?AVCRecordset@@@8     5f4da090  
 0003:000070b0       ??_R0?AV_AFX_DB_STATE@@@8  5f4da0b0  
 0003:000070d0       ??_R0?AVCRecordView@@@8    5f4da0d0  
 0003:000070f0       ??_R0?AVCLongBinary@@@8    5f4da0f0  
 0003:00007110       ??_R0?AVCDBVariant@@@8     5f4da110  
 0003:00007130       ?_afxNullVariant@@3UtagVARIANT@@A 5f4da130  
 0003:00007140       ?_afxOptionalVariant@@3UtagVARIANT@@A 5f4da140  
 0003:00007150       ??_R0?AV_AFX_DAO_STATE@@@8 5f4da150  
 0003:00007170       ??_R0?AUCDaoIndexInfo@@@8  5f4da170  
 0003:00007190       ??_R0?AUCDaoRelationInfo@@@8 5f4da190  
 0003:000071b0       ??_R0?AVCDaoException@@@8  5f4da1b0  
 0003:000071d0       ??_R0PAVCDaoException@@@8  5f4da1d0  
 0003:000071f0       ??_R0?AVCDaoWorkspace@@@8  5f4da1f0  
 0003:00007210       ??_R0?AVCDaoDatabase@@@8   5f4da210  
 0003:00007230       ??_R0?AVCDaoTableDef@@@8   5f4da230  
 0003:00007250       ??_R0?AVCDaoQueryDef@@@8   5f4da250  
 0003:00007270       ??_R0?AVCDaoRecordset@@@8  5f4da270  
 0003:00007290       ??_R0?AVCDaoRecordView@@@8 5f4da290  
 0003:000072b0       ___pfnDliFailureHook       5f4da2b0  
 0003:000072b8       ??_R0?AVCPalette@@@8       5f4da2b8  
 0003:000072d0       ??_R0?AVCCheckListBox@@@8  5f4da2d0  
 0003:000072f0       ??_R0?AVCBitmapButton@@@8  5f4da2f0  
 0003:00007310       ??_R0?AVCDataPathProperty@@@8 5f4da310  
 0003:00007330       ??_R0?AVCCachedDataPathProperty@@@8 5f4da330  
 0003:00009a20       ?_afxGotScrollLines@@3HA   5f4dca20  
 0003:00009a28       ?_afx_sizeMiniSys@@3UtagSIZE@@A 5f4dca28  
 0003:00009a30       ?_afxHandleSize@@3HA       5f4dca30  
 0003:00009a34       ?_afxCursors@@3PAPAUHICON__@@A 5f4dca34  
 0003:00009a60       ?_afxMsgSETRGB@@3IA        5f4dca60  
 0003:00009a64       ?_afxMsgHELP@@3IA          5f4dca64  
 0003:00009a68       ?_afxMsgCOLOROK@@3IA       5f4dca68  
 0003:00009a6c       ?_afxMsgFILEOK@@3IA        5f4dca6c  
 0003:00009a70       ?_afxMsgSHAREVI@@3IA       5f4dca70  
 0003:00009a74       ?_afxMsgLBSELCHANGE@@3IA   5f4dca74  
 0003:00009a78       ?_afx_idcPrimaryLast@@3IA  5f4dca78  
 0003:00009a7c       ?_afx_hcurDestroy@@3PAUHICON__@@A 5f4dca7c  
 0003:00009a80       ?_afx_hcurLast@@3PAUHICON__@@A 5f4dca80  
 0003:00009aa4       ?nDragDelay@COleDropSource@@1IA 5f4dcaa4  
 0003:00009aa8       ?nDragMinDist@COleDropSource@@1IA 5f4dcaa8  
 0003:00009ad8       ?_afxLargeZero@@3T_LARGE_INTEGER@@A 5f4dcad8  
 0003:00009ae0       ?hPal@@3PAUHPALETTE__@@A   5f4dcae0  
 0003:00009ae4       ?idClicked@CColorButton@@2IA 5f4dcae4  
 0003:00009ae8       __hmod__OLEPRO32           5f4dcae8  
 0003:00009aec       __hmod__WINSPOOL           5f4dcaec  
 0003:00009af0       __hmod__WININET            5f4dcaf0  
 0003:00009af4       __hmod__WSOCK32            5f4dcaf4  
 0003:00009af8       __hmod__OLEDLG             5f4dcaf8  
 0003:00009afc       __hmod__URLMON             5f4dcafc  
 0003:00009b00       __hmod__ODBC32             5f4dcb00  
 0003:00009b04       ___puiHead                 5f4dcb04  

 entry point at        0001:00003b6e

 Static symbols

