 MFCN42D

 Timestamp is 403fde29 (Fri Feb 27 16:17:45 2004)

 Preferred load address is 5f600000

 Start         Length     Name                   Class
 0001:00000000 000030daH .text                   CODE
 0001:000030e0 000003d7H .text$AFX_INIT          CODE
 0001:000034c0 00002243H .text$AFX_SOCK          CODE
 0001:00005710 00000203H .text$AFX_VDEL          CODE
 0001:00005920 000000d4H .text$x                 CODE
 0002:00000000 00000250H .idata$5                DATA
 0002:00000250 00001afcH .rdata                  DATA
 0002:00001d50 00000284H .rdata$r                DATA
 0002:00001fd8 000001a0H .xdata$x                DATA
 0002:00002178 00000020H .didat$2                DATA
 0002:00002198 00000020H .didat$3                DATA
 0002:000021b8 00000070H .didat$4                DATA
 0002:00002228 00000070H .didat$7                DATA
 0002:00002298 00000050H .idata$2                DATA
 0002:000022e8 00000014H .idata$3                DATA
 0002:000022fc 00000250H .idata$4                DATA
 0002:0000254c 00000224H .idata$6                DATA
 0002:00002770 000001ecH .edata                  DATA
 0003:00000000 00000004H .CRT$XCA                DATA
 0003:00000004 00000004H .CRT$XCL                DATA
 0003:00000008 00000004H .CRT$XCZ                DATA
 0003:0000000c 00000004H .CRT$XIA                DATA
 0003:00000010 00000004H .CRT$XIZ                DATA
 0003:00000020 0000286dH .data                   DATA
 0003:00002890 00000070H .didat$5                DATA
 0003:00002900 00000054H .bss                    DATA
 0004:00000000 00000058H .rsrc$01                DATA
 0004:00000060 00000368H .rsrc$02                DATA

  Address         Publics by Value              Rva+Base     Lib:Object

 0001:00000000       ?GetHead@CSimpleList@@QBEPAXXZ 5f601000 f i dllnet.obj
 0001:00000010       ??1CNoTrackObject@@UAE@XZ  5f601010 f i sockcore.obj
 0001:00000030       ??_ECNoTrackObject@@UAEPAXI@Z 5f601030 f i sockcore.obj
 0001:00000030       ??_GCNoTrackObject@@UAEPAXI@Z 5f601030 f i sockcore.obj
 0001:00000060       ?T2A@@YAPADPAD@Z           5f601060 f i sockcore.obj
 0001:00000068       ?AfxGetModuleState@@YGPAVAFX_MODULE_STATE@@XZ 5f601068 f   MFC42D:MFC42D.DLL
 0001:0000006e       ?AfxTermThread@@YGXPAUHINSTANCE__@@@Z 5f60106e f   MFC42D:MFC42D.DLL
 0001:00000074       ?AfxTermExtensionModule@@YGXAAUAFX_EXTENSION_MODULE@@H@Z 5f601074 f   MFC42D:MFC42D.DLL
 0001:0000007a       ??0CDynLinkLibrary@@QAE@AAUAFX_EXTENSION_MODULE@@H@Z 5f60107a f   MFC42D:MFC42D.DLL
 0001:00000080       ??2CObject@@SGPAXI@Z       5f601080 f   MFC42D:MFC42D.DLL
 0001:00000086       ?AfxAssertFailedLine@@YGHPBDH@Z 5f601086 f   MFC42D:MFC42D.DLL
 0001:0000008c       ?AfxInitExtensionModule@@YGHAAUAFX_EXTENSION_MODULE@@PAUHINSTANCE__@@@Z 5f60108c f   MFC42D:MFC42D.DLL
 0001:00000092       ??3CObject@@SGXPAX@Z       5f601092 f   MFC42D:MFC42D.DLL
 0001:00000098       ?AfxGetAppModuleState@@YGPAVAFX_MODULE_STATE@@XZ 5f601098 f   MFC42D:MFC42D.DLL
 0001:0000009e       ??3@YAXPAX@Z               5f60109e f   MFC42D:MFC42D.DLL
 0001:000000a4       ??2@YAPAXI@Z               5f6010a4 f   MFC42D:MFC42D.DLL
 0001:000000aa       ??3CNoTrackObject@@SGXPAX@Z 5f6010aa f   MFC42D:MFC42D.DLL
 0001:000000b0       ?Serialize@CObject@@UAEXAAVCArchive@@@Z 5f6010b0 f   MFC42D:MFC42D.DLL
 0001:000000b6       ??0CObject@@IAE@XZ         5f6010b6 f   MFC42D:MFC42D.DLL
 0001:000000bc       ??4CString@@QAEABV0@PBD@Z  5f6010bc f   MFC42D:MFC42D.DLL
 0001:000000c2       ?AfxGetModuleThreadState@@YGPAVAFX_MODULE_THREAD_STATE@@XZ 5f6010c2 f   MFC42D:MFC42D.DLL
 0001:000000c8       ??1CObject@@UAE@XZ         5f6010c8 f   MFC42D:MFC42D.DLL
 0001:000000ce       ?GetValueAt@CMapPtrToPtr@@QBEPAXPAX@Z 5f6010ce f   MFC42D:MFC42D.DLL
 0001:000000d4       ??3CObject@@SGXPAXPBDH@Z   5f6010d4 f   MFC42D:MFC42D.DLL
 0001:000000da       ?Lookup@CMapPtrToPtr@@QBEHPAXAAPAX@Z 5f6010da f   MFC42D:MFC42D.DLL
 0001:000000e0       ?SetAt@CMapPtrToPtr@@QAEXPAX0@Z 5f6010e0 f   MFC42D:MFC42D.DLL
 0001:000000e6       ?FromHandlePermanent@CWnd@@SGPAV1@PAUHWND__@@@Z 5f6010e6 f   MFC42D:MFC42D.DLL
 0001:000000ec       ?AfxThrowResourceException@@YGXXZ 5f6010ec f   MFC42D:MFC42D.DLL
 0001:000000f2       ?AfxTrace@@YAXPBDZZ        5f6010f2 f   MFC42D:MFC42D.DLL
 0001:000000f8       ?CreateEx@CWnd@@QAEHKPBD0KHHHHPAUHWND__@@PAUHMENU__@@PAX@Z 5f6010f8 f   MFC42D:MFC42D.DLL
 0001:000000fe       ?AfxRegisterWndClass@@YGPBDIPAUHICON__@@PAUHBRUSH__@@0@Z 5f6010fe f   MFC42D:MFC42D.DLL
 0001:00000104       ??2CObject@@SGPAXIPBDH@Z   5f601104 f   MFC42D:MFC42D.DLL
 0001:0000010a       ?IsEmpty@CMapPtrToPtr@@QBEHXZ 5f60110a f   MFC42D:MFC42D.DLL
 0001:00000110       ?AfxEnableMemoryTracking@@YGHH@Z 5f601110 f   MFC42D:MFC42D.DLL
 0001:00000116       ?RemoveHead@CPtrList@@QAEPAXXZ 5f601116 f   MFC42D:MFC42D.DLL
 0001:0000011c       ?IsEmpty@CPtrList@@QBEHXZ  5f60111c f   MFC42D:MFC42D.DLL
 0001:00000122       ?RemoveAll@CMapPtrToPtr@@QAEXXZ 5f601122 f   MFC42D:MFC42D.DLL
 0001:00000128       ?AfxAssertValidObject@@YGXPBVCObject@@PBDH@Z 5f601128 f   MFC42D:MFC42D.DLL
 0001:0000012e       ?RemoveKey@CMapPtrToPtr@@QAEHPAX@Z 5f60112e f   MFC42D:MFC42D.DLL
 0001:00000134       ?AssertValid@CObject@@UBEXXZ 5f601134 f   MFC42D:MFC42D.DLL
 0001:0000013a       ??6CDumpContext@@QAEAAV0@I@Z 5f60113a f   MFC42D:MFC42D.DLL
 0001:00000140       ??6CDumpContext@@QAEAAV0@PBD@Z 5f601140 f   MFC42D:MFC42D.DLL
 0001:00000146       ?Dump@CObject@@UBEXAAVCDumpContext@@@Z 5f601146 f   MFC42D:MFC42D.DLL
 0001:0000014c       ?AddTail@CPtrList@@QAEPAU__POSITION@@PAX@Z 5f60114c f   MFC42D:MFC42D.DLL
 0001:00000152       ??2@YAPAXIPBDH@Z           5f601152 f   MFC42D:MFC42D.DLL
 0001:00000158       ?Delete@CException@@QAEXXZ 5f601158 f   MFC42D:MFC42D.DLL
 0001:0000015e       ?IsKindOf@CObject@@QBEHPBUCRuntimeClass@@@Z 5f60115e f   MFC42D:MFC42D.DLL
 0001:00000164       ?AfxGetThread@@YGPAVCWinThread@@XZ 5f601164 f   MFC42D:MFC42D.DLL
 0001:0000016a       ??6CDumpContext@@QAEAAV0@H@Z 5f60116a f   MFC42D:MFC42D.DLL
 0001:00000170       ??6CDumpContext@@QAEAAV0@PBX@Z 5f601170 f   MFC42D:MFC42D.DLL
 0001:00000176       ?GetBufferPtr@CFile@@UAEIIIPAPAX0@Z 5f601176 f   MFC42D:MFC42D.DLL
 0001:0000017c       ?SetFilePath@CFile@@UAEXPBD@Z 5f60117c f   MFC42D:MFC42D.DLL
 0001:00000182       ?GetFilePath@CFile@@UBE?AVCString@@XZ 5f601182 f   MFC42D:MFC42D.DLL
 0001:00000188       ?GetFileTitle@CFile@@UBE?AVCString@@XZ 5f601188 f   MFC42D:MFC42D.DLL
 0001:0000018e       ?GetFileName@CFile@@UBE?AVCString@@XZ 5f60118e f   MFC42D:MFC42D.DLL
 0001:00000194       ??1CFile@@UAE@XZ           5f601194 f   MFC42D:MFC42D.DLL
 0001:0000019a       ??0CFile@@QAE@XZ           5f60119a f   MFC42D:MFC42D.DLL
 0001:000001a0       ?AfxThrowFileException@@YGXHJPBD@Z 5f6011a0 f   MFC42D:MFC42D.DLL
 0001:000001a6       ?AfxThrowNotSupportedException@@YGXXZ 5f6011a6 f   MFC42D:MFC42D.DLL
 0001:000001ac       ?AssertValid@CFile@@UBEXXZ 5f6011ac f   MFC42D:MFC42D.DLL
 0001:000001b2       ??6CDumpContext@@QAEAAV0@PBVCObject@@@Z 5f6011b2 f   MFC42D:MFC42D.DLL
 0001:000001b8       ?GetDepth@CDumpContext@@QBEHXZ 5f6011b8 f   MFC42D:MFC42D.DLL
 0001:000001be       ?Dump@CFile@@UBEXAAVCDumpContext@@@Z 5f6011be f   MFC42D:MFC42D.DLL
 0001:000001c4       ?SetOccDialogInfo@CWnd@@MAEHPAU_AFX_OCC_DIALOG_INFO@@@Z 5f6011c4 f   MFC42D:MFC42D.DLL
 0001:000001ca       ?IsFrameWnd@CWnd@@UBEHXZ   5f6011ca f   MFC42D:MFC42D.DLL
 0001:000001d0       ?CheckAutoCenter@CWnd@@UAEHXZ 5f6011d0 f   MFC42D:MFC42D.DLL
 0001:000001d6       ?OnChildNotify@CWnd@@MAEHIIJPAJ@Z 5f6011d6 f   MFC42D:MFC42D.DLL
 0001:000001dc       ?PostNcDestroy@CWnd@@MAEXXZ 5f6011dc f   MFC42D:MFC42D.DLL
 0001:000001e2       ?DefWindowProcA@CWnd@@MAEJIIJ@Z 5f6011e2 f   MFC42D:MFC42D.DLL
 0001:000001e8       ?OnWndMsg@CWnd@@MAEHIIJPAJ@Z 5f6011e8 f   MFC42D:MFC42D.DLL
 0001:000001ee       ?WindowProc@CWnd@@MAEJIIJ@Z 5f6011ee f   MFC42D:MFC42D.DLL
 0001:000001f4       ?OnAmbientProperty@CWnd@@UAEHPAVCOleControlSite@@JPAUtagVARIANT@@@Z 5f6011f4 f   MFC42D:MFC42D.DLL
 0001:000001fa       ?PreTranslateMessage@CWnd@@UAEHPAUtagMSG@@@Z 5f6011fa f   MFC42D:MFC42D.DLL
 0001:00000200       ?EndModalState@CWnd@@UAEXXZ 5f601200 f   MFC42D:MFC42D.DLL
 0001:00000206       ?BeginModalState@CWnd@@UAEXXZ 5f601206 f   MFC42D:MFC42D.DLL
 0001:0000020c       ?DoDataExchange@CWnd@@MAEXPAVCDataExchange@@@Z 5f60120c f   MFC42D:MFC42D.DLL
 0001:00000212       ?GetSuperWndProcAddr@CWnd@@MAEPAP6GJPAUHWND__@@IIJ@ZXZ 5f601212 f   MFC42D:MFC42D.DLL
 0001:00000218       ?OnNotify@CWnd@@MAEHIJPAJ@Z 5f601218 f   MFC42D:MFC42D.DLL
 0001:0000021e       ?OnCommand@CWnd@@MAEHIJ@Z  5f60121e f   MFC42D:MFC42D.DLL
 0001:00000224       ?EndModalLoop@CWnd@@UAEXH@Z 5f601224 f   MFC42D:MFC42D.DLL
 0001:0000022a       ?ContinueModal@CWnd@@UAEHXZ 5f60122a f   MFC42D:MFC42D.DLL
 0001:00000230       ?WinHelpA@CWnd@@UAEXKI@Z   5f601230 f   MFC42D:MFC42D.DLL
 0001:00000236       ?GetScrollBarCtrl@CWnd@@UBEPAVCScrollBar@@H@Z 5f601236 f   MFC42D:MFC42D.DLL
 0001:0000023c       ?OnToolHitTest@CWnd@@UBEHVCPoint@@PAUtagTOOLINFOA@@@Z 5f60123c f   MFC42D:MFC42D.DLL
 0001:00000242       ?CalcWindowRect@CWnd@@UAEXPAUtagRECT@@I@Z 5f601242 f   MFC42D:MFC42D.DLL
 0001:00000248       ?PreCreateWindow@CWnd@@UAEHAAUtagCREATESTRUCTA@@@Z 5f601248 f   MFC42D:MFC42D.DLL
 0001:0000024e       ?DestroyWindow@CWnd@@UAEHXZ 5f60124e f   MFC42D:MFC42D.DLL
 0001:00000254       ?Create@CWnd@@UAEHPBD0KABUtagRECT@@PAV1@IPAUCCreateContext@@@Z 5f601254 f   MFC42D:MFC42D.DLL
 0001:0000025a       ?PreSubclassWindow@CWnd@@UAEXXZ 5f60125a f   MFC42D:MFC42D.DLL
 0001:00000260       ?GetConnectionHook@CCmdTarget@@MAEPAUIConnectionPoint@@ABU_GUID@@@Z 5f601260 f   MFC42D:MFC42D.DLL
 0001:00000266       ?GetExtraConnectionPoints@CCmdTarget@@MAEHPAVCPtrArray@@@Z 5f601266 f   MFC42D:MFC42D.DLL
 0001:0000026c       ?GetInterfaceHook@CCmdTarget@@UAEPAUIUnknown@@PBX@Z 5f60126c f   MFC42D:MFC42D.DLL
 0001:00000272       ?OnCreateAggregates@CCmdTarget@@UAEHXZ 5f601272 f   MFC42D:MFC42D.DLL
 0001:00000278       ?GetEventSinkMap@CCmdTarget@@MBEPBUAFX_EVENTSINKMAP@@XZ 5f601278 f   MFC42D:MFC42D.DLL
 0001:0000027e       ?GetInterfaceMap@CCmdTarget@@MBEPBUAFX_INTERFACEMAP@@XZ 5f60127e f   MFC42D:MFC42D.DLL
 0001:00000284       ?GetConnectionMap@CCmdTarget@@MBEPBUAFX_CONNECTIONMAP@@XZ 5f601284 f   MFC42D:MFC42D.DLL
 0001:0000028a       ?GetDispatchMap@CCmdTarget@@MBEPBUAFX_DISPMAP@@XZ 5f60128a f   MFC42D:MFC42D.DLL
 0001:00000290       ?GetCommandMap@CCmdTarget@@MBEPBUAFX_OLECMDMAP@@XZ 5f601290 f   MFC42D:MFC42D.DLL
 0001:00000296       ?GetTypeLib@CCmdTarget@@UAEJKPAPAUITypeLib@@@Z 5f601296 f   MFC42D:MFC42D.DLL
 0001:0000029c       ?GetTypeLibCache@CCmdTarget@@UAEPAVCTypeLibCache@@XZ 5f60129c f   MFC42D:MFC42D.DLL
 0001:000002a2       ?GetTypeInfoCount@CCmdTarget@@UAEIXZ 5f6012a2 f   MFC42D:MFC42D.DLL
 0001:000002a8       ?GetDispatchIID@CCmdTarget@@UAEHPAU_GUID@@@Z 5f6012a8 f   MFC42D:MFC42D.DLL
 0001:000002ae       ?IsInvokeAllowed@CCmdTarget@@UAEHJ@Z 5f6012ae f   MFC42D:MFC42D.DLL
 0001:000002b4       ?OnFinalRelease@CWnd@@UAEXXZ 5f6012b4 f   MFC42D:MFC42D.DLL
 0001:000002ba       ?OnCmdMsg@CCmdTarget@@UAEHIHPAXPAUAFX_CMDHANDLERINFO@@@Z 5f6012ba f   MFC42D:MFC42D.DLL
 0001:000002c0       ?Dump@CWnd@@UBEXAAVCDumpContext@@@Z 5f6012c0 f   MFC42D:MFC42D.DLL
 0001:000002c6       ?AssertValid@CWnd@@UBEXXZ  5f6012c6 f   MFC42D:MFC42D.DLL
 0001:000002cc       ?GetRuntimeClass@CWnd@@UBEPAUCRuntimeClass@@XZ 5f6012cc f   MFC42D:MFC42D.DLL
 0001:000002d2       ??0CWnd@@QAE@XZ            5f6012d2 f   MFC42D:MFC42D.DLL
 0001:000002d8       ??1CWnd@@UAE@XZ            5f6012d8 f   MFC42D:MFC42D.DLL
 0001:000002de       ??1CProcessLocalObject@@QAE@XZ 5f6012de f   MFC42D:MFC42D.DLL
 0001:000002e4       ?GetData@CProcessLocalObject@@QAEPAVCNoTrackObject@@P6GPAV2@XZ@Z 5f6012e4 f   MFC42D:MFC42D.DLL
 0001:000002ea       ??2CNoTrackObject@@SGPAXI@Z 5f6012ea f   MFC42D:MFC42D.DLL
 0001:000002f0       ___CxxFrameHandler         5f6012f0 f   msvcrtd:MSVCRTD.dll
 0001:00000300       ??_L@YGXPAXIHP6EX0@Z1@Z    5f601300 f   msvcrtd:ehvecctr.obj
 0001:000003a0       ??_M@YGXPAXIHP6EX0@Z@Z     5f6013a0 f   msvcrtd:ehvecdtr.obj
 0001:00000450       ?__ArrayUnwind@@YGXPAXIHP6EX0@Z@Z 5f601450 f   msvcrtd:ehvecdtr.obj
 0001:00000500       ??0type_info@@AAE@ABV0@@Z  5f601500 f   msvcrtd:ti_inst.obj
 0001:00000520       ??_Etype_info@@UAEPAXI@Z   5f601520 f i msvcrtd:ti_inst.obj
 0001:00000520       ??_Gtype_info@@UAEPAXI@Z   5f601520 f i msvcrtd:ti_inst.obj
 0001:00000550       ??4type_info@@AAEAAV0@ABV0@@Z 5f601550 f   msvcrtd:ti_inst.obj
 0001:00000560       _memset                    5f601560 f   msvcrtd:MSVCRTD.dll
 0001:00000570       __onexit                   5f601570 f   msvcrtd:atonexit.obj
 0001:000005b0       _atexit                    5f6015b0 f   msvcrtd:atonexit.obj
 0001:000005d0       __CRT_INIT@12              5f6015d0 f   msvcrtd:crtdll.obj
 0001:000006e0       __DllMainCRTStartup@12     5f6016e0 f   msvcrtd:crtdll.obj
 0001:000007d4       __except_handler3          5f6017d4 f   msvcrtd:MSVCRTD.dll
 0001:000007da       ?terminate@@YAXXZ          5f6017da f   msvcrtd:MSVCRTD.dll
 0001:000007e0       ??1type_info@@UAE@XZ       5f6017e0 f   msvcrtd:MSVCRTD.dll
 0001:000007e6       ___dllonexit               5f6017e6 f   msvcrtd:MSVCRTD.dll
 0001:000007ec       __free_dbg                 5f6017ec f   msvcrtd:MSVCRTD.dll
 0001:000007f2       __initterm                 5f6017f2 f   msvcrtd:MSVCRTD.dll
 0001:000007f8       __malloc_dbg               5f6017f8 f   msvcrtd:MSVCRTD.dll
 0001:000007fe       _FreeLibrary@4             5f6017fe f   kernel32:KERNEL32.dll
 0001:00000804       _GetModuleHandleA@4        5f601804 f   kernel32:KERNEL32.dll
 0001:0000080a       _LocalFree@4               5f60180a f   kernel32:KERNEL32.dll
 0001:00000810       _LocalAlloc@8              5f601810 f   kernel32:KERNEL32.dll
 0001:00000816       _LoadLibraryA@4            5f601816 f   kernel32:KERNEL32.dll
 0001:0000081c       _SetLastError@4            5f60181c f   kernel32:KERNEL32.dll
 0001:00000822       _PostMessageA@16           5f601822 f   user32:USER32.dll
 0001:00000828       _DispatchMessageA@4        5f601828 f   user32:USER32.dll
 0001:0000082e       _PeekMessageA@20           5f60182e f   user32:USER32.dll
 0001:00000834       _KillTimer@8               5f601834 f   user32:USER32.dll
 0001:0000083a       _WaitMessage@0             5f60183a f   user32:USER32.dll
 0001:00000840       _SetTimer@16               5f601840 f   user32:USER32.dll
 0001:00000850       _Downlevel_DelayLoadFailureHook@8 5f601850 f   mfcdload:downlevel_dload.obj
 0001:00000920       _DelayLoadFailureHook@8    5f601920 f   mfcdload:dload.obj
 0001:00000950       _AtlStrLower               5f601950 f   mfcdload:lookup.obj
 0001:0000099a       _AssertDelayLoadFailureMapsAreSorted@0 5f60199a f   mfcdload:lookup.obj
 0001:0000099f       _FindDll                   5f60199f f   mfcdload:lookup.obj
 0001:00000a92       _LookupHandlerByName       5f601a92 f   mfcdload:lookup.obj
 0001:00000b20       _LookupHandlerByOrdinal    5f601b20 f   mfcdload:lookup.obj
 0001:00000ba5       _LookupHandler             5f601ba5 f   mfcdload:lookup.obj
 0001:000014fa       _UrlMkSetSessionOption@16  5f6024fa f   mfcdload:urlmon.obj
 0001:00002c03       __imp_load__WSACleanup@0   5f603c03     wsock32:WSOCK32.dll
 0001:00002c0f       __tailMerge_WSOCK32        5f603c0f     wsock32:WSOCK32.dll
 0001:00002c1d       _WSACleanup@0              5f603c1d     wsock32:WSOCK32.dll
 0001:00002c23       __imp_load__WSAStartup@8   5f603c23     wsock32:WSOCK32.dll
 0001:00002c2f       _WSAStartup@8              5f603c2f     wsock32:WSOCK32.dll
 0001:00002c35       __imp_load__WSASetLastError@4 5f603c35     wsock32:WSOCK32.dll
 0001:00002c41       _WSASetLastError@4         5f603c41     wsock32:WSOCK32.dll
 0001:00002c47       __imp_load__inet_ntoa@4    5f603c47     wsock32:WSOCK32.dll
 0001:00002c53       _inet_ntoa@4               5f603c53     wsock32:WSOCK32.dll
 0001:00002c59       __imp_load__ntohs@4        5f603c59     wsock32:WSOCK32.dll
 0001:00002c65       _ntohs@4                   5f603c65     wsock32:WSOCK32.dll
 0001:00002c6b       __imp_load__accept@12      5f603c6b     wsock32:WSOCK32.dll
 0001:00002c77       _accept@12                 5f603c77     wsock32:WSOCK32.dll
 0001:00002c7d       __imp_load__htons@4        5f603c7d     wsock32:WSOCK32.dll
 0001:00002c89       _htons@4                   5f603c89     wsock32:WSOCK32.dll
 0001:00002c8f       __imp_load__inet_addr@4    5f603c8f     wsock32:WSOCK32.dll
 0001:00002c9b       _inet_addr@4               5f603c9b     wsock32:WSOCK32.dll
 0001:00002ca1       __imp_load__htonl@4        5f603ca1     wsock32:WSOCK32.dll
 0001:00002cad       _htonl@4                   5f603cad     wsock32:WSOCK32.dll
 0001:00002cb3       __imp_load__closesocket@4  5f603cb3     wsock32:WSOCK32.dll
 0001:00002cbf       _closesocket@4             5f603cbf     wsock32:WSOCK32.dll
 0001:00002cc5       __imp_load__gethostbyname@4 5f603cc5     wsock32:WSOCK32.dll
 0001:00002cd1       _gethostbyname@4           5f603cd1     wsock32:WSOCK32.dll
 0001:00002cd7       __imp_load__recv@16        5f603cd7     wsock32:WSOCK32.dll
 0001:00002ce3       _recv@16                   5f603ce3     wsock32:WSOCK32.dll
 0001:00002ce9       __imp_load__send@16        5f603ce9     wsock32:WSOCK32.dll
 0001:00002cf5       _send@16                   5f603cf5     wsock32:WSOCK32.dll
 0001:00002cfb       __imp_load__WSAAsyncSelect@16 5f603cfb     wsock32:WSOCK32.dll
 0001:00002d07       _WSAAsyncSelect@16         5f603d07     wsock32:WSOCK32.dll
 0001:00002d0d       __imp_load__WSAGetLastError@0 5f603d0d     wsock32:WSOCK32.dll
 0001:00002d19       _WSAGetLastError@0         5f603d19     wsock32:WSOCK32.dll
 0001:00002d1f       __imp_load__socket@12      5f603d1f     wsock32:WSOCK32.dll
 0001:00002d2b       _socket@12                 5f603d2b     wsock32:WSOCK32.dll
 0001:00002d31       __imp_load__recvfrom@24    5f603d31     wsock32:WSOCK32.dll
 0001:00002d3d       _recvfrom@24               5f603d3d     wsock32:WSOCK32.dll
 0001:00002d43       __imp_load__sendto@24      5f603d43     wsock32:WSOCK32.dll
 0001:00002d4f       _sendto@24                 5f603d4f     wsock32:WSOCK32.dll
 0001:00002d55       __imp_load__connect@12     5f603d55     wsock32:WSOCK32.dll
 0001:00002d61       _connect@12                5f603d61     wsock32:WSOCK32.dll
 0001:00002d67       __imp_load__getpeername@12 5f603d67     wsock32:WSOCK32.dll
 0001:00002d73       _getpeername@12            5f603d73     wsock32:WSOCK32.dll
 0001:00002d79       __imp_load__getsockname@12 5f603d79     wsock32:WSOCK32.dll
 0001:00002d85       _getsockname@12            5f603d85     wsock32:WSOCK32.dll
 0001:00002d8b       __imp_load__setsockopt@20  5f603d8b     wsock32:WSOCK32.dll
 0001:00002d97       _setsockopt@20             5f603d97     wsock32:WSOCK32.dll
 0001:00002d9d       __imp_load__getsockopt@20  5f603d9d     wsock32:WSOCK32.dll
 0001:00002da9       _getsockopt@20             5f603da9     wsock32:WSOCK32.dll
 0001:00002daf       __imp_load__bind@12        5f603daf     wsock32:WSOCK32.dll
 0001:00002dbb       _bind@12                   5f603dbb     wsock32:WSOCK32.dll
 0001:00002dc1       __imp_load__ioctlsocket@12 5f603dc1     wsock32:WSOCK32.dll
 0001:00002dcd       _ioctlsocket@12            5f603dcd     wsock32:WSOCK32.dll
 0001:00002dd3       __imp_load__listen@8       5f603dd3     wsock32:WSOCK32.dll
 0001:00002ddf       _listen@8                  5f603ddf     wsock32:WSOCK32.dll
 0001:00002de5       __imp_load__shutdown@8     5f603de5     wsock32:WSOCK32.dll
 0001:00002df1       _shutdown@8                5f603df1     wsock32:WSOCK32.dll
 0001:00002df8       _strcmp                    5f603df8 f   msvcrtd:MSVCRTD.dll
 0001:00002dfe       _strcpy                    5f603dfe f   msvcrtd:MSVCRTD.dll
 0001:00002e04       _lstrcmpA@8                5f603e04 f   kernel32:KERNEL32.dll
 0001:00002e0a       _OutputDebugStringA@4      5f603e0a f   kernel32:KERNEL32.dll
 0001:00002e10       _GetTickCount@0            5f603e10 f   kernel32:KERNEL32.dll
 0001:00002e16       ___delayLoadHelper@8       5f603e16 f   delayimp:delayhlp.obj
 0001:0000300f       ___FUnloadDelayLoadedDLL@4 5f60400f f   delayimp:delayhlp.obj
 0001:000030c2       _GetProcAddress@8          5f6040c2 f   kernel32:KERNEL32.dll
 0001:000030c8       _InterlockedExchange@8     5f6040c8 f   kernel32:KERNEL32.dll
 0001:000030ce       _RaiseException@16         5f6040ce f   kernel32:KERNEL32.dll
 0001:000030d4       _GetLastError@0            5f6040d4 f   kernel32:KERNEL32.dll
 0001:000030e0       _RawDllMain@12             5f6040e0 f   dllnet.obj
 0001:0000317e       _DllMain@12                5f60417e f   dllnet.obj
 0001:0000323d       ?AfxNetInitModule@@YGXXZ   5f60423d f   dllnet.obj
 0001:00003300       ?_GetBaseClass@CAsyncSocket@@KGPAUCRuntimeClass@@XZ 5f604300 f   sockcore.obj
 0001:0000330a       ?GetRuntimeClass@CAsyncSocket@@UBEPAUCRuntimeClass@@XZ 5f60430a f   sockcore.obj
 0001:0000331a       ?_GetBaseClass@CSocket@@KGPAUCRuntimeClass@@XZ 5f60431a f   sockcore.obj
 0001:00003324       ?GetRuntimeClass@CSocket@@UBEPAUCRuntimeClass@@XZ 5f604324 f   sockcore.obj
 0001:00003334       ?_GetBaseClass@CSocketFile@@KGPAUCRuntimeClass@@XZ 5f604334 f   sockcore.obj
 0001:0000333e       ?GetRuntimeClass@CSocketFile@@UBEPAUCRuntimeClass@@XZ 5f60433e f   sockcore.obj
 0001:00003390       ??1?$CProcessLocal@V_AFX_SOCK_STATE@@@@QAE@XZ 5f604390 f i sockcore.obj
 0001:000033b0       ??C?$CEmbeddedButActsLikePtr@VCMapPtrToPtr@@@@QAEPAVCMapPtrToPtr@@XZ 5f6043b0 f i sockcore.obj
 0001:000033b0       ??C?$CEmbeddedButActsLikePtr@VCPtrList@@@@QAEPAVCPtrList@@XZ 5f6043b0 f i sockcore.obj
 0001:000033c0       ?GetData@?$CProcessLocal@V_AFX_SOCK_STATE@@@@QAEPAV_AFX_SOCK_STATE@@XZ 5f6043c0 f i sockcore.obj
 0001:00003410       ?CreateObject@?$CProcessLocal@V_AFX_SOCK_STATE@@@@SGPAVCNoTrackObject@@XZ 5f604410 f i sockcore.obj
 0001:00003480       ??0_AFX_SOCK_STATE@@QAE@XZ 5f604480 f i sockcore.obj
 0001:000034a0       ??0CNoTrackObject@@QAE@XZ  5f6044a0 f i sockcore.obj
 0001:000034c0       ??1_AFX_SOCK_STATE@@UAE@XZ 5f6044c0 f   sockcore.obj
 0001:00003518       ?AfxSocketTerm@@YGXXZ      5f604518 f   sockcore.obj
 0001:0000355b       ?AfxSocketInit@@YGHPAUWSAData@@@Z 5f60455b f   sockcore.obj
 0001:000035fc       ??0CAsyncSocket@@QAE@XZ    5f6045fc f   sockcore.obj
 0001:00003625       ?Create@CAsyncSocket@@QAEHIHJPBD@Z 5f604625 f   sockcore.obj
 0001:00003685       ?Attach@CAsyncSocket@@QAEHIJ@Z 5f604685 f   sockcore.obj
 0001:000036d9       ?Detach@CAsyncSocket@@QAEIXZ 5f6046d9 f   sockcore.obj
 0001:0000371c       ?GetPeerName@CAsyncSocket@@QAEHAAVCString@@AAI@Z 5f60471c f   sockcore.obj
 0001:00003784       ?GetSockName@CAsyncSocket@@QAEHAAVCString@@AAI@Z 5f604784 f   sockcore.obj
 0001:000037ec       ?Accept@CAsyncSocket@@UAEHAAV1@PAUsockaddr@@PAH@Z 5f6047ec f   sockcore.obj
 0001:000038d4       ?Bind@CAsyncSocket@@QAEHIPBD@Z 5f6048d4 f   sockcore.obj
 0001:00003978       ?Close@CAsyncSocket@@UAEXXZ 5f604978 f   sockcore.obj
 0001:000039d7       ?Connect@CAsyncSocket@@QAEHPBDI@Z 5f6049d7 f   sockcore.obj
 0001:00003aaa       ?Receive@CAsyncSocket@@UAEHPAXHH@Z 5f604aaa f   sockcore.obj
 0001:00003acf       ?ReceiveFrom@CAsyncSocket@@QAEHPAXHAAVCString@@AAIH@Z 5f604acf f   sockcore.obj
 0001:00003b43       ?Send@CAsyncSocket@@UAEHPBXHH@Z 5f604b43 f   sockcore.obj
 0001:00003b68       ?SendTo@CAsyncSocket@@QAEHPBXHIPBDH@Z 5f604b68 f   sockcore.obj
 0001:00003c34       ?AsyncSelect@CAsyncSocket@@QAEHJ@Z 5f604c34 f   sockcore.obj
 0001:00003cbd       ?OnReceive@CAsyncSocket@@MAEXH@Z 5f604cbd f   sockcore.obj
 0001:00003cca       ?OnSend@CAsyncSocket@@MAEXH@Z 5f604cca f   sockcore.obj
 0001:00003cd7       ?OnOutOfBandData@CAsyncSocket@@MAEXH@Z 5f604cd7 f   sockcore.obj
 0001:00003ce4       ?OnAccept@CAsyncSocket@@MAEXH@Z 5f604ce4 f   sockcore.obj
 0001:00003cf1       ?OnConnect@CAsyncSocket@@MAEXH@Z 5f604cf1 f   sockcore.obj
 0001:00003cfe       ?OnClose@CAsyncSocket@@MAEXH@Z 5f604cfe f   sockcore.obj
 0001:00003d0b       ??1CAsyncSocket@@UAE@XZ    5f604d0b f   sockcore.obj
 0001:00003d65       ?LookupHandle@CAsyncSocket@@SGPAV1@IH@Z 5f604d65 f   sockcore.obj
 0001:00003dcb       ?AttachHandle@CAsyncSocket@@SGXIPAV1@H@Z 5f604dcb f   sockcore.obj
 0001:00004013       ?DetachHandle@CAsyncSocket@@SGXIH@Z 5f605013 f   sockcore.obj
 0001:000041c3       ?KillSocket@CAsyncSocket@@SGXIPAV1@@Z 5f6051c3 f   sockcore.obj
 0001:0000423f       ?DoCallBack@CAsyncSocket@@SGXIJ@Z 5f60523f f   sockcore.obj
 0001:000043ed       ?Socket@CAsyncSocket@@QAEHHJHH@Z 5f6053ed f   sockcore.obj
 0001:00004465       ?AssertValid@CAsyncSocket@@UBEXXZ 5f605465 f   sockcore.obj
 0001:000044b1       ?Dump@CAsyncSocket@@UBEXAAVCDumpContext@@@Z 5f6054b1 f   sockcore.obj
 0001:0000450a       ?ReceiveFromHelper@CAsyncSocket@@MAEHPAXHPAUsockaddr@@PAHH@Z 5f60550a f   sockcore.obj
 0001:00004537       ?SendToHelper@CAsyncSocket@@MAEHPBXHPBUsockaddr@@HH@Z 5f605537 f   sockcore.obj
 0001:00004564       ?ConnectHelper@CAsyncSocket@@MAEHPBUsockaddr@@H@Z 5f605564 f   sockcore.obj
 0001:0000458f       ??0CSocket@@QAE@XZ         5f60558f f   sockcore.obj
 0001:000045cc       ?CancelBlockingCall@CSocket@@QAEXXZ 5f6055cc f   sockcore.obj
 0001:000045f6       ?OnMessagePending@CSocket@@MAEHXZ 5f6055f6 f   sockcore.obj
 0001:00004629       ??1CSocket@@UAE@XZ         5f605629 f   sockcore.obj
 0001:00004683       ?Accept@CSocket@@UAEHAAVCAsyncSocket@@PAUsockaddr@@PAH@Z 5f605683 f   sockcore.obj
 0001:000046ed       ?Close@CSocket@@UAEXXZ     5f6056ed f   sockcore.obj
 0001:00004749       ?Receive@CSocket@@UAEHPAXHH@Z 5f605749 f   sockcore.obj
 0001:000047ba       ?Send@CSocket@@UAEHPBXHH@Z 5f6057ba f   sockcore.obj
 0001:0000482e       ?SendChunk@CSocket@@QAEHPBXHH@Z 5f60582e f   sockcore.obj
 0001:00004888       ?ConnectHelper@CSocket@@MAEHPBUsockaddr@@H@Z 5f605888 f   sockcore.obj
 0001:00004917       ?ReceiveFromHelper@CSocket@@MAEHPAXHPAUsockaddr@@PAHH@Z 5f605917 f   sockcore.obj
 0001:00004990       ?SendToHelper@CSocket@@MAEHPBXHPBUsockaddr@@HH@Z 5f605990 f   sockcore.obj
 0001:00004a0a       ?ProcessAuxQueue@CSocket@@SGHXZ 5f605a0a f   sockcore.obj
 0001:00004b13       ?AuxQueueAdd@CSocket@@KGXIIJ@Z 5f605b13 f   sockcore.obj
 0001:00004b75       ?PumpMessages@CSocket@@MAEHI@Z 5f605b75 f   sockcore.obj
 0001:00004e35       ?AssertValid@CSocket@@MBEXXZ 5f605e35 f   sockcore.obj
 0001:00004e48       ?Dump@CSocket@@MBEXAAVCDumpContext@@@Z 5f605e48 f   sockcore.obj
 0001:00004eaf       ??0CSocketFile@@QAE@PAVCSocket@@H@Z 5f605eaf f   sockcore.obj
 0001:00004fc9       ??1CSocketFile@@UAE@XZ     5f605fc9 f   sockcore.obj
 0001:00004fe5       ?Read@CSocketFile@@UAEIPAXI@Z 5f605fe5 f   sockcore.obj
 0001:0000512a       ?Write@CSocketFile@@UAEXPBXI@Z 5f60612a f   sockcore.obj
 0001:0000519b       ?Close@CSocketFile@@UAEXXZ 5f60619b f   sockcore.obj
 0001:000051b0       ?Open@CSocketFile@@UAEHPBDIPAVCFileException@@@Z 5f6061b0 f   sockcore.obj
 0001:000051c4       ?Duplicate@CSocketFile@@UBEPAVCFile@@XZ 5f6061c4 f   sockcore.obj
 0001:000051d6       ?GetPosition@CSocketFile@@UBEKXZ 5f6061d6 f   sockcore.obj
 0001:000051e8       ?Seek@CSocketFile@@UAEJJI@Z 5f6061e8 f   sockcore.obj
 0001:00005215       ?SetLength@CSocketFile@@UAEXK@Z 5f606215 f   sockcore.obj
 0001:00005227       ?GetLength@CSocketFile@@UBEKXZ 5f606227 f   sockcore.obj
 0001:00005239       ?LockRange@CSocketFile@@UAEXKK@Z 5f606239 f   sockcore.obj
 0001:0000524b       ?UnlockRange@CSocketFile@@UAEXKK@Z 5f60624b f   sockcore.obj
 0001:0000525d       ?Flush@CSocketFile@@UAEXXZ 5f60625d f   sockcore.obj
 0001:00005268       ?Abort@CSocketFile@@UAEXXZ 5f606268 f   sockcore.obj
 0001:00005278       ?AssertValid@CSocketFile@@UBEXXZ 5f606278 f   sockcore.obj
 0001:000052aa       ?Dump@CSocketFile@@UBEXAAVCDumpContext@@@Z 5f6062aa f   sockcore.obj
 0001:00005302       ??0CSocketWnd@@QAE@XZ      5f606302 f   sockcore.obj
 0001:00005321       ?OnSocketNotify@CSocketWnd@@IAEJIJ@Z 5f606321 f   sockcore.obj
 0001:00005347       ?OnSocketDead@CSocketWnd@@IAEJIJ@Z 5f606347 f   sockcore.obj
 0001:0000536d       ?_GetBaseMessageMap@CSocketWnd@@KGPBUAFX_MSGMAP@@XZ 5f60636d f   sockcore.obj
 0001:00005377       ?GetMessageMap@CSocketWnd@@MBEPBUAFX_MSGMAP@@XZ 5f606377 f   sockcore.obj
 0001:00005387       ??BCAsyncSocket@@QBEIXZ    5f606387 f   sockcore.obj
 0001:00005398       ?GetPeerName@CAsyncSocket@@QAEHPAUsockaddr@@PAH@Z 5f606398 f   sockcore.obj
 0001:000053c3       ?GetSockName@CAsyncSocket@@QAEHPAUsockaddr@@PAH@Z 5f6063c3 f   sockcore.obj
 0001:000053ee       ?SetSockOpt@CAsyncSocket@@QAEHHPBXHH@Z 5f6063ee f   sockcore.obj
 0001:00005421       ?GetSockOpt@CAsyncSocket@@QAEHHPAXPAHH@Z 5f606421 f   sockcore.obj
 0001:00005454       ?FromHandle@CAsyncSocket@@SGPAV1@I@Z 5f606454 f   sockcore.obj
 0001:00005466       ?GetLastError@CAsyncSocket@@SGHXZ 5f606466 f   sockcore.obj
 0001:00005470       ?Bind@CAsyncSocket@@QAEHPBUsockaddr@@H@Z 5f606470 f   sockcore.obj
 0001:0000549b       ?Connect@CAsyncSocket@@QAEHPBUsockaddr@@H@Z 5f60649b f   sockcore.obj
 0001:000054bb       ?IOCtl@CAsyncSocket@@QAEHJPAK@Z 5f6064bb f   sockcore.obj
 0001:000054e6       ?Listen@CAsyncSocket@@QAEHH@Z 5f6064e6 f   sockcore.obj
 0001:0000550d       ?ReceiveFrom@CAsyncSocket@@QAEHPAXHPAUsockaddr@@PAHH@Z 5f60650d f   sockcore.obj
 0001:00005539       ?ShutDown@CAsyncSocket@@QAEHH@Z 5f606539 f   sockcore.obj
 0001:00005560       ?SendTo@CAsyncSocket@@QAEHPBXHPBUsockaddr@@HH@Z 5f606560 f   sockcore.obj
 0001:0000558c       ?Create@CSocket@@QAEHIHPBD@Z 5f60658c f   sockcore.obj
 0001:000055af       ?IsBlocking@CSocket@@QAEHXZ 5f6065af f   sockcore.obj
 0001:000055c8       ?FromHandle@CSocket@@SGPAV1@I@Z 5f6065c8 f   sockcore.obj
 0001:000055da       ?Attach@CSocket@@QAEHI@Z   5f6065da f   sockcore.obj
 0001:00005600       ??_E_AFX_SOCK_STATE@@UAEPAXI@Z 5f606600 f i sockcore.obj
 0001:00005600       ??_G_AFX_SOCK_STATE@@UAEPAXI@Z 5f606600 f i sockcore.obj
 0001:00005630       ??_GCAsyncSocket@@UAEPAXI@Z 5f606630 f i sockcore.obj
 0001:00005660       ??_GCSocket@@UAEPAXI@Z     5f606660 f i sockcore.obj
 0001:00005690       ??_ECSocketFile@@UAEPAXI@Z 5f606690 f i sockcore.obj
 0001:00005690       ??_GCSocketFile@@UAEPAXI@Z 5f606690 f i sockcore.obj
 0001:000056c0       ??_ECSocketWnd@@UAEPAXI@Z  5f6066c0 f i sockcore.obj
 0001:000056c0       ??_GCSocketWnd@@UAEPAXI@Z  5f6066c0 f i sockcore.obj
 0001:000056f0       ??1CSocketWnd@@UAE@XZ      5f6066f0 f i sockcore.obj
 0001:00005820       ??_ECAsyncSocket@@UAEPAXI@Z 5f606820 f i dllnet.obj
 0001:00005890       ??_ECSocket@@UAEPAXI@Z     5f606890 f i dllnet.obj
 0001:00005900       ??B?$CTypedSimpleList@PAVCOleObjectFactory@@@@QAEPAVCOleObjectFactory@@XZ 5f606900 f i dllnet.obj
 0001:00005900       ??B?$CTypedSimpleList@PAUCRuntimeClass@@@@QAEPAUCRuntimeClass@@XZ 5f606900 f i dllnet.obj
 0002:00000000       __imp__FreeLibrary@4       5f607000     kernel32:KERNEL32.dll
 0002:00000004       __imp__LocalFree@4         5f607004     kernel32:KERNEL32.dll
 0002:00000008       __imp__GetModuleHandleA@4  5f607008     kernel32:KERNEL32.dll
 0002:0000000c       __imp__LoadLibraryA@4      5f60700c     kernel32:KERNEL32.dll
 0002:00000010       __imp__SetLastError@4      5f607010     kernel32:KERNEL32.dll
 0002:00000014       __imp__LocalAlloc@8        5f607014     kernel32:KERNEL32.dll
 0002:00000018       __imp__lstrcmpA@8          5f607018     kernel32:KERNEL32.dll
 0002:0000001c       __imp__OutputDebugStringA@4 5f60701c     kernel32:KERNEL32.dll
 0002:00000020       __imp__GetProcAddress@8    5f607020     kernel32:KERNEL32.dll
 0002:00000024       __imp__InterlockedExchange@8 5f607024     kernel32:KERNEL32.dll
 0002:00000028       __imp__GetTickCount@0      5f607028     kernel32:KERNEL32.dll
 0002:0000002c       __imp__RaiseException@16   5f60702c     kernel32:KERNEL32.dll
 0002:00000030       __imp__GetLastError@0      5f607030     kernel32:KERNEL32.dll
 0002:00000034       \177KERNEL32_NULL_THUNK_DATA 5f607034     kernel32:KERNEL32.dll
 0002:00000038       __imp_?AddTail@CPtrList@@QAEPAU__POSITION@@PAX@Z 5f607038     MFC42D:MFC42D.DLL
 0002:0000003c       __imp_?AfxGetModuleThreadState@@YGPAVAFX_MODULE_THREAD_STATE@@XZ 5f60703c     MFC42D:MFC42D.DLL
 0002:00000040       __imp_??1CObject@@UAE@XZ   5f607040     MFC42D:MFC42D.DLL
 0002:00000044       __imp_?GetValueAt@CMapPtrToPtr@@QBEPAXPAX@Z 5f607044     MFC42D:MFC42D.DLL
 0002:00000048       __imp_??3CObject@@SGXPAXPBDH@Z 5f607048     MFC42D:MFC42D.DLL
 0002:0000004c       __imp_?Lookup@CMapPtrToPtr@@QBEHPAXAAPAX@Z 5f60704c     MFC42D:MFC42D.DLL
 0002:00000050       __imp_?SetAt@CMapPtrToPtr@@QAEXPAX0@Z 5f607050     MFC42D:MFC42D.DLL
 0002:00000054       __imp_?FromHandlePermanent@CWnd@@SGPAV1@PAUHWND__@@@Z 5f607054     MFC42D:MFC42D.DLL
 0002:00000058       __imp_?AfxThrowResourceException@@YGXXZ 5f607058     MFC42D:MFC42D.DLL
 0002:0000005c       __imp_?AfxTrace@@YAXPBDZZ  5f60705c     MFC42D:MFC42D.DLL
 0002:00000060       __imp_?CreateEx@CWnd@@QAEHKPBD0KHHHHPAUHWND__@@PAUHMENU__@@PAX@Z 5f607060     MFC42D:MFC42D.DLL
 0002:00000064       __imp_?AfxRegisterWndClass@@YGPBDIPAUHICON__@@PAUHBRUSH__@@0@Z 5f607064     MFC42D:MFC42D.DLL
 0002:00000068       __imp_??2CObject@@SGPAXIPBDH@Z 5f607068     MFC42D:MFC42D.DLL
 0002:0000006c       __imp_?IsEmpty@CMapPtrToPtr@@QBEHXZ 5f60706c     MFC42D:MFC42D.DLL
 0002:00000070       __imp_?AfxEnableMemoryTracking@@YGHH@Z 5f607070     MFC42D:MFC42D.DLL
 0002:00000074       __imp_?RemoveHead@CPtrList@@QAEPAXXZ 5f607074     MFC42D:MFC42D.DLL
 0002:00000078       __imp_?IsEmpty@CPtrList@@QBEHXZ 5f607078     MFC42D:MFC42D.DLL
 0002:0000007c       __imp_?RemoveAll@CMapPtrToPtr@@QAEXXZ 5f60707c     MFC42D:MFC42D.DLL
 0002:00000080       __imp_?AfxAssertValidObject@@YGXPBVCObject@@PBDH@Z 5f607080     MFC42D:MFC42D.DLL
 0002:00000084       __imp_?RemoveKey@CMapPtrToPtr@@QAEHPAX@Z 5f607084     MFC42D:MFC42D.DLL
 0002:00000088       __imp_?AssertValid@CObject@@UBEXXZ 5f607088     MFC42D:MFC42D.DLL
 0002:0000008c       __imp_??6CDumpContext@@QAEAAV0@I@Z 5f60708c     MFC42D:MFC42D.DLL
 0002:00000090       __imp_??6CDumpContext@@QAEAAV0@PBD@Z 5f607090     MFC42D:MFC42D.DLL
 0002:00000094       __imp_??0CObject@@IAE@XZ   5f607094     MFC42D:MFC42D.DLL
 0002:00000098       __imp_??4CString@@QAEABV0@PBD@Z 5f607098     MFC42D:MFC42D.DLL
 0002:0000009c       __imp_??2@YAPAXIPBDH@Z     5f60709c     MFC42D:MFC42D.DLL
 0002:000000a0       __imp_?Delete@CException@@QAEXXZ 5f6070a0     MFC42D:MFC42D.DLL
 0002:000000a4       __imp_?IsKindOf@CObject@@QBEHPBUCRuntimeClass@@@Z 5f6070a4     MFC42D:MFC42D.DLL
 0002:000000a8       __imp_?classCException@CException@@2UCRuntimeClass@@B 5f6070a8     MFC42D:MFC42D.DLL
 0002:000000ac       __imp_?AfxGetThread@@YGPAVCWinThread@@XZ 5f6070ac     MFC42D:MFC42D.DLL
 0002:000000b0       __imp_??6CDumpContext@@QAEAAV0@H@Z 5f6070b0     MFC42D:MFC42D.DLL
 0002:000000b4       __imp_??6CDumpContext@@QAEAAV0@PBX@Z 5f6070b4     MFC42D:MFC42D.DLL
 0002:000000b8       __imp_?GetBufferPtr@CFile@@UAEIIIPAPAX0@Z 5f6070b8     MFC42D:MFC42D.DLL
 0002:000000bc       __imp_?SetFilePath@CFile@@UAEXPBD@Z 5f6070bc     MFC42D:MFC42D.DLL
 0002:000000c0       __imp_?GetFilePath@CFile@@UBE?AVCString@@XZ 5f6070c0     MFC42D:MFC42D.DLL
 0002:000000c4       __imp_?GetFileTitle@CFile@@UBE?AVCString@@XZ 5f6070c4     MFC42D:MFC42D.DLL
 0002:000000c8       __imp_?GetFileName@CFile@@UBE?AVCString@@XZ 5f6070c8     MFC42D:MFC42D.DLL
 0002:000000cc       __imp_??1CFile@@UAE@XZ     5f6070cc     MFC42D:MFC42D.DLL
 0002:000000d0       __imp_??0CFile@@QAE@XZ     5f6070d0     MFC42D:MFC42D.DLL
 0002:000000d4       __imp_?AfxThrowFileException@@YGXHJPBD@Z 5f6070d4     MFC42D:MFC42D.DLL
 0002:000000d8       __imp_?AfxThrowNotSupportedException@@YGXXZ 5f6070d8     MFC42D:MFC42D.DLL
 0002:000000dc       __imp_?AssertValid@CFile@@UBEXXZ 5f6070dc     MFC42D:MFC42D.DLL
 0002:000000e0       __imp_??6CDumpContext@@QAEAAV0@PBVCObject@@@Z 5f6070e0     MFC42D:MFC42D.DLL
 0002:000000e4       __imp_?GetDepth@CDumpContext@@QBEHXZ 5f6070e4     MFC42D:MFC42D.DLL
 0002:000000e8       __imp_?Dump@CFile@@UBEXAAVCDumpContext@@@Z 5f6070e8     MFC42D:MFC42D.DLL
 0002:000000ec       __imp_?SetOccDialogInfo@CWnd@@MAEHPAU_AFX_OCC_DIALOG_INFO@@@Z 5f6070ec     MFC42D:MFC42D.DLL
 0002:000000f0       __imp_?IsFrameWnd@CWnd@@UBEHXZ 5f6070f0     MFC42D:MFC42D.DLL
 0002:000000f4       __imp_?CheckAutoCenter@CWnd@@UAEHXZ 5f6070f4     MFC42D:MFC42D.DLL
 0002:000000f8       __imp_?Dump@CObject@@UBEXAAVCDumpContext@@@Z 5f6070f8     MFC42D:MFC42D.DLL
 0002:000000fc       __imp_??2@YAPAXI@Z         5f6070fc     MFC42D:MFC42D.DLL
 0002:00000100       __imp_?DefWindowProcA@CWnd@@MAEJIIJ@Z 5f607100     MFC42D:MFC42D.DLL
 0002:00000104       __imp_?OnWndMsg@CWnd@@MAEHIIJPAJ@Z 5f607104     MFC42D:MFC42D.DLL
 0002:00000108       __imp_?WindowProc@CWnd@@MAEJIIJ@Z 5f607108     MFC42D:MFC42D.DLL
 0002:0000010c       __imp_?OnAmbientProperty@CWnd@@UAEHPAVCOleControlSite@@JPAUtagVARIANT@@@Z 5f60710c     MFC42D:MFC42D.DLL
 0002:00000110       __imp_?PreTranslateMessage@CWnd@@UAEHPAUtagMSG@@@Z 5f607110     MFC42D:MFC42D.DLL
 0002:00000114       __imp_?EndModalState@CWnd@@UAEXXZ 5f607114     MFC42D:MFC42D.DLL
 0002:00000118       __imp_?BeginModalState@CWnd@@UAEXXZ 5f607118     MFC42D:MFC42D.DLL
 0002:0000011c       __imp_?DoDataExchange@CWnd@@MAEXPAVCDataExchange@@@Z 5f60711c     MFC42D:MFC42D.DLL
 0002:00000120       __imp_?GetSuperWndProcAddr@CWnd@@MAEPAP6GJPAUHWND__@@IIJ@ZXZ 5f607120     MFC42D:MFC42D.DLL
 0002:00000124       __imp_?OnNotify@CWnd@@MAEHIJPAJ@Z 5f607124     MFC42D:MFC42D.DLL
 0002:00000128       __imp_?AfxGetModuleState@@YGPAVAFX_MODULE_STATE@@XZ 5f607128     MFC42D:MFC42D.DLL
 0002:0000012c       __imp_?EndModalLoop@CWnd@@UAEXH@Z 5f60712c     MFC42D:MFC42D.DLL
 0002:00000130       __imp_?ContinueModal@CWnd@@UAEHXZ 5f607130     MFC42D:MFC42D.DLL
 0002:00000134       __imp_?WinHelpA@CWnd@@UAEXKI@Z 5f607134     MFC42D:MFC42D.DLL
 0002:00000138       __imp_?GetScrollBarCtrl@CWnd@@UBEPAVCScrollBar@@H@Z 5f607138     MFC42D:MFC42D.DLL
 0002:0000013c       __imp_?OnToolHitTest@CWnd@@UBEHVCPoint@@PAUtagTOOLINFOA@@@Z 5f60713c     MFC42D:MFC42D.DLL
 0002:00000140       __imp_?CalcWindowRect@CWnd@@UAEXPAUtagRECT@@I@Z 5f607140     MFC42D:MFC42D.DLL
 0002:00000144       __imp_?PreCreateWindow@CWnd@@UAEHAAUtagCREATESTRUCTA@@@Z 5f607144     MFC42D:MFC42D.DLL
 0002:00000148       __imp_?DestroyWindow@CWnd@@UAEHXZ 5f607148     MFC42D:MFC42D.DLL
 0002:0000014c       __imp_?Create@CWnd@@UAEHPBD0KABUtagRECT@@PAV1@IPAUCCreateContext@@@Z 5f60714c     MFC42D:MFC42D.DLL
 0002:00000150       __imp_?PreSubclassWindow@CWnd@@UAEXXZ 5f607150     MFC42D:MFC42D.DLL
 0002:00000154       __imp_?GetConnectionHook@CCmdTarget@@MAEPAUIConnectionPoint@@ABU_GUID@@@Z 5f607154     MFC42D:MFC42D.DLL
 0002:00000158       __imp_?GetExtraConnectionPoints@CCmdTarget@@MAEHPAVCPtrArray@@@Z 5f607158     MFC42D:MFC42D.DLL
 0002:0000015c       __imp_?GetInterfaceHook@CCmdTarget@@UAEPAUIUnknown@@PBX@Z 5f60715c     MFC42D:MFC42D.DLL
 0002:00000160       __imp_?OnCreateAggregates@CCmdTarget@@UAEHXZ 5f607160     MFC42D:MFC42D.DLL
 0002:00000164       __imp_?GetEventSinkMap@CCmdTarget@@MBEPBUAFX_EVENTSINKMAP@@XZ 5f607164     MFC42D:MFC42D.DLL
 0002:00000168       __imp_?GetInterfaceMap@CCmdTarget@@MBEPBUAFX_INTERFACEMAP@@XZ 5f607168     MFC42D:MFC42D.DLL
 0002:0000016c       __imp_?GetConnectionMap@CCmdTarget@@MBEPBUAFX_CONNECTIONMAP@@XZ 5f60716c     MFC42D:MFC42D.DLL
 0002:00000170       __imp_?GetDispatchMap@CCmdTarget@@MBEPBUAFX_DISPMAP@@XZ 5f607170     MFC42D:MFC42D.DLL
 0002:00000174       __imp_?GetCommandMap@CCmdTarget@@MBEPBUAFX_OLECMDMAP@@XZ 5f607174     MFC42D:MFC42D.DLL
 0002:00000178       __imp_?GetTypeLib@CCmdTarget@@UAEJKPAPAUITypeLib@@@Z 5f607178     MFC42D:MFC42D.DLL
 0002:0000017c       __imp_?GetTypeLibCache@CCmdTarget@@UAEPAVCTypeLibCache@@XZ 5f60717c     MFC42D:MFC42D.DLL
 0002:00000180       __imp_?GetTypeInfoCount@CCmdTarget@@UAEIXZ 5f607180     MFC42D:MFC42D.DLL
 0002:00000184       __imp_?GetDispatchIID@CCmdTarget@@UAEHPAU_GUID@@@Z 5f607184     MFC42D:MFC42D.DLL
 0002:00000188       __imp_?IsInvokeAllowed@CCmdTarget@@UAEHJ@Z 5f607188     MFC42D:MFC42D.DLL
 0002:0000018c       __imp_?OnFinalRelease@CWnd@@UAEXXZ 5f60718c     MFC42D:MFC42D.DLL
 0002:00000190       __imp_?OnCmdMsg@CCmdTarget@@UAEHIHPAXPAUAFX_CMDHANDLERINFO@@@Z 5f607190     MFC42D:MFC42D.DLL
 0002:00000194       __imp_?Dump@CWnd@@UBEXAAVCDumpContext@@@Z 5f607194     MFC42D:MFC42D.DLL
 0002:00000198       __imp_?AssertValid@CWnd@@UBEXXZ 5f607198     MFC42D:MFC42D.DLL
 0002:0000019c       __imp_?GetRuntimeClass@CWnd@@UBEPAUCRuntimeClass@@XZ 5f60719c     MFC42D:MFC42D.DLL
 0002:000001a0       __imp_??0CWnd@@QAE@XZ      5f6071a0     MFC42D:MFC42D.DLL
 0002:000001a4       __imp_??1CWnd@@UAE@XZ      5f6071a4     MFC42D:MFC42D.DLL
 0002:000001a8       __imp_?messageMap@CWnd@@1UAFX_MSGMAP@@B 5f6071a8     MFC42D:MFC42D.DLL
 0002:000001ac       __imp_?classCObject@CObject@@2UCRuntimeClass@@B 5f6071ac     MFC42D:MFC42D.DLL
 0002:000001b0       __imp_?classCFile@CFile@@2UCRuntimeClass@@B 5f6071b0     MFC42D:MFC42D.DLL
 0002:000001b4       __imp_??1CProcessLocalObject@@QAE@XZ 5f6071b4     MFC42D:MFC42D.DLL
 0002:000001b8       __imp_?GetData@CProcessLocalObject@@QAEPAVCNoTrackObject@@P6GPAV2@XZ@Z 5f6071b8     MFC42D:MFC42D.DLL
 0002:000001bc       __imp_??2CNoTrackObject@@SGPAXI@Z 5f6071bc     MFC42D:MFC42D.DLL
 0002:000001c0       __imp_?Serialize@CObject@@UAEXAAVCArchive@@@Z 5f6071c0     MFC42D:MFC42D.DLL
 0002:000001c4       __imp_??3CNoTrackObject@@SGXPAX@Z 5f6071c4     MFC42D:MFC42D.DLL
 0002:000001c8       __imp_??3CObject@@SGXPAX@Z 5f6071c8     MFC42D:MFC42D.DLL
 0002:000001cc       __imp_??3@YAXPAX@Z         5f6071cc     MFC42D:MFC42D.DLL
 0002:000001d0       __imp_?AfxGetAppModuleState@@YGPAVAFX_MODULE_STATE@@XZ 5f6071d0     MFC42D:MFC42D.DLL
 0002:000001d4       __imp_??2CObject@@SGPAXI@Z 5f6071d4     MFC42D:MFC42D.DLL
 0002:000001d8       __imp_?AfxInitExtensionModule@@YGHAAUAFX_EXTENSION_MODULE@@PAUHINSTANCE__@@@Z 5f6071d8     MFC42D:MFC42D.DLL
 0002:000001dc       __imp_?AfxAssertFailedLine@@YGHPBDH@Z 5f6071dc     MFC42D:MFC42D.DLL
 0002:000001e0       __imp_?AfxTermThread@@YGXPAUHINSTANCE__@@@Z 5f6071e0     MFC42D:MFC42D.DLL
 0002:000001e4       __imp_??0CDynLinkLibrary@@QAE@AAUAFX_EXTENSION_MODULE@@H@Z 5f6071e4     MFC42D:MFC42D.DLL
 0002:000001e8       __imp_?AfxTermExtensionModule@@YGXAAUAFX_EXTENSION_MODULE@@H@Z 5f6071e8     MFC42D:MFC42D.DLL
 0002:000001ec       __imp_?OnChildNotify@CWnd@@MAEHIIJPAJ@Z 5f6071ec     MFC42D:MFC42D.DLL
 0002:000001f0       __imp_?PostNcDestroy@CWnd@@MAEXXZ 5f6071f0     MFC42D:MFC42D.DLL
 0002:000001f4       __imp_?OnCommand@CWnd@@MAEHIJ@Z 5f6071f4     MFC42D:MFC42D.DLL
 0002:000001f8       \177MFC42D_NULL_THUNK_DATA 5f6071f8     MFC42D:MFC42D.DLL
 0002:000001fc       __imp___adjust_fdiv        5f6071fc     msvcrtd:MSVCRTD.dll
 0002:00000200       __imp___malloc_dbg         5f607200     msvcrtd:MSVCRTD.dll
 0002:00000204       __imp___initterm           5f607204     msvcrtd:MSVCRTD.dll
 0002:00000208       __imp___free_dbg           5f607208     msvcrtd:MSVCRTD.dll
 0002:0000020c       __imp__strcmp              5f60720c     msvcrtd:MSVCRTD.dll
 0002:00000210       __imp__strcpy              5f607210     msvcrtd:MSVCRTD.dll
 0002:00000214       __imp___except_handler3    5f607214     msvcrtd:MSVCRTD.dll
 0002:00000218       __imp_?terminate@@YAXXZ    5f607218     msvcrtd:MSVCRTD.dll
 0002:0000021c       __imp____CxxFrameHandler   5f60721c     msvcrtd:MSVCRTD.dll
 0002:00000220       __imp____dllonexit         5f607220     msvcrtd:MSVCRTD.dll
 0002:00000224       __imp___onexit             5f607224     msvcrtd:MSVCRTD.dll
 0002:00000228       __imp__memset              5f607228     msvcrtd:MSVCRTD.dll
 0002:0000022c       __imp_??1type_info@@UAE@XZ 5f60722c     msvcrtd:MSVCRTD.dll
 0002:00000230       \177MSVCRTD_NULL_THUNK_DATA 5f607230     msvcrtd:MSVCRTD.dll
 0002:00000234       __imp__KillTimer@8         5f607234     user32:USER32.dll
 0002:00000238       __imp__WaitMessage@0       5f607238     user32:USER32.dll
 0002:0000023c       __imp__PostMessageA@16     5f60723c     user32:USER32.dll
 0002:00000240       __imp__PeekMessageA@20     5f607240     user32:USER32.dll
 0002:00000244       __imp__DispatchMessageA@4  5f607244     user32:USER32.dll
 0002:00000248       __imp__SetTimer@16         5f607248     user32:USER32.dll
 0002:0000024c       \177USER32_NULL_THUNK_DATA 5f60724c     user32:USER32.dll
 0002:00000270       _IID_IDocHostUIHandlerDispatch 5f607270     dllnet.obj
 0002:00000280       _IID_IInternalConnection   5f607280     dllnet.obj
 0002:00000290       _IID_IAxWinAmbientDispatch 5f607290     dllnet.obj
 0002:000002a0       _IID_IAxWinHostWindow      5f6072a0     dllnet.obj
 0002:000002b0       _IID_IRegistrar            5f6072b0     dllnet.obj
 0002:000002c0       _CLSID_Registrar           5f6072c0     dllnet.obj
 0002:000002d0       _LIBID_ATLLib              5f6072d0     dllnet.obj
 0002:000002e0       ??_C@_0L@LDKI@MFC42D?4DLL?$AA@ 5f6072e0     dllnet.obj
 0002:000002f0       ?classCSocketFile@CSocketFile@@2UCRuntimeClass@@B 5f6072f0     sockcore.obj
 0002:00000308       ??_C@_0M@FJKI@CSocketFile?$AA@ 5f607308     sockcore.obj
 0002:00000318       ?classCSocket@CSocket@@2UCRuntimeClass@@B 5f607318     sockcore.obj
 0002:00000330       ??_C@_07MBCI@CSocket?$AA@  5f607330     sockcore.obj
 0002:00000338       ?classCAsyncSocket@CAsyncSocket@@2UCRuntimeClass@@B 5f607338     sockcore.obj
 0002:00000350       ??_C@_0N@CCKH@CAsyncSocket?$AA@ 5f607350     sockcore.obj
 0002:00000360       ?messageMap@CSocketWnd@@1UAFX_MSGMAP@@B 5f607360     sockcore.obj
 0002:00000368       ?_messageEntries@CSocketWnd@@0QBUAFX_MSGMAP_ENTRY@@B 5f607368     sockcore.obj
 0002:000003b4       ??_7_AFX_SOCK_STATE@@6B@   5f6073b4     sockcore.obj
 0002:000003bc       ??_7CAsyncSocket@@6B@      5f6073bc     sockcore.obj
 0002:00000408       ??_7CNoTrackObject@@6B@    5f607408     sockcore.obj
 0002:0000040c       ??_C@_02DILL@?$CFs?$AA@    5f60740c     sockcore.obj
 0002:00000410       ??_C@_0DB@FJKP@Warning?3?5unable?5to?5create?5socket@ 5f607410     sockcore.obj
 0002:00000444       ??_C@_0BJ@HDPG@Socket?5Notification?5Sink?$AA@ 5f607444     sockcore.obj
 0002:00000460       ??_C@_01BJG@?6?$AA@        5f607460     sockcore.obj
 0002:00000464       ??_C@_0BA@MMD@INVALID_SOCKET?6?$AA@ 5f607464     sockcore.obj
 0002:00000474       ??_C@_0N@HJN@m_hSocket?5?$DN?5?$AA@ 5f607474     sockcore.obj
 0002:00000488       ??_7CSocket@@6B@           5f607488     sockcore.obj
 0002:000004d8       ??_C@_0DG@NLAD@Error?3?5caught?5exception?5in?5PumpM@ 5f6074d8     sockcore.obj
 0002:00000510       ??_C@_0BD@MNOG@m_nConnectError?5?$DN?5?$AA@ 5f607510     sockcore.obj
 0002:00000524       ??_C@_0BA@EKGE@m_pbBlocking?5?$DN?5?$AA@ 5f607524     sockcore.obj
 0002:00000538       ??_7CSocketFile@@6B@       5f607538     sockcore.obj
 0002:00000594       ??_C@_0DB@HFNB@Warning?5?9?5Attempt?5made?5to?5seek?5o@ 5f607594     sockcore.obj
 0002:000005c8       ??_C@_0O@FJPJ@with?5socket?3?5?$AA@ 5f6075c8     sockcore.obj
 0002:000005d8       ??_C@_0BA@JPDC@with?5no?5socket?6?$AA@ 5f6075d8     sockcore.obj
 0002:000005ec       ??_7CSocketWnd@@6B@        5f6075ec     sockcore.obj
 0002:000006ac       ??_C@_0CH@FAFL@F?3?29782?2vc98?2mfc?2mfc?2include?2afx@ 5f6076ac     sockcore.obj
 0002:00000708       ??_7type_info@@6B@         5f607708     msvcrtd:ti_inst.obj
 0002:0000070c       ??_C@_08JKC@crtdll?4c?$AA@ 5f60770c     msvcrtd:crtdll.obj
 0002:00000718       _g_DllEntries              5f607718     mfcdload:mfcdload.obj
 0002:000007b8       _g_DllMap                  5f6077b8     mfcdload:mfcdload.obj
 0002:000007c0       _c_OmapEntries_wsock32     5f6077c0     mfcdload:wsock32.obj
 0002:00000878       _c_Omap_wsock32            5f607878     mfcdload:wsock32.obj
 0002:00000880       _c_OmapEntries_winspool    5f607880     mfcdload:winspool.obj
 0002:00000888       _c_Omap_winspool           5f607888     mfcdload:winspool.obj
 0002:00000890       _c_PmapEntries_winspool    5f607890     mfcdload:winspool.obj
 0002:00000ab8       _c_Pmap_winspool           5f607ab8     mfcdload:winspool.obj
 0002:00000ac0       _c_OmapEntries_wininet     5f607ac0     mfcdload:wininet.obj
 0002:00000ae0       _c_Omap_wininet            5f607ae0     mfcdload:wininet.obj
 0002:00000ae8       _c_PmapEntries_wininet     5f607ae8     mfcdload:wininet.obj
 0002:00000e60       _c_Pmap_wininet            5f607e60     mfcdload:wininet.obj
 0002:00000e68       _c_PmapEntries_urlmon      5f607e68     mfcdload:urlmon.obj
 0002:00000f58       _c_Pmap_urlmon             5f607f58     mfcdload:urlmon.obj
 0002:00000f60       _c_OmapEntries_shell32     5f607f60     mfcdload:shell32.obj
 0002:00001188       _c_Omap_shell32            5f608188     mfcdload:shell32.obj
 0002:00001190       _c_PmapEntries_shell32     5f608190     mfcdload:shell32.obj
 0002:000012c8       _c_Pmap_shell32            5f6082c8     mfcdload:shell32.obj
 0002:000012d0       _c_OmapEntries_olepro32    5f6082d0     mfcdload:olepro32.obj
 0002:00001308       _c_Omap_olepro32           5f608308     mfcdload:olepro32.obj
 0002:00001310       _c_PmapEntries_oledlg      5f608310     mfcdload:oledlg.obj
 0002:00001360       _c_Pmap_oledlg             5f608360     mfcdload:oledlg.obj
 0002:00001368       _c_OmapEntries_oledlg      5f608368     mfcdload:oledlg.obj
 0002:000013b8       _c_Omap_oledlg             5f6083b8     mfcdload:oledlg.obj
 0002:000013c0       _c_OmapEntries_oleaut32    5f6083c0     mfcdload:oleaut32.obj
 0002:00001558       _c_Omap_oleaut32           5f608558     mfcdload:oleaut32.obj
 0002:00001560       _c_PmapEntries_ole32       5f608560     mfcdload:ole32.obj
 0002:000018b8       _c_Pmap_ole32              5f6088b8     mfcdload:ole32.obj
 0002:000018c0       _c_OmapEntries_odbc32      5f6088c0     mfcdload:odbc32.obj
 0002:000019f8       _c_Omap_odbc32             5f6089f8     mfcdload:odbc32.obj
 0002:00001a00       _c_PmapEntries_comdlg32    5f608a00     mfcdload:comdlg32.obj
 0002:00001a98       _c_Pmap_comdlg32           5f608a98     mfcdload:comdlg32.obj
 0002:00001aa0       _c_OmapEntries_comctl32    5f608aa0     mfcdload:comctl32.obj
 0002:00001ac0       _c_Omap_comctl32           5f608ac0     mfcdload:comctl32.obj
 0002:00001ac8       _c_PmapEntries_comctl32    5f608ac8     mfcdload:comctl32.obj
 0002:00001b80       _c_Pmap_comctl32           5f608b80     mfcdload:comctl32.obj
 0002:00001b88       _c_PmapEntries_advapi32    5f608b88     mfcdload:advapi.obj
 0002:00001d30       _c_Pmap_advapi32           5f608d30     mfcdload:advapi.obj
 0002:00001d40       __sz_WSOCK32               5f608d40     wsock32:WSOCK32.dll
 0002:00001d50       ??_R1A@?0A@A@CNoTrackObject@@8 5f608d50     sockcore.obj
 0002:00001d68       ??_R1A@?0A@A@_AFX_SOCK_STATE@@8 5f608d68     sockcore.obj
 0002:00001d80       ??_R2_AFX_SOCK_STATE@@8    5f608d80     sockcore.obj
 0002:00001d90       ??_R3_AFX_SOCK_STATE@@8    5f608d90     sockcore.obj
 0002:00001da0       ??_R4_AFX_SOCK_STATE@@6B@  5f608da0     sockcore.obj
 0002:00001db8       ??_R1A@?0A@A@CObject@@8    5f608db8     sockcore.obj
 0002:00001dd0       ??_R1A@?0A@A@CAsyncSocket@@8 5f608dd0     sockcore.obj
 0002:00001de8       ??_R2CAsyncSocket@@8       5f608de8     sockcore.obj
 0002:00001df8       ??_R3CAsyncSocket@@8       5f608df8     sockcore.obj
 0002:00001e08       ??_R4CAsyncSocket@@6B@     5f608e08     sockcore.obj
 0002:00001e1c       ??_R2CNoTrackObject@@8     5f608e1c     sockcore.obj
 0002:00001e28       ??_R3CNoTrackObject@@8     5f608e28     sockcore.obj
 0002:00001e38       ??_R4CNoTrackObject@@6B@   5f608e38     sockcore.obj
 0002:00001e50       ??_R1A@?0A@A@CSocket@@8    5f608e50     sockcore.obj
 0002:00001e68       ??_R2CSocket@@8            5f608e68     sockcore.obj
 0002:00001e78       ??_R3CSocket@@8            5f608e78     sockcore.obj
 0002:00001e88       ??_R4CSocket@@6B@          5f608e88     sockcore.obj
 0002:00001ea0       ??_R1A@?0A@A@CFile@@8      5f608ea0     sockcore.obj
 0002:00001eb8       ??_R1A@?0A@A@CSocketFile@@8 5f608eb8     sockcore.obj
 0002:00001ed0       ??_R2CSocketFile@@8        5f608ed0     sockcore.obj
 0002:00001ee0       ??_R3CSocketFile@@8        5f608ee0     sockcore.obj
 0002:00001ef0       ??_R4CSocketFile@@6B@      5f608ef0     sockcore.obj
 0002:00001f08       ??_R1A@?0A@A@CCmdTarget@@8 5f608f08     sockcore.obj
 0002:00001f20       ??_R1A@?0A@A@CWnd@@8       5f608f20     sockcore.obj
 0002:00001f38       ??_R1A@?0A@A@CSocketWnd@@8 5f608f38     sockcore.obj
 0002:00001f50       ??_R2CSocketWnd@@8         5f608f50     sockcore.obj
 0002:00001f68       ??_R3CSocketWnd@@8         5f608f68     sockcore.obj
 0002:00001f78       ??_R4CSocketWnd@@6B@       5f608f78     sockcore.obj
 0002:00001f90       ??_R1A@?0A@A@type_info@@8  5f608f90     msvcrtd:ti_inst.obj
 0002:00001fa8       ??_R2type_info@@8          5f608fa8     msvcrtd:ti_inst.obj
 0002:00001fb0       ??_R3type_info@@8          5f608fb0     msvcrtd:ti_inst.obj
 0002:00001fc0       ??_R4type_info@@6B@        5f608fc0     msvcrtd:ti_inst.obj
 0002:00002178       __DELAY_IMPORT_DESCRIPTOR_WSOCK32 5f609178     wsock32:WSOCK32.dll
 0002:00002198       __NULL_DELAY_IMPORT_DESCRIPTOR 5f609198     wsock32:WSOCK32.dll
 0002:00002224       \177WSOCK32_NULL_THUNK_DATA_DLN 5f609224     wsock32:WSOCK32.dll
 0002:0000222c       \177WSOCK32_NULL_THUNK_DATA_DLB 5f60922c     wsock32:WSOCK32.dll
 0002:00002298       __IMPORT_DESCRIPTOR_MFC42D 5f609298     MFC42D:MFC42D.DLL
 0002:000022ac       __IMPORT_DESCRIPTOR_MSVCRTD 5f6092ac     msvcrtd:MSVCRTD.dll
 0002:000022c0       __IMPORT_DESCRIPTOR_KERNEL32 5f6092c0     kernel32:KERNEL32.dll
 0002:000022d4       __IMPORT_DESCRIPTOR_USER32 5f6092d4     user32:USER32.dll
 0002:000022e8       __NULL_IMPORT_DESCRIPTOR   5f6092e8     MFC42D:MFC42D.DLL
 0003:00000000       ___xc_a                    5f60a000     msvcrtd:cinitexe.obj
 0003:00000008       ___xc_z                    5f60a008     msvcrtd:cinitexe.obj
 0003:0000000c       ___xi_a                    5f60a00c     msvcrtd:cinitexe.obj
 0003:00000010       ___xi_z                    5f60a010     msvcrtd:cinitexe.obj
 0003:0000002c       __pRawDllMain              5f60a02c     dllnet.obj
 0003:00000030       ?_afxForceVectorDelete_mfcn@@3P6AXXZA 5f60a030     dllnet.obj
 0003:00000034       ___pfnDliFailureHook       5f60a034     dllnet.obj
 0003:00000038       ?GUID_ATLVer30@ATL@@3U_GUID@@A 5f60a038     dllnet.obj
 0003:00000068       ??_R0?AVCNoTrackObject@@@8 5f60a068     sockcore.obj
 0003:00000088       ??_R0?AV_AFX_SOCK_STATE@@@8 5f60a088     sockcore.obj
 0003:000000a8       ??_R0?AVCObject@@@8        5f60a0a8     sockcore.obj
 0003:000000c0       ??_R0?AVCAsyncSocket@@@8   5f60a0c0     sockcore.obj
 0003:000000e0       ??_R0?AVCSocket@@@8        5f60a0e0     sockcore.obj
 0003:000000f8       ??_R0PAVCException@@@8     5f60a0f8     sockcore.obj
 0003:00000118       ??_R0?AVCFile@@@8          5f60a118     sockcore.obj
 0003:00000130       ??_R0?AVCSocketFile@@@8    5f60a130     sockcore.obj
 0003:00000150       ??_R0?AVCCmdTarget@@@8     5f60a150     sockcore.obj
 0003:00000170       ??_R0?AVCWnd@@@8           5f60a170     sockcore.obj
 0003:00000188       ??_R0?AVCSocketWnd@@@8     5f60a188     sockcore.obj
 0003:000001b0       ??_R0?AVtype_info@@@8      5f60a1b0     msvcrtd:ti_inst.obj
 0003:00002890       __imp__WSAAsyncSelect@16   5f60c890     wsock32:WSOCK32.dll
 0003:00002894       __imp__WSAStartup@8        5f60c894     wsock32:WSOCK32.dll
 0003:00002898       __imp__WSASetLastError@4   5f60c898     wsock32:WSOCK32.dll
 0003:0000289c       __imp__inet_ntoa@4         5f60c89c     wsock32:WSOCK32.dll
 0003:000028a0       __imp__ntohs@4             5f60c8a0     wsock32:WSOCK32.dll
 0003:000028a4       __imp__accept@12           5f60c8a4     wsock32:WSOCK32.dll
 0003:000028a8       __imp__htons@4             5f60c8a8     wsock32:WSOCK32.dll
 0003:000028ac       __imp__inet_addr@4         5f60c8ac     wsock32:WSOCK32.dll
 0003:000028b0       __imp__htonl@4             5f60c8b0     wsock32:WSOCK32.dll
 0003:000028b4       __imp__closesocket@4       5f60c8b4     wsock32:WSOCK32.dll
 0003:000028b8       __imp__gethostbyname@4     5f60c8b8     wsock32:WSOCK32.dll
 0003:000028bc       __imp__recv@16             5f60c8bc     wsock32:WSOCK32.dll
 0003:000028c0       __imp__send@16             5f60c8c0     wsock32:WSOCK32.dll
 0003:000028c4       __imp__WSACleanup@0        5f60c8c4     wsock32:WSOCK32.dll
 0003:000028c8       __imp__WSAGetLastError@0   5f60c8c8     wsock32:WSOCK32.dll
 0003:000028cc       __imp__socket@12           5f60c8cc     wsock32:WSOCK32.dll
 0003:000028d0       __imp__recvfrom@24         5f60c8d0     wsock32:WSOCK32.dll
 0003:000028d4       __imp__sendto@24           5f60c8d4     wsock32:WSOCK32.dll
 0003:000028d8       __imp__connect@12          5f60c8d8     wsock32:WSOCK32.dll
 0003:000028dc       __imp__getpeername@12      5f60c8dc     wsock32:WSOCK32.dll
 0003:000028e0       __imp__getsockname@12      5f60c8e0     wsock32:WSOCK32.dll
 0003:000028e4       __imp__setsockopt@20       5f60c8e4     wsock32:WSOCK32.dll
 0003:000028e8       __imp__getsockopt@20       5f60c8e8     wsock32:WSOCK32.dll
 0003:000028ec       __imp__bind@12             5f60c8ec     wsock32:WSOCK32.dll
 0003:000028f0       __imp__ioctlsocket@12      5f60c8f0     wsock32:WSOCK32.dll
 0003:000028f4       __imp__listen@8            5f60c8f4     wsock32:WSOCK32.dll
 0003:000028f8       __imp__shutdown@8          5f60c8f8     wsock32:WSOCK32.dll
 0003:000028fc       \177WSOCK32_NULL_THUNK_DATA_DLA 5f60c8fc     wsock32:WSOCK32.dll
 0003:00002900       ?ATL_CREATE_OBJECT@CComApartment@ATL@@2IA 5f60c900     dllnet.obj
 0003:00002908       ?m_libid@CComModule@ATL@@2U_GUID@@A 5f60c908     dllnet.obj
 0003:00002918       ?_pModule@ATL@@3PAVCComModule@1@A 5f60c918     dllnet.obj
 0003:00002934       ?_afxSockState@@3V?$CProcessLocal@V_AFX_SOCK_STATE@@@@A 5f60c934     sockcore.obj
 0003:0000293c       __hmod__WSOCK32            5f60c93c     wsock32:WSOCK32.dll
 0003:00002940       ___puiHead                 5f60c940     delayimp:delayhlp.obj
 0003:00002944       ___pfnDliNotifyHook        5f60c944     delayimp:delayhk2.obj
 0003:00002948       __adjust_fdiv              5f60c948     <common>
 0003:0000294c       ___onexitend               5f60c94c     <common>
 0003:00002950       ___onexitbegin             5f60c950     <common>

 entry point at        0001:000006e0

 Static symbols

 0001:0000334e       _$E375                     5f60434e f   sockcore.obj
 0001:0000335d       _$E372                     5f60435d f   sockcore.obj
 0001:00003362       _$E374                     5f604362 f   sockcore.obj
 0001:00003374       _$E373                     5f604374 f   sockcore.obj
 0001:00005710       ?_AfxForceVectorDelete@@YAXXZ 5f606710 f   dllnet.obj
 0001:000004d0       ?ArrayUnwindFilter@@YAHPAU_EXCEPTION_POINTERS@@@Z 5f6014d0 f   msvcrtd:ehvecdtr.obj
 0001:000028e0       _RegCreateKeyA@12          5f6038e0 f   mfcdload:advapi.obj
 0001:000028ec       _RegCreateKeyW@12          5f6038ec f   mfcdload:advapi.obj
 0001:000028f8       _RegCreateKeyExA@36        5f6038f8 f   mfcdload:advapi.obj
 0001:00002904       _RegCreateKeyExW@36        5f603904 f   mfcdload:advapi.obj
 0001:0000292e       _RegOpenKeyExA@20          5f60392e f   mfcdload:advapi.obj
 0001:0000293a       _RegOpenKeyExW@20          5f60393a f   mfcdload:advapi.obj
 0001:00002955       _RegSetValueA@20           5f603955 f   mfcdload:advapi.obj
 0001:00002961       _RegSetValueExA@24         5f603961 f   mfcdload:advapi.obj
 0001:0000296d       _RegSetValueExW@24         5f60396d f   mfcdload:advapi.obj
 0001:00002979       _RegQueryValueA@16         5f603979 f   mfcdload:advapi.obj
 0001:00002985       _RegQueryValueExA@24       5f603985 f   mfcdload:advapi.obj
 0001:00002991       _RegQueryValueExW@24       5f603991 f   mfcdload:advapi.obj
 0001:000029bb       _GetUserNameW@8            5f6039bb f   mfcdload:advapi.obj
 0001:000029cb       _RegCloseKey@4             5f6039cb f   mfcdload:advapi.obj
 0001:000029d7       _RegDeleteKeyA@8           5f6039d7 f   mfcdload:advapi.obj
 0001:000029e3       _RegDeleteKeyW@8           5f6039e3 f   mfcdload:advapi.obj
 0001:000029ef       _QueryServiceStatus@8      5f6039ef f   mfcdload:advapi.obj
 0001:000029ff       _RegDeleteValueA@8         5f6039ff f   mfcdload:advapi.obj
 0001:00002a0b       _RegDeleteValueW@8         5f603a0b f   mfcdload:advapi.obj
 0001:00002a17       _RegNotifyChangeKeyValue@20 5f603a17 f   mfcdload:advapi.obj
 0001:00002a23       _RegOpenKeyA@12            5f603a23 f   mfcdload:advapi.obj
 0001:00002a2f       _RegOpenKeyW@12            5f603a2f f   mfcdload:advapi.obj
 0001:00002a3b       _RegEnumKeyA@16            5f603a3b f   mfcdload:advapi.obj
 0001:00002a47       _RegEnumKeyW@16            5f603a47 f   mfcdload:advapi.obj
 0001:00002a53       _RegEnumKeyExW@32          5f603a53 f   mfcdload:advapi.obj
 0001:00002a6e       _RegQueryInfoKeyW@48       5f603a6e f   mfcdload:advapi.obj
 0001:00002a7a       _DeregisterEventSource@4   5f603a7a f   mfcdload:advapi.obj
 0001:00002a8a       _RegisterEventSourceW@8    5f603a8a f   mfcdload:advapi.obj
 0001:00002a9a       _ReportEventW@36           5f603a9a f   mfcdload:advapi.obj
 0001:00002aaa       _AdjustTokenPrivileges@24  5f603aaa f   mfcdload:advapi.obj
 0001:00002aba       _LookupPrivilegeValueA@12  5f603aba f   mfcdload:advapi.obj
 0001:00002aca       _LookupPrivilegeValueW@12  5f603aca f   mfcdload:advapi.obj
 0001:00002ada       _FreeSid@4                 5f603ada f   mfcdload:advapi.obj
 0001:00002aea       _CheckTokenMembership@12   5f603aea f   mfcdload:advapi.obj
 0001:00002afa       _AllocateAndInitializeSid@44 5f603afa f   mfcdload:advapi.obj
 0001:00002b0a       _OpenProcessToken@12       5f603b0a f   mfcdload:advapi.obj
 0001:00002b1a       _OpenThreadToken@16        5f603b1a f   mfcdload:advapi.obj
 0001:00002b2a       _GetTokenInformation@20    5f603b2a f   mfcdload:advapi.obj
 0001:00002b3a       _RegEnumValueW@32          5f603b3a f   mfcdload:advapi.obj
 0001:00002b46       _CryptHashData@16          5f603b46 f   mfcdload:advapi.obj
 0001:00002b4f       _CryptReleaseContext@8     5f603b4f f   mfcdload:advapi.obj
 0001:00002b58       _CryptAcquireContextW@20   5f603b58 f   mfcdload:advapi.obj
 0001:00002b61       _CryptDestroyHash@4        5f603b61 f   mfcdload:advapi.obj
 0001:00002b6a       _CryptDestroyKey@4         5f603b6a f   mfcdload:advapi.obj
 0001:00002b73       _CryptExportKey@24         5f603b73 f   mfcdload:advapi.obj
 0001:00002b7c       _CryptGetHashParam@20      5f603b7c f   mfcdload:advapi.obj
 0001:00002b94       _CryptCreateHash@20        5f603b94 f   mfcdload:advapi.obj
 0001:00002b9d       _SetFileSecurityA@12       5f603b9d f   mfcdload:advapi.obj
 0001:00002bad       _GetFileSecurityA@20       5f603bad f   mfcdload:advapi.obj
 0001:00002bbd       _RegQueryValueW@16         5f603bbd f   mfcdload:advapi.obj
 0001:00002bd0       _RegSetValueW@20           5f603bd0 f   mfcdload:advapi.obj
 0001:00002be3       _SetFileSecurityW@12       5f603be3 f   mfcdload:advapi.obj
 0001:00002bf3       _GetFileSecurityW@20       5f603bf3 f   mfcdload:advapi.obj
 0001:000027b0       _CreatePropertySheetPageA@4 5f6037b0 f   mfcdload:comctl32.obj
 0001:000027c0       _CreatePropertySheetPageW@4 5f6037c0 f   mfcdload:comctl32.obj
 0001:000027c9       _CreateUpDownControl@48    5f6037c9 f   mfcdload:comctl32.obj
 0001:000027d2       _DestroyPropertySheetPage@4 5f6037d2 f   mfcdload:comctl32.obj
 0001:000027db       _ImageList_Add@12          5f6037db f   mfcdload:comctl32.obj
 0001:000027e5       _ImageList_Create@20       5f6037e5 f   mfcdload:comctl32.obj
 0001:000027ee       _ImageList_Destroy@4       5f6037ee f   mfcdload:comctl32.obj
 0001:000027f7       _ImageList_Draw@24         5f6037f7 f   mfcdload:comctl32.obj
 0001:00002800       _ImageList_Duplicate@4     5f603800 f   mfcdload:comctl32.obj
 0001:00002809       _ImageList_GetIcon@12      5f603809 f   mfcdload:comctl32.obj
 0001:00002812       _ImageList_GetIconSize@12  5f603812 f   mfcdload:comctl32.obj
 0001:0000281b       _ImageList_LoadImageA@28   5f60381b f   mfcdload:comctl32.obj
 0001:0000282b       _ImageList_LoadImageW@28   5f60382b f   mfcdload:comctl32.obj
 0001:00002834       _ImageList_Remove@8        5f603834 f   mfcdload:comctl32.obj
 0001:0000283d       _ImageList_ReplaceIcon@12  5f60383d f   mfcdload:comctl32.obj
 0001:00002847       _ImageList_SetBkColor@8    5f603847 f   mfcdload:comctl32.obj
 0001:00002851       _ImageList_SetOverlayImage@12 5f603851 f   mfcdload:comctl32.obj
 0001:0000285a       _ImageList_Merge@24        5f60385a f   mfcdload:comctl32.obj
 0001:0000286a       _ImageList_Read@4          5f60386a f   mfcdload:comctl32.obj
 0001:0000287a       _ImageList_Write@8         5f60387a f   mfcdload:comctl32.obj
 0001:0000288a       _InitCommonControls@0      5f60388a f   mfcdload:comctl32.obj
 0001:0000288f       _InitCommonControlsEx@4    5f60388f f   mfcdload:comctl32.obj
 0001:00002898       _PropertySheetA@4          5f603898 f   mfcdload:comctl32.obj
 0001:000028a2       _PropertySheetW@4          5f6038a2 f   mfcdload:comctl32.obj
 0001:000028ac       _ImageList_DrawIndirect@4  5f6038ac f   mfcdload:comctl32.obj
 0001:000028b5       _MakeDragList@4            5f6038b5 f   mfcdload:comctl32.obj
 0001:000028c5       _LBItemFromPt@16           5f6038c5 f   mfcdload:comctl32.obj
 0001:000026c0       _CommDlgExtendedError@0    5f6036c0 f   mfcdload:comdlg32.obj
 0001:000026c7       _GetFileTitleW@12          5f6036c7 f   mfcdload:comdlg32.obj
 0001:000026d1       _GetOpenFileNameW@4        5f6036d1 f   mfcdload:comdlg32.obj
 0001:000026da       _GetOpenFileNameA@4        5f6036da f   mfcdload:comdlg32.obj
 0001:000026e3       _GetSaveFileNameW@4        5f6036e3 f   mfcdload:comdlg32.obj
 0001:000026ec       _GetSaveFileNameA@4        5f6036ec f   mfcdload:comdlg32.obj
 0001:000026f5       _ChooseColorW@4            5f6036f5 f   mfcdload:comdlg32.obj
 0001:000026fe       _PageSetupDlgW@4           5f6036fe f   mfcdload:comdlg32.obj
 0001:00002707       _PageSetupDlgA@4           5f603707 f   mfcdload:comdlg32.obj
 0001:00002710       _PrintDlgA@4               5f603710 f   mfcdload:comdlg32.obj
 0001:00002719       _PrintDlgW@4               5f603719 f   mfcdload:comdlg32.obj
 0001:00002722       _FindTextA@4               5f603722 f   mfcdload:comdlg32.obj
 0001:00002732       _ReplaceTextA@4            5f603732 f   mfcdload:comdlg32.obj
 0001:00002742       _ChooseFontA@4             5f603742 f   mfcdload:comdlg32.obj
 0001:00002752       _ChooseColorA@4            5f603752 f   mfcdload:comdlg32.obj
 0001:00002762       _GetFileTitleA@12          5f603762 f   mfcdload:comdlg32.obj
 0001:00002773       _FindTextW@4               5f603773 f   mfcdload:comdlg32.obj
 0001:00002783       _ReplaceTextW@4            5f603783 f   mfcdload:comdlg32.obj
 0001:00002793       _ChooseFontW@4             5f603793 f   mfcdload:comdlg32.obj
 0001:00002440       _SQLDisconnect@4           5f603440 f   mfcdload:odbc32.obj
 0001:0000244b       _SQLExecute@4              5f60344b f   mfcdload:odbc32.obj
 0001:00002456       _SQLAllocHandle@12         5f603456 f   mfcdload:odbc32.obj
 0001:00002461       _SQLFreeHandle@8           5f603461 f   mfcdload:odbc32.obj
 0001:0000246c       _SQLSetConnectAttr@16      5f60346c f   mfcdload:odbc32.obj
 0001:00002477       _SQLBindParameter@40       5f603477 f   mfcdload:odbc32.obj
 0001:00002482       _SQLSetEnvAttr@16          5f603482 f   mfcdload:odbc32.obj
 0001:0000248d       _SQLErrorW@32              5f60348d f   mfcdload:odbc32.obj
 0001:00002498       _SQLPrepareW@12            5f603498 f   mfcdload:odbc32.obj
 0001:000024a3       _SQLDriverConnectW@32      5f6034a3 f   mfcdload:odbc32.obj
 0001:000024ae       _SQLPrepare@12             5f6034ae f   mfcdload:odbc32.obj
 0001:000024c0       _SQLSetPos@16              5f6034c0 f   mfcdload:odbc32.obj
 0001:000024d2       _SQLGetFunctions@12        5f6034d2 f   mfcdload:odbc32.obj
 0001:000024e4       _SQLGetStmtOption@12       5f6034e4 f   mfcdload:odbc32.obj
 0001:000024f6       _SQLAllocEnv@4             5f6034f6 f   mfcdload:odbc32.obj
 0001:00002508       _SQLAllocConnect@8         5f603508 f   mfcdload:odbc32.obj
 0001:0000251a       _SQLTransact@12            5f60351a f   mfcdload:odbc32.obj
 0001:0000252c       _SQLSetConnectOption@12    5f60352c f   mfcdload:odbc32.obj
 0001:0000253e       _SQLGetData@24             5f60353e f   mfcdload:odbc32.obj
 0001:00002550       _SQLDriverConnect@32       5f603550 f   mfcdload:odbc32.obj
 0001:00002562       _SQLDescribeCol@36         5f603562 f   mfcdload:odbc32.obj
 0001:00002574       _SQLFreeConnect@4          5f603574 f   mfcdload:odbc32.obj
 0001:00002586       _SQLAllocStmt@8            5f603586 f   mfcdload:odbc32.obj
 0001:00002598       _SQLExecDirect@12          5f603598 f   mfcdload:odbc32.obj
 0001:000025aa       _SQLNumResultCols@8        5f6035aa f   mfcdload:odbc32.obj
 0001:000025bc       _SQLFetch@4                5f6035bc f   mfcdload:odbc32.obj
 0001:000025ce       _SQLMoreResults@4          5f6035ce f   mfcdload:odbc32.obj
 0001:000025e0       _SQLFreeStmt@8             5f6035e0 f   mfcdload:odbc32.obj
 0001:000025f2       _SQLCancel@4               5f6035f2 f   mfcdload:odbc32.obj
 0001:00002604       _SQLError@32               5f603604 f   mfcdload:odbc32.obj
 0001:00002616       _SQLExtendedFetch@20       5f603616 f   mfcdload:odbc32.obj
 0001:00002628       _SQLGetCursorName@16       5f603628 f   mfcdload:odbc32.obj
 0001:0000263a       _SQLRowCount@8             5f60363a f   mfcdload:odbc32.obj
 0001:0000264c       _SQLPutData@12             5f60364c f   mfcdload:odbc32.obj
 0001:0000265e       _SQLParamData@8            5f60365e f   mfcdload:odbc32.obj
 0001:00002670       _SQLBindCol@24             5f603670 f   mfcdload:odbc32.obj
 0001:00002682       _SQLGetInfo@20             5f603682 f   mfcdload:odbc32.obj
 0001:00002694       _SQLSetStmtOption@12       5f603694 f   mfcdload:odbc32.obj
 0001:000026a6       _SQLFreeEnv@4              5f6036a6 f   mfcdload:odbc32.obj
 0001:00001f00       _CLSIDFromProgID@8         5f602f00 f   mfcdload:ole32.obj
 0001:00001f0c       _CLSIDFromString@8         5f602f0c f   mfcdload:ole32.obj
 0001:00001f18       _CoCreateGuid@4            5f602f18 f   mfcdload:ole32.obj
 0001:00001f24       _CoCreateInstance@20       5f602f24 f   mfcdload:ole32.obj
 0001:00001f39       _CoDisableCallCancellation@4 5f602f39 f   mfcdload:ole32.obj
 0001:00001f45       _CoEnableCallCancellation@4 5f602f45 f   mfcdload:ole32.obj
 0001:00001f51       _CoInitialize@4            5f602f51 f   mfcdload:ole32.obj
 0001:00001f5d       _CoInitializeEx@8          5f602f5d f   mfcdload:ole32.obj
 0001:00001f69       _CoInitializeSecurity@36   5f602f69 f   mfcdload:ole32.obj
 0001:00001f75       _CoImpersonateClient@0     5f602f75 f   mfcdload:ole32.obj
 0001:00001f7f       _CoRevertToSelf@0          5f602f7f f   mfcdload:ole32.obj
 0001:00001f89       _CoSwitchCallContext@8     5f602f89 f   mfcdload:ole32.obj
 0001:00001f95       _CoMarshalInterface@24     5f602f95 f   mfcdload:ole32.obj
 0001:00001fa1       _CoRegisterClassObject@20  5f602fa1 f   mfcdload:ole32.obj
 0001:00001fad       _CoReleaseMarshalData@4    5f602fad f   mfcdload:ole32.obj
 0001:00001fb9       _CoResumeClassObjects@0    5f602fb9 f   mfcdload:ole32.obj
 0001:00001fc3       _CoRevokeClassObject@4     5f602fc3 f   mfcdload:ole32.obj
 0001:00001fcf       _CoSetProxyBlanket@32      5f602fcf f   mfcdload:ole32.obj
 0001:00001fdb       _CoSuspendClassObjects@0   5f602fdb f   mfcdload:ole32.obj
 0001:00001fe5       _CoTaskMemAlloc@4          5f602fe5 f   mfcdload:ole32.obj
 0001:00001fee       _CoTaskMemRealloc@8        5f602fee f   mfcdload:ole32.obj
 0001:00001ff7       _CoTaskMemFree@4           5f602ff7 f   mfcdload:ole32.obj
 0001:00001ffe       _CoUninitialize@0          5f602ffe f   mfcdload:ole32.obj
 0001:00002003       _CoUnmarshalInterface@12   5f603003 f   mfcdload:ole32.obj
 0001:0000200f       _CreateClassMoniker@8      5f60300f f   mfcdload:ole32.obj
 0001:00002024       _CreateItemMoniker@12      5f603024 f   mfcdload:ole32.obj
 0001:00002039       _CreateStreamOnHGlobal@12  5f603039 f   mfcdload:ole32.obj
 0001:00002045       _GetRunningObjectTable@8   5f603045 f   mfcdload:ole32.obj
 0001:0000205a       _MkParseDisplayName@16     5f60305a f   mfcdload:ole32.obj
 0001:0000206f       _OleInitialize@4           5f60306f f   mfcdload:ole32.obj
 0001:0000207b       _OleLoadFromStream@12      5f60307b f   mfcdload:ole32.obj
 0001:00002087       _OleSaveToStream@8         5f603087 f   mfcdload:ole32.obj
 0001:00002093       _OleLockRunning@12         5f603093 f   mfcdload:ole32.obj
 0001:0000209f       _OleUninitialize@0         5f60309f f   mfcdload:ole32.obj
 0001:000020a4       _ProgIDFromCLSID@8         5f6030a4 f   mfcdload:ole32.obj
 0001:000020b0       _StringFromCLSID@8         5f6030b0 f   mfcdload:ole32.obj
 0001:000020bc       _WriteClassStm@8           5f6030bc f   mfcdload:ole32.obj
 0001:000020c8       _CreateDataAdviseHolder@4  5f6030c8 f   mfcdload:ole32.obj
 0001:000020d4       _StgCreateDocfile@16       5f6030d4 f   mfcdload:ole32.obj
 0001:000020e0       _CreateILockBytesOnHGlobal@12 5f6030e0 f   mfcdload:ole32.obj
 0001:000020ec       _StgCreateDocfileOnILockBytes@16 5f6030ec f   mfcdload:ole32.obj
 0001:000020f8       _OleQueryCreateFromData@4  5f6030f8 f   mfcdload:ole32.obj
 0001:00002104       _OleQueryLinkFromData@4    5f603104 f   mfcdload:ole32.obj
 0001:00002110       _CreateFileMoniker@8       5f603110 f   mfcdload:ole32.obj
 0001:0000211c       _GetClassFile@8            5f60311c f   mfcdload:ole32.obj
 0001:00002128       _StgOpenStorage@24         5f603128 f   mfcdload:ole32.obj
 0001:00002134       _StringFromGUID2@12        5f603134 f   mfcdload:ole32.obj
 0001:0000213d       _CoMarshalInterThreadInterfaceInStream@12 5f60313d f   mfcdload:ole32.obj
 0001:00002149       _CoGetInterfaceAndReleaseStream@12 5f603149 f   mfcdload:ole32.obj
 0001:00002155       _DoDragDrop@16             5f603155 f   mfcdload:ole32.obj
 0001:00002161       _OleGetClipboard@4         5f603161 f   mfcdload:ole32.obj
 0001:0000216d       _OleSetClipboard@4         5f60316d f   mfcdload:ole32.obj
 0001:00002179       _OleRegEnumVerbs@8         5f603179 f   mfcdload:ole32.obj
 0001:00002185       _PropVariantClear@4        5f603185 f   mfcdload:ole32.obj
 0001:00002191       _ReleaseStgMedium@4        5f603191 f   mfcdload:ole32.obj
 0001:00002198       _CoFreeUnusedLibraries@0   5f603198 f   mfcdload:ole32.obj
 0001:0000219d       _RevokeDragDrop@4          5f60319d f   mfcdload:ole32.obj
 0001:000021a9       _RegisterDragDrop@8        5f6031a9 f   mfcdload:ole32.obj
 0001:000021b5       _OleFlushClipboard@0       5f6031b5 f   mfcdload:ole32.obj
 0001:000021bf       _CoGetMalloc@8             5f6031bf f   mfcdload:ole32.obj
 0001:000021cb       _OleRegGetMiscStatus@12    5f6031cb f   mfcdload:ole32.obj
 0001:000021d7       _OleRegGetUserType@12      5f6031d7 f   mfcdload:ole32.obj
 0001:000021e3       _CreateOleAdviseHolder@4   5f6031e3 f   mfcdload:ole32.obj
 0001:000021ef       _OleRun@4                  5f6031ef f   mfcdload:ole32.obj
 0001:000021fb       _FreePropVariantArray@8    5f6031fb f   mfcdload:ole32.obj
 0001:00002207       _CreateBindCtx@8           5f603207 f   mfcdload:ole32.obj
 0001:00002213       _CoGetClassObject@20       5f603213 f   mfcdload:ole32.obj
 0001:00002228       _OleDraw@16                5f603228 f   mfcdload:ole32.obj
 0001:00002234       _OleCreateFromData@28      5f603234 f   mfcdload:ole32.obj
 0001:00002249       _OleSetMenuDescriptor@20   5f603249 f   mfcdload:ole32.obj
 0001:00002255       _OleSave@12                5f603255 f   mfcdload:ole32.obj
 0001:00002261       _CoFileTimeNow@4           5f603261 f   mfcdload:ole32.obj
 0001:0000227e       _CoRegisterMessageFilter@8 5f60327e f   mfcdload:ole32.obj
 0001:0000228a       _GetHGlobalFromStream@8    5f60328a f   mfcdload:ole32.obj
 0001:00002296       _PropVariantCopy@8         5f603296 f   mfcdload:ole32.obj
 0001:000022a2       _CoAllowSetForegroundWindow@8 5f6032a2 f   mfcdload:ole32.obj
 0001:000022ae       _CoCreateFreeThreadedMarshaler@8 5f6032ae f   mfcdload:ole32.obj
 0001:000022c3       _CoWaitForMultipleHandles@20 5f6032c3 f   mfcdload:ole32.obj
 0001:000022cf       _StgIsStorageFile@4        5f6032cf f   mfcdload:ole32.obj
 0001:000022db       _SetConvertStg@8           5f6032db f   mfcdload:ole32.obj
 0001:000022e7       _CoLockObjectExternal@12   5f6032e7 f   mfcdload:ole32.obj
 0001:000022f3       _OleTranslateAccelerator@12 5f6032f3 f   mfcdload:ole32.obj
 0001:000022ff       _IsAccelerator@16          5f6032ff f   mfcdload:ole32.obj
 0001:0000230f       _OleCreateMenuDescriptor@8 5f60330f f   mfcdload:ole32.obj
 0001:0000231f       _OleDestroyMenuDescriptor@4 5f60331f f   mfcdload:ole32.obj
 0001:0000232b       _WriteClassStg@8           5f60332b f   mfcdload:ole32.obj
 0001:00002337       _OleDuplicateData@12       5f603337 f   mfcdload:ole32.obj
 0001:00002347       _ReadClassStg@8            5f603347 f   mfcdload:ole32.obj
 0001:00002353       _WriteFmtUserTypeStg@12    5f603353 f   mfcdload:ole32.obj
 0001:0000235f       _CoTreatAsClass@8          5f60335f f   mfcdload:ole32.obj
 0001:0000236b       _ReadFmtUserTypeStg@12     5f60336b f   mfcdload:ole32.obj
 0001:00002377       _OleIsCurrentClipboard@4   5f603377 f   mfcdload:ole32.obj
 0001:00002383       _CreateDataCache@16        5f603383 f   mfcdload:ole32.obj
 0001:0000238f       _ReadClassStm@8            5f60338f f   mfcdload:ole32.obj
 0001:0000239b       _CoDisconnectObject@8      5f60339b f   mfcdload:ole32.obj
 0001:000023a7       _CreateGenericComposite@12 5f6033a7 f   mfcdload:ole32.obj
 0001:000023b3       _OleSetContainedObject@8   5f6033b3 f   mfcdload:ole32.obj
 0001:000023bf       _OleCreateLinkFromData@28  5f6033bf f   mfcdload:ole32.obj
 0001:000023cb       _OleCreateStaticFromData@28 5f6033cb f   mfcdload:ole32.obj
 0001:000023d7       _OleCreateFromFile@32      5f6033d7 f   mfcdload:ole32.obj
 0001:000023e3       _OleIsRunning@4            5f6033e3 f   mfcdload:ole32.obj
 0001:000023f3       _OleCreate@28              5f6033f3 f   mfcdload:ole32.obj
 0001:000023ff       _OleCreateLinkToFile@28    5f6033ff f   mfcdload:ole32.obj
 0001:0000240b       _GetHGlobalFromILockBytes@8 5f60340b f   mfcdload:ole32.obj
 0001:00002417       _StgOpenStorageOnILockBytes@24 5f603417 f   mfcdload:ole32.obj
 0001:00002423       _OleGetIconOfClass@12      5f603423 f   mfcdload:ole32.obj
 0001:00002433       _OleLoad@16                5f603433 f   mfcdload:ole32.obj
 0001:00001cc0       _SysAllocString@4          5f602cc0 f   mfcdload:oleaut32.obj
 0001:00001cc9       _SysFreeString@4           5f602cc9 f   mfcdload:oleaut32.obj
 0001:00001cd0       _VariantInit@4             5f602cd0 f   mfcdload:oleaut32.obj
 0001:00001cdf       _VariantClear@4            5f602cdf f   mfcdload:oleaut32.obj
 0001:00001cf3       _SysAllocStringByteLen@8   5f602cf3 f   mfcdload:oleaut32.obj
 0001:00001cfc       _SafeArrayGetDim@4         5f602cfc f   mfcdload:oleaut32.obj
 0001:00001d05       _SysStringByteLen@4        5f602d05 f   mfcdload:oleaut32.obj
 0001:00001d0e       _SafeArrayCreateVector@12  5f602d0e f   mfcdload:oleaut32.obj
 0001:00001d17       _SafeArrayCreate@12        5f602d17 f   mfcdload:oleaut32.obj
 0001:00001d20       _SafeArrayCopy@8           5f602d20 f   mfcdload:oleaut32.obj
 0001:00001d2c       _SafeArrayPutElement@12    5f602d2c f   mfcdload:oleaut32.obj
[...]
 0001:00001ab4       _DragAcceptFiles@8         5f602ab4 f   mfcdload:shell32.obj
 0001:00001ac2       _ExtractIconA@12           5f602ac2 f   mfcdload:shell32.obj
 0001:000014a0       _CoInternetGetSession@12   5f6024a0 f   mfcdload:urlmon.obj
 0001:000014b5       _RevokeBindStatusCallback@8 5f6024b5 f   mfcdload:urlmon.obj
 0001:000014c1       _CreateURLMoniker@12       5f6024c1 f   mfcdload:urlmon.obj
 0001:000014d6       _HlinkNavigateString@8     5f6024d6 f   mfcdload:urlmon.obj
 0001:000014e2       _RegisterBindStatusCallback@16 5f6024e2 f   mfcdload:urlmon.obj
 0001:000014ee       _UrlMkGetSessionOption@20  5f6024ee f   mfcdload:urlmon.obj
 0001:00001506       _CoInternetQueryInfo@28    5f602506 f   mfcdload:urlmon.obj
 0001:00001512       _CreateFormatEnumerator@12 5f602512 f   mfcdload:urlmon.obj
 0001:0000151e       _URLDownloadToFileW@20     5f60251e f   mfcdload:urlmon.obj
 0001:0000152a       _FaultInIEFeature@16       5f60252a f   mfcdload:urlmon.obj
 0001:00001536       _CoInternetParseUrl@28     5f602536 f   mfcdload:urlmon.obj
 0001:00001542       _GetSoftwareUpdateInfo@8   5f602542 f   mfcdload:urlmon.obj
 0001:0000154e       _SetSoftwareUpdateAdvertisementState@16 5f60254e f   mfcdload:urlmon.obj
 0001:0000155a       _CoInternetCreateSecurityManager@12 5f60255a f   mfcdload:urlmon.obj
 0001:0000156f       _GetMarkOfTheWeb@16        5f60256f f   mfcdload:urlmon.obj
 0001:00001584       _URLOpenBlockingStreamW@20 5f602584 f   mfcdload:urlmon.obj
 0001:00001590       _FindMimeFromData@32       5f602590 f   mfcdload:urlmon.obj
 0001:0000159c       _URLDownloadToCacheFileW@24 5f60259c f   mfcdload:urlmon.obj
 0001:000015a8       _ObtainUserAgentString@12  5f6025a8 f   mfcdload:urlmon.obj
 0001:000015b4       _CoInternetGetSecurityUrl@16 5f6025b4 f   mfcdload:urlmon.obj
 0001:000015cf       _CreateAsyncBindCtxEx@24   5f6025cf f   mfcdload:urlmon.obj
 0001:000015db       _RegisterMediaTypeClass@20 5f6025db f   mfcdload:urlmon.obj
 0001:000015e7       _ReleaseBindInfo@4         5f6025e7 f   mfcdload:urlmon.obj
 0001:000015ee       _RevokeFormatEnumerator@8  5f6025ee f   mfcdload:urlmon.obj
 0001:000015fa       _RegisterFormatEnumerator@12 5f6025fa f   mfcdload:urlmon.obj
 0001:00001606       _CoInternetCombineUrl@28   5f602606 f   mfcdload:urlmon.obj
 0001:00001612       _IsValidURL@12             5f602612 f   mfcdload:urlmon.obj
 0001:0000161e       _CreateAsyncBindCtx@16     5f60261e f   mfcdload:urlmon.obj
 0001:0000162a       _IsAsyncMoniker@4          5f60262a f   mfcdload:urlmon.obj
 0001:00001070       _CreateUrlCacheEntryW@20   5f602070 f   mfcdload:wininet.obj
 0001:00001079       _InternetOpenUrlW@24       5f602079 f   mfcdload:wininet.obj
 0001:00001082       _CommitUrlCacheEntryW@44   5f602082 f   mfcdload:wininet.obj
 0001:0000108b       _InternetReadFile@16       5f60208b f   mfcdload:wininet.obj
 0001:0000109d       _InternetOpenW@20          5f60209d f   mfcdload:wininet.obj
 0001:000010a6       _InternetCloseHandle@4     5f6020a6 f   mfcdload:wininet.obj
 0001:000010af       _InternetCrackUrlW@16      5f6020af f   mfcdload:wininet.obj
 0001:000010b8       _InternetConnectW@32       5f6020b8 f   mfcdload:wininet.obj
 0001:000010c1       _HttpOpenRequestW@32       5f6020c1 f   mfcdload:wininet.obj
 0001:000010ca       _HttpSendRequestW@20       5f6020ca f   mfcdload:wininet.obj
 0001:000010d3       _InternetErrorDlg@20       5f6020d3 f   mfcdload:wininet.obj
 0001:000010df       _InternetFortezzaCommand@12 5f6020df f   mfcdload:wininet.obj
 0001:000010e8       _GetUrlCacheEntryInfoExW@28 5f6020e8 f   mfcdload:wininet.obj
 0001:000010f1       _InternetGoOnlineW@12      5f6020f1 f   mfcdload:wininet.obj
 0001:000010fa       _InternetQueryFortezzaStatus@8 5f6020fa f   mfcdload:wininet.obj
 0001:00001103       _InternetConfirmZoneCrossingW@16 5f602103 f   mfcdload:wininet.obj
 0001:0000110f       _GetUrlCacheEntryInfoExA@28 5f60210f f   mfcdload:wininet.obj
 0001:00001118       _ReadUrlCacheEntryStream@20 5f602118 f   mfcdload:wininet.obj
 0001:00001121       _IsProfilesEnabled@0       5f602121 f   mfcdload:wininet.obj
 0001:00001128       _CreateUrlCacheContainerA@32 5f602128 f   mfcdload:wininet.obj
 0001:00001131       _DeleteUrlCacheContainerA@8 5f602131 f   mfcdload:wininet.obj
 0001:0000113a       _RetrieveUrlCacheEntryStreamW@20 5f60213a f   mfcdload:wininet.obj
 0001:00001143       _UnlockUrlCacheEntryStream@8 5f602143 f   mfcdload:wininet.obj
 0001:0000114c       _InternetClearAllPerSiteCookieDecisions@0 5f60214c f   mfcdload:wininet.obj
 0001:00001156       _PrivacySetZonePreferenceW@16 5f602156 f   mfcdload:wininet.obj
 0001:00001162       _DeleteUrlCacheEntryA@4    5f602162 f   mfcdload:wininet.obj
 0001:0000116b       _InternetGetPerSiteCookieDecisionW@8 5f60216b f   mfcdload:wininet.obj
 0001:00001174       _InternetEnumPerSiteCookieDecisionW@16 5f602174 f   mfcdload:wininet.obj
 0001:0000117d       _InternetSetPerSiteCookieDecisionW@8 5f60217d f   mfcdload:wininet.obj
 0001:00001186       _ExportCookieFileW@8       5f602186 f   mfcdload:wininet.obj
 0001:0000118f       _FindCloseUrlCache@4       5f60218f f   mfcdload:wininet.obj
 0001:00001198       _GetUrlCacheEntryInfoA@12  5f602198 f   mfcdload:wininet.obj
 0001:000011a1       _CommitUrlCacheEntryA@44   5f6021a1 f   mfcdload:wininet.obj
 0001:000011aa       _InternetCanonicalizeUrlW@16 5f6021aa f   mfcdload:wininet.obj
 0001:000011b3       _InternetGetConnectedStateExA@16 5f6021b3 f   mfcdload:wininet.obj
 0001:000011bc       _InternetGetConnectedState@8 5f6021bc f   mfcdload:wininet.obj
 0001:000011c5       _FindNextUrlCacheEntryA@12 5f6021c5 f   mfcdload:wininet.obj
 0001:000011ce       _FindFirstUrlCacheEntryA@12 5f6021ce f   mfcdload:wininet.obj
 0001:000011d7       _FreeUrlCacheSpaceW@12     5f6021d7 f   mfcdload:wininet.obj
 0001:000011e0       _FindNextUrlCacheEntryW@12 5f6021e0 f   mfcdload:wininet.obj
 0001:000011e9       _FindFirstUrlCacheEntryW@12 5f6021e9 f   mfcdload:wininet.obj
 0001:000011f2       _DeleteUrlCacheEntryW@4    5f6021f2 f   mfcdload:wininet.obj
 0001:000011fb       _InternetShowSecurityInfoByURLW@8 5f6021fb f   mfcdload:wininet.obj
 0001:00001204       _SetUrlCacheEntryInfoW@12  5f602204 f   mfcdload:wininet.obj
 0001:0000120d       _InternetCreateUrlW@16     5f60220d f   mfcdload:wininet.obj
 0001:00001216       _GetUrlCacheEntryInfoW@12  5f602216 f   mfcdload:wininet.obj
 0001:0000121f       _HttpOpenRequestA@32       5f60221f f   mfcdload:wininet.obj
 0001:00001228       _InternetConnectA@32       5f602228 f   mfcdload:wininet.obj
 0001:00001231       _InternetSetStatusCallbackA@8 5f602231 f   mfcdload:wininet.obj
 0001:0000123b       _InternetOpenA@20          5f60223b f   mfcdload:wininet.obj
 0001:00001244       _InternetCrackUrlA@16      5f602244 f   mfcdload:wininet.obj
 0001:0000124d       _HttpAddRequestHeadersA@16 5f60224d f   mfcdload:wininet.obj
 0001:00001256       _HttpQueryInfoW@20         5f602256 f   mfcdload:wininet.obj
 0001:0000125f       _HttpSendRequestA@20       5f60225f f   mfcdload:wininet.obj
 0001:00001268       _RegisterUrlCacheNotification@24 5f602268 f   mfcdload:wininet.obj
 0001:00001271       _SetUrlCacheEntryGroupW@28 5f602271 f   mfcdload:wininet.obj
 0001:0000127a       _InternetSetOptionW@16     5f60227a f   mfcdload:wininet.obj
 0001:00001283       _InternetTimeToSystemTimeW@12 5f602283 f   mfcdload:wininet.obj
 0001:0000128c       _InternetInitializeAutoProxyDll@4 5f60228c f   mfcdload:wininet.obj
 0001:00001295       _InternetSetOptionA@16     5f602295 f   mfcdload:wininet.obj
 0001:0000129e       _InternetQueryOptionA@16   5f60229e f   mfcdload:wininet.obj
 0001:000012a7       _FindP3PPolicySymbol@4     5f6022a7 f   mfcdload:wininet.obj
 0001:000012b1       _IsDomainLegalCookieDomainW@8 5f6022b1 f   mfcdload:wininet.obj
 0001:000012ba       _HttpQueryInfoA@20         5f6022ba f   mfcdload:wininet.obj
 0001:000012c3       _InternetOpenUrlA@24       5f6022c3 f   mfcdload:wininet.obj
 0001:000012cc       _InternetSetOptionExA@20   5f6022cc f   mfcdload:wininet.obj
 0001:000012d5       _InternetSetOptionExW@20   5f6022d5 f   mfcdload:wininet.obj
 0001:000012de       _InternetSetCookieA@12     5f6022de f   mfcdload:wininet.obj
 0001:000012e7       _InternetSetCookieW@12     5f6022e7 f   mfcdload:wininet.obj
 0001:000012f0       _InternetGetCookieA@16     5f6022f0 f   mfcdload:wininet.obj
 0001:000012f9       _InternetGetCookieW@16     5f6022f9 f   mfcdload:wininet.obj
 0001:00001302       _FtpGetCurrentDirectoryA@12 5f602302 f   mfcdload:wininet.obj
 0001:0000130b       _FtpGetCurrentDirectoryW@12 5f60230b f   mfcdload:wininet.obj
 0001:00001314       _GopherGetAttributeA@32    5f602314 f   mfcdload:wininet.obj
 0001:0000131d       _GopherGetAttributeW@32    5f60231d f   mfcdload:wininet.obj
 0001:00001326       _InternetCanonicalizeUrlA@16 5f602326 f   mfcdload:wininet.obj
 0001:0000132f       _FtpCreateDirectoryA@8     5f60232f f   mfcdload:wininet.obj
 0001:00001338       _FtpCreateDirectoryW@8     5f602338 f   mfcdload:wininet.obj
 0001:00001341       _InternetGetLastResponseInfoA@12 5f602341 f   mfcdload:wininet.obj
 0001:0000134a       _InternetGetLastResponseInfoW@12 5f60234a f   mfcdload:wininet.obj
 0001:00001353       _HttpSendRequestExA@20     5f602353 f   mfcdload:wininet.obj
 0001:0000135c       _HttpSendRequestExW@20     5f60235c f   mfcdload:wininet.obj
 0001:00001365       _FtpFindFirstFileA@20      5f602365 f   mfcdload:wininet.obj
 0001:0000136e       _FtpFindFirstFileW@20      5f60236e f   mfcdload:wininet.obj
 0001:00001377       _GopherFindFirstFileA@24   5f602377 f   mfcdload:wininet.obj
 0001:00001380       _GopherFindFirstFileW@24   5f602380 f   mfcdload:wininet.obj
 0001:00001389       _InternetFindNextFileA@8   5f602389 f   mfcdload:wininet.obj
 0001:00001392       _InternetFindNextFileW@8   5f602392 f   mfcdload:wininet.obj
 0001:0000139b       _HttpEndRequestA@16        5f60239b f   mfcdload:wininet.obj
 0001:000013a4       _HttpEndRequestW@16        5f6023a4 f   mfcdload:wininet.obj
 0001:000013ad       _GopherOpenFileA@20        5f6023ad f   mfcdload:wininet.obj
 0001:000013b6       _GopherOpenFileW@20        5f6023b6 f   mfcdload:wininet.obj
 0001:000013bf       _GopherCreateLocatorA@28   5f6023bf f   mfcdload:wininet.obj
 0001:000013c8       _GopherCreateLocatorW@28   5f6023c8 f   mfcdload:wininet.obj
 0001:000013d1       _FtpGetFileA@28            5f6023d1 f   mfcdload:wininet.obj
 0001:000013da       _FtpGetFileW@28            5f6023da f   mfcdload:wininet.obj
 0001:000013e3       _FtpPutFileA@20            5f6023e3 f   mfcdload:wininet.obj
 0001:000013ec       _FtpPutFileW@20            5f6023ec f   mfcdload:wininet.obj
 0001:000013f5       _FtpOpenFileA@20           5f6023f5 f   mfcdload:wininet.obj
 0001:000013fe       _FtpOpenFileW@20           5f6023fe f   mfcdload:wininet.obj
 0001:00001407       _FtpSetCurrentDirectoryA@8 5f602407 f   mfcdload:wininet.obj
 0001:00001410       _FtpSetCurrentDirectoryW@8 5f602410 f   mfcdload:wininet.obj
 0001:00001419       _FtpRemoveDirectoryA@8     5f602419 f   mfcdload:wininet.obj
 0001:00001422       _FtpRemoveDirectoryW@8     5f602422 f   mfcdload:wininet.obj
 0001:0000142b       _InternetSetStatusCallbackW@8 5f60242b f   mfcdload:wininet.obj
 0001:00001435       _FtpRenameFileA@12         5f602435 f   mfcdload:wininet.obj
 0001:0000143e       _FtpRenameFileW@12         5f60243e f   mfcdload:wininet.obj
 0001:00001447       _FtpDeleteFileA@8          5f602447 f   mfcdload:wininet.obj
 0001:00001450       _FtpDeleteFileW@8          5f602450 f   mfcdload:wininet.obj
 0001:00001459       _InternetQueryDataAvailable@16 5f602459 f   mfcdload:wininet.obj
 0001:00001462       _InternetWriteFile@16      5f602462 f   mfcdload:wininet.obj
 0001:0000146b       _InternetSetFilePointer@20 5f60246b f   mfcdload:wininet.obj
 0001:00001475       _HttpAddRequestHeadersW@16 5f602475 f   mfcdload:wininet.obj
 0001:00001485       _InternetQueryOptionW@16   5f602485 f   mfcdload:wininet.obj
 0001:00001495       _InternetSetStatusCallback@8 5f602495 f   mfcdload:wininet.obj
 0001:00000dc0       _AbortPrinter@4            5f601dc0 f   mfcdload:winspool.obj
 0001:00000dc9       _AddFormW@12               5f601dc9 f   mfcdload:winspool.obj
 0001:00000dd2       _AddJobW@20                5f601dd2 f   mfcdload:winspool.obj
 0001:00000ddb       _AddMonitorW@12            5f601ddb f   mfcdload:winspool.obj
 0001:00000de4       _AddPortW@12               5f601de4 f   mfcdload:winspool.obj
 0001:00000ded       _AddPrinterConnectionW@4   5f601ded f   mfcdload:winspool.obj
 0001:00000df6       _AddPrinterDriverExW@16    5f601df6 f   mfcdload:winspool.obj
 0001:00000dff       _AddPrinterDriverW@12      5f601dff f   mfcdload:winspool.obj
 0001:00000e08       _AddPrinterW@12            5f601e08 f   mfcdload:winspool.obj
 0001:00000e11       _AddPrintProcessorW@16     5f601e11 f   mfcdload:winspool.obj
 0001:00000e1a       _AddPrintProvidorW@12      5f601e1a f   mfcdload:winspool.obj
 0001:00000e23       _ClosePrinter@4            5f601e23 f   mfcdload:winspool.obj
 0001:00000e2c       _ConfigurePortW@12         5f601e2c f   mfcdload:winspool.obj
 0001:00000e35       _DeleteFormW@8             5f601e35 f   mfcdload:winspool.obj
 0001:00000e3e       _DeleteMonitorW@12         5f601e3e f   mfcdload:winspool.obj
 0001:00000e47       _DeletePortW@12            5f601e47 f   mfcdload:winspool.obj
 0001:00000e50       _DeletePrinter@4           5f601e50 f   mfcdload:winspool.obj
 0001:00000e59       _DeletePrinterConnectionW@4 5f601e59 f   mfcdload:winspool.obj
 0001:00000e62       _DeletePrinterDataExW@12   5f601e62 f   mfcdload:winspool.obj
 0001:00000e6e       _DeletePrinterDataW@8      5f601e6e f   mfcdload:winspool.obj
 0001:00000e7a       _DeletePrinterDriverExW@20 5f601e7a f   mfcdload:winspool.obj
 0001:00000e83       _DeletePrinterDriverW@12   5f601e83 f   mfcdload:winspool.obj
 0001:00000e8c       _DeletePrinterKeyW@8       5f601e8c f   mfcdload:winspool.obj
 0001:00000e98       _DeletePrintProcessorW@12  5f601e98 f   mfcdload:winspool.obj
 0001:00000ea1       _DeletePrintProvidorW@12   5f601ea1 f   mfcdload:winspool.obj
 0001:00000eaa       _EndDocPrinter@4           5f601eaa f   mfcdload:winspool.obj
 0001:00000eb3       _EndPagePrinter@4          5f601eb3 f   mfcdload:winspool.obj
 0001:00000ebc       _EnumFormsW@24             5f601ebc f   mfcdload:winspool.obj
 0001:00000ec5       _EnumJobsW@32              5f601ec5 f   mfcdload:winspool.obj
 0001:00000ece       _EnumMonitorsW@24          5f601ece f   mfcdload:winspool.obj
 0001:00000ed7       _EnumPortsW@24             5f601ed7 f   mfcdload:winspool.obj
 0001:00000ee0       _EnumPrinterDataExW@24     5f601ee0 f   mfcdload:winspool.obj
 0001:00000eec       _EnumPrinterDataW@36       5f601eec f   mfcdload:winspool.obj
 0001:00000ef8       _EnumPrinterDriversW@28    5f601ef8 f   mfcdload:winspool.obj
 0001:00000f01       _EnumPrinterKeyW@20        5f601f01 f   mfcdload:winspool.obj
 0001:00000f0d       _EnumPrintProcessorDatatypesW@28 5f601f0d f   mfcdload:winspool.obj
 0001:00000f16       _EnumPrintProcessorsW@28   5f601f16 f   mfcdload:winspool.obj
 0001:00000f1f       _FindClosePrinterChangeNotification@4 5f601f1f f   mfcdload:winspool.obj
 0001:00000f28       _FlushPrinter@20           5f601f28 f   mfcdload:winspool.obj
 0001:00000f31       _GetFormW@24               5f601f31 f   mfcdload:winspool.obj
 0001:00000f3a       _GetJobW@24                5f601f3a f   mfcdload:winspool.obj
 0001:00000f43       _GetPrinterDataExW@28      5f601f43 f   mfcdload:winspool.obj
 0001:00000f4f       _GetPrintProcessorDirectoryW@24 5f601f4f f   mfcdload:winspool.obj
 0001:00000f58       _GetPrinterDataW@24        5f601f58 f   mfcdload:winspool.obj
 0001:00000f64       _GetPrinterDriverDirectoryW@24 5f601f64 f   mfcdload:winspool.obj
 0001:00000f6d       _GetPrinterDriverW@24      5f601f6d f   mfcdload:winspool.obj
 0001:00000f76       _GetPrinterW@20            5f601f76 f   mfcdload:winspool.obj
 0001:00000f7f       _OpenPrinterW@12           5f601f7f f   mfcdload:winspool.obj
 0001:00000f88       _ReadPrinter@16            5f601f88 f   mfcdload:winspool.obj
 0001:00000f91       _ResetPrinterW@8           5f601f91 f   mfcdload:winspool.obj
 0001:00000f9a       _ScheduleJob@8             5f601f9a f   mfcdload:winspool.obj
 0001:00000fa3       _SetFormW@16               5f601fa3 f   mfcdload:winspool.obj
 0001:00000fac       _SetJobW@20                5f601fac f   mfcdload:winspool.obj
 0001:00000fb5       _SetPortW@16               5f601fb5 f   mfcdload:winspool.obj
 0001:00000fbe       _SetPrinterDataExW@24      5f601fbe f   mfcdload:winspool.obj
 0001:00000fca       _SetPrinterDataW@20        5f601fca f   mfcdload:winspool.obj
 0001:00000fd6       _SetPrinterW@16            5f601fd6 f   mfcdload:winspool.obj
 0001:00000fdf       _StartDocPrinterW@12       5f601fdf f   mfcdload:winspool.obj
 0001:00000feb       _StartPagePrinter@4        5f601feb f   mfcdload:winspool.obj
 0001:00000ff4       _WaitForPrinterChange@8    5f601ff4 f   mfcdload:winspool.obj
 0001:00001000       _WritePrinter@16           5f602000 f   mfcdload:winspool.obj
 0001:00001009       _EnumPrintersW@28          5f602009 f   mfcdload:winspool.obj
 0001:00001012       _DocumentPropertiesW@24    5f602012 f   mfcdload:winspool.obj
 0001:0000101c       _ConnectToPrinterDlg@8     5f60201c f   mfcdload:winspool.obj
 0001:00001025       _AdvancedDocumentPropertiesW@20 5f602025 f   mfcdload:winspool.obj
 0001:0000102e       _ExtDeviceMode@32          5f60202e f   mfcdload:winspool.obj
 0001:00001038       _GetDefaultPrinterW@8      5f602038 f   mfcdload:winspool.obj
 0001:00001041       _SpoolerInit@0             5f602041 f   mfcdload:winspool.obj
 0001:00001048       _OpenPrinterA@12           5f602048 f   mfcdload:winspool.obj
 0001:00001058       _DocumentPropertiesA@24    5f602058 f   mfcdload:winspool.obj
 0001:00000c20       _connect@12                5f601c20 f   mfcdload:wsock32.obj
 0001:00000c32       _ioctlsocket@12            5f601c32 f   mfcdload:wsock32.obj
 0001:00000c44       _WSAAsyncSelect@16         5f601c44 f   mfcdload:wsock32.obj
 0001:00000c56       _socket@12                 5f601c56 f   mfcdload:wsock32.obj
 0001:00000c68       _htonl@4                   5f601c68 f   mfcdload:wsock32.obj
 0001:00000c7a       _recvfrom@24               5f601c7a f   mfcdload:wsock32.obj
 0001:00000c8c       _WSACleanup@0              5f601c8c f   mfcdload:wsock32.obj
 0001:00000c9c       _WSAStartup@8              5f601c9c f   mfcdload:wsock32.obj
 0001:00000cae       _WSASetLastError@4         5f601cae f   mfcdload:wsock32.obj
 0001:00000cbd       _WSAGetLastError@0         5f601cbd f   mfcdload:wsock32.obj
 0001:00000ccd       _inet_ntoa@4               5f601ccd f   mfcdload:wsock32.obj
 0001:00000cde       _ntohs@4                   5f601cde f   mfcdload:wsock32.obj
 0001:00000cf1       _getpeername@12            5f601cf1 f   mfcdload:wsock32.obj
 0001:00000d03       _send@16                   5f601d03 f   mfcdload:wsock32.obj
 0001:00000d15       _recv@16                   5f601d15 f   mfcdload:wsock32.obj
 0001:00000d27       _gethostbyname@4           5f601d27 f   mfcdload:wsock32.obj
 0001:00000d38       _closesocket@4             5f601d38 f   mfcdload:wsock32.obj
 0001:00000d4a       _getsockname@12            5f601d4a f   mfcdload:wsock32.obj
 0001:00000d5c       _sendto@24                 5f601d5c f   mfcdload:wsock32.obj
 0001:00000d6e       _htons@4                   5f601d6e f   mfcdload:wsock32.obj
 0001:00000d81       _bind@12                   5f601d81 f   mfcdload:wsock32.obj
 0001:00000d93       _inet_addr@4               5f601d93 f   mfcdload:wsock32.obj
 0001:00000da5       _accept@12                 5f601da5 f   mfcdload:wsock32.obj
 0001:0000309f       ?OverlayIAT@@YGXPAU_IMAGE_THUNK_DATA32@@PBU1@@Z 5f60409f f   delayimp:delayhlp.obj

 33 bytes saved through ICF

