DevKitDC\Makefile
DevKitDC\README
DevKitDC\Makefile.prefab
DevKitDC\Makefile.rules
DevKitDC\KOS_Files.lst
DevKitDC\doc\FAQ
DevKitDC\doc\environ-dc.sh.sample
DevKitDC\doc\LICENSE
DevKitDC\doc\README
DevKitDC\doc\CHANGELOG
DevKitDC\doc\README.BSD
DevKitDC\doc\README.GPL
DevKitDC\doc\README.KOS
DevKitDC\doc\goals.txt
DevKitDC\doc\README.LGPL
DevKitDC\doc\environ-gba.sh.sample
DevKitDC\doc\environ-dc.tcsh.sample
DevKitDC\doc\environ-gba.tcsh.sample
DevKitDC\doc\manual\manual.lyx
DevKitDC\lib\libjpeg.a
DevKitDC\lib\libdcutils.a
DevKitDC\lib\.keepme
DevKitDC\lib\libgl.a
DevKitDC\lib\libos.a
DevKitDC\lib\liboggvorbisplay.a
DevKitDC\lib\liboggvorbis.a
DevKitDC\lib\libkallisti.a
DevKitDC\lib\libm.a
DevKitDC\lib\libz.a
DevKitDC\lib\libmp3.a
DevKitDC\lib\libpng.a
DevKitDC\kernel\arch\dreamcast\kernel
DevKitDC\kernel\arch\dreamcast\include
DevKitDC\kernel\arch\dreamcast\kernel\startup.o
DevKitDC\kernel\arch\dreamcast\include\dc\g2.h
DevKitDC\kernel\arch\dreamcast\include\dc\ta.h
DevKitDC\kernel\arch\dreamcast\include\dc\sq.h
DevKitDC\kernel\arch\dreamcast\include\dc\spu.h
DevKitDC\kernel\arch\dreamcast\include\dc\vmu.h
DevKitDC\kernel\arch\dreamcast\include\dc\biosfont.h
DevKitDC\kernel\arch\dreamcast\include\dc\ethernet.h
DevKitDC\kernel\arch\dreamcast\include\dc\maple.h
DevKitDC\kernel\arch\dreamcast\include\dc\fs_dcload.h
DevKitDC\kernel\arch\dreamcast\include\dc\fmath.h
DevKitDC\kernel\arch\dreamcast\include\dc\mouse.h
DevKitDC\kernel\arch\dreamcast\include\dc\fs_vmu.h
DevKitDC\kernel\arch\dreamcast\include\dc\fs_iso9660.h
DevKitDC\kernel\arch\dreamcast\include\dc\video.h
DevKitDC\kernel\arch\dreamcast\include\dc\controller.h
DevKitDC\kernel\arch\dreamcast\include\dc\keyboard.h
DevKitDC\kernel\arch\dreamcast\include\dc\cdrom.h
DevKitDC\kernel\arch\dreamcast\include\arch\dbgio.h
DevKitDC\kernel\arch\dreamcast\include\arch\irq.h
DevKitDC\kernel\arch\dreamcast\include\arch\mmu.h
DevKitDC\kernel\arch\dreamcast\include\arch\rtc.h
DevKitDC\kernel\arch\dreamcast\include\arch\syscall.h
DevKitDC\kernel\arch\dreamcast\include\arch\spinlock.h
DevKitDC\kernel\arch\dreamcast\include\arch\arch.h
DevKitDC\kernel\arch\dreamcast\include\arch\timer.h
DevKitDC\kernel\arch\dreamcast\include\arch\types.h
DevKitDC\kernel\arch\dreamcast\include\arch\cache.h
DevKitDC\examples\gl\Makefile
DevKitDC\examples\gl\romdisk
DevKitDC\examples\gl\gltest.elf
DevKitDC\examples\gl\gltest.c
DevKitDC\examples\gl\romdisk.o
DevKitDC\examples\gl\romdisk.img
DevKitDC\examples\gl\romdisk\crate.pcx
DevKitDC\examples\cpp\gltest\Makefile
DevKitDC\examples\cpp\gltest\romdisk
DevKitDC\examples\cpp\gltest\gltest.cpp
DevKitDC\examples\cpp\gltest\gltest.elf
DevKitDC\examples\cpp\gltest\romdisk.o
DevKitDC\examples\cpp\gltest\romdisk.img
DevKitDC\examples\cpp\gltest\romdisk\crate.pcx
DevKitDC\examples\png\example.c
DevKitDC\examples\png\Makefile
DevKitDC\examples\png\example.elf
DevKitDC\examples\png\wfont.bin
DevKitDC\examples\png\romdisk_boot
DevKitDC\examples\png\romdisk_boot\background.png
DevKitDC\examples\png\romdisk_boot\text.gz
DevKitDC\examples\kosh\conio.c
DevKitDC\examples\kosh\conio.h
DevKitDC\examples\kosh\Makefile
DevKitDC\examples\kosh\kosh.elf
DevKitDC\examples\kosh\draw.c
DevKitDC\examples\kosh\draw.h
DevKitDC\examples\kosh\kosh.c
DevKitDC\examples\kosh\kosh.h
DevKitDC\examples\kosh\builtin.c
DevKitDC\examples\kosh\builtin.h
DevKitDC\examples\kosh\input.c
DevKitDC\examples\kosh\input.h
DevKitDC\examples\kosh\chdir.c
DevKitDC\examples\kosh\chdir.h
DevKitDC\examples\hello\Makefile
DevKitDC\examples\hello\romdisk
DevKitDC\examples\hello\hello.c
DevKitDC\examples\hello\romdisk.o
DevKitDC\examples\hello\hello.elf
DevKitDC\examples\hello\romdisk.img
DevKitDC\examples\hello\romdisk\.keepme
DevKitDC\examples\threads\Makefile
DevKitDC\examples\threads\threading.elf
DevKitDC\examples\threads\threading.c
DevKitDC\examples\2ndmix\gfx
DevKitDC\examples\2ndmix\Makefile
DevKitDC\examples\2ndmix\sintab.h
DevKitDC\examples\2ndmix\s3mplay.h
DevKitDC\examples\2ndmix\2ndmix.elf
DevKitDC\examples\2ndmix\2ndmix.c
DevKitDC\examples\2ndmix\romdisk_boot
DevKitDC\examples\2ndmix\gfx\font14_256.h
DevKitDC\examples\2ndmix\romdisk_boot\e-79014.s3m
DevKitDC\examples\libdream\Makefile
DevKitDC\examples\libdream\README
DevKitDC\examples\libdream\Makefile.prefab
DevKitDC\examples\libdream\ta\ta.c
DevKitDC\examples\libdream\ta\Makefile
DevKitDC\examples\libdream\ta\ta.elf
DevKitDC\examples\libdream\lcd\Makefile
DevKitDC\examples\libdream\lcd\lcd.c
DevKitDC\examples\libdream\lcd\lcd.elf
DevKitDC\examples\libdream\lcd\graphic.xpm
DevKitDC\examples\libdream\spu\Makefile
DevKitDC\examples\libdream\spu\spu.c
DevKitDC\examples\libdream\spu\romdisk
DevKitDC\examples\libdream\spu\s3mplay.h
DevKitDC\examples\libdream\spu\spu.elf
DevKitDC\examples\libdream\spu\romdisk\cyboman.s3m
DevKitDC\examples\libdream\vmu\Makefile
DevKitDC\examples\libdream\vmu\vmu.c
DevKitDC\examples\libdream\vmu\vmu.elf
DevKitDC\examples\libdream\cdfs\Makefile
DevKitDC\examples\libdream\cdfs\cdfs.c
DevKitDC\examples\libdream\cdfs\cdfs.elf
DevKitDC\examples\libdream\hello\Makefile
DevKitDC\examples\libdream\hello\hello.c
DevKitDC\examples\libdream\hello\hello.elf
DevKitDC\examples\libdream\mouse\Makefile
DevKitDC\examples\libdream\mouse\mouse.elf
DevKitDC\examples\libdream\mouse\mouse.c
DevKitDC\examples\libdream\320x240\Makefile
DevKitDC\examples\libdream\320x240\320x240.c
DevKitDC\examples\libdream\320x240\320x240.elf
DevKitDC\examples\libdream\ghettoplay\gp.h
DevKitDC\examples\libdream\ghettoplay\Makefile
DevKitDC\examples\libdream\ghettoplay\bkg.c
DevKitDC\examples\libdream\ghettoplay\ghettoplay.c
DevKitDC\examples\libdream\ghettoplay\sintab.h
DevKitDC\examples\libdream\ghettoplay\s3mplay.h
DevKitDC\examples\libdream\ghettoplay\vmu_ghettoplay.h
DevKitDC\examples\libdream\ghettoplay\3dutils.c
DevKitDC\examples\libdream\ghettoplay\vmu_play.h
DevKitDC\examples\libdream\ghettoplay\mouse1.h
DevKitDC\examples\libdream\ghettoplay\texture.c
DevKitDC\examples\libdream\ghettoplay\songmenu.c
DevKitDC\examples\libdream\ghettoplay\vmu_ghetto.h
DevKitDC\examples\libdream\ghettoplay\ghettoplay.elf
DevKitDC\examples\libdream\640x480\Makefile
DevKitDC\examples\libdream\640x480\640x480.elf
DevKitDC\examples\libdream\640x480\640x480.c
DevKitDC\examples\libdream\rgb888\Makefile
DevKitDC\examples\libdream\rgb888\rgb888.elf
DevKitDC\examples\libdream\rgb888\rgb888.c
DevKitDC\examples\libdream\800x608\Makefile
DevKitDC\examples\libdream\800x608\800x608.elf
DevKitDC\examples\libdream\800x608\800x608.c
DevKitDC\examples\libdream\keyboard\keyboard.elf
DevKitDC\examples\libdream\keyboard\Makefile
DevKitDC\examples\libdream\keyboard\keyboard.c
DevKitDC\examples\hello_ogg\Makefile
DevKitDC\examples\hello_ogg\display.c
DevKitDC\examples\hello_ogg\romdisk
DevKitDC\examples\hello_ogg\vorbistest.c
DevKitDC\examples\hello_ogg\readme.txt
DevKitDC\examples\hello_ogg\romdisk\stream.drv
DevKitDC\examples\ghettoplay-vorbis\gp.h
DevKitDC\examples\ghettoplay-vorbis\Makefile
DevKitDC\examples\ghettoplay-vorbis\bkg.c
DevKitDC\examples\ghettoplay-vorbis\ghettoplay.c
DevKitDC\examples\ghettoplay-vorbis\romdisk
DevKitDC\examples\ghettoplay-vorbis\sintab.h
DevKitDC\examples\ghettoplay-vorbis\vmu_ghettoplay.h
DevKitDC\examples\ghettoplay-vorbis\3dutils.c
DevKitDC\examples\ghettoplay-vorbis\vmu_play.h
DevKitDC\examples\ghettoplay-vorbis\mouse1.h
DevKitDC\examples\ghettoplay-vorbis\texture.c
DevKitDC\examples\ghettoplay-vorbis\songmenu.c
DevKitDC\examples\ghettoplay-vorbis\vmu_ghetto.h
DevKitDC\examples\ghettoplay-vorbis\ghettoplay.elf
DevKitDC\examples\ghettoplay-vorbis\romdisk.img
DevKitDC\examples\ghettoplay-vorbis\romdisk\stream.drv
DevKitDC\include\ctype.h
DevKitDC\include\unistd.h
DevKitDC\include\kos.h
DevKitDC\include\malloc.h
DevKitDC\include\stdio.h
DevKitDC\include\oggvorbis
DevKitDC\include\math.h
DevKitDC\include\time.h
DevKitDC\include\stdlib.h
DevKitDC\include\wchar.h
DevKitDC\include\string.h
DevKitDC\include\GL\gl.h
DevKitDC\include\GL\glu.h
DevKitDC\include\os\svcmpx.h
DevKitDC\include\os\elf.h
DevKitDC\include\os\process.h
DevKitDC\include\os\abi\fs.h
DevKitDC\include\os\abi\ta.h
DevKitDC\include\os\abi\svcmpx.h
DevKitDC\include\os\abi\spu.h
DevKitDC\include\os\abi\maple.h
DevKitDC\include\os\abi\fundamental.h
DevKitDC\include\os\abi\libk.h
DevKitDC\include\os\abi\process.h
DevKitDC\include\os\abi\video.h
DevKitDC\include\os\abi\serial.h
DevKitDC\include\os\abi\thread.h
DevKitDC\include\fs.h
DevKitDC\include\msg.h
DevKitDC\include\pcx.h
DevKitDC\include\sem.h
DevKitDC\include\cond.h
DevKitDC\include\thread.h
DevKitDC\include\fs_romdisk.h
DevKitDC\include\fs_builtin.h
DevKitDC\include\limits.h
DevKitDC\include\mp3\sndserver.h
DevKitDC\include\mp3\sndmp3.h
DevKitDC\include\mp3\sfxmgr.h
DevKitDC\include\mp3\sndstream.h
DevKitDC\include\mp3\arm\aica_cmd_iface.h
DevKitDC\include\ogg\ogg.h
DevKitDC\include\ogg\config_types.h
DevKitDC\include\ogg\os_types.h
DevKitDC\include\png\png.h
DevKitDC\include\sys\queue.h
DevKitDC\include\sys\cdefs.h
DevKitDC\include\sys\iovec.h
DevKitDC\include\jpeg\jpeg.h
DevKitDC\include\zlib\zlib.h
DevKitDC\include\dcutils\pcx.h
DevKitDC\include\dcutils\precompiler.h
DevKitDC\include\dcutils\3dutils.h
DevKitDC\include\dcutils\matrix.h
DevKitDC\include\dcutils\bspline.h
DevKitDC\include\dcutils\pvrutils.h
DevKitDC\include\oggvorbis\sndoggvorbis.h
DevKitDC\include\newlib-libm-sh4\sys
DevKitDC\include\newlib-libm-sh4\reent.h
DevKitDC\include\newlib-libm-sh4\_ansi.h
DevKitDC\include\newlib-libm-sh4\machine
DevKitDC\include\newlib-libm-sh4\fastmath.h
DevKitDC\include\newlib-libm-sh4\ieeefp.h
DevKitDC\include\newlib-libm-sh4\math.h
DevKitDC\include\newlib-libm-sh4\time.h
DevKitDC\include\newlib-libm-sh4\sys\reent.h
DevKitDC\include\newlib-libm-sh4\sys\config.h
DevKitDC\include\newlib-libm-sh4\sys\types.h
DevKitDC\include\newlib-libm-sh4\sys\time.h
DevKitDC\include\newlib-libm-sh4\sys\_types.h
DevKitDC\include\newlib-libm-sh4\machine\fastmath.h
DevKitDC\include\newlib-libm-sh4\machine\ieeefp.h
DevKitDC\include\newlib-libm-sh4\machine\types.h
DevKitDC\include\newlib-libm-sh4\machine\time.h
DevKitDC\include\vorbis\codec.h
