 MFCO42UD

 Timestamp is 403fded7 (Fri Feb 27 16:20:39 2004)

 Preferred load address is 5f500000

 Start         Length     Name                   Class
 0001:00000000 0004dbbaH .text                   CODE
 0001:0004dbc0 0000004cH .text$AFX_CORE1         CODE
 0001:0004dc10 000055fbH .text$AFX_CORE4         CODE
 0001:00053210 0000233aH .text$AFX_INIT          CODE
 0001:00055550 0000ffb1H .text$AFX_OLE1          CODE
 0001:00065510 000090a5H .text$AFX_OLE2          CODE
 0001:0006e5c0 00007532H .text$AFX_OLE3          CODE
 0001:00075b00 0000d4ebH .text$AFX_OLE4          CODE
 0001:00082ff0 00003a01H .text$AFX_OLE5          CODE
 0001:00086a00 00000285H .text$AFX_TERM          CODE
 0001:00086c90 00001103H .text$AFX_VDEL          CODE
 0001:00087da0 0000463cH .text$x                 CODE
 0002:00000000 00001180H .idata$5                DATA
 0002:00001180 00012a7cH .rdata                  DATA
 0002:00013c00 00003dccH .rdata$r                DATA
 0002:000179d0 00009c08H .xdata$x                DATA
 0002:000215d8 000000e0H .didat$2                DATA
 0002:000216b8 00000020H .didat$3                DATA
 0002:000216d8 0000026cH .didat$4                DATA
 0002:00021944 00000812H .didat$6                DATA
 0002:00022158 0000026cH .didat$7                DATA
 0002:000223c4 00000064H .idata$2                DATA
 0002:00022428 00000014H .idata$3                DATA
 0002:0002243c 00001180H .idata$4                DATA
 0002:000235bc 00000b66H .idata$6                DATA
 0002:00024130 00003295H .edata                  DATA
 0003:00000000 00000004H .CRT$XCA                DATA
 0003:00000004 0000000cH .CRT$XCL                DATA
 0003:00000010 00000028H .CRT$XCU                DATA
 0003:00000038 00000004H .CRT$XCZ                DATA
 0003:0000003c 00000004H .CRT$XIA                DATA
 0003:00000040 00000004H .CRT$XIZ                DATA
 0003:00000050 00005025H .data                   DATA
 0003:00005078 0000026cH .didat$5                DATA
 0003:000052e8 00002548H .bss                    DATA
 0004:00000000 00000448H .rsrc$01                DATA
 0004:00000450 000021d0H .rsrc$02                DATA

  Address         Publics by Value              Rva+Base     Lib:Object

 0001:00000000       __wcsinc                   5f501000 f i olecli1.obj
 0001:00000010       ??8@YAHABU_GUID@@0@Z       5f501010 f i olecli1.obj
 0001:00000010       ?IsEqualGUID@@YAHABU_GUID@@0@Z 5f501010 f i olecli1.obj
 0001:00000030       ??9@YAHABU_GUID@@0@Z       5f501030 f i oledisp1.obj
 0001:00000050       ?wcschr@@YAPAGPAGG@Z       5f501050 f i oledlgs1.obj
 0001:00000070       ?T2OLE@@YAPAGPAG@Z         5f501070 f i oledlgs1.obj
 0001:00000070       ?OLE2T@@YAPAGPAG@Z         5f501070 f i oledlgs1.obj
 0001:00000070       ?DEVMODEOLE2T@@YAPAU_devicemodeW@@PAU1@@Z 5f501070 f i oledlgs1.obj
 0001:00000070       ?DEVMODET2OLE@@YAPAU_devicemodeW@@PAU1@@Z 5f501070 f i oledlgs1.obj
 0001:00000070       ?T2COLE@@YAPBGPBG@Z        5f501070 f i oledlgs1.obj
 0001:00000070       ?OLE2CT@@YAPBGPBG@Z        5f501070 f i oledlgs1.obj
 0001:00000070       ?TASKSTRINGOLE2T@@YAPAGPAG@Z 5f501070 f i oledlgs1.obj
 0001:00000080       ??1CNoTrackObject@@UAE@XZ  5f501080 f i oledata.obj
 0001:000000a0       ??_ECNoTrackObject@@UAEPAXI@Z 5f5010a0 f i oledata.obj
 0001:000000a0       ??_GCNoTrackObject@@UAEPAXI@Z 5f5010a0 f i oledata.obj
 0001:000000d0       ?AfxCheckError@@YGXJ@Z     5f5010d0 f   olevar.obj
 0001:000000f6       ?_AfxCompareSafeArrays@@YGHPAUtagSAFEARRAY@@0@Z 5f5010f6 f   olevar.obj
 0001:00000544       ?_AfxCreateOneDimArray@@YGXAAUtagVARIANT@@K@Z 5f501544 f   olevar.obj
 0001:00000676       ?_AfxCopyBinaryData@@YGXPAUtagSAFEARRAY@@PBXK@Z 5f501676 f   olevar.obj
 0001:000006b8       ??0COleVariant@@QAE@ABUtagVARIANT@@@Z 5f5016b8 f   olevar.obj
 0001:000006e5       ??0COleVariant@@QAE@PBUtagVARIANT@@@Z 5f5016e5 f   olevar.obj
 0001:00000712       ??0COleVariant@@QAE@ABV0@@Z 5f501712 f   olevar.obj
 0001:0000073f       ??0COleVariant@@QAE@PBGG@Z 5f50173f f   olevar.obj
 0001:000007e7       ?SetString@COleVariant@@QAEXPBGG@Z 5f5017e7 f   olevar.obj
 0001:00000894       ??0COleVariant@@QAE@FG@Z   5f501894 f   olevar.obj
 0001:00000925       ??0COleVariant@@QAE@JG@Z   5f501925 f   olevar.obj
 0001:000009e2       ?_ClearCompat@COleVariant@@QAEXXZ 5f5019e2 f   olevar.obj
 0001:000009f5       ?ChangeType@COleVariant@@QAEXGPAUtagVARIANT@@@Z 5f5019f5 f   olevar.obj
 0001:00000a46       ?Attach@COleVariant@@QAEXAAUtagVARIANT@@@Z 5f501a46 f   olevar.obj
 0001:00000a75       ?Detach@COleVariant@@QAE?AUtagVARIANT@@XZ 5f501a75 f   olevar.obj
 0001:00000ac3       ??8COleVariant@@QBEHABUtagVARIANT@@@Z 5f501ac3 f   olevar.obj
 0001:00000d80       ??4COleVariant@@QAEABV0@ABUtagVARIANT@@@Z 5f501d80 f   olevar.obj
 0001:00000da4       ??4COleVariant@@QAEABV0@PBUtagVARIANT@@@Z 5f501da4 f   olevar.obj
 0001:00000dc8       ??4COleVariant@@QAEABV0@ABV0@@Z 5f501dc8 f   olevar.obj
 0001:00000dec       ??4COleVariant@@QAEABV0@QBG@Z 5f501dec f   olevar.obj
 0001:00000e63       ??4COleVariant@@QAEABV0@ABVCString@@@Z 5f501e63 f   olevar.obj
 0001:00000ecd       ??4COleVariant@@QAEABV0@E@Z 5f501ecd f   olevar.obj
 0001:00000f03       ??4COleVariant@@QAEABV0@F@Z 5f501f03 f   olevar.obj
 0001:00000f73       ??4COleVariant@@QAEABV0@J@Z 5f501f73 f   olevar.obj
 0001:00000ff5       ??4COleVariant@@QAEABV0@ABVCOleCurrency@@@Z 5f501ff5 f   olevar.obj
 0001:00001033       ??4COleVariant@@QAEABV0@M@Z 5f502033 f   olevar.obj
 0001:00001069       ??4COleVariant@@QAEABV0@N@Z 5f502069 f   olevar.obj
 0001:000010a5       ??4COleVariant@@QAEABV0@ABVCOleDateTime@@@Z 5f5020a5 f   olevar.obj
 0001:000010e3       ??4COleVariant@@QAEABV0@ABVCByteArray@@@Z 5f5020e3 f   olevar.obj
 0001:00001126       ??4COleVariant@@QAEABV0@ABVCLongBinary@@@Z 5f502126 f   olevar.obj
 0001:0000117c       ?AfxVariantInit@@YGXPAUtagVARIANT@@@Z 5f50217c f   olevar.obj
 0001:00001193       ??6@YGAAVCDumpContext@@AAV0@VCOleVariant@@@Z 5f502193 f   olevar.obj
 0001:0000158e       ??6@YGAAVCArchive@@AAV0@VCOleVariant@@@Z 5f50258e f   olevar.obj
 0001:000019f4       ??5@YGAAVCArchive@@AAV0@AAVCOleVariant@@@Z 5f5029f4 f   olevar.obj
 0001:00001deb       ?ConstructElements@@YGXPAVCOleVariant@@H@Z 5f502deb f   olevar.obj
 0001:00001eae       ?DestructElements@@YGXPAVCOleVariant@@H@Z 5f502eae f   olevar.obj
 0001:00001f18       ?CopyElements@@YGXPAVCOleVariant@@PBV1@H@Z 5f502f18 f   olevar.obj
 0001:00001fc3       ?SerializeElements@@YGXAAVCArchive@@PAVCOleVariant@@H@Z 5f502fc3 f   olevar.obj
 0001:0000207d       ?DumpElements@@YGXAAVCDumpContext@@PBVCOleVariant@@H@Z 5f50307d f   olevar.obj
 0001:000020c3       ?HashKey@@YGIABUtagVARIANT@@@Z 5f5030c3 f   olevar.obj
 0001:000021ee       ??0COleCurrency@@QAE@JJ@Z  5f5031ee f   olevar.obj
 0001:00002218       ??4COleCurrency@@QAEABV0@TtagCY@@@Z 5f503218 f   olevar.obj
 0001:00002240       ??4COleCurrency@@QAEABV0@ABV0@@Z 5f503240 f   olevar.obj
 0001:0000226c       ??4COleCurrency@@QAEABV0@ABUtagVARIANT@@@Z 5f50326c f   olevar.obj
 0001:00002384       ??MCOleCurrency@@QBEHABV0@@Z 5f503384 f   olevar.obj
 0001:0000241d       ??OCOleCurrency@@QBEHABV0@@Z 5f50341d f   olevar.obj
 0001:000024b6       ??NCOleCurrency@@QBEHABV0@@Z 5f5034b6 f   olevar.obj
 0001:0000254e       ??PCOleCurrency@@QBEHABV0@@Z 5f50354e f   olevar.obj
 0001:000025e6       ??HCOleCurrency@@QBE?AV0@ABV0@@Z 5f5035e6 f   olevar.obj
 0001:000026da       ??GCOleCurrency@@QBE?AV0@ABV0@@Z 5f5036da f   olevar.obj
 0001:000027ce       ??GCOleCurrency@@QBE?AV0@XZ 5f5037ce f   olevar.obj
 0001:0000285d       ??DCOleCurrency@@QBE?AV0@J@Z 5f50385d f   olevar.obj
 0001:00002bb0       ??KCOleCurrency@@QBE?AV0@J@Z 5f503bb0 f   olevar.obj
 0001:00002f18       ?SetCurrency@COleCurrency@@QAEXJJ@Z 5f503f18 f   olevar.obj
 0001:00002fc8       ?ParseCurrency@COleCurrency@@QAEHPBGKK@Z 5f503fc8 f   olevar.obj
 0001:00003129       ?Format@COleCurrency@@QBE?AVCString@@KK@Z 5f504129 f   olevar.obj
 0001:0000328f       ??6@YGAAVCDumpContext@@AAV0@VCOleCurrency@@@Z 5f50428f f   olevar.obj
 0001:0000332b       ??6@YGAAVCArchive@@AAV0@VCOleCurrency@@@Z 5f50432b f   olevar.obj
 0001:00003356       ??5@YGAAVCArchive@@AAV0@AAVCOleCurrency@@@Z 5f504356 f   olevar.obj
 0001:00003387       ?_AfxOleDateFromTm@@YGHGGGGGGAAN@Z 5f504387 f   olevar.obj
 0001:000035a2       ?_AfxTmFromOleDate@@YGHNAAUtm@@@Z 5f5045a2 f   olevar.obj
 0001:0000388f       ?_AfxTmConvertToStandardFormat@@YGXAAUtm@@@Z 5f50488f f   olevar.obj
 0001:000038d5       ?_AfxDoubleFromDate@@YGNN@Z 5f5048d5 f   olevar.obj
 0001:00003913       ?_AfxDateFromDouble@@YGNN@Z 5f504913 f   olevar.obj
 0001:0000394e       ?GetTickCount@COleDateTime@@SG?AV1@XZ 5f50494e f   olevar.obj
 0001:0000396c       ?GetAsSystemTime@COleDateTime@@QBEHAAU_SYSTEMTIME@@@Z 5f50496c f   olevar.obj
 0001:00003a06       ?GetYear@COleDateTime@@QBEHXZ 5f504a06 f   olevar.obj
 0001:00003a3e       ?GetMonth@COleDateTime@@QBEHXZ 5f504a3e f   olevar.obj
 0001:00003a76       ?GetDay@COleDateTime@@QBEHXZ 5f504a76 f   olevar.obj
 0001:00003aae       ?GetHour@COleDateTime@@QBEHXZ 5f504aae f   olevar.obj
 0001:00003ae6       ?GetMinute@COleDateTime@@QBEHXZ 5f504ae6 f   olevar.obj
 0001:00003b1e       ?GetSecond@COleDateTime@@QBEHXZ 5f504b1e f   olevar.obj
 0001:00003b56       ?GetDayOfWeek@COleDateTime@@QBEHXZ 5f504b56 f   olevar.obj
 0001:00003b8e       ?GetDayOfYear@COleDateTime@@QBEHXZ 5f504b8e f   olevar.obj
 0001:00003bc6       ??4COleDateTime@@QAEABV0@ABUtagVARIANT@@@Z 5f504bc6 f   olevar.obj
 0001:00003cdb       ??4COleDateTime@@QAEABV0@N@Z 5f504cdb f   olevar.obj
 0001:00003d03       ??4COleDateTime@@QAEABV0@ABJ@Z 5f504d03 f   olevar.obj
 0001:00003daa       ??4COleDateTime@@QAEABV0@ABU_SYSTEMTIME@@@Z 5f504daa f   olevar.obj
 0001:00003dfd       ??4COleDateTime@@QAEABV0@ABU_FILETIME@@@Z 5f504dfd f   olevar.obj
 0001:00003e9e       ??MCOleDateTime@@QBEHABV0@@Z 5f504e9e f   olevar.obj
 0001:00003f3d       ??OCOleDateTime@@QBEHABV0@@Z 5f504f3d f   olevar.obj
 0001:00003fdc       ??NCOleDateTime@@QBEHABV0@@Z 5f504fdc f   olevar.obj
 0001:0000407b       ??PCOleDateTime@@QBEHABV0@@Z 5f50507b f   olevar.obj
 0001:0000411a       ??HCOleDateTime@@QBE?AV0@ABVCOleDateTimeSpan@@@Z 5f50511a f   olevar.obj
 0001:000041df       ??GCOleDateTime@@QBE?AV0@ABVCOleDateTimeSpan@@@Z 5f5051df f   olevar.obj
 0001:000042a4       ??GCOleDateTime@@QBE?AVCOleDateTimeSpan@@ABV0@@Z 5f5052a4 f   olevar.obj
 0001:0000435a       ?SetDateTime@COleDateTime@@QAEHHHHHHH@Z 5f50535a f   olevar.obj
 0001:0000439f       ?ParseDateTime@COleDateTime@@QAEHPBGKK@Z 5f50539f f   olevar.obj
 0001:000044fa       ?Format@COleDateTime@@QBE?AVCString@@KK@Z 5f5054fa f   olevar.obj
 0001:00004660       ?Format@COleDateTime@@QBE?AVCString@@PBG@Z 5f505660 f   olevar.obj
 0001:000047ba       ?Format@COleDateTime@@QBE?AVCString@@I@Z 5f5057ba f   olevar.obj
 0001:0000485a       ?CheckRange@COleDateTime@@IAEXXZ 5f50585a f   olevar.obj
 0001:00004893       ??6@YGAAVCDumpContext@@AAV0@VCOleDateTime@@@Z 5f505893 f   olevar.obj
 0001:0000492f       ??6@YGAAVCArchive@@AAV0@VCOleDateTime@@@Z 5f50592f f   olevar.obj
 0001:00004952       ??5@YGAAVCArchive@@AAV0@AAVCOleDateTime@@@Z 5f505952 f   olevar.obj
 0001:00004974       ?GetHours@COleDateTimeSpan@@QBEJXZ 5f505974 f   olevar.obj
 0001:000049ed       ?GetMinutes@COleDateTimeSpan@@QBEJXZ 5f5059ed f   olevar.obj
 0001:00004a6d       ?GetSeconds@COleDateTimeSpan@@QBEJXZ 5f505a6d f   olevar.obj
 0001:00004af3       ??4COleDateTimeSpan@@QAEABV0@N@Z 5f505af3 f   olevar.obj
 0001:00004b1b       ??4COleDateTimeSpan@@QAEABV0@ABV0@@Z 5f505b1b f   olevar.obj
 0001:00004b47       ??HCOleDateTimeSpan@@QBE?AV0@ABV0@@Z 5f505b47 f   olevar.obj
 0001:00004bec       ??GCOleDateTimeSpan@@QBE?AV0@ABV0@@Z 5f505bec f   olevar.obj
 0001:00004c91       ?SetDateTimeSpan@COleDateTimeSpan@@QAEXJHHH@Z 5f505c91 f   olevar.obj
 0001:00004cd1       ?Format@COleDateTimeSpan@@QBE?AVCString@@PBG@Z 5f505cd1 f   olevar.obj
 0001:00004f6d       ?Format@COleDateTimeSpan@@QBE?AVCString@@I@Z 5f505f6d f   olevar.obj
 0001:0000500d       ?CheckRange@COleDateTimeSpan@@QAEXXZ 5f50600d f   olevar.obj
 0001:00005046       ??6@YGAAVCDumpContext@@AAV0@VCOleDateTimeSpan@@@Z 5f506046 f   olevar.obj
 0001:000050e6       ??6@YGAAVCArchive@@AAV0@VCOleDateTimeSpan@@@Z 5f5060e6 f   olevar.obj
 0001:00005109       ??5@YGAAVCArchive@@AAV0@AAVCOleDateTimeSpan@@@Z 5f506109 f   olevar.obj
 0001:0000512b       ??0COleSafeArray@@QAE@ABUtagSAFEARRAY@@G@Z 5f50612b f   olevar.obj
 0001:00005189       ??0COleSafeArray@@QAE@PBUtagSAFEARRAY@@G@Z 5f506189 f   olevar.obj
 0001:000051e7       ??0COleSafeArray@@QAE@ABV0@@Z 5f5061e7 f   olevar.obj
 0001:00005228       ??0COleSafeArray@@QAE@ABUtagVARIANT@@@Z 5f506228 f   olevar.obj
 0001:00005269       ??0COleSafeArray@@QAE@PBUtagVARIANT@@@Z 5f506269 f   olevar.obj
 0001:000052aa       ?Attach@COleSafeArray@@QAEXAAUtagVARIANT@@@Z 5f5062aa f   olevar.obj
 0001:0000530b       ?Detach@COleSafeArray@@QAE?AUtagVARIANT@@XZ 5f50630b f   olevar.obj
 0001:00005359       ??4COleSafeArray@@QAEAAV0@ABV0@@Z 5f506359 f   olevar.obj
 0001:000053af       ??4COleSafeArray@@QAEAAV0@ABUtagVARIANT@@@Z 5f5063af f   olevar.obj
 0001:00005405       ??4COleSafeArray@@QAEAAV0@PBUtagVARIANT@@@Z 5f506405 f   olevar.obj
 0001:0000545b       ??4COleSafeArray@@QAEAAV0@ABVCOleVariant@@@Z 5f50645b f   olevar.obj
 0001:000054b1       ??8COleSafeArray@@QBEHABUtagSAFEARRAY@@@Z 5f5064b1 f   olevar.obj
 0001:000054ce       ??8COleSafeArray@@QBEHPBUtagSAFEARRAY@@@Z 5f5064ce f   olevar.obj
 0001:000054eb       ??8COleSafeArray@@QBEHABV0@@Z 5f5064eb f   olevar.obj
 0001:00005523       ??8COleSafeArray@@QBEHABUtagVARIANT@@@Z 5f506523 f   olevar.obj
 0001:0000555b       ??8COleSafeArray@@QBEHPBUtagVARIANT@@@Z 5f50655b f   olevar.obj
 0001:00005593       ??8COleSafeArray@@QBEHABVCOleVariant@@@Z 5f506593 f   olevar.obj
 0001:000055cb       ?_AfxDumpSafeArrayElement@@YAXAAVCDumpContext@@AAVCOleSafeArray@@PAJ@Z 5f5065cb f   olevar.obj
 0001:00005886       ??6@YGAAVCDumpContext@@AAV0@AAVCOleSafeArray@@@Z 5f506886 f   olevar.obj
 0001:00005af8       ?CreateOneDim@COleSafeArray@@QAEXGKPBXJ@Z 5f506af8 f   olevar.obj
 0001:00005b83       ?GetOneDimSize@COleSafeArray@@QAEKXZ 5f506b83 f   olevar.obj
 0001:00005be2       ?ResizeOneDim@COleSafeArray@@QAEXK@Z 5f506be2 f   olevar.obj
 0001:00005c37       ?Create@COleSafeArray@@QAEXGKPAK@Z 5f506c37 f   olevar.obj
 0001:00005d62       ?Create@COleSafeArray@@QAEXGKPAUtagSAFEARRAYBOUND@@@Z 5f506d62 f   olevar.obj
 0001:00005ee0       ?AccessData@COleSafeArray@@QAEXPAPAX@Z 5f506ee0 f   olevar.obj
 0001:00005f04       ?UnaccessData@COleSafeArray@@QAEXXZ 5f506f04 f   olevar.obj
 0001:00005f22       ?AllocData@COleSafeArray@@QAEXXZ 5f506f22 f   olevar.obj
 0001:00005f40       ?AllocDescriptor@COleSafeArray@@QAEXK@Z 5f506f40 f   olevar.obj
 0001:00005f64       ?Copy@COleSafeArray@@QAEXPAPAUtagSAFEARRAY@@@Z 5f506f64 f   olevar.obj
 0001:00005f88       ?GetLBound@COleSafeArray@@QAEXKPAJ@Z 5f506f88 f   olevar.obj
 0001:00005fb0       ?GetUBound@COleSafeArray@@QAEXKPAJ@Z 5f506fb0 f   olevar.obj
 0001:00005fd8       ?GetElement@COleSafeArray@@QAEXPAJPAX@Z 5f506fd8 f   olevar.obj
 0001:00006000       ?PtrOfIndex@COleSafeArray@@QAEXPAJPAPAX@Z 5f507000 f   olevar.obj
 0001:00006028       ?PutElement@COleSafeArray@@QAEXPAJPAX@Z 5f507028 f   olevar.obj
 0001:00006050       ?Redim@COleSafeArray@@QAEXPAUtagSAFEARRAYBOUND@@@Z 5f507050 f   olevar.obj
 0001:00006074       ?Lock@COleSafeArray@@QAEXXZ 5f507074 f   olevar.obj
 0001:00006092       ?Unlock@COleSafeArray@@QAEXXZ 5f507092 f   olevar.obj
 0001:000060b0       ?Destroy@COleSafeArray@@QAEXXZ 5f5070b0 f   olevar.obj
 0001:000060ce       ?DestroyData@COleSafeArray@@QAEXXZ 5f5070ce f   olevar.obj
 0001:000060ec       ?DestroyDescriptor@COleSafeArray@@QAEXXZ 5f5070ec f   olevar.obj
 0001:0000610a       ?AfxSafeArrayInit@@YGXPAVCOleSafeArray@@@Z 5f50710a f   olevar.obj
 0001:00006121       ?DDX_Text@@YGXPAVCDataExchange@@HAAVCOleDateTime@@@Z 5f507121 f   olevar.obj
 0001:00006229       ?DDX_Text@@YGXPAVCDataExchange@@HAAVCOleCurrency@@@Z 5f507229 f   olevar.obj
 0001:00006340       ??_GCOleVariant@@QAEPAXI@Z 5f507340 f i olevar.obj
 0001:00006370       ?HashKey@@YGIK@Z           5f507370 f i olevar.obj
 0001:00006380       ??2@YAPAXIPAX@Z            5f507380 f i olevar.obj
 0001:00006390       ??3@YAXPAX0@Z              5f507390 f i olevar.obj
 0001:000063a0       ??0COleVariant@@QAE@PBU_ITEMIDLIST@@@Z 5f5073a0 f   olevar1.obj
 0001:00006450       ??0AFX_CLASSINIT@@QAE@PAUCRuntimeClass@@@Z 5f507450 f i oledoc1.obj
 0001:00006470       ??_9@$BBAI@AE              5f507470 f i oleipfrm.obj
 0001:00006480       ??0CPushRoutingFrame@@QAE@PAVCFrameWnd@@@Z 5f507480 f i oleipfrm.obj
 0001:000064c0       ??1CPushRoutingFrame@@QAE@XZ 5f5074c0 f i oleipfrm.obj
 0001:000064e0       ?ocslen@@YAIPBG@Z          5f5074e0 f i olemisc.obj
 0001:000064f0       ?ocscpy@@YAPAGPAGPBG@Z     5f5074f0 f i olemisc.obj
 0001:00006510       ?_GetBaseInterfaceMap@CEnumOleVerb@@KGPBUAFX_INTERFACEMAP@@XZ 5f507510 f   oleverb.obj
 0001:0000651a       ?GetInterfaceMap@CEnumOleVerb@@MBEPBUAFX_INTERFACEMAP@@XZ 5f50751a f   oleverb.obj
 0001:0000652a       ??1CEnumOleVerb@@UAE@XZ    5f50752a f   oleverb.obj
 0001:0000658d       ?OnNext@CEnumOleVerb@@MAEHPAX@Z 5f50758d f   oleverb.obj
 0001:000065e4       ?EnumOleVerbs@CCmdTarget@@QAEHPAPAUIEnumOLEVERB@@@Z 5f5075e4 f   oleverb.obj
 0001:00006848       ?DoOleVerb@CCmdTarget@@QAEHJPAUtagMSG@@PAUHWND__@@PBUtagRECT@@@Z 5f507848 f   oleverb.obj
 0001:000069d0       ??_ECEnumOleVerb@@UAEPAXI@Z 5f5079d0 f i oleverb.obj
 0001:000069d0       ??_GCEnumOleVerb@@UAEPAXI@Z 5f5079d0 f i oleverb.obj
 0001:00006a00       ??0CEnumOleVerb@@QAE@PBXI@Z 5f507a00 f i oleverb.obj
 0001:00006a30       ?AtlW2AHelper@@YGPADPADPBGH@Z 5f507a30 f i viewrich.obj
 0001:00006a50       ?AtlW2AHelper@@YGPADPADPBGHI@Z 5f507a50 f i viewrich.obj
 0001:00006ae0       ?EnableTypeLib@CCmdTarget@@QAEXXZ 5f507ae0 f   oletyplb.obj
 0001:00006b3a       ?GetTypeInfoOfGuid@CCmdTarget@@QAEJKABU_GUID@@PAPAUITypeInfo@@@Z 5f507b3a f   oletyplb.obj
 0001:00006cd0       ?AfxGetTypeLibCache@@YGPAVCTypeLibCache@@PBU_GUID@@@Z 5f507cd0 f   oletyplb.obj
 0001:00006ed3       ?Lock@CTypeLibCache@@QAEXXZ 5f507ed3 f   oletyplb.obj
 0001:00006f27       ?Lookup@CTypeLibCache@@QAEHKPAPAUITypeLib@@@Z 5f507f27 f   oletyplb.obj
 0001:00006fa0       ?Cache@CTypeLibCache@@QAEXKPAUITypeLib@@@Z 5f507fa0 f   oletyplb.obj
 0001:00007058       ?LookupTypeInfo@CTypeLibCache@@QAEHKABU_GUID@@PAPAUITypeInfo@@@Z 5f508058 f   oletyplb.obj
 0001:00007120       ?CacheTypeInfo@CTypeLibCache@@QAEXKABU_GUID@@PAUITypeInfo@@@Z 5f508120 f   oletyplb.obj
 0001:000071b0       ??0CTypeLibCacheMap@@QAE@XZ 5f5081b0 f i oletyplb.obj
 0001:000071e0       ??_GCTypeLibCacheMap@@UAEPAXI@Z 5f5081e0 f i oletyplb.obj
 0001:000071e0       ??_ECTypeLibCacheMap@@UAEPAXI@Z 5f5081e0 f i oletyplb.obj
 0001:00007210       ??1CTypeLibCacheMap@@UAE@XZ 5f508210 f i oletyplb.obj
 0001:00007230       ??0CTypeLibCache@@QAE@XZ   5f508230 f i oletyplb.obj
 0001:00007270       ?Create@CDateTimeCtrl@@QAEHKABUtagRECT@@PAVCWnd@@I@Z 5f508270 f   winctrl5.obj
 0001:000072d4       ?GetRange@CDateTimeCtrl@@QBEKPAVCTime@@0@Z 5f5082d4 f   winctrl5.obj
 0001:0000738d       ?GetRange@CDateTimeCtrl@@QBEKPAVCOleDateTime@@0@Z 5f50838d f   winctrl5.obj
 0001:0000745a       ?SetRange@CDateTimeCtrl@@QAEHPBVCTime@@0@Z 5f50845a f   winctrl5.obj
 0001:000074f5       ?SetRange@CDateTimeCtrl@@QAEHPBVCOleDateTime@@0@Z 5f5084f5 f   winctrl5.obj
 0001:000075fe       ?SetTime@CDateTimeCtrl@@QAEHPAU_SYSTEMTIME@@@Z 5f5085fe f   winctrl5.obj
 0001:00007664       ?SetTime@CDateTimeCtrl@@QAEHABVCOleDateTime@@@Z 5f508664 f   winctrl5.obj
 0001:0000771c       ?SetTime@CDateTimeCtrl@@QAEHPBVCTime@@@Z 5f50871c f   winctrl5.obj
 0001:000077a7       ?GetTime@CDateTimeCtrl@@QBEHAAVCOleDateTime@@@Z 5f5087a7 f   winctrl5.obj
 0001:0000784e       ?GetTime@CDateTimeCtrl@@QBEKAAVCTime@@@Z 5f50884e f   winctrl5.obj
 0001:00007898       ??1CDateTimeCtrl@@UAE@XZ   5f508898 f   winctrl5.obj
 0001:000078e9       ?Create@CMonthCalCtrl@@QAEHKABUtagRECT@@PAVCWnd@@I@Z 5f5088e9 f   winctrl5.obj
 0001:00007950       ?Create@CMonthCalCtrl@@QAEHKABUtagPOINT@@PAVCWnd@@I@Z 5f508950 f   winctrl5.obj
 0001:000079e7       ?SizeMinReq@CMonthCalCtrl@@QAEHH@Z 5f5089e7 f   winctrl5.obj
 0001:00007a5d       ?SetToday@CMonthCalCtrl@@QAEXABVCOleDateTime@@@Z 5f508a5d f   winctrl5.obj
 0001:00007b2d       ?SetToday@CMonthCalCtrl@@QAEXPBVCTime@@@Z 5f508b2d f   winctrl5.obj
 0001:00007bdc       ?SetCurSel@CMonthCalCtrl@@QAEHABVCOleDateTime@@@Z 5f508bdc f   winctrl5.obj
 0001:00007c5d       ?SetCurSel@CMonthCalCtrl@@QAEHABVCTime@@@Z 5f508c5d f   winctrl5.obj
 0001:00007cd2       ?GetCurSel@CMonthCalCtrl@@QBEHAAVCOleDateTime@@@Z 5f508cd2 f   winctrl5.obj
 0001:00007d74       ?GetToday@CMonthCalCtrl@@QBEHAAVCOleDateTime@@@Z 5f508d74 f   winctrl5.obj
 0001:00007e16       ?GetCurSel@CMonthCalCtrl@@QBEHAAVCTime@@@Z 5f508e16 f   winctrl5.obj
 0001:00007eba       ?GetToday@CMonthCalCtrl@@QBEHAAVCTime@@@Z 5f508eba f   winctrl5.obj
 0001:00007f5e       ??1CMonthCalCtrl@@UAE@XZ   5f508f5e f   winctrl5.obj
 0001:00007faf       ?GetFirstDayOfWeek@CMonthCalCtrl@@QBEHPAH@Z 5f508faf f   winctrl5.obj
 0001:0000802d       ?SetFirstDayOfWeek@CMonthCalCtrl@@QAEHHPAH@Z 5f50902d f   winctrl5.obj
 0001:000080ab       ?SetDayState@CMonthCalCtrl@@QAEHHPAK@Z 5f5090ab f   winctrl5.obj
 0001:00008133       ?SetRange@CMonthCalCtrl@@QAEHPBVCOleDateTime@@0@Z 5f509133 f   winctrl5.obj
 0001:00008245       ?SetRange@CMonthCalCtrl@@QAEHQAU_SYSTEMTIME@@0@Z 5f509245 f   winctrl5.obj
 0001:000082e8       ?GetRange@CMonthCalCtrl@@QBEKPAVCOleDateTime@@0@Z 5f5092e8 f   winctrl5.obj
 0001:000083a0       ?GetRange@CMonthCalCtrl@@QBEKPAU_SYSTEMTIME@@0@Z 5f5093a0 f   winctrl5.obj
 0001:00008452       ?SetRange@CMonthCalCtrl@@QAEHPBVCTime@@0@Z 5f509452 f   winctrl5.obj
 0001:000084f0       ?GetRange@CMonthCalCtrl@@QBEKPAVCTime@@0@Z 5f5094f0 f   winctrl5.obj
 0001:000085ac       ?GetMonthRange@CMonthCalCtrl@@QBEHAAVCOleDateTime@@0K@Z 5f5095ac f   winctrl5.obj
 0001:0000866c       ?GetMonthRange@CMonthCalCtrl@@QBEHPAU_SYSTEMTIME@@0K@Z 5f50966c f   winctrl5.obj
 0001:00008752       ?GetMonthRange@CMonthCalCtrl@@QBEHAAVCTime@@0K@Z 5f509752 f   winctrl5.obj
 0001:00008816       ?GetSelRange@CMonthCalCtrl@@QBEHPAU_SYSTEMTIME@@0@Z 5f509816 f   winctrl5.obj
 0001:00008921       ?SetSelRange@CMonthCalCtrl@@QAEHQAU_SYSTEMTIME@@0@Z 5f509921 f   winctrl5.obj
 0001:00008a20       ?SetSelRange@CMonthCalCtrl@@QAEHABVCOleDateTime@@0@Z 5f509a20 f   winctrl5.obj
 0001:00008ae6       ?GetSelRange@CMonthCalCtrl@@QBEHAAVCOleDateTime@@0@Z 5f509ae6 f   winctrl5.obj
 0001:00008bad       ?SetSelRange@CMonthCalCtrl@@QAEHABVCTime@@0@Z 5f509bad f   winctrl5.obj
 0001:00008c5b       ?GetSelRange@CMonthCalCtrl@@QBEHAAVCTime@@0@Z 5f509c5b f   winctrl5.obj
 0001:00008d26       ?DDX_DateTimeCtrl@@YGXPAVCDataExchange@@HAAVCOleDateTime@@@Z 5f509d26 f   winctrl5.obj
 0001:00008d6f       ?DDX_DateTimeCtrl@@YGXPAVCDataExchange@@HAAVCTime@@@Z 5f509d6f f   winctrl5.obj
 0001:00008db8       ?DDX_MonthCalCtrl@@YGXPAVCDataExchange@@HAAVCOleDateTime@@@Z 5f509db8 f   winctrl5.obj
 0001:00008e01       ?DDX_MonthCalCtrl@@YGXPAVCDataExchange@@HAAVCTime@@@Z 5f509e01 f   winctrl5.obj
 0001:00008e4a       ?DDV_MinMaxDateTime@@YGXPAVCDataExchange@@AAVCTime@@PBV2@2@Z 5f509e4a f   winctrl5.obj
 0001:00008f22       ?DDV_MinMaxDateTime@@YGXPAVCDataExchange@@AAVCOleDateTime@@PBV2@2@Z 5f509f22 f   winctrl5.obj
 0001:00008fe2       ?DDV_MinMaxMonth@@YGXPAVCDataExchange@@AAVCTime@@PBV2@2@Z 5f509fe2 f   winctrl5.obj
 0001:000090ba       ?DDV_MinMaxMonth@@YGXPAVCDataExchange@@AAVCOleDateTime@@PBV2@2@Z 5f50a0ba f   winctrl5.obj
 0001:0000917a       ??0CDateTimeCtrl@@QAE@XZ   5f50a17a f   winctrl5.obj
 0001:00009199       ?GetMonthCalFont@CDateTimeCtrl@@QBEPAVCFont@@XZ 5f50a199 f   winctrl5.obj
 0001:000091ee       ?GetMonthCalCtrl@CDateTimeCtrl@@QBEPAVCMonthCalCtrl@@XZ 5f50a1ee f   winctrl5.obj
 0001:00009243       ?SetMonthCalFont@CDateTimeCtrl@@QAEXPAUHFONT__@@H@Z 5f50a243 f   winctrl5.obj
 0001:0000929d       ?SetMonthCalColor@CDateTimeCtrl@@QAEKHK@Z 5f50a29d f   winctrl5.obj
 0001:000092f2       ?GetTime@CDateTimeCtrl@@QBEKPAU_SYSTEMTIME@@@Z 5f50a2f2 f   winctrl5.obj
 0001:00009362       ?GetMonthCalColor@CDateTimeCtrl@@QBEKH@Z 5f50a362 f   winctrl5.obj
 0001:000093b5       ?SetFormat@CDateTimeCtrl@@QAEHPBG@Z 5f50a3b5 f   winctrl5.obj
 0001:00009408       ??0CMonthCalCtrl@@QAE@XZ   5f50a408 f   winctrl5.obj
 0001:00009427       ?HitTest@CMonthCalCtrl@@QAEKPAUMCHITTESTINFO@@@Z 5f50a427 f   winctrl5.obj
 0001:0000947a       ?GetMinReqRect@CMonthCalCtrl@@QBEHPAUtagRECT@@@Z 5f50a47a f   winctrl5.obj
 0001:000094c5       ?SetMonthDelta@CMonthCalCtrl@@QAEHH@Z 5f50a4c5 f   winctrl5.obj
 0001:00009510       ?GetMonthDelta@CMonthCalCtrl@@QBEHXZ 5f50a510 f   winctrl5.obj
 0001:00009557       ?GetColor@CMonthCalCtrl@@QBEKH@Z 5f50a557 f   winctrl5.obj
 0001:000095a2       ?SetColor@CMonthCalCtrl@@QAEKHK@Z 5f50a5a2 f   winctrl5.obj
 0001:000095ef       ?SetMaxSelCount@CMonthCalCtrl@@QAEHH@Z 5f50a5ef f   winctrl5.obj
 0001:0000963a       ?GetMaxSelCount@CMonthCalCtrl@@QBEHXZ 5f50a63a f   winctrl5.obj
 0001:00009681       ?SetToday@CMonthCalCtrl@@QAEXQAU_SYSTEMTIME@@@Z 5f50a681 f   winctrl5.obj
 0001:000096cc       ?GetToday@CMonthCalCtrl@@QBEHPAU_SYSTEMTIME@@@Z 5f50a6cc f   winctrl5.obj
 0001:00009717       ?SetCurSel@CMonthCalCtrl@@QAEHQAU_SYSTEMTIME@@@Z 5f50a717 f   winctrl5.obj
 0001:00009762       ?GetCurSel@CMonthCalCtrl@@QBEHPAU_SYSTEMTIME@@@Z 5f50a762 f   winctrl5.obj
 0001:000097b0       ??_ECDateTimeCtrl@@UAEPAXI@Z 5f50a7b0 f i winctrl5.obj
 0001:000097b0       ??_GCDateTimeCtrl@@UAEPAXI@Z 5f50a7b0 f i winctrl5.obj
 0001:000097e0       ??_GCMonthCalCtrl@@UAEPAXI@Z 5f50a7e0 f i winctrl5.obj
 0001:000097e0       ??_ECMonthCalCtrl@@UAEPAXI@Z 5f50a7e0 f i winctrl5.obj
 0001:00009810       ?_GetBaseMessageMap@CHtmlView@@KGPBUAFX_MSGMAP@@XZ 5f50a810 f   viewhtml.obj
 0001:0000981a       ?GetMessageMap@CHtmlView@@MBEPBUAFX_MSGMAP@@XZ 5f50a81a f   viewhtml.obj
 0001:0000982a       ?_GetBaseEventSinkMap@CHtmlView@@KGPBUAFX_EVENTSINKMAP@@XZ 5f50a82a f   viewhtml.obj
 0001:00009834       ?GetEventSinkMap@CHtmlView@@MBEPBUAFX_EVENTSINKMAP@@XZ 5f50a834 f   viewhtml.obj
 0001:00009844       ??0CHtmlView@@IAE@XZ       5f50a844 f   viewhtml.obj
 0001:000098ad       ??1CHtmlView@@UAE@XZ       5f50a8ad f   viewhtml.obj
 0001:0000992c       ?OnDraw@CHtmlView@@UAEXPAVCDC@@@Z 5f50a92c f   viewhtml.obj
 0001:0000995f       ?OnFilePrint@CHtmlView@@QAEXXZ 5f50a95f f   viewhtml.obj
 0001:000099d6       ?AssertValid@CHtmlView@@UBEXXZ 5f50a9d6 f   viewhtml.obj
 0001:000099e9       ?Dump@CHtmlView@@UBEXAAVCDumpContext@@@Z 5f50a9e9 f   viewhtml.obj
 0001:00009a02       ?OnDestroy@CHtmlView@@IAEXXZ 5f50aa02 f   viewhtml.obj
 0001:00009a44       ?OnSize@CHtmlView@@IAEXIHH@Z 5f50aa44 f   viewhtml.obj
 0001:00009ae5       ?OnPaint@CHtmlView@@IAEXXZ 5f50aae5 f   viewhtml.obj
 0001:00009af8       ?Create@CHtmlView@@UAEHPBG0KABUtagRECT@@PAVCWnd@@IPAUCCreateContext@@@Z 5f50aaf8 f   viewhtml.obj
 0001:00009c00       ?GetType@CHtmlView@@QBE?AVCString@@XZ 5f50ac00 f   viewhtml.obj
 0001:00009cb4       ?GetLeft@CHtmlView@@QBEJXZ 5f50acb4 f   viewhtml.obj
 0001:00009d0c       ?GetTop@CHtmlView@@QBEJXZ  5f50ad0c f   viewhtml.obj
 0001:00009d64       ?GetToolBar@CHtmlView@@QBEHXZ 5f50ad64 f   viewhtml.obj
 0001:00009dbf       ?GetHeight@CHtmlView@@QBEJXZ 5f50adbf f   viewhtml.obj
 0001:00009e17       ?GetVisible@CHtmlView@@QBEHXZ 5f50ae17 f   viewhtml.obj
 0001:00009e73       ?GetLocationName@CHtmlView@@QBE?AVCString@@XZ 5f50ae73 f   viewhtml.obj
 0001:00009f27       ?GetLocationURL@CHtmlView@@QBE?AVCString@@XZ 5f50af27 f   viewhtml.obj
 0001:00009fdb       ?GetBusy@CHtmlView@@QBEHXZ 5f50afdb f   viewhtml.obj
 0001:0000a034       ?GetReadyState@CHtmlView@@QBE?AW4tagREADYSTATE@@XZ 5f50b034 f   viewhtml.obj
 0001:0000a08f       ?GetOffline@CHtmlView@@QBEHXZ 5f50b08f f   viewhtml.obj
 0001:0000a0eb       ?GetSilent@CHtmlView@@QBEHXZ 5f50b0eb f   viewhtml.obj
 0001:0000a147       ?GetApplication@CHtmlView@@QBEPAUIDispatch@@XZ 5f50b147 f   viewhtml.obj
 0001:0000a19f       ?GetParentBrowser@CHtmlView@@QBEPAUIDispatch@@XZ 5f50b19f f   viewhtml.obj
 0001:0000a1f7       ?GetContainer@CHtmlView@@QBEPAUIDispatch@@XZ 5f50b1f7 f   viewhtml.obj
 0001:0000a24f       ?GetHtmlDocument@CHtmlView@@QBEPAUIDispatch@@XZ 5f50b24f f   viewhtml.obj
 0001:0000a2a7       ?GetTopLevelContainer@CHtmlView@@QBEHXZ 5f50b2a7 f   viewhtml.obj
 0001:0000a300       ?GetMenuBar@CHtmlView@@QBEHXZ 5f50b300 f   viewhtml.obj
 0001:0000a35c       ?GetFullScreen@CHtmlView@@QBEHXZ 5f50b35c f   viewhtml.obj
 0001:0000a3b8       ?GetStatusBar@CHtmlView@@QBEHXZ 5f50b3b8 f   viewhtml.obj
 0001:0000a414       ?QueryStatusWB@CHtmlView@@QBE?AW4OLECMDF@@W4OLECMDID@@@Z 5f50b414 f   viewhtml.obj
 0001:0000a475       ?ExecWB@CHtmlView@@QAEXW4OLECMDID@@W4OLECMDEXECOPT@@PAUtagVARIANT@@2@Z 5f50b475 f   viewhtml.obj
 0001:0000a4d9       ?GetRegisterAsBrowser@CHtmlView@@QBEHXZ 5f50b4d9 f   viewhtml.obj
 0001:0000a535       ?GetRegisterAsDropTarget@CHtmlView@@QBEHXZ 5f50b535 f   viewhtml.obj
 0001:0000a591       ?GetTheaterMode@CHtmlView@@QBEHXZ 5f50b591 f   viewhtml.obj
 0001:0000a5ed       ?GetAddressBar@CHtmlView@@QBEHXZ 5f50b5ed f   viewhtml.obj
 0001:0000a649       ?LoadFromResource@CHtmlView@@QAEHPBG@Z 5f50b649 f   viewhtml.obj
 0001:0000a759       ?LoadFromResource@CHtmlView@@QAEHI@Z 5f50b759 f   viewhtml.obj
 0001:0000a869       ?Navigate@CHtmlView@@QAEXPBGK00PAXK@Z 5f50b869 f   viewhtml.obj
 0001:0000a9be       ?Navigate2@CHtmlView@@QAEXPAU_ITEMIDLIST@@KPBG@Z 5f50b9be f   viewhtml.obj
 0001:0000aae8       ?Navigate2@CHtmlView@@QAEXPBGK00PAXK@Z 5f50bae8 f   viewhtml.obj
 0001:0000ac4d       ?Navigate2@CHtmlView@@QAEXPBGKAAVCByteArray@@00@Z 5f50bc4d f   viewhtml.obj
 0001:0000adaf       ?PutProperty@CHtmlView@@QAEXPBGABUtagVARIANT@@@Z 5f50bdaf f   viewhtml.obj
 0001:0000ae7d       ?GetProperty@CHtmlView@@QAEHPBGAAVCString@@@Z 5f50be7d f   viewhtml.obj
 0001:0000af8f       ?GetProperty@CHtmlView@@QAE?AVCOleVariant@@PBG@Z 5f50bf8f f   viewhtml.obj
 0001:0000b01f       ?GetFullName@CHtmlView@@QBE?AVCString@@XZ 5f50c01f f   viewhtml.obj
 0001:0000b0d6       ?NavigateComplete2@CHtmlView@@MAEXPAUIDispatch@@PAUtagVARIANT@@@Z 5f50c0d6 f   viewhtml.obj
 0001:0000b192       ?BeforeNavigate2@CHtmlView@@MAEXPAUIDispatch@@PAUtagVARIANT@@1111PAH@Z 5f50c192 f   viewhtml.obj
 0001:0000b425       ?DocumentComplete@CHtmlView@@MAEXPAUIDispatch@@PAUtagVARIANT@@@Z 5f50c425 f   viewhtml.obj
 0001:0000b4bc       ?OnProgressChange@CHtmlView@@UAEXJJ@Z 5f50c4bc f   viewhtml.obj
 0001:0000b4c9       ?OnCommandStateChange@CHtmlView@@UAEXJH@Z 5f50c4c9 f   viewhtml.obj
 0001:0000b4d6       ?OnDownloadBegin@CHtmlView@@UAEXXZ 5f50c4d6 f   viewhtml.obj
 0001:0000b4e1       ?OnDownloadComplete@CHtmlView@@UAEXXZ 5f50c4e1 f   viewhtml.obj
 0001:0000b4ec       ?OnTitleChange@CHtmlView@@UAEXPBG@Z 5f50c4ec f   viewhtml.obj
 0001:0000b4f9       ?OnPropertyChange@CHtmlView@@UAEXPBG@Z 5f50c4f9 f   viewhtml.obj
 0001:0000b506       ?OnNewWindow2@CHtmlView@@UAEXPAPAUIDispatch@@PAH@Z 5f50c506 f   viewhtml.obj
 0001:0000b51a       ?OnDocumentComplete@CHtmlView@@UAEXPBG@Z 5f50c51a f   viewhtml.obj
 0001:0000b527       ?OnQuit@CHtmlView@@UAEXXZ  5f50c527 f   viewhtml.obj
 0001:0000b532       ?OnVisible@CHtmlView@@UAEXH@Z 5f50c532 f   viewhtml.obj
 0001:0000b53f       ?OnToolBar@CHtmlView@@UAEXH@Z 5f50c53f f   viewhtml.obj
 0001:0000b54c       ?OnMenuBar@CHtmlView@@UAEXH@Z 5f50c54c f   viewhtml.obj
 0001:0000b559       ?OnStatusBar@CHtmlView@@UAEXH@Z 5f50c559 f   viewhtml.obj
 0001:0000b566       ?OnFullScreen@CHtmlView@@UAEXH@Z 5f50c566 f   viewhtml.obj
 0001:0000b573       ?OnTheaterMode@CHtmlView@@UAEXH@Z 5f50c573 f   viewhtml.obj
 0001:0000b580       ?OnNavigateComplete2@CHtmlView@@UAEXPBG@Z 5f50c580 f   viewhtml.obj
 0001:0000b58d       ?OnBeforeNavigate2@CHtmlView@@UAEXPBGK0AAVCByteArray@@0PAH@Z 5f50c58d f   viewhtml.obj
 0001:0000b5a1       ?OnStatusTextChange@CHtmlView@@UAEXPBG@Z 5f50c5a1 f   viewhtml.obj
 0001:0000b5cd       ?SetRegisterAsBrowser@CHtmlView@@QAEXH@Z 5f50c5cd f   viewhtml.obj
 0001:0000b626       ?SetRegisterAsDropTarget@CHtmlView@@QAEXH@Z 5f50c626 f   viewhtml.obj
 0001:0000b67f       ?SetTheaterMode@CHtmlView@@QAEXH@Z 5f50c67f f   viewhtml.obj
 0001:0000b6d8       ?SetVisible@CHtmlView@@QAEXH@Z 5f50c6d8 f   viewhtml.obj
 0001:0000b731       ?SetMenuBar@CHtmlView@@QAEXH@Z 5f50c731 f   viewhtml.obj
 0001:0000b78a       ?SetToolBar@CHtmlView@@QAEXH@Z 5f50c78a f   viewhtml.obj
 0001:0000b7df       ?SetOffline@CHtmlView@@QAEXH@Z 5f50c7df f   viewhtml.obj
 0001:0000b838       ?SetSilent@CHtmlView@@QAEXH@Z 5f50c838 f   viewhtml.obj
 0001:0000b891       ?GoBack@CHtmlView@@QAEXXZ  5f50c891 f   viewhtml.obj
 0001:0000b8dd       ?GoForward@CHtmlView@@QAEXXZ 5f50c8dd f   viewhtml.obj
 0001:0000b929       ?GoHome@CHtmlView@@QAEXXZ  5f50c929 f   viewhtml.obj
 0001:0000b975       ?GoSearch@CHtmlView@@QAEXXZ 5f50c975 f   viewhtml.obj
 0001:0000b9c1       ?Refresh@CHtmlView@@QAEXXZ 5f50c9c1 f   viewhtml.obj
 0001:0000ba0d       ?Refresh2@CHtmlView@@QAEXH@Z 5f50ca0d f   viewhtml.obj
 0001:0000bab2       ?Stop@CHtmlView@@QAEXXZ    5f50cab2 f   viewhtml.obj
 0001:0000bafe       ?SetFullScreen@CHtmlView@@QAEXH@Z 5f50cafe f   viewhtml.obj
 0001:0000bb57       ?SetAddressBar@CHtmlView@@QAEXH@Z 5f50cb57 f   viewhtml.obj
 0001:0000bbb0       ?SetHeight@CHtmlView@@QAEXJ@Z 5f50cbb0 f   viewhtml.obj
 0001:0000bc02       ?PutProperty@CHtmlView@@QAEXPBGJ@Z 5f50cc02 f   viewhtml.obj
 0001:0000bcb9       ?PutProperty@CHtmlView@@QAEXPBGF@Z 5f50ccb9 f   viewhtml.obj
 0001:0000bd71       ?PutProperty@CHtmlView@@QAEXPBG0@Z 5f50cd71 f   viewhtml.obj
 0001:0000be28       ?PutProperty@CHtmlView@@QAEXPBGN@Z 5f50ce28 f   viewhtml.obj
 0001:0000bee1       ?SetTop@CHtmlView@@QAEXJ@Z 5f50cee1 f   viewhtml.obj
 0001:0000bf33       ?SetLeft@CHtmlView@@QAEXJ@Z 5f50cf33 f   viewhtml.obj
 0001:0000bf85       ?SetStatusBar@CHtmlView@@QAEXH@Z 5f50cf85 f   viewhtml.obj
 0001:0000bfe0       ??_ECHtmlView@@UAEPAXI@Z   5f50cfe0 f i viewhtml.obj
 0001:0000bfe0       ??_GCHtmlView@@UAEPAXI@Z   5f50cfe0 f i viewhtml.obj
 0001:0000c010       ??1CFormView@@UAE@XZ       5f50d010 f i viewhtml.obj
 0001:0000c030       ??_9@$BBDM@AE              5f50d030 f i viewhtml.obj
 0001:0000c040       ??_9@$BBFM@AE              5f50d040 f i viewhtml.obj
 0001:0000c050       ??_9@$BBBM@AE              5f50d050 f i viewhtml.obj
 0001:0000c060       ??_9@$BBEA@AE              5f50d060 f i viewhtml.obj
 0001:0000c070       ??_9@$BBGA@AE              5f50d070 f i viewhtml.obj
 0001:0000c080       ??_9@$BBCA@AE              5f50d080 f i viewhtml.obj
 0001:0000c090       ??_9@$BBEE@AE              5f50d090 f i viewhtml.obj
 0001:0000c0a0       ??_9@$BBCE@AE              5f50d0a0 f i viewhtml.obj
 0001:0000c0b0       ??_9@$BBEI@AE              5f50d0b0 f i viewhtml.obj
 0001:0000c0c0       ??_9@$BBCI@AE              5f50d0c0 f i viewhtml.obj
 0001:0000c0d0       ??_9@$BBEM@AE              5f50d0d0 f i viewhtml.obj
 0001:0000c0e0       ??_9@$BBCM@AE              5f50d0e0 f i viewhtml.obj
 0001:0000c0f0       ??_9@$BBFA@AE              5f50d0f0 f i viewhtml.obj
 0001:0000c100       ??_9@$BBDA@AE              5f50d100 f i viewhtml.obj
 0001:0000c110       ??_9@$BBFE@AE              5f50d110 f i viewhtml.obj
 0001:0000c120       ??_9@$BBDE@AE              5f50d120 f i viewhtml.obj
 0001:0000c130       ??_9@$BBFI@AE              5f50d130 f i viewhtml.obj
 0001:0000c140       ??_9@$BBBI@AE              5f50d140 f i viewhtml.obj
 0001:0000c185       ?AfxEnableControlContainer@@YAXPAVCOccManager@@@Z 5f50d185 f   occmgr.obj
 0001:0000c1b9       ?_AfxFindFirstDlgItem@@YGPAUDLGITEMTEMPLATE@@PBUDLGTEMPLATE@@@Z 5f50d1b9 f   occmgr.obj
 0001:0000c2d2       ?_AfxFindNextDlgItem@@YGPAUDLGITEMTEMPLATE@@PAU1@H@Z 5f50d2d2 f   occmgr.obj
 0001:0000c37f       ?OnEvent@COccManager@@UAEHPAVCCmdTarget@@IPAUAFX_EVENT@@PAUAFX_CMDHANDLERINFO@@@Z 5f50d37f f   occmgr.obj
 0001:0000c3a0       ?CreateContainer@COccManager@@UAEPAVCOleControlContainer@@PAVCWnd@@@Z 5f50d3a0 f   occmgr.obj
 0001:0000c417       ?CreateSite@COccManager@@UAEPAVCOleControlSite@@PAVCOleControlContainer@@@Z 5f50d417 f   occmgr.obj
 0001:0000c491       ?PreCreateDialog@COccManager@@UAEPBUDLGTEMPLATE@@PAU_AFX_OCC_DIALOG_INFO@@PBU2@@Z 5f50d491 f   occmgr.obj
 0001:0000c556       ?PostCreateDialog@COccManager@@UAEXPAU_AFX_OCC_DIALOG_INFO@@@Z 5f50d556 f   occmgr.obj
 0001:0000c590       ?SplitDialogTemplate@COccManager@@UAEPAUDLGTEMPLATE@@PBU2@PAPAUDLGITEMTEMPLATE@@@Z 5f50d590 f   occmgr.obj
 0001:0000c7f6       ?CreateDlgControls@COccManager@@UAEHPAVCWnd@@PBGPAU_AFX_OCC_DIALOG_INFO@@@Z 5f50d7f6 f   occmgr.obj
 0001:0000c950       ?CreateDlgControls@COccManager@@UAEHPAVCWnd@@PAXPAU_AFX_OCC_DIALOG_INFO@@@Z 5f50d950 f   occmgr.obj
 0001:0000cd0c       ?BindControls@COccManager@@IAEXPAVCWnd@@@Z 5f50dd0c f   occmgr.obj
 0001:0000cf52       ?CreateDlgControl@COccManager@@IAEPAUHWND__@@PAVCWnd@@PAU2@HPAUDLGITEMTEMPLATE@@GPAEK@Z 5f50df52 f   occmgr.obj
 0001:0000d5cc       ?PrepareOleCtrl@CDataExchange@@QAEPAVCWnd@@H@Z 5f50e5cc f   occmgr.obj
 0001:0000d6a0       ??1?$CProcessLocal@VCOccManager@@@@QAE@XZ 5f50e6a0 f i occmgr.obj
 0001:0000d6c0       ?UnlockResource@@YGHPAX@Z  5f50e6c0 f i occmgr.obj
 0001:0000d6d0       ?GetData@?$CProcessLocal@VCOccManager@@@@QAEPAVCOccManager@@XZ 5f50e6d0 f i occmgr.obj
 0001:0000d720       ?CreateObject@?$CProcessLocal@VCOccManager@@@@SGPAVCNoTrackObject@@XZ 5f50e720 f i occmgr.obj
 0001:0000d790       ??0COccManager@@QAE@XZ     5f50e790 f i occmgr.obj
 0001:0000d7b0       ?OnEvent@CCmdTarget@@QAEHIPAUAFX_EVENT@@PAUAFX_CMDHANDLERINFO@@@Z 5f50e7b0 f   occevent.obj
 0001:0000dc22       ?GetEventSinkEntry@CCmdTarget@@IAGPBUAFX_EVENTSINKMAP_ENTRY@@IPAUAFX_EVENT@@@Z 5f50ec22 f   occevent.obj
 0001:0000dce0       ?CreateControl@CWnd@@QAEHPBG0KABUtagRECT@@PAV1@IPAVCFile@@HPAG@Z 5f50ece0 f   occcont.obj
 0001:0000dd58       ?CreateControl@CWnd@@QAEHABU_GUID@@PBGKABUtagRECT@@PAV1@IPAVCFile@@HPAG@Z 5f50ed58 f   occcont.obj
 0001:0000dddd       ?CreateControl@CWnd@@QAEHABU_GUID@@PBGKPBUtagPOINT@@PBUtagSIZE@@PAV1@IPAVCFile@@HPAG@Z 5f50eddd f   occcont.obj
 0001:0000de8a       ?InitControlContainer@CWnd@@IAEHXZ 5f50ee8a f   occcont.obj
 0001:0000dfaa       ?_GetBaseInterfaceMap@COleControlContainer@@KGPBUAFX_INTERFACEMAP@@XZ 5f50efaa f   occcont.obj
 0001:0000dfb4       ?GetInterfaceMap@COleControlContainer@@MBEPBUAFX_INTERFACEMAP@@XZ 5f50efb4 f   occcont.obj
 0001:0000dfc4       ?_GetBaseDispatchMap@COleControlContainer@@KGPBUAFX_DISPMAP@@XZ 5f50efc4 f   occcont.obj
 0001:0000dfce       ?GetDispatchMap@COleControlContainer@@MBEPBUAFX_DISPMAP@@XZ 5f50efce f   occcont.obj
 0001:0000dfde       ??0COleControlContainer@@QAE@PAVCWnd@@@Z 5f50efde f   occcont.obj
 0001:0000e084       ??1COleControlContainer@@UAE@XZ 5f50f084 f   occcont.obj
 0001:0000e1df       ?CreateControl@COleControlContainer@@QAEHPAVCWnd@@ABU_GUID@@PBGKABUtagRECT@@IPAVCFile@@HPAGPAPAVCOleControlSite@@@Z 5f50f1df f   occcont.obj
 0001:0000e268       ?CreateControl@COleControlContainer@@QAEHPAVCWnd@@ABU_GUID@@PBGKPBUtagPOINT@@PBUtagSIZE@@IPAVCFile@@HPAGPAPAVCOleControlSite@@@Z 5f50f268 f   occcont.obj
 0001:0000e3e2       ?FindItem@COleControlContainer@@UBEPAVCOleControlSite@@I@Z 5f50f3e2 f   occcont.obj
 0001:0000e432       ?GetAmbientProp@COleControlContainer@@UAEHPAVCOleControlSite@@JPAUtagVARIANT@@@Z 5f50f432 f   occcont.obj
 0001:0000e727       ?CreateOleFont@COleControlContainer@@QAEXPAVCFont@@@Z 5f50f727 f   occcont.obj
 0001:0000e918       ?FreezeAllEvents@COleControlContainer@@QAEXH@Z 5f50f918 f   occcont.obj
 0001:0000e960       ?ScrollChildren@COleControlContainer@@UAEXHH@Z 5f50f960 f   occcont.obj
 0001:0000ea2c       ?OnUIActivate@COleControlContainer@@UAEXPAVCOleControlSite@@@Z 5f50fa2c f   occcont.obj
 0001:0000ea8c       ?OnUIDeactivate@COleControlContainer@@UAEXPAVCOleControlSite@@@Z 5f50fa8c f   occcont.obj
 0001:0000eaae       ?CheckDlgButton@COleControlContainer@@UAEXHI@Z 5f50faae f   occcont.obj
 0001:0000eb12       ?CheckRadioButton@COleControlContainer@@UAEXHHH@Z 5f50fb12 f   occcont.obj
 0001:0000eba1       ?GetDlgItem@COleControlContainer@@UBEPAVCWnd@@H@Z 5f50fba1 f   occcont.obj
 0001:0000ebcc       ?GetDlgItem@COleControlContainer@@UBEXHPAPAUHWND__@@@Z 5f50fbcc f   occcont.obj
 0001:0000ec23       ?GetDlgItemInt@COleControlContainer@@UBEIHPAHH@Z 5f50fc23 f   occcont.obj
 0001:0000ed24       ?GetDlgItemTextW@COleControlContainer@@UBEHHPAGH@Z 5f50fd24 f   occcont.obj
 0001:0000ed5f       ?SendDlgItemMessageW@COleControlContainer@@UAEJHIIJ@Z 5f50fd5f f   occcont.obj
 0001:0000ed9e       ?SetDlgItemInt@COleControlContainer@@UAEXHIH@Z 5f50fd9e f   occcont.obj
 0001:0000edf1       ?SetDlgItemTextW@COleControlContainer@@UAEXHPBG@Z 5f50fdf1 f   occcont.obj
 0001:0000ee26       ?IsDlgButtonChecked@COleControlContainer@@UBEIH@Z 5f50fe26 f   occcont.obj
 0001:0000ef13       ?QueryInterface@XOleIPFrame@COleControlContainer@@UAGJABU_GUID@@PAPAX@Z 5f50ff13 f   occcont.obj
 0001:0000ef36       ?AddRef@XOleIPFrame@COleControlContainer@@UAGKXZ 5f50ff36 f   occcont.obj
 0001:0000ef51       ?Release@XOleIPFrame@COleControlContainer@@UAGKXZ 5f50ff51 f   occcont.obj
 0001:0000ef6c       ?GetWindow@XOleIPFrame@COleControlContainer@@UAGJPAPAUHWND__@@@Z 5f50ff6c f   occcont.obj
 0001:0000ef8f       ?ContextSensitiveHelp@XOleIPFrame@COleControlContainer@@UAGJH@Z 5f50ff8f f   occcont.obj
 0001:0000ef9b       ?GetBorder@XOleIPFrame@COleControlContainer@@UAGJPAUtagRECT@@@Z 5f50ff9b f   occcont.obj
 0001:0000efa7       ?RequestBorderSpace@XOleIPFrame@COleControlContainer@@UAGJPBUtagRECT@@@Z 5f50ffa7 f   occcont.obj
 0001:0000efb3       ?SetBorderSpace@XOleIPFrame@COleControlContainer@@UAGJPBUtagRECT@@@Z 5f50ffb3 f   occcont.obj
 0001:0000efbf       ?SetActiveObject@XOleIPFrame@COleControlContainer@@UAGJPAUIOleInPlaceActiveObject@@PBG@Z 5f50ffbf f   occcont.obj
 0001:0000f01b       ?InsertMenus@XOleIPFrame@COleControlContainer@@UAGJPAUHMENU__@@PAUtagOleMenuGroupWidths@@@Z 5f51001b f   occcont.obj
 0001:0000f027       ?SetMenu@XOleIPFrame@COleControlContainer@@UAGJPAUHMENU__@@PAXPAUHWND__@@@Z 5f510027 f   occcont.obj
 0001:0000f033       ?RemoveMenus@XOleIPFrame@COleControlContainer@@UAGJPAUHMENU__@@@Z 5f510033 f   occcont.obj
 0001:0000f03f       ?SetStatusText@XOleIPFrame@COleControlContainer@@UAGJPBG@Z 5f51003f f   occcont.obj
 0001:0000f04b       ?EnableModeless@XOleIPFrame@COleControlContainer@@UAGJH@Z 5f51004b f   occcont.obj
 0001:0000f054       ?TranslateAcceleratorW@XOleIPFrame@COleControlContainer@@UAGJPAUtagMSG@@G@Z 5f510054 f   occcont.obj
 0001:0000f060       ?_GetBaseInterfaceMap@CEnumUnknown@@KGPBUAFX_INTERFACEMAP@@XZ 5f510060 f   occcont.obj
 0001:0000f06a       ?GetInterfaceMap@CEnumUnknown@@MBEPBUAFX_INTERFACEMAP@@XZ 5f51006a f   occcont.obj
 0001:0000f07a       ??1CEnumUnknown@@UAE@XZ    5f51007a f   occcont.obj
 0001:0000f13a       ?OnNext@CEnumUnknown@@MAEHPAX@Z 5f51013a f   occcont.obj
 0001:0000f198       ?QueryInterface@XOleContainer@COleControlContainer@@UAGJABU_GUID@@PAPAX@Z 5f510198 f   occcont.obj
 0001:0000f1bb       ?Release@XOleContainer@COleControlContainer@@UAGKXZ 5f5101bb f   occcont.obj
 0001:0000f1d6       ?AddRef@XOleContainer@COleControlContainer@@UAGKXZ 5f5101d6 f   occcont.obj
 0001:0000f1f1       ?ParseDisplayName@XOleContainer@COleControlContainer@@UAGJPAUIBindCtx@@PAGPAKPAPAUIMoniker@@@Z 5f5101f1 f   occcont.obj
 0001:0000f1fd       ?EnumObjects@XOleContainer@COleControlContainer@@UAGJKPAPAUIEnumUnknown@@@Z 5f5101fd f   occcont.obj
 0001:0000f4d7       ?LockContainer@XOleContainer@COleControlContainer@@UAGJH@Z 5f5104d7 f   occcont.obj
 0001:0000f4f0       ??_ECOleControlContainer@@UAEPAXI@Z 5f5104f0 f i occcont.obj
 0001:0000f4f0       ??_GCOleControlContainer@@UAEPAXI@Z 5f5104f0 f i occcont.obj
 0001:0000f520       ??0XOleIPFrame@COleControlContainer@@QAE@XZ 5f510520 f i occcont.obj
 0001:0000f540       ??0XOleContainer@COleControlContainer@@QAE@XZ 5f510540 f i occcont.obj
 0001:0000f560       ??_GCEnumUnknown@@UAEPAXI@Z 5f510560 f i occcont.obj
 0001:0000f560       ??_ECEnumUnknown@@UAEPAXI@Z 5f510560 f i occcont.obj
 0001:0000f590       ??0CEnumUnknown@@QAE@PBXI@Z 5f510590 f i occcont.obj
 0001:0000f5c0       ?_GetBaseInterfaceMap@COleControlSite@@KGPBUAFX_INTERFACEMAP@@XZ 5f5105c0 f   occsite.obj
 0001:0000f5ca       ?GetInterfaceMap@COleControlSite@@MBEPBUAFX_INTERFACEMAP@@XZ 5f5105ca f   occsite.obj
 0001:0000f5da       ??0COleControlSite@@QAE@PAVCOleControlContainer@@@Z 5f5105da f   occsite.obj
 0001:0000f7b5       ??1COleControlSite@@UAE@XZ 5f5107b5 f   occsite.obj
 0001:0000f9b0       ?SetExtent@COleControlSite@@IAEHXZ 5f5109b0 f   occsite.obj
 0001:0000fa8d       ?CreateControl@COleControlSite@@QAEJPAVCWnd@@ABU_GUID@@PBGKABUtagRECT@@IPAVCFile@@HPAG@Z 5f510a8d f   occsite.obj
 0001:0000fb12       ?CreateControl@COleControlSite@@QAEJPAVCWnd@@ABU_GUID@@PBGKPBUtagPOINT@@PBUtagSIZE@@IPAVCFile@@HPAG@Z 5f510b12 f   occsite.obj
 0001:0000ffb8       ?DestroyControl@COleControlSite@@UAEHXZ 5f510fb8 f   occsite.obj
 0001:00010043       ?_AfxCoCreateInstanceLic@@YGJABU_GUID@@PAUIUnknown@@K0PAPAXPAG@Z 5f511043 f   occsite.obj
 0001:00010146       ?QuickActivate@COleControlSite@@UAEHXZ 5f511146 f   occsite.obj
 0001:000103e9       ?CreateOrLoad@COleControlSite@@IAEJABU_GUID@@PAVCFile@@HPAG@Z 5f5113e9 f   occsite.obj
 0001:00010b9f       ?GetID@COleControlSite@@QAEIXZ 5f511b9f f   occsite.obj
 0001:00010bb0       ?DoVerb@COleControlSite@@UAEJJPAUtagMSG@@@Z 5f511bb0 f   occsite.obj
 0001:00010bfc       ?IsDefaultButton@COleControlSite@@QAEHXZ 5f511bfc f   occsite.obj
 0001:00010c39       ?GetDefBtnCode@COleControlSite@@QAEKXZ 5f511c39 f   occsite.obj
 0001:00010c6a       ?SetDefaultButton@COleControlSite@@QAEXH@Z 5f511c6a f   occsite.obj
 0001:00010d1b       ?ConnectSink@COleControlSite@@IAEKABU_GUID@@PAUIUnknown@@@Z 5f511d1b f   occsite.obj
 0001:00010e1b       ?DisconnectSink@COleControlSite@@IAEXABU_GUID@@K@Z 5f511e1b f   occsite.obj
 0001:00010eed       ?GetEventIID@COleControlSite@@QAEHPAU_GUID@@@Z 5f511eed f   occsite.obj
 0001:00011271       ?GetControlInfo@COleControlSite@@QAEXXZ 5f512271 f   occsite.obj
 0001:00011305       ?IsMatchingMnemonic@COleControlSite@@QAEHPAUtagMSG@@@Z 5f512305 f   occsite.obj
 0001:00011446       ?SendMnemonic@COleControlSite@@QAEXPAUtagMSG@@@Z 5f512446 f   occsite.obj
 0001:000114da       ?FreezeEvents@COleControlSite@@QAEXH@Z 5f5124da f   occsite.obj
 0001:00011550       ?AttachWindow@COleControlSite@@IAEXXZ 5f512550 f   occsite.obj
 0001:00011641       ?DetachWindow@COleControlSite@@IAEXXZ 5f512641 f   occsite.obj
 0001:000116ed       ?OnEvent@COleControlSite@@IAEHPAUAFX_EVENT@@@Z 5f5126ed f   occsite.obj
 0001:00011754       ?InvokeHelperV@COleControlSite@@UAEXJGGPAXPBEPAD@Z 5f512754 f   occsite.obj
 0001:0001180c       ?SetPropertyV@COleControlSite@@UAEXJGPAD@Z 5f51280c f   occsite.obj
 0001:000118b0       ?InvokeHelper@COleControlSite@@UAAXJGGPAXPBEZZ 5f5128b0 f   occsite.obj
 0001:000118ea       ?GetProperty@COleControlSite@@UBEXJGPAX@Z 5f5128ea f   occsite.obj
 0001:00011917       ?SetProperty@COleControlSite@@UAAXJGZZ 5f512917 f   occsite.obj
 0001:00011944       ?SafeSetProperty@COleControlSite@@UAAHJGZZ 5f512944 f   occsite.obj
 0001:000119fe       ?GetStyle@COleControlSite@@UBEKXZ 5f5129fe f   occsite.obj
 0001:00011b4a       ?GetExStyle@COleControlSite@@UBEKXZ 5f512b4a f   occsite.obj
 0001:00011c0e       ?ModifyStyle@COleControlSite@@UAEHKKI@Z 5f512c0e f   occsite.obj
 0001:00011cfa       ?ModifyStyleEx@COleControlSite@@UAEHKKI@Z 5f512cfa f   occsite.obj
 0001:00011d6e       ?SetWindowTextW@COleControlSite@@UAEXPBG@Z 5f512d6e f   occsite.obj
 0001:00011de4       ?GetWindowTextW@COleControlSite@@UBEXAAVCString@@@Z 5f512de4 f   occsite.obj
 0001:00011f12       ?GetWindowTextW@COleControlSite@@UBEHPAGH@Z 5f512f12 f   occsite.obj
 0001:00011fbd       ?GetWindowTextLengthW@COleControlSite@@UBEHXZ 5f512fbd f   occsite.obj
 0001:00012027       ?GetDlgCtrlID@COleControlSite@@UBEHXZ 5f513027 f   occsite.obj
 0001:00012038       ?SetDlgCtrlID@COleControlSite@@UAEHH@Z 5f513038 f   occsite.obj
 0001:0001205c       ?MoveWindow@COleControlSite@@UAEXHHHHH@Z 5f51305c f   occsite.obj
 0001:0001217f       ?SetWindowPos@COleControlSite@@UAEHPBVCWnd@@HHHHI@Z 5f51317f f   occsite.obj
 0001:00012296       ?ShowWindow@COleControlSite@@UAEHH@Z 5f513296 f   occsite.obj
 0001:00012314       ?IsWindowEnabled@COleControlSite@@UBEHXZ 5f513314 f   occsite.obj
 0001:000123b5       ?EnableWindow@COleControlSite@@UAEHH@Z 5f5133b5 f   occsite.obj
 0001:0001247e       ?SetFocus@COleControlSite@@UAEPAVCWnd@@XZ 5f51347e f   occsite.obj
 0001:000124ca       ?EnableDSC@COleControlSite@@UAEXXZ 5f5134ca f   occsite.obj
 0001:00012565       ?BindDefaultProperty@COleControlSite@@UAEXJGPBGPAVCWnd@@@Z 5f513565 f   occsite.obj
 0001:000126b5       ?BindProperty@COleControlSite@@UAEXJPAVCWnd@@@Z 5f5136b5 f   occsite.obj
 0001:000128f2       ?AddRef@XOleClientSite@COleControlSite@@UAGKXZ 5f5138f2 f   occsite.obj
 0001:0001290f       ?Release@XOleClientSite@COleControlSite@@UAGKXZ 5f51390f f   occsite.obj
 0001:0001292c       ?QueryInterface@XOleClientSite@COleControlSite@@UAGJABU_GUID@@PAPAX@Z 5f51392c f   occsite.obj
 0001:00012951       ?SaveObject@XOleClientSite@COleControlSite@@UAGJXZ 5f513951 f   occsite.obj
 0001:0001295d       ?GetMoniker@XOleClientSite@COleControlSite@@UAGJKKPAPAUIMoniker@@@Z 5f51395d f   occsite.obj
 0001:00012969       ?GetContainer@XOleClientSite@COleControlSite@@UAGJPAPAUIOleContainer@@@Z 5f513969 f   occsite.obj
 0001:00012992       ?ShowObject@XOleClientSite@COleControlSite@@UAGJXZ 5f513992 f   occsite.obj
 0001:000129ff       ?OnShowWindow@XOleClientSite@COleControlSite@@UAGJH@Z 5f5139ff f   occsite.obj
 0001:00012a08       ?RequestNewObjectLayout@XOleClientSite@COleControlSite@@UAGJXZ 5f513a08 f   occsite.obj
 0001:00012a14       ?AddRef@XOleIPSite@COleControlSite@@UAGKXZ 5f513a14 f   occsite.obj
 0001:00012a31       ?Release@XOleIPSite@COleControlSite@@UAGKXZ 5f513a31 f   occsite.obj
 0001:00012a4e       ?QueryInterface@XOleIPSite@COleControlSite@@UAGJABU_GUID@@PAPAX@Z 5f513a4e f   occsite.obj
 0001:00012a73       ?GetWindow@XOleIPSite@COleControlSite@@UAGJPAPAUHWND__@@@Z 5f513a73 f   occsite.obj
 0001:00012aae       ?ContextSensitiveHelp@XOleIPSite@COleControlSite@@UAGJH@Z 5f513aae f   occsite.obj
 0001:00012aba       ?CanInPlaceActivate@XOleIPSite@COleControlSite@@UAGJXZ 5f513aba f   occsite.obj
 0001:00012ac3       ?OnInPlaceActivate@XOleIPSite@COleControlSite@@UAGJXZ 5f513ac3 f   occsite.obj
 0001:00012acc       ?OnUIActivate@XOleIPSite@COleControlSite@@UAGJXZ 5f513acc f   occsite.obj
 0001:00012af8       ?GetWindowContext@XOleIPSite@COleControlSite@@UAGJPAPAUIOleInPlaceFrame@@PAPAUIOleInPlaceUIWindow@@PAUtagRECT@@2PAUtagOIFI@@@Z 5f513af8 f   occsite.obj
 0001:00012d0f       ?Scroll@XOleIPSite@COleControlSite@@UAGJUtagSIZE@@@Z 5f513d0f f   occsite.obj
 0001:00012d1b       ?OnUIDeactivate@XOleIPSite@COleControlSite@@UAGJH@Z 5f513d1b f   occsite.obj
 0001:00012d47       ?OnInPlaceDeactivate@XOleIPSite@COleControlSite@@UAGJXZ 5f513d47 f   occsite.obj
 0001:00012db4       ?DiscardUndoState@XOleIPSite@COleControlSite@@UAGJXZ 5f513db4 f   occsite.obj
 0001:00012dbd       ?DeactivateAndUndo@XOleIPSite@COleControlSite@@UAGJXZ 5f513dbd f   occsite.obj
 0001:00012de6       ?OnPosRectChange@XOleIPSite@COleControlSite@@UAGJPBUtagRECT@@@Z 5f513de6 f   occsite.obj
 0001:00012e6c       ?AddRef@XOleControlSite@COleControlSite@@UAGKXZ 5f513e6c f   occsite.obj
 0001:00012e89       ?Release@XOleControlSite@COleControlSite@@UAGKXZ 5f513e89 f   occsite.obj
 0001:00012ea6       ?QueryInterface@XOleControlSite@COleControlSite@@UAGJABU_GUID@@PAPAX@Z 5f513ea6 f   occsite.obj
 0001:00012ecb       ?OnControlInfoChanged@XOleControlSite@COleControlSite@@UAGJXZ 5f513ecb f   occsite.obj
 0001:00012eea       ?LockInPlaceActive@XOleControlSite@COleControlSite@@UAGJH@Z 5f513eea f   occsite.obj
 0001:00012ef6       ?GetExtendedControl@XOleControlSite@COleControlSite@@UAGJPAPAUIDispatch@@@Z 5f513ef6 f   occsite.obj
 0001:00012f02       ?TransformCoords@XOleControlSite@COleControlSite@@UAGJPAU_POINTL@@PAUtagPOINTF@@K@Z 5f513f02 f   occsite.obj
 0001:00013066       ?TranslateAcceleratorW@XOleControlSite@COleControlSite@@UAGJPAUtagMSG@@K@Z 5f514066 f   occsite.obj
 0001:00013072       ?OnFocus@XOleControlSite@COleControlSite@@UAGJH@Z 5f514072 f   occsite.obj
 0001:0001307b       ?ShowPropertyFrame@XOleControlSite@COleControlSite@@UAGJXZ 5f51407b f   occsite.obj
 0001:00013087       ?AddRef@XAmbientProps@COleControlSite@@UAGKXZ 5f514087 f   occsite.obj
 0001:000130a4       ?Release@XAmbientProps@COleControlSite@@UAGKXZ 5f5140a4 f   occsite.obj
 0001:000130c1       ?QueryInterface@XAmbientProps@COleControlSite@@UAGJABU_GUID@@PAPAX@Z 5f5140c1 f   occsite.obj
 0001:000130e6       ?GetTypeInfoCount@XAmbientProps@COleControlSite@@UAGJPAI@Z 5f5140e6 f   occsite.obj
 0001:000130f2       ?GetTypeInfo@XAmbientProps@COleControlSite@@UAGJIKPAPAUITypeInfo@@@Z 5f5140f2 f   occsite.obj
 0001:000130fe       ?GetIDsOfNames@XAmbientProps@COleControlSite@@UAGJABU_GUID@@PAPAGIKPAJ@Z 5f5140fe f   occsite.obj
 0001:0001310a       ?Invoke@XAmbientProps@COleControlSite@@UAGJJABU_GUID@@KGPAUtagDISPPARAMS@@PAUtagVARIANT@@PAUtagEXCEPINFO@@PAI@Z 5f51410a f   occsite.obj
 0001:0001323a       ?QueryInterface@XPropertyNotifySink@COleControlSite@@UAGJABU_GUID@@PAPAX@Z 5f51423a f   occsite.obj
 0001:00013296       ?AddRef@XPropertyNotifySink@COleControlSite@@UAGKXZ 5f514296 f   occsite.obj
 0001:000132a2       ?Release@XPropertyNotifySink@COleControlSite@@UAGKXZ 5f5142a2 f   occsite.obj
 0001:000132ab       ?OnChanged@XPropertyNotifySink@COleControlSite@@UAGJJ@Z 5f5142ab f   occsite.obj
 0001:000134c4       ?OnRequestEdit@XPropertyNotifySink@COleControlSite@@UAGJJ@Z 5f5144c4 f   occsite.obj
 0001:0001359c       ?AddRef@XEventSink@COleControlSite@@UAGKXZ 5f51459c f   occsite.obj
 0001:000135a8       ?Release@XEventSink@COleControlSite@@UAGKXZ 5f5145a8 f   occsite.obj
 0001:000135b1       ?QueryInterface@XEventSink@COleControlSite@@UAGJABU_GUID@@PAPAX@Z 5f5145b1 f   occsite.obj
 0001:00013624       ?GetTypeInfoCount@XEventSink@COleControlSite@@UAGJPAI@Z 5f514624 f   occsite.obj
 0001:00013630       ?GetTypeInfo@XEventSink@COleControlSite@@UAGJIKPAPAUITypeInfo@@@Z 5f514630 f   occsite.obj
 0001:0001363c       ?GetIDsOfNames@XEventSink@COleControlSite@@UAGJABU_GUID@@PAPAGIKPAJ@Z 5f51463c f   occsite.obj
 0001:00013648       ?Invoke@XEventSink@COleControlSite@@UAGJJABU_GUID@@KGPAUtagDISPPARAMS@@PAUtagVARIANT@@PAUtagEXCEPINFO@@PAI@Z 5f514648 f   occsite.obj
 0001:00013759       ??0CDataSourceControl@@QAE@PAVCOleControlSite@@@Z 5f514759 f   occsite.obj
 0001:00013867       ??1CDataSourceControl@@QAE@XZ 5f514867 f   occsite.obj
 0001:00013c2b       ?Initialize@CDataSourceControl@@QAEJXZ 5f514c2b f   occsite.obj
 0001:00013e49       ?GetCursor@CDataSourceControl@@UAEPAUIUnknown@@XZ 5f514e49 f   occsite.obj
 0001:00013f4c       ?GetMetaData@CDataSourceControl@@QAEJXZ 5f514f4c f   occsite.obj
 0001:00014607       ?CopyColumnID@CDataSourceControl@@QAEHPAUtagDBCOLUMNID@@PBU2@@Z 5f515607 f   occsite.obj
 0001:000146d2       ?BindProp@CDataSourceControl@@UAEXPAVCOleControlSite@@H@Z 5f5156d2 f   occsite.obj
 0001:0001492f       ?BindProp@CDataSourceControl@@UAEXPAVCDataBoundProperty@@H@Z 5f51592f f   occsite.obj
 0001:000149c0       ?BindColumns@CDataSourceControl@@UAEXXZ 5f5159c0 f   occsite.obj
 0001:00014cc1       ?GetBoundClientRow@CDataSourceControl@@QAEJXZ 5f515cc1 f   occsite.obj
 0001:00014d69       ?ToVariant@CDataSourceControl@@QAE?AVCOleVariant@@H@Z 5f515d69 f   occsite.obj
 0001:000156e7       ?UpdateControls@CDataSourceControl@@UAEJXZ 5f5166e7 f   occsite.obj
 0001:00015935       ?UpdateCursor@CDataSourceControl@@UAEJXZ 5f516935 f   occsite.obj
 0001:0001651e       ??0CDataBoundProperty@@QAE@PAV0@JG@Z 5f51751e f   occsite.obj
 0001:00016568       ?SetClientSite@CDataBoundProperty@@QAEXPAVCOleControlSite@@@Z 5f517568 f   occsite.obj
 0001:0001657d       ?SetDSCSite@CDataBoundProperty@@QAEXPAVCOleControlSite@@@Z 5f51757d f   occsite.obj
 0001:000165a8       ?GetNext@CDataBoundProperty@@QAEPAV1@XZ 5f5175a8 f   occsite.obj
 0001:000165b9       ?RemoveSource@CDataBoundProperty@@QAEXXZ 5f5175b9 f   occsite.obj
 0001:000165d6       ?Notify@CDataBoundProperty@@QAEXXZ 5f5175d6 f   occsite.obj
 0001:000166aa       ?GetCursor@CDataBoundProperty@@QAEPAUIUnknown@@XZ 5f5176aa f   occsite.obj
 0001:00016744       ?GetCursor@COleControlSite@@IAEJJPAPAUIUnknown@@PAPAX@Z 5f517744 f   occsite.obj
 0001:0001679f       ?AddRef@XBoundObjectSite@COleControlSite@@UAGKXZ 5f51779f f   occsite.obj
 0001:00016808       ?Release@XBoundObjectSite@COleControlSite@@UAGKXZ 5f517808 f   occsite.obj
 0001:00016871       ?QueryInterface@XBoundObjectSite@COleControlSite@@UAGJABU_GUID@@PAPAX@Z 5f517871 f   occsite.obj
 0001:000168e2       ?GetCursor@XBoundObjectSite@COleControlSite@@UAGJJPAPAUICursor@@PAPAX@Z 5f5178e2 f   occsite.obj
 0001:00016957       ?AddRef@XNotifyDBEvents@COleControlSite@@UAGKXZ 5f517957 f   occsite.obj
 0001:00016963       ?Release@XNotifyDBEvents@COleControlSite@@UAGKXZ 5f517963 f   occsite.obj
 0001:0001696c       ?QueryInterface@XNotifyDBEvents@COleControlSite@@UAGJABU_GUID@@PAPAX@Z 5f51796c f   occsite.obj
 0001:000169c8       ?OKToDo@XNotifyDBEvents@COleControlSite@@UAGJKKQAUtagDBNOTIFYREASON@@@Z 5f5179c8 f   occsite.obj
 0001:00016b37       ?Cancelled@XNotifyDBEvents@COleControlSite@@UAGJKKQAUtagDBNOTIFYREASON@@@Z 5f517b37 f   occsite.obj
 0001:00016bd5       ?SyncBefore@XNotifyDBEvents@COleControlSite@@UAGJKKQAUtagDBNOTIFYREASON@@@Z 5f517bd5 f   occsite.obj
 0001:00016cf0       ?AboutToDo@XNotifyDBEvents@COleControlSite@@UAGJKKQAUtagDBNOTIFYREASON@@@Z 5f517cf0 f   occsite.obj
 0001:00016d8e       ?FailedToDo@XNotifyDBEvents@COleControlSite@@UAGJKKQAUtagDBNOTIFYREASON@@@Z 5f517d8e f   occsite.obj
 0001:00016e2c       ?SyncAfter@XNotifyDBEvents@COleControlSite@@UAGJKKQAUtagDBNOTIFYREASON@@@Z 5f517e2c f   occsite.obj
 0001:00016f95       ?DidEvent@XNotifyDBEvents@COleControlSite@@UAGJKKQAUtagDBNOTIFYREASON@@@Z 5f517f95 f   occsite.obj
 0001:0001709e       ?FireEvent@XNotifyDBEvents@COleControlSite@@QAEJKKQAUtagDBNOTIFYREASON@@W4DSCSTATE@@@Z 5f51809e f   occsite.obj
 0001:000171d9       ?AddRef@XRowsetNotify@COleControlSite@@UAGKXZ 5f5181d9 f   occsite.obj
 0001:000171e5       ?Release@XRowsetNotify@COleControlSite@@UAGKXZ 5f5181e5 f   occsite.obj
 0001:000171ee       ?QueryInterface@XRowsetNotify@COleControlSite@@UAGJABU_GUID@@PAPAX@Z 5f5181ee f   occsite.obj
 0001:0001724a       ?OnFieldChange@XRowsetNotify@COleControlSite@@UAGJPAUIRowset@@KKQAKKKH@Z 5f51824a f   occsite.obj
 0001:000173c8       ?OnRowChange@XRowsetNotify@COleControlSite@@UAGJPAUIRowset@@KQBKKKH@Z 5f5183c8 f   occsite.obj
 0001:00017627       ?OnRowsetChange@XRowsetNotify@COleControlSite@@UAGJPAUIRowset@@KKH@Z 5f518627 f   occsite.obj
 0001:000177d0       ??_ECOleControlSite@@UAEPAXI@Z 5f5187d0 f i occsite.obj
 0001:000177d0       ??_GCOleControlSite@@UAEPAXI@Z 5f5187d0 f i occsite.obj
 0001:00017800       ??0XOleClientSite@COleControlSite@@QAE@XZ 5f518800 f i occsite.obj
 0001:00017820       ??0XOleIPSite@COleControlSite@@QAE@XZ 5f518820 f i occsite.obj
 0001:00017840       ??0XOleControlSite@COleControlSite@@QAE@XZ 5f518840 f i occsite.obj
 0001:00017860       ??0XAmbientProps@COleControlSite@@QAE@XZ 5f518860 f i occsite.obj
 0001:00017880       ??0XPropertyNotifySink@COleControlSite@@QAE@XZ 5f518880 f i occsite.obj
 0001:000178a0       ??0XEventSink@COleControlSite@@QAE@XZ 5f5188a0 f i occsite.obj
 0001:000178c0       ??0XBoundObjectSite@COleControlSite@@QAE@XZ 5f5188c0 f i occsite.obj
 0001:000178e0       ??0XNotifyDBEvents@COleControlSite@@QAE@XZ 5f5188e0 f i occsite.obj
 0001:00017900       ??0XRowsetNotify@COleControlSite@@QAE@XZ 5f518900 f i occsite.obj
 0001:00017920       ??0IBoundObjectSite@@QAE@XZ 5f518920 f i occsite.obj
 0001:00017940       ??0INotifyDBEvents@@QAE@XZ 5f518940 f i occsite.obj
 0001:00017960       ??0IRowsetNotify@@QAE@XZ   5f518960 f i occsite.obj
 0001:00017980       ??_GCDataSourceControl@@QAEPAXI@Z 5f518980 f i occsite.obj
 0001:000179b0       ??_GCDataBoundProperty@@QAEPAXI@Z 5f5189b0 f i occsite.obj
 0001:000179e0       ??1CDataBoundProperty@@QAE@XZ 5f5189e0 f i occsite.obj
 0001:000179f0       ??0AFX_EVENT@@QAE@HJPAUtagDISPPARAMS@@PAUtagEXCEPINFO@@PAI@Z 5f5189f0 f i occsite.obj
 0001:00017a50       ?ReleaseAccessors@CAccessorBase@ATL@@QAEJPAUIUnknown@@@Z 5f518a50 f i occsite.obj
 0001:00017bb0       ?Close@CDynamicAccessor@ATL@@QAEXXZ 5f518bb0 f i occsite.obj
 0001:00017c30       ?Close@CAccessorBase@ATL@@QAEXXZ 5f518c30 f i occsite.obj
 0001:00017cb0       ??_GCDynamicAccessor@ATL@@QAEPAXI@Z 5f518cb0 f i occsite.obj
 0001:00017ce0       ??1CDynamicAccessor@ATL@@QAE@XZ 5f518ce0 f i occsite.obj
 0001:00017d00       ??_GCRowset@ATL@@QAEPAXI@Z 5f518d00 f i occsite.obj
 0001:00017d30       ??1CRowset@ATL@@QAE@XZ     5f518d30 f i occsite.obj
 0001:00017d90       ?Close@CRowset@ATL@@QAEXXZ 5f518d90 f i occsite.obj
 0001:00017dd0       ?ReleaseRows@CRowset@ATL@@QAEJXZ 5f518dd0 f i occsite.obj
 0001:00017e60       ??0CRowset@ATL@@QAE@PAUIRowset@@@Z 5f518e60 f i occsite.obj
 0001:00017ee0       ??0CRowset@ATL@@QAE@XZ     5f518ee0 f i occsite.obj
 0001:00017f50       ?MoveFirst@CRowset@ATL@@QAEJXZ 5f518f50 f i occsite.obj
 0001:00018000       ?MoveNext@CRowset@ATL@@QAEJXZ 5f519000 f i occsite.obj
 0001:00018020       ?MoveNext@CRowset@ATL@@QAEJJ_N@Z 5f519020 f i occsite.obj
 0001:00018130       ?AtlTrace2@ATL@@YAXKIPBGZZ 5f519130 f i occsite.obj
 0001:000181e0       ?GetData@CRowset@ATL@@QAEJXZ 5f5191e0 f i occsite.obj
 0001:00018290       ?GetNumAccessors@CAccessorBase@ATL@@QBEKXZ 5f519290 f i occsite.obj
 0001:000182b0       ?IsAutoAccessor@CAccessorBase@ATL@@QBE_NK@Z 5f5192b0 f i occsite.obj
 0001:00018340       ?GetData@CRowset@ATL@@QAEJH@Z 5f519340 f i occsite.obj
 0001:00018430       ?GetHAccessor@CAccessorBase@ATL@@QBEKK@Z 5f519430 f i occsite.obj
 0001:00018490       ?GetBuffer@CAccessorBase@ATL@@QBEPAEXZ 5f519490 f i occsite.obj
 0001:000184b0       ?SetupOptionalRowsetInterfaces@CRowset@ATL@@QAEXXZ 5f5194b0 f i occsite.obj
 0001:000184f0       ?SetAccessor@CRowset@ATL@@QAEXPAVCAccessorBase@2@@Z 5f5194f0 f i occsite.obj
 0001:00018510       ??0CDynamicAccessor@ATL@@QAE@XZ 5f519510 f i occsite.obj
 0001:00018550       ?GetColumnCount@CDynamicAccessor@ATL@@QBEKXZ 5f519550 f i occsite.obj
 0001:00018570       ?BindColumns@CDynamicAccessor@ATL@@QAEJPAUIUnknown@@@Z 5f519570 f i occsite.obj
 0001:00018ac0       ?AllocateAccessorMemory@CAccessorBase@ATL@@QAEJH@Z 5f519ac0 f i occsite.obj
 0001:00018b90       ?BindEntries@CAccessorBase@ATL@@SAJPAUtagDBBINDING@@HPAKKPAUIAccessor@@@Z 5f519b90 f i occsite.obj
 0001:00018d70       ?Bind@CAccessorBase@ATL@@SAXPAUtagDBBINDING@@KGKEEKKKKPAUtagDBOBJECT@@@Z 5f519d70 f i occsite.obj
 0001:00018ea0       ?AddOffset@CDynamicAccessor@ATL@@SAKKK@Z 5f519ea0 f i occsite.obj
 0001:00018ed0       ?GetColumnName@CDynamicAccessor@ATL@@QBEPAGK@Z 5f519ed0 f i occsite.obj
 0001:00018f10       ?TranslateColumnNo@CDynamicAccessor@ATL@@QBE_NAAK@Z 5f519f10 f i occsite.obj
 0001:00018fe0       ?GetColumnType@CDynamicAccessor@ATL@@QBE_NKPAG@Z 5f519fe0 f i occsite.obj
 0001:00019020       ?GetValue@CDynamicAccessor@ATL@@QBEPAXK@Z 5f51a020 f i occsite.obj
 0001:00019060       ?GetStatus@CDynamicAccessor@ATL@@QBE_NKPAK@Z 5f51a060 f i occsite.obj
 0001:00019100       ?_GetDataPtr@CDynamicAccessor@ATL@@QBEPAXK@Z 5f51a100 f i occsite.obj
 0001:00019130       ?SetData@CRowset@ATL@@QBEJXZ 5f51a130 f i occsite.obj
 0001:000191d0       ?SetData@CRowset@ATL@@QBEJH@Z 5f51a1d0 f i occsite.obj
 0001:00019280       ??0CManualAccessor@ATL@@QAE@XZ 5f51a280 f i occsite.obj
 0001:000192c0       ??1CManualAccessor@ATL@@QAE@XZ 5f51a2c0 f i occsite.obj
 0001:00019300       ?CreateAccessor@CManualAccessor@ATL@@QAEJHPAXK@Z 5f51a300 f i occsite.obj
 0001:000193d0       ?AddBindEntry@CManualAccessor@ATL@@QAEXKGKPAX00@Z 5f51a3d0 f i occsite.obj
 0001:000194b0       ?BindColumns@CManualAccessor@ATL@@QAEJPAUIUnknown@@@Z 5f51a4b0 f i occsite.obj
 0001:000195e0       ??0AFX_EVENT@@QAE@H@Z      5f51a5e0 f i occsite.obj
 0001:00019640       ??1?$CComPtr@UIRowset@@@ATL@@QAE@XZ 5f51a640 f i occsite.obj
 0001:00019640       ??1?$CComPtr@UIRowsetChange@@@ATL@@QAE@XZ 5f51a640 f i occsite.obj
 0001:00019640       ??1?$CComPtr@UIColumnsInfo@@@ATL@@QAE@XZ 5f51a640 f i occsite.obj
 0001:00019640       ??1?$CComPtr@UIAccessor@@@ATL@@QAE@XZ 5f51a640 f i occsite.obj
 0001:00019670       ?GetHead@CSimpleList@@QBEPAXXZ 5f51a670 f i occsite.obj
 0001:00019670       ??B?$CComPtr@UIRowset@@@ATL@@QBEPAUIRowset@@XZ 5f51a670 f i occsite.obj
 0001:00019670       ??B?$CComPtr@UIRowsetChange@@@ATL@@QBEPAUIRowsetChange@@XZ 5f51a670 f i occsite.obj
 0001:00019670       ??B?$CComPtr@UIAccessor@@@ATL@@QBEPAUIAccessor@@XZ 5f51a670 f i occsite.obj
 0001:00019680       ??4?$CComPtr@UIRowset@@@ATL@@QAEPAUIRowset@@PAU2@@Z 5f51a680 f i occsite.obj
 0001:000196a0       ?AtlComPtrAssign@ATL@@YGPAUIUnknown@@PAPAU2@PAU2@@Z 5f51a6a0 f i occsite.obj
 0001:000196e0       ?Release@?$CComPtr@UIRowset@@@ATL@@QAEXXZ 5f51a6e0 f i occsite.obj
 0001:000196e0       ?Release@?$CComPtr@UIRowsetChange@@@ATL@@QAEXXZ 5f51a6e0 f i occsite.obj
 0001:00019710       ??0?$CComPtr@UIAccessor@@@ATL@@QAE@XZ 5f51a710 f i occsite.obj
 0001:00019710       ??0?$CComPtr@UIRowsetChange@@@ATL@@QAE@XZ 5f51a710 f i occsite.obj
 0001:00019710       ??0?$CComPtr@UIRowset@@@ATL@@QAE@XZ 5f51a710 f i occsite.obj
 0001:00019710       ??0?$CComPtr@UIColumnsInfo@@@ATL@@QAE@XZ 5f51a710 f i occsite.obj
 0001:00019730       ??I?$CComPtr@UIAccessor@@@ATL@@QAEPAPAUIAccessor@@XZ 5f51a730 f i occsite.obj
 0001:00019730       ??I?$CComPtr@UIRowsetChange@@@ATL@@QAEPAPAUIRowsetChange@@XZ 5f51a730 f i occsite.obj
 0001:00019730       ??I?$CComPtr@UIColumnsInfo@@@ATL@@QAEPAPAUIColumnsInfo@@XZ 5f51a730 f i occsite.obj
 0001:00019780       ??C?$CComPtr@UIColumnsInfo@@@ATL@@QBEPAV?$_NoAddRefReleaseOnCComPtr@UIColumnsInfo@@@1@XZ 5f51a780 f i occsite.obj
 0001:00019780       ??C?$CComPtr@UIRowsetChange@@@ATL@@QBEPAV?$_NoAddRefReleaseOnCComPtr@UIRowsetChange@@@1@XZ 5f51a780 f i occsite.obj
 0001:00019780       ??C?$CComPtr@UIAccessor@@@ATL@@QBEPAV?$_NoAddRefReleaseOnCComPtr@UIAccessor@@@1@XZ 5f51a780 f i occsite.obj
 0001:00019780       ??C?$CComPtr@UIRowset@@@ATL@@QBEPAV?$_NoAddRefReleaseOnCComPtr@UIRowset@@@1@XZ 5f51a780 f i occsite.obj
 0001:000197d0       ?QueryInterface@IUnknown@@QAGJPAPAUIRowsetChange@@@Z 5f51a7d0 f i occsite.obj
 0001:000197f0       ?QueryInterface@IUnknown@@QAGJPAPAUIColumnsInfo@@@Z 5f51a7f0 f i occsite.obj
 0001:00019810       ?QueryInterface@IUnknown@@QAGJPAPAUIAccessor@@@Z 5f51a810 f i occsite.obj
 0001:00019830       ?GetValue@CDynamicAccessor@ATL@@QBE_NKPAUtagDB_NUMERIC@@@Z 5f51a830 f i occsite.obj
 0001:00019870       ?GetValue@CDynamicAccessor@ATL@@QBE_NKPAUtagDBTIME@@@Z 5f51a870 f i occsite.obj
 0001:00019870       ?GetValue@CDynamicAccessor@ATL@@QBE_NKPAUtagDBDATE@@@Z 5f51a870 f i occsite.obj
 0001:000198b0       ?GetValue@CDynamicAccessor@ATL@@QBE_NKPAUtagDBTIMESTAMP@@@Z 5f51a8b0 f i occsite.obj
 0001:000198f0       ?SetValue@CDynamicAccessor@ATL@@QAE_NKABF@Z 5f51a8f0 f i occsite.obj
 0001:000198f0       ?SetValue@CDynamicAccessor@ATL@@QAE_NKABG@Z 5f51a8f0 f i occsite.obj
 0001:00019930       ?SetValue@CDynamicAccessor@ATL@@QAE_NKABN@Z 5f51a930 f i occsite.obj
 0001:00019970       ?SetValue@CDynamicAccessor@ATL@@QAE_NKABC@Z 5f51a970 f i occsite.obj
 0001:00019970       ?SetValue@CDynamicAccessor@ATL@@QAE_NKABE@Z 5f51a970 f i occsite.obj
 0001:000199b0       ?SetValue@CDynamicAccessor@ATL@@QAE_NKABJ@Z 5f51a9b0 f i occsite.obj
 0001:000199b0       ?SetValue@CDynamicAccessor@ATL@@QAE_NKABK@Z 5f51a9b0 f i occsite.obj
 0001:000199b0       ?SetValue@CDynamicAccessor@ATL@@QAE_NKABM@Z 5f51a9b0 f i occsite.obj
 0001:000199f0       ?SetValue@CDynamicAccessor@ATL@@QAE_NKABUtagDBTIMESTAMP@@@Z 5f51a9f0 f i occsite.obj
 0001:000199f0       ?SetValue@CDynamicAccessor@ATL@@QAE_NKABUtagDEC@@@Z 5f51a9f0 f i occsite.obj
 0001:00019a30       ?_GetValue@CDynamicAccessor@ATL@@QBEXKPAUtagDB_NUMERIC@@@Z 5f51aa30 f i occsite.obj
 0001:00019af0       ?_GetValue@CDynamicAccessor@ATL@@QBEXKPAUtagDBDATE@@@Z 5f51aaf0 f i occsite.obj
 0001:00019af0       ?_GetValue@CDynamicAccessor@ATL@@QBEXKPAUtagDBTIME@@@Z 5f51aaf0 f i occsite.obj
 0001:00019b90       ?_GetValue@CDynamicAccessor@ATL@@QBEXKPAUtagDBTIMESTAMP@@@Z 5f51ab90 f i occsite.obj
 0001:00019c40       ?_SetValue@CDynamicAccessor@ATL@@QAEXKABG@Z 5f51ac40 f i occsite.obj
 0001:00019c40       ?_SetValue@CDynamicAccessor@ATL@@QAEXKABF@Z 5f51ac40 f i occsite.obj
 0001:00019cb0       ?_SetValue@CDynamicAccessor@ATL@@QAEXKABN@Z 5f51acb0 f i occsite.obj
 0001:00019d20       ?_SetValue@CDynamicAccessor@ATL@@QAEXKABUtagDEC@@@Z 5f51ad20 f i occsite.obj
 0001:00019d20       ?_SetValue@CDynamicAccessor@ATL@@QAEXKABUtagDBTIMESTAMP@@@Z 5f51ad20 f i occsite.obj
 0001:00019dc0       ?_SetValue@CDynamicAccessor@ATL@@QAEXKABE@Z 5f51adc0 f i occsite.obj
 0001:00019dc0       ?_SetValue@CDynamicAccessor@ATL@@QAEXKABC@Z 5f51adc0 f i occsite.obj
 0001:00019e30       ?_SetValue@CDynamicAccessor@ATL@@QAEXKABK@Z 5f51ae30 f i occsite.obj
 0001:00019e30       ?_SetValue@CDynamicAccessor@ATL@@QAEXKABM@Z 5f51ae30 f i occsite.obj
 0001:00019e30       ?_SetValue@CDynamicAccessor@ATL@@QAEXKABJ@Z 5f51ae30 f i occsite.obj
 0001:00019ea0       ??0COleControlLock@@QAE@ABU_GUID@@@Z 5f51aea0 f   occlock.obj
 0001:00019f85       ??1COleControlLock@@UAE@XZ 5f51af85 f   occlock.obj
 0001:00019fd2       ?AfxOleLockControl@@YGHABU_GUID@@@Z 5f51afd2 f   occlock.obj
 0001:0001a120       ?AfxOleLockControl@@YGHPBG@Z 5f51b120 f   occlock.obj
 0001:0001a14f       ?AfxOleUnlockControl@@YGHPBG@Z 5f51b14f f   occlock.obj
 0001:0001a17e       ?AfxOleUnlockControl@@YGHABU_GUID@@@Z 5f51b17e f   occlock.obj
 0001:0001a22c       ?AfxOleUnlockAllControls@@YGXXZ 5f51b22c f   occlock.obj
 0001:0001a2e0       ??_GCOleControlLock@@UAEPAXI@Z 5f51b2e0 f i occlock.obj
 0001:0001a2e0       ??_ECOleControlLock@@UAEPAXI@Z 5f51b2e0 f i occlock.obj
 0001:0001a310       ?IsEmpty@CSimpleList@@QBEHXZ 5f51b310 f i occlock.obj
 0001:0001a330       ?AddHead@?$CTypedSimpleList@PAVCOleControlLock@@@@QAEXPAVCOleControlLock@@@Z 5f51b330 f i occlock.obj
 0001:0001a350       ?Remove@?$CTypedSimpleList@PAVCOleControlLock@@@@QAEHPAVCOleControlLock@@@Z 5f51b350 f i occlock.obj
 0001:0001a370       ??B?$CTypedSimpleList@PAVCOleControlLock@@@@QAEPAVCOleControlLock@@XZ 5f51b370 f i occlock.obj
 0001:0001a390       ?DDX_OCText@@YGXPAVCDataExchange@@HJAAVCString@@@Z 5f51b390 f   occddx.obj
 0001:0001a3e0       ?DDX_OCTextRO@@YGXPAVCDataExchange@@HJAAVCString@@@Z 5f51b3e0 f   occddx.obj
 0001:0001a435       ?DDX_OCBool@@YGXPAVCDataExchange@@HJAAH@Z 5f51b435 f   occddx.obj
 0001:0001a482       ?DDX_OCBoolRO@@YGXPAVCDataExchange@@HJAAH@Z 5f51b482 f   occddx.obj
 0001:0001a4a3       ?DDX_OCInt@@YGXPAVCDataExchange@@HJAAH@Z 5f51b4a3 f   occddx.obj
 0001:0001a4f0       ?DDX_OCIntRO@@YGXPAVCDataExchange@@HJAAH@Z 5f51b4f0 f   occddx.obj
 0001:0001a511       ?DDX_OCInt@@YGXPAVCDataExchange@@HJAAJ@Z 5f51b511 f   occddx.obj
 0001:0001a55e       ?DDX_OCIntRO@@YGXPAVCDataExchange@@HJAAJ@Z 5f51b55e f   occddx.obj
 0001:0001a57f       ?DDX_OCShort@@YGXPAVCDataExchange@@HJAAF@Z 5f51b57f f   occddx.obj
 0001:0001a5cd       ?DDX_OCShortRO@@YGXPAVCDataExchange@@HJAAF@Z 5f51b5cd f   occddx.obj
 0001:0001a5ee       ?DDX_OCColor@@YGXPAVCDataExchange@@HJAAK@Z 5f51b5ee f   occddx.obj
 0001:0001a63b       ?DDX_OCColorRO@@YGXPAVCDataExchange@@HJAAK@Z 5f51b63b f   occddx.obj
 0001:0001a660       ?DDX_OCFloat@@YGXPAVCDataExchange@@HJAAM@Z 5f51b660 f   occddxf.obj
 0001:0001a6b2       ?DDX_OCFloatRO@@YGXPAVCDataExchange@@HJAAM@Z 5f51b6b2 f   occddxf.obj
 0001:0001a6e5       ?DDX_OCFloat@@YGXPAVCDataExchange@@HJAAN@Z 5f51b6e5 f   occddxf.obj
 0001:0001a736       ?DDX_OCFloatRO@@YGXPAVCDataExchange@@HJAAN@Z 5f51b736 f   occddxf.obj
 0001:0001a770       ?_AfxGetDlgCode@@YGKPAVCWnd@@PAUtagMSG@@@Z 5f51b770 f   occdlg.obj
 0001:0001a7be       ?_AfxDlgSetFocus@@YGXPAVCWnd@@@Z 5f51b7be f   occdlg.obj
 0001:0001a7f0       ?_AfxGetChildControl@@YGPAVCWnd@@PAV1@0@Z 5f51b7f0 f   occdlg.obj
 0001:0001a8ad       ?_AfxNextControl@@YGPAVCWnd@@PAV1@0I@Z 5f51b8ad f   occdlg.obj
 0001:0001a9c7       ?IsMatchingMnemonic@COccManager@@SAHPAVCWnd@@PAUtagMSG@@@Z 5f51b9c7 f   occdlg.obj
 0001:0001a9fe       ?_AfxFindNextMnem@@YGPAVCWnd@@PAV1@0PAUtagMSG@@@Z 5f51b9fe f   occdlg.obj
 0001:0001aaca       ?IsLabelControl@COccManager@@SAHPAVCWnd@@@Z 5f51baca f   occdlg.obj
 0001:0001ab0c       ?_AfxGetNextMnem@@YGPAVCWnd@@PAV1@0PAUtagMSG@@@Z 5f51bb0c f   occdlg.obj
 0001:0001abb3       ?UIActivateControl@COccManager@@KAXPAVCWnd@@@Z 5f51bbb3 f   occdlg.obj
 0001:0001ac38       ?UIDeactivateIfNecessary@COccManager@@KAXPAVCWnd@@0@Z 5f51bc38 f   occdlg.obj
 0001:0001ad01       ?_AfxFindDlgItem@@YGPAVCWnd@@PAV1@K@Z 5f51bd01 f   occdlg.obj
 0001:0001ad7d       ?SetDefaultButton@COccManager@@SAXPAVCWnd@@H@Z 5f51bd7d f   occdlg.obj
 0001:0001addc       ?GetDefBtnCode@COccManager@@SAKPAVCWnd@@@Z 5f51bddc f   occdlg.obj
 0001:0001ae0f       ?_AfxRemoveDefaultButton@@YGXPAVCWnd@@0@Z 5f51be0f f   occdlg.obj
 0001:0001ae95       ?_AfxOriginalDefButton@@YGHPAVCWnd@@@Z 5f51be95 f   occdlg.obj
 0001:0001aee4       ?_AfxCheckDefPushButton@@YGXPAVCWnd@@00@Z 5f51bee4 f   occdlg.obj
 0001:0001b03a       ?IsDialogMessageW@COccManager@@UAEHPAVCWnd@@PAUtagMSG@@@Z 5f51c03a f   occdlg.obj
 0001:0001b590       ?OnSaveViewState@CDocObjectServer@@MAEXAAVCArchive@@@Z 5f51c590 f   oledocvw.obj
 0001:0001b59d       ?OnApplyViewState@CDocObjectServer@@MAEXAAVCArchive@@@Z 5f51c59d f   oledocvw.obj
 0001:0001b5aa       ?OnActivateView@CDocObjectServer@@MAEJXZ 5f51c5aa f   oledocvw.obj
 0001:0001bd51       ?AddRef@XOleDocumentView@CDocObjectServer@@UAGKXZ 5f51cd51 f   oledocvw.obj
 0001:0001bdbb       ?Release@XOleDocumentView@CDocObjectServer@@UAGKXZ 5f51cdbb f   oledocvw.obj
 0001:0001be25       ?QueryInterface@XOleDocumentView@CDocObjectServer@@UAGJABU_GUID@@PAPAX@Z 5f51ce25 f   oledocvw.obj
 0001:0001be97       ?SetInPlaceSite@XOleDocumentView@CDocObjectServer@@UAGJPAUIOleInPlaceSite@@@Z 5f51ce97 f   oledocvw.obj
 0001:0001bf76       ?GetInPlaceSite@XOleDocumentView@CDocObjectServer@@UAGJPAPAUIOleInPlaceSite@@@Z 5f51cf76 f   oledocvw.obj
 0001:0001c038       ?GetDocument@XOleDocumentView@CDocObjectServer@@UAGJPAPAUIUnknown@@@Z 5f51d038 f   oledocvw.obj
 0001:0001c110       ?OnSetItemRects@CDocObjectServer@@IAEXPAUtagRECT@@0@Z 5f51d110 f   oledocvw.obj
 0001:0001c139       ?SetRect@XOleDocumentView@CDocObjectServer@@UAGJPAUtagRECT@@@Z 5f51d139 f   oledocvw.obj
 0001:0001c23e       ?GetRect@XOleDocumentView@CDocObjectServer@@UAGJPAUtagRECT@@@Z 5f51d23e f   oledocvw.obj
 0001:0001c2e9       ?SetRectComplex@XOleDocumentView@CDocObjectServer@@UAGJPAUtagRECT@@000@Z 5f51d2e9 f   oledocvw.obj
 0001:0001c35f       ?Show@XOleDocumentView@CDocObjectServer@@UAGJH@Z 5f51d35f f   oledocvw.obj
 0001:0001c40f       ?UIActivate@XOleDocumentView@CDocObjectServer@@UAGJH@Z 5f51d40f f   oledocvw.obj
 0001:0001c4c0       ?Open@XOleDocumentView@CDocObjectServer@@UAGJXZ 5f51d4c0 f   oledocvw.obj
 0001:0001c55a       ?CloseView@XOleDocumentView@CDocObjectServer@@UAGJK@Z 5f51d55a f   oledocvw.obj
 0001:0001c5ee       ?SaveViewState@XOleDocumentView@CDocObjectServer@@UAGJPAUIStream@@@Z 5f51d5ee f   oledocvw.obj
 0001:0001c7ad       ?ApplyViewState@XOleDocumentView@CDocObjectServer@@UAGJPAUIStream@@@Z 5f51d7ad f   oledocvw.obj
 0001:0001c96c       ?Clone@XOleDocumentView@CDocObjectServer@@UAGJPAUIOleInPlaceSite@@PAPAUIOleDocumentView@@@Z 5f51d96c f   oledocvw.obj
 0001:0001c9f0       ?_GetBaseClass@CDocObjectServer@@KGPAUCRuntimeClass@@XZ 5f51d9f0 f   oledocob.obj
 0001:0001c9fa       ?GetRuntimeClass@CDocObjectServer@@UBEPAUCRuntimeClass@@XZ 5f51d9fa f   oledocob.obj
 0001:0001ca0a       ?_GetBaseMessageMap@CDocObjectServer@@KGPBUAFX_MSGMAP@@XZ 5f51da0a f   oledocob.obj
 0001:0001ca14       ?GetMessageMap@CDocObjectServer@@MBEPBUAFX_MSGMAP@@XZ 5f51da14 f   oledocob.obj
 0001:0001ca24       ?_GetBaseInterfaceMap@CDocObjectServer@@KGPBUAFX_INTERFACEMAP@@XZ 5f51da24 f   oledocob.obj
 0001:0001ca2e       ?GetInterfaceMap@CDocObjectServer@@MBEPBUAFX_INTERFACEMAP@@XZ 5f51da2e f   oledocob.obj
 0001:0001ca3e       ??0CDocObjectServer@@QAE@PAVCOleServerDoc@@PAUIOleDocumentSite@@@Z 5f51da3e f   oledocob.obj
 0001:0001cb26       ??1CDocObjectServer@@UAE@XZ 5f51db26 f   oledocob.obj
 0001:0001cb77       ?ReleaseDocSite@CDocObjectServer@@QAEXXZ 5f51db77 f   oledocob.obj
 0001:0001cba7       ?SetDocSite@CDocObjectServer@@QAEXPAUIOleDocumentSite@@@Z 5f51dba7 f   oledocob.obj
 0001:0001cbc5       ?OnCloseDocument@CDocObjectServer@@UAEXXZ 5f51dbc5 f   oledocob.obj
 0001:0001cbec       ?ActivateDocObject@CDocObjectServer@@QAEXXZ 5f51dbec f   oledocob.obj
 0001:0001cc60       ?OnExecOleCmd@CDocObjectServer@@IAGJPBU_GUID@@KKPAUtagVARIANT@@1@Z 5f51dc60 f   oledocob.obj
 0001:0001ccc5       ?GetControllingFrame@CDocObjectServer@@QBEPAVCOleDocIPFrameWnd@@XZ 5f51dcc5 f   oledocob.obj
 0001:0001cd4b       ?DoPreparePrinting@CDocObjectServer@@IAEHPAVCView@@PAUCPrintInfo@@@Z 5f51dd4b f   oledocob.obj
 0001:0001cd6a       ?DoPrepareDC@CDocObjectServer@@IAEXPAVCView@@PAVCDC@@PAUCPrintInfo@@@Z 5f51dd6a f   oledocob.obj
 0001:0001cd8d       ?DoPrint@CDocObjectServer@@IAEXPAVCView@@PAVCDC@@PAUCPrintInfo@@@Z 5f51dd8d f   oledocob.obj
 0001:0001cdb0       ?DoBeginPrinting@CDocObjectServer@@IAEXPAVCView@@PAVCDC@@PAUCPrintInfo@@@Z 5f51ddb0 f   oledocob.obj
 0001:0001cdd3       ?DoEndPrinting@CDocObjectServer@@IAEXPAVCView@@PAVCDC@@PAUCPrintInfo@@@Z 5f51ddd3 f   oledocob.obj
 0001:0001cdf6       ?AddRef@XPrint@CDocObjectServer@@UAGKXZ 5f51ddf6 f   oledocob.obj
 0001:0001ce60       ?Release@XPrint@CDocObjectServer@@UAGKXZ 5f51de60 f   oledocob.obj
 0001:0001ceca       ?QueryInterface@XPrint@CDocObjectServer@@UAGJABU_GUID@@PAPAX@Z 5f51deca f   oledocob.obj
 0001:0001cf39       ?SetInitialPageNum@XPrint@CDocObjectServer@@UAGJJ@Z 5f51df39 f   oledocob.obj
 0001:0001cfb8       ?GetPageInfo@XPrint@CDocObjectServer@@UAGJPAJ0@Z 5f51dfb8 f   oledocob.obj
 0001:0001d156       ?Print@XPrint@CDocObjectServer@@UAGJKPAPAUtagDVTARGETDEVICE@@PAPAUtagPAGESET@@PAUtagSTGMEDIUM@@PAUIContinueCallback@@JPAJ4@Z 5f51e156 f   oledocob.obj
 0001:0001dd51       ?AddRef@XOleDocument@CDocObjectServer@@UAGKXZ 5f51ed51 f   oledocob.obj
 0001:0001ddbb       ?Release@XOleDocument@CDocObjectServer@@UAGKXZ 5f51edbb f   oledocob.obj
 0001:0001de25       ?QueryInterface@XOleDocument@CDocObjectServer@@UAGJABU_GUID@@PAPAX@Z 5f51ee25 f   oledocob.obj
 0001:0001de94       ?CreateView@XOleDocument@CDocObjectServer@@UAGJPAUIOleInPlaceSite@@PAUIStream@@KPAPAUIOleDocumentView@@@Z 5f51ee94 f   oledocob.obj
 0001:0001dfc9       ?GetDocMiscStatus@XOleDocument@CDocObjectServer@@UAGJPAK@Z 5f51efc9 f   oledocob.obj
 0001:0001e06e       ?EnumViews@XOleDocument@CDocObjectServer@@UAGJPAPAUIEnumOleDocumentViews@@PAPAUIOleDocumentView@@@Z 5f51f06e f   oledocob.obj
 0001:0001e149       ?AddRef@XOleObject@CDocObjectServer@@UAGKXZ 5f51f149 f   oledocob.obj
 0001:0001e1b3       ?Release@XOleObject@CDocObjectServer@@UAGKXZ 5f51f1b3 f   oledocob.obj
 0001:0001e21d       ?QueryInterface@XOleObject@CDocObjectServer@@UAGJABU_GUID@@PAPAX@Z 5f51f21d f   oledocob.obj
 0001:0001e28f       ?SetClientSite@XOleObject@CDocObjectServer@@UAGJPAUIOleClientSite@@@Z 5f51f28f f   oledocob.obj
 0001:0001e375       ?GetClientSite@XOleObject@CDocObjectServer@@UAGJPAPAUIOleClientSite@@@Z 5f51f375 f   oledocob.obj
 0001:0001e406       ?SetHostNames@XOleObject@CDocObjectServer@@UAGJPBG0@Z 5f51f406 f   oledocob.obj
[...]
 0001:0004bcc4       _DragAcceptFiles@8         5f54ccc4 f   mfcdload:shell32.obj
 0001:0004bcd2       _ExtractIconA@12           5f54ccd2 f   mfcdload:shell32.obj
 0001:0004b6b0       _CoInternetGetSession@12   5f54c6b0 f   mfcdload:urlmon.obj
 0001:0004b6c5       _RevokeBindStatusCallback@8 5f54c6c5 f   mfcdload:urlmon.obj
 0001:0004b6d1       _CreateURLMoniker@12       5f54c6d1 f   mfcdload:urlmon.obj
 0001:0004b6e6       _HlinkNavigateString@8     5f54c6e6 f   mfcdload:urlmon.obj
 0001:0004b6f2       _RegisterBindStatusCallback@16 5f54c6f2 f   mfcdload:urlmon.obj
 0001:0004b6fe       _UrlMkGetSessionOption@20  5f54c6fe f   mfcdload:urlmon.obj
 0001:0004b716       _CoInternetQueryInfo@28    5f54c716 f   mfcdload:urlmon.obj
 0001:0004b722       _CreateFormatEnumerator@12 5f54c722 f   mfcdload:urlmon.obj
 0001:0004b72e       _URLDownloadToFileW@20     5f54c72e f   mfcdload:urlmon.obj
 0001:0004b73a       _FaultInIEFeature@16       5f54c73a f   mfcdload:urlmon.obj
 0001:0004b746       _CoInternetParseUrl@28     5f54c746 f   mfcdload:urlmon.obj
 0001:0004b752       _GetSoftwareUpdateInfo@8   5f54c752 f   mfcdload:urlmon.obj
 0001:0004b75e       _SetSoftwareUpdateAdvertisementState@16 5f54c75e f   mfcdload:urlmon.obj
 0001:0004b76a       _CoInternetCreateSecurityManager@12 5f54c76a f   mfcdload:urlmon.obj
 0001:0004b77f       _GetMarkOfTheWeb@16        5f54c77f f   mfcdload:urlmon.obj
 0001:0004b794       _URLOpenBlockingStreamW@20 5f54c794 f   mfcdload:urlmon.obj
 0001:0004b7a0       _FindMimeFromData@32       5f54c7a0 f   mfcdload:urlmon.obj
 0001:0004b7ac       _URLDownloadToCacheFileW@24 5f54c7ac f   mfcdload:urlmon.obj
 0001:0004b7b8       _ObtainUserAgentString@12  5f54c7b8 f   mfcdload:urlmon.obj
 0001:0004b7c4       _CoInternetGetSecurityUrl@16 5f54c7c4 f   mfcdload:urlmon.obj
 0001:0004b7df       _CreateAsyncBindCtxEx@24   5f54c7df f   mfcdload:urlmon.obj
 0001:0004b7eb       _RegisterMediaTypeClass@20 5f54c7eb f   mfcdload:urlmon.obj
 0001:0004b7f7       _ReleaseBindInfo@4         5f54c7f7 f   mfcdload:urlmon.obj
 0001:0004b7fe       _RevokeFormatEnumerator@8  5f54c7fe f   mfcdload:urlmon.obj
 0001:0004b80a       _RegisterFormatEnumerator@12 5f54c80a f   mfcdload:urlmon.obj
 0001:0004b816       _CoInternetCombineUrl@28   5f54c816 f   mfcdload:urlmon.obj
 0001:0004b822       _IsValidURL@12             5f54c822 f   mfcdload:urlmon.obj
 0001:0004b82e       _CreateAsyncBindCtx@16     5f54c82e f   mfcdload:urlmon.obj
 0001:0004b83a       _IsAsyncMoniker@4          5f54c83a f   mfcdload:urlmon.obj
 0001:0004b280       _CreateUrlCacheEntryW@20   5f54c280 f   mfcdload:wininet.obj
 0001:0004b289       _InternetOpenUrlW@24       5f54c289 f   mfcdload:wininet.obj
 0001:0004b292       _CommitUrlCacheEntryW@44   5f54c292 f   mfcdload:wininet.obj
 0001:0004b29b       _InternetReadFile@16       5f54c29b f   mfcdload:wininet.obj
 0001:0004b2ad       _InternetOpenW@20          5f54c2ad f   mfcdload:wininet.obj
 0001:0004b2b6       _InternetCloseHandle@4     5f54c2b6 f   mfcdload:wininet.obj
 0001:0004b2bf       _InternetCrackUrlW@16      5f54c2bf f   mfcdload:wininet.obj
 0001:0004b2c8       _InternetConnectW@32       5f54c2c8 f   mfcdload:wininet.obj
 0001:0004b2d1       _HttpOpenRequestW@32       5f54c2d1 f   mfcdload:wininet.obj
 0001:0004b2da       _HttpSendRequestW@20       5f54c2da f   mfcdload:wininet.obj
 0001:0004b2e3       _InternetErrorDlg@20       5f54c2e3 f   mfcdload:wininet.obj
 0001:0004b2ef       _InternetFortezzaCommand@12 5f54c2ef f   mfcdload:wininet.obj
 0001:0004b2f8       _GetUrlCacheEntryInfoExW@28 5f54c2f8 f   mfcdload:wininet.obj
 0001:0004b301       _InternetGoOnlineW@12      5f54c301 f   mfcdload:wininet.obj
 0001:0004b30a       _InternetQueryFortezzaStatus@8 5f54c30a f   mfcdload:wininet.obj
 0001:0004b313       _InternetConfirmZoneCrossingW@16 5f54c313 f   mfcdload:wininet.obj
 0001:0004b31f       _GetUrlCacheEntryInfoExA@28 5f54c31f f   mfcdload:wininet.obj
 0001:0004b328       _ReadUrlCacheEntryStream@20 5f54c328 f   mfcdload:wininet.obj
 0001:0004b331       _IsProfilesEnabled@0       5f54c331 f   mfcdload:wininet.obj
 0001:0004b338       _CreateUrlCacheContainerA@32 5f54c338 f   mfcdload:wininet.obj
 0001:0004b341       _DeleteUrlCacheContainerA@8 5f54c341 f   mfcdload:wininet.obj
 0001:0004b34a       _RetrieveUrlCacheEntryStreamW@20 5f54c34a f   mfcdload:wininet.obj
 0001:0004b353       _UnlockUrlCacheEntryStream@8 5f54c353 f   mfcdload:wininet.obj
 0001:0004b35c       _InternetClearAllPerSiteCookieDecisions@0 5f54c35c f   mfcdload:wininet.obj
 0001:0004b366       _PrivacySetZonePreferenceW@16 5f54c366 f   mfcdload:wininet.obj
 0001:0004b372       _DeleteUrlCacheEntryA@4    5f54c372 f   mfcdload:wininet.obj
 0001:0004b37b       _InternetGetPerSiteCookieDecisionW@8 5f54c37b f   mfcdload:wininet.obj
 0001:0004b384       _InternetEnumPerSiteCookieDecisionW@16 5f54c384 f   mfcdload:wininet.obj
 0001:0004b38d       _InternetSetPerSiteCookieDecisionW@8 5f54c38d f   mfcdload:wininet.obj
 0001:0004b396       _ExportCookieFileW@8       5f54c396 f   mfcdload:wininet.obj
 0001:0004b39f       _FindCloseUrlCache@4       5f54c39f f   mfcdload:wininet.obj
 0001:0004b3a8       _GetUrlCacheEntryInfoA@12  5f54c3a8 f   mfcdload:wininet.obj
 0001:0004b3b1       _CommitUrlCacheEntryA@44   5f54c3b1 f   mfcdload:wininet.obj
 0001:0004b3ba       _InternetCanonicalizeUrlW@16 5f54c3ba f   mfcdload:wininet.obj
 0001:0004b3c3       _InternetGetConnectedStateExA@16 5f54c3c3 f   mfcdload:wininet.obj
 0001:0004b3cc       _InternetGetConnectedState@8 5f54c3cc f   mfcdload:wininet.obj
 0001:0004b3d5       _FindNextUrlCacheEntryA@12 5f54c3d5 f   mfcdload:wininet.obj
 0001:0004b3de       _FindFirstUrlCacheEntryA@12 5f54c3de f   mfcdload:wininet.obj
 0001:0004b3e7       _FreeUrlCacheSpaceW@12     5f54c3e7 f   mfcdload:wininet.obj
 0001:0004b3f0       _FindNextUrlCacheEntryW@12 5f54c3f0 f   mfcdload:wininet.obj
 0001:0004b3f9       _FindFirstUrlCacheEntryW@12 5f54c3f9 f   mfcdload:wininet.obj
 0001:0004b402       _DeleteUrlCacheEntryW@4    5f54c402 f   mfcdload:wininet.obj
 0001:0004b40b       _InternetShowSecurityInfoByURLW@8 5f54c40b f   mfcdload:wininet.obj
 0001:0004b414       _SetUrlCacheEntryInfoW@12  5f54c414 f   mfcdload:wininet.obj
 0001:0004b41d       _InternetCreateUrlW@16     5f54c41d f   mfcdload:wininet.obj
 0001:0004b426       _GetUrlCacheEntryInfoW@12  5f54c426 f   mfcdload:wininet.obj
 0001:0004b42f       _HttpOpenRequestA@32       5f54c42f f   mfcdload:wininet.obj
 0001:0004b438       _InternetConnectA@32       5f54c438 f   mfcdload:wininet.obj
 0001:0004b441       _InternetSetStatusCallbackA@8 5f54c441 f   mfcdload:wininet.obj
 0001:0004b44b       _InternetOpenA@20          5f54c44b f   mfcdload:wininet.obj
 0001:0004b454       _InternetCrackUrlA@16      5f54c454 f   mfcdload:wininet.obj
 0001:0004b45d       _HttpAddRequestHeadersA@16 5f54c45d f   mfcdload:wininet.obj
 0001:0004b466       _HttpQueryInfoW@20         5f54c466 f   mfcdload:wininet.obj
 0001:0004b46f       _HttpSendRequestA@20       5f54c46f f   mfcdload:wininet.obj
 0001:0004b478       _RegisterUrlCacheNotification@24 5f54c478 f   mfcdload:wininet.obj
 0001:0004b481       _SetUrlCacheEntryGroupW@28 5f54c481 f   mfcdload:wininet.obj
 0001:0004b48a       _InternetSetOptionW@16     5f54c48a f   mfcdload:wininet.obj
 0001:0004b493       _InternetTimeToSystemTimeW@12 5f54c493 f   mfcdload:wininet.obj
 0001:0004b49c       _InternetInitializeAutoProxyDll@4 5f54c49c f   mfcdload:wininet.obj
 0001:0004b4a5       _InternetSetOptionA@16     5f54c4a5 f   mfcdload:wininet.obj
 0001:0004b4ae       _InternetQueryOptionA@16   5f54c4ae f   mfcdload:wininet.obj
 0001:0004b4b7       _FindP3PPolicySymbol@4     5f54c4b7 f   mfcdload:wininet.obj
 0001:0004b4c1       _IsDomainLegalCookieDomainW@8 5f54c4c1 f   mfcdload:wininet.obj
 0001:0004b4ca       _HttpQueryInfoA@20         5f54c4ca f   mfcdload:wininet.obj
 0001:0004b4d3       _InternetOpenUrlA@24       5f54c4d3 f   mfcdload:wininet.obj
 0001:0004b4dc       _InternetSetOptionExA@20   5f54c4dc f   mfcdload:wininet.obj
 0001:0004b4e5       _InternetSetOptionExW@20   5f54c4e5 f   mfcdload:wininet.obj
 0001:0004b4ee       _InternetSetCookieA@12     5f54c4ee f   mfcdload:wininet.obj
 0001:0004b4f7       _InternetSetCookieW@12     5f54c4f7 f   mfcdload:wininet.obj
 0001:0004b500       _InternetGetCookieA@16     5f54c500 f   mfcdload:wininet.obj
 0001:0004b509       _InternetGetCookieW@16     5f54c509 f   mfcdload:wininet.obj
 0001:0004b512       _FtpGetCurrentDirectoryA@12 5f54c512 f   mfcdload:wininet.obj
 0001:0004b51b       _FtpGetCurrentDirectoryW@12 5f54c51b f   mfcdload:wininet.obj
 0001:0004b524       _GopherGetAttributeA@32    5f54c524 f   mfcdload:wininet.obj
 0001:0004b52d       _GopherGetAttributeW@32    5f54c52d f   mfcdload:wininet.obj
 0001:0004b536       _InternetCanonicalizeUrlA@16 5f54c536 f   mfcdload:wininet.obj
 0001:0004b53f       _FtpCreateDirectoryA@8     5f54c53f f   mfcdload:wininet.obj
 0001:0004b548       _FtpCreateDirectoryW@8     5f54c548 f   mfcdload:wininet.obj
 0001:0004b551       _InternetGetLastResponseInfoA@12 5f54c551 f   mfcdload:wininet.obj
 0001:0004b55a       _InternetGetLastResponseInfoW@12 5f54c55a f   mfcdload:wininet.obj
 0001:0004b563       _HttpSendRequestExA@20     5f54c563 f   mfcdload:wininet.obj
 0001:0004b56c       _HttpSendRequestExW@20     5f54c56c f   mfcdload:wininet.obj
 0001:0004b575       _FtpFindFirstFileA@20      5f54c575 f   mfcdload:wininet.obj
 0001:0004b57e       _FtpFindFirstFileW@20      5f54c57e f   mfcdload:wininet.obj
 0001:0004b587       _GopherFindFirstFileA@24   5f54c587 f   mfcdload:wininet.obj
 0001:0004b590       _GopherFindFirstFileW@24   5f54c590 f   mfcdload:wininet.obj
 0001:0004b599       _InternetFindNextFileA@8   5f54c599 f   mfcdload:wininet.obj
 0001:0004b5a2       _InternetFindNextFileW@8   5f54c5a2 f   mfcdload:wininet.obj
 0001:0004b5ab       _HttpEndRequestA@16        5f54c5ab f   mfcdload:wininet.obj
 0001:0004b5b4       _HttpEndRequestW@16        5f54c5b4 f   mfcdload:wininet.obj
 0001:0004b5bd       _GopherOpenFileA@20        5f54c5bd f   mfcdload:wininet.obj
 0001:0004b5c6       _GopherOpenFileW@20        5f54c5c6 f   mfcdload:wininet.obj
 0001:0004b5cf       _GopherCreateLocatorA@28   5f54c5cf f   mfcdload:wininet.obj
 0001:0004b5d8       _GopherCreateLocatorW@28   5f54c5d8 f   mfcdload:wininet.obj
 0001:0004b5e1       _FtpGetFileA@28            5f54c5e1 f   mfcdload:wininet.obj
 0001:0004b5ea       _FtpGetFileW@28            5f54c5ea f   mfcdload:wininet.obj
 0001:0004b5f3       _FtpPutFileA@20            5f54c5f3 f   mfcdload:wininet.obj
 0001:0004b5fc       _FtpPutFileW@20            5f54c5fc f   mfcdload:wininet.obj
 0001:0004b605       _FtpOpenFileA@20           5f54c605 f   mfcdload:wininet.obj
 0001:0004b60e       _FtpOpenFileW@20           5f54c60e f   mfcdload:wininet.obj
 0001:0004b617       _FtpSetCurrentDirectoryA@8 5f54c617 f   mfcdload:wininet.obj
 0001:0004b620       _FtpSetCurrentDirectoryW@8 5f54c620 f   mfcdload:wininet.obj
 0001:0004b629       _FtpRemoveDirectoryA@8     5f54c629 f   mfcdload:wininet.obj
 0001:0004b632       _FtpRemoveDirectoryW@8     5f54c632 f   mfcdload:wininet.obj
 0001:0004b63b       _InternetSetStatusCallbackW@8 5f54c63b f   mfcdload:wininet.obj
 0001:0004b645       _FtpRenameFileA@12         5f54c645 f   mfcdload:wininet.obj
 0001:0004b64e       _FtpRenameFileW@12         5f54c64e f   mfcdload:wininet.obj
 0001:0004b657       _FtpDeleteFileA@8          5f54c657 f   mfcdload:wininet.obj
 0001:0004b660       _FtpDeleteFileW@8          5f54c660 f   mfcdload:wininet.obj
 0001:0004b669       _InternetQueryDataAvailable@16 5f54c669 f   mfcdload:wininet.obj
 0001:0004b672       _InternetWriteFile@16      5f54c672 f   mfcdload:wininet.obj
 0001:0004b67b       _InternetSetFilePointer@20 5f54c67b f   mfcdload:wininet.obj
 0001:0004b685       _HttpAddRequestHeadersW@16 5f54c685 f   mfcdload:wininet.obj
 0001:0004b695       _InternetQueryOptionW@16   5f54c695 f   mfcdload:wininet.obj
 0001:0004b6a5       _InternetSetStatusCallback@8 5f54c6a5 f   mfcdload:wininet.obj
 0001:0004afd0       _AbortPrinter@4            5f54bfd0 f   mfcdload:winspool.obj
 0001:0004afd9       _AddFormW@12               5f54bfd9 f   mfcdload:winspool.obj
 0001:0004afe2       _AddJobW@20                5f54bfe2 f   mfcdload:winspool.obj
 0001:0004afeb       _AddMonitorW@12            5f54bfeb f   mfcdload:winspool.obj
 0001:0004aff4       _AddPortW@12               5f54bff4 f   mfcdload:winspool.obj
 0001:0004affd       _AddPrinterConnectionW@4   5f54bffd f   mfcdload:winspool.obj
 0001:0004b006       _AddPrinterDriverExW@16    5f54c006 f   mfcdload:winspool.obj
 0001:0004b00f       _AddPrinterDriverW@12      5f54c00f f   mfcdload:winspool.obj
 0001:0004b018       _AddPrinterW@12            5f54c018 f   mfcdload:winspool.obj
 0001:0004b021       _AddPrintProcessorW@16     5f54c021 f   mfcdload:winspool.obj
 0001:0004b02a       _AddPrintProvidorW@12      5f54c02a f   mfcdload:winspool.obj
 0001:0004b033       _ClosePrinter@4            5f54c033 f   mfcdload:winspool.obj
 0001:0004b03c       _ConfigurePortW@12         5f54c03c f   mfcdload:winspool.obj
 0001:0004b045       _DeleteFormW@8             5f54c045 f   mfcdload:winspool.obj
 0001:0004b04e       _DeleteMonitorW@12         5f54c04e f   mfcdload:winspool.obj
 0001:0004b057       _DeletePortW@12            5f54c057 f   mfcdload:winspool.obj
 0001:0004b060       _DeletePrinter@4           5f54c060 f   mfcdload:winspool.obj
 0001:0004b069       _DeletePrinterConnectionW@4 5f54c069 f   mfcdload:winspool.obj
 0001:0004b072       _DeletePrinterDataExW@12   5f54c072 f   mfcdload:winspool.obj
 0001:0004b07e       _DeletePrinterDataW@8      5f54c07e f   mfcdload:winspool.obj
 0001:0004b08a       _DeletePrinterDriverExW@20 5f54c08a f   mfcdload:winspool.obj
 0001:0004b093       _DeletePrinterDriverW@12   5f54c093 f   mfcdload:winspool.obj
 0001:0004b09c       _DeletePrinterKeyW@8       5f54c09c f   mfcdload:winspool.obj
 0001:0004b0a8       _DeletePrintProcessorW@12  5f54c0a8 f   mfcdload:winspool.obj
 0001:0004b0b1       _DeletePrintProvidorW@12   5f54c0b1 f   mfcdload:winspool.obj
 0001:0004b0ba       _EndDocPrinter@4           5f54c0ba f   mfcdload:winspool.obj
 0001:0004b0c3       _EndPagePrinter@4          5f54c0c3 f   mfcdload:winspool.obj
 0001:0004b0cc       _EnumFormsW@24             5f54c0cc f   mfcdload:winspool.obj
 0001:0004b0d5       _EnumJobsW@32              5f54c0d5 f   mfcdload:winspool.obj
 0001:0004b0de       _EnumMonitorsW@24          5f54c0de f   mfcdload:winspool.obj
 0001:0004b0e7       _EnumPortsW@24             5f54c0e7 f   mfcdload:winspool.obj
 0001:0004b0f0       _EnumPrinterDataExW@24     5f54c0f0 f   mfcdload:winspool.obj
 0001:0004b0fc       _EnumPrinterDataW@36       5f54c0fc f   mfcdload:winspool.obj
 0001:0004b108       _EnumPrinterDriversW@28    5f54c108 f   mfcdload:winspool.obj
 0001:0004b111       _EnumPrinterKeyW@20        5f54c111 f   mfcdload:winspool.obj
 0001:0004b11d       _EnumPrintProcessorDatatypesW@28 5f54c11d f   mfcdload:winspool.obj
 0001:0004b126       _EnumPrintProcessorsW@28   5f54c126 f   mfcdload:winspool.obj
 0001:0004b12f       _FindClosePrinterChangeNotification@4 5f54c12f f   mfcdload:winspool.obj
 0001:0004b138       _FlushPrinter@20           5f54c138 f   mfcdload:winspool.obj
 0001:0004b141       _GetFormW@24               5f54c141 f   mfcdload:winspool.obj
 0001:0004b14a       _GetJobW@24                5f54c14a f   mfcdload:winspool.obj
 0001:0004b153       _GetPrinterDataExW@28      5f54c153 f   mfcdload:winspool.obj
 0001:0004b15f       _GetPrintProcessorDirectoryW@24 5f54c15f f   mfcdload:winspool.obj
 0001:0004b168       _GetPrinterDataW@24        5f54c168 f   mfcdload:winspool.obj
 0001:0004b174       _GetPrinterDriverDirectoryW@24 5f54c174 f   mfcdload:winspool.obj
 0001:0004b17d       _GetPrinterDriverW@24      5f54c17d f   mfcdload:winspool.obj
 0001:0004b186       _GetPrinterW@20            5f54c186 f   mfcdload:winspool.obj
 0001:0004b18f       _OpenPrinterW@12           5f54c18f f   mfcdload:winspool.obj
 0001:0004b198       _ReadPrinter@16            5f54c198 f   mfcdload:winspool.obj
 0001:0004b1a1       _ResetPrinterW@8           5f54c1a1 f   mfcdload:winspool.obj
 0001:0004b1aa       _ScheduleJob@8             5f54c1aa f   mfcdload:winspool.obj
 0001:0004b1b3       _SetFormW@16               5f54c1b3 f   mfcdload:winspool.obj
 0001:0004b1bc       _SetJobW@20                5f54c1bc f   mfcdload:winspool.obj
 0001:0004b1c5       _SetPortW@16               5f54c1c5 f   mfcdload:winspool.obj
 0001:0004b1ce       _SetPrinterDataExW@24      5f54c1ce f   mfcdload:winspool.obj
 0001:0004b1da       _SetPrinterDataW@20        5f54c1da f   mfcdload:winspool.obj
 0001:0004b1e6       _SetPrinterW@16            5f54c1e6 f   mfcdload:winspool.obj
 0001:0004b1ef       _StartDocPrinterW@12       5f54c1ef f   mfcdload:winspool.obj
 0001:0004b1fb       _StartPagePrinter@4        5f54c1fb f   mfcdload:winspool.obj
 0001:0004b204       _WaitForPrinterChange@8    5f54c204 f   mfcdload:winspool.obj
 0001:0004b210       _WritePrinter@16           5f54c210 f   mfcdload:winspool.obj
 0001:0004b219       _EnumPrintersW@28          5f54c219 f   mfcdload:winspool.obj
 0001:0004b222       _DocumentPropertiesW@24    5f54c222 f   mfcdload:winspool.obj
 0001:0004b22c       _ConnectToPrinterDlg@8     5f54c22c f   mfcdload:winspool.obj
 0001:0004b235       _AdvancedDocumentPropertiesW@20 5f54c235 f   mfcdload:winspool.obj
 0001:0004b23e       _ExtDeviceMode@32          5f54c23e f   mfcdload:winspool.obj
 0001:0004b248       _GetDefaultPrinterW@8      5f54c248 f   mfcdload:winspool.obj
 0001:0004b251       _SpoolerInit@0             5f54c251 f   mfcdload:winspool.obj
 0001:0004b258       _OpenPrinterA@12           5f54c258 f   mfcdload:winspool.obj
 0001:0004b268       _DocumentPropertiesA@24    5f54c268 f   mfcdload:winspool.obj
 0001:0004ae30       _connect@12                5f54be30 f   mfcdload:wsock32.obj
 0001:0004ae42       _ioctlsocket@12            5f54be42 f   mfcdload:wsock32.obj
 0001:0004ae54       _WSAAsyncSelect@16         5f54be54 f   mfcdload:wsock32.obj
 0001:0004ae66       _socket@12                 5f54be66 f   mfcdload:wsock32.obj
 0001:0004ae78       _htonl@4                   5f54be78 f   mfcdload:wsock32.obj
 0001:0004ae8a       _recvfrom@24               5f54be8a f   mfcdload:wsock32.obj
 0001:0004ae9c       _WSACleanup@0              5f54be9c f   mfcdload:wsock32.obj
 0001:0004aeac       _WSAStartup@8              5f54beac f   mfcdload:wsock32.obj
 0001:0004aebe       _WSASetLastError@4         5f54bebe f   mfcdload:wsock32.obj
 0001:0004aecd       _WSAGetLastError@0         5f54becd f   mfcdload:wsock32.obj
 0001:0004aedd       _inet_ntoa@4               5f54bedd f   mfcdload:wsock32.obj
 0001:0004aeee       _ntohs@4                   5f54beee f   mfcdload:wsock32.obj
 0001:0004af01       _getpeername@12            5f54bf01 f   mfcdload:wsock32.obj
 0001:0004af13       _send@16                   5f54bf13 f   mfcdload:wsock32.obj
 0001:0004af25       _recv@16                   5f54bf25 f   mfcdload:wsock32.obj
 0001:0004af37       _gethostbyname@4           5f54bf37 f   mfcdload:wsock32.obj
 0001:0004af48       _closesocket@4             5f54bf48 f   mfcdload:wsock32.obj
 0001:0004af5a       _getsockname@12            5f54bf5a f   mfcdload:wsock32.obj
 0001:0004af6c       _sendto@24                 5f54bf6c f   mfcdload:wsock32.obj
 0001:0004af7e       _htons@4                   5f54bf7e f   mfcdload:wsock32.obj
 0001:0004af91       _bind@12                   5f54bf91 f   mfcdload:wsock32.obj
 0001:0004afa3       _inet_addr@4               5f54bfa3 f   mfcdload:wsock32.obj
 0001:0004afb5       _accept@12                 5f54bfb5 f   mfcdload:wsock32.obj
 0001:0004db85       ?OverlayIAT@@YGXPAU_IMAGE_THUNK_DATA32@@PBU1@@Z 5f54eb85 f   delayimp:delayhlp.obj

 5127 bytes saved through ICF

