 nk

 Timestamp is 38ad35db (Fri Feb 18 04:06:51 2000)

 Preferred load address is 8c000000

 Start         Length     Name                   Class
 0001:00000000 000022e0H .rdata                  CODE
 0001:000022e0 000205b6H .text                   CODE
 0001:00022898 000000b4H .xdata                  CODE
 0001:0002294c 00000000H .edata                  CODE
 0002:00000000 00001c00H .KDATA                  DATA
 0003:00000000 0000058cH .data                   DATA
 0003:0000058c 00010d7cH .bss                    DATA
 0004:00000000 00001388H .pdata                  DATA

  Address         Publics by Value              Rva+Base     Lib:Object

 0001:0000001c       ??_C@_1IM@BEOJ@?$AA?$AN?$AA?6?$AAW?$AAi?$AAn?$AAd?$AAo?$AAw?$AAs?$AA?5?$AAC?$AAE?$AA?5?$AAK?$AAe?$AAr?$AAn?$AAe?$AAl?$AA?5@ 8c00101c     nk:mdsh3.obj
 0001:000000a8       ??_C@_1BM@HDFJ@?$AAS?$AAH?$AA?9?$AA4?$AA?5?$AAK?$AAe?$AAr?$AAn?$AAe?$AAl?$AA?$AN?$AA?6?$AA?$AA@ 8c0010a8     nk:mdsh3.obj
 0001:000000c4       ??_C@_1BI@KKKC@?$AAC?$AAC?$AAR?$AA?$DN?$AA?$CF?$AA4?$AA?4?$AA4?$AAx?$AA?$AN?$AA?6?$AA?$AA@ 8c0010c4     nk:mdsh3.obj
 0001:000000dc       ??_C@_1CE@KPPO@?$AAD?$AAu?$AAm?$AAp?$AAp?$AAi?$AAn?$AAg?$AA?5?$AA?$CF?$AAd?$AA?5?$AAw?$AAo?$AAr?$AAd?$AAs?$AA?$AA@ 8c0010dc     nk:mdsh3.obj
 0001:00000100       ??_C@_1BG@JOEC@?$AA?$AN?$AA?6?$AA?$CF?$AA8?$AA?4?$AA8?$AAl?$AAx?$AA?5?$AA?9?$AA?$AA@ 8c001100     nk:mdsh3.obj
 0001:00000118       ??_C@_1O@OJPM@?$AA?5?$AA?$CF?$AA4?$AA?4?$AA4?$AAx?$AA?$AA@ 8c001118     nk:mdsh3.obj
 0001:00000128       ??_C@_15BFAC@?$AA?$AN?$AA?6?$AA?$AA@ 8c001128     nk:mdsh3.obj
 0001:00000130       ??_C@_00A@?$AA@            8c001130     nk:mdsh3.obj
 0001:00000134       ??_C@_1GA@BIPK@?$AAE?$AAx?$AAc?$AAe?$AAp?$AAt?$AAi?$AAo?$AAn?$AA?5?$AA?$CF?$AA0?$AA3?$AAx?$AA?5?$AAT?$AAh?$AAr?$AAe?$AAa@ 8c001134     nk:mdsh3.obj
 0001:00000194       ??_C@_1FI@HDOJ@?$AAA?$AAK?$AAY?$AA?$DN?$AA?$CF?$AA8?$AA?4?$AA8?$AAl?$AAx?$AA?5?$AAP?$AAC?$AA?$DN?$AA?$CF?$AA8?$AA?4?$AA8?$AAl?$AAx@ 8c001194     nk:mdsh3.obj
 0001:000001ec       ??_C@_1CC@OJPP@?$AAH?$AAa?$AAl?$AAt?$AAi?$AAn?$AAg?$AA?5?$AAs?$AAy?$AAs?$AAt?$AAe?$AAm?$AA?$AN?$AA?6?$AA?$AA@ 8c0011ec     nk:mdsh3.obj
 0001:00000210       ??_C@_1GI@BKHB@?$AAE?$AAx?$AAc?$AAe?$AAp?$AAt?$AAi?$AAo?$AAn?$AA?5?$AA?$CF?$AA0?$AA3?$AAx?$AA?5?$AAT?$AAh?$AAr?$AAe?$AAa@ 8c001210     nk:mdsh3.obj
 0001:00000278       ??_C@_1FM@BBIN@?$AA?5?$AAR?$AA0?$AA?$DN?$AA?$CF?$AA8?$AA?4?$AA8?$AAl?$AAx?$AA?5?$AA?5?$AAR?$AA1?$AA?$DN?$AA?$CF?$AA8?$AA?4?$AA8?$AAl@ 8c001278     nk:mdsh3.obj
 0001:000002d4       ??_C@_1FM@HLM@?$AA?5?$AAR?$AA4?$AA?$DN?$AA?$CF?$AA8?$AA?4?$AA8?$AAl?$AAx?$AA?5?$AA?5?$AAR?$AA5?$AA?$DN?$AA?$CF?$AA8?$AA?4?$AA8?$AAl@ 8c0012d4     nk:mdsh3.obj
 0001:00000330       ??_C@_1FM@FAII@?$AA?5?$AAR?$AA8?$AA?$DN?$AA?$CF?$AA8?$AA?4?$AA8?$AAl?$AAx?$AA?5?$AA?5?$AAR?$AA9?$AA?$DN?$AA?$CF?$AA8?$AA?4?$AA8?$AAl@ 8c001330     nk:mdsh3.obj
 0001:0000038c       ??_C@_1FM@FCLC@?$AAR?$AA1?$AA2?$AA?$DN?$AA?$CF?$AA8?$AA?4?$AA8?$AAl?$AAx?$AA?5?$AAR?$AA1?$AA3?$AA?$DN?$AA?$CF?$AA8?$AA?4?$AA8?$AAl@ 8c00138c     nk:mdsh3.obj
 0001:000003e8       ??_C@_1EO@MEOI@?$AA?5?$AAP?$AAR?$AA?$DN?$AA?$CF?$AA8?$AA?4?$AA8?$AAl?$AAx?$AA?5?$AA?5?$AAS?$AAR?$AA?$DN?$AA?$CF?$AA8?$AA?4?$AA8?$AAl@ 8c0013e8     nk:mdsh3.obj
 0001:00000438       ??_C@_1GE@OEEM@?$AAP?$AAT?$AAE?$AAL?$AA?$DN?$AA?$CF?$AA8?$AA?4?$AA8?$AAl?$AAx?$AA?5?$AAP?$AAT?$AAE?$AAH?$AA?$DN?$AA?$CF?$AA8?$AA?4@ 8c001438     nk:mdsh3.obj
 0001:0000049c       ??_C@_1BK@GMJO@?$AAC?$AAC?$AAR?$AA?$DN?$AA?$CF?$AA8?$AA?4?$AA8?$AAl?$AAx?$AA?$AN?$AA?6?$AA?$AA@ 8c00149c     nk:mdsh3.obj
 0001:000004b8       ??_C@_1CG@PKHI@?$AAD?$AAu?$AAm?$AAp?$AAi?$AAn?$AAg?$AA?5?$AAS?$AAH?$AA4?$AA?5?$AAU?$AAT?$AAL?$AAB?$AA?$AN?$AA?6?$AA?$AA@ 8c0014b8     nk:mdsh3.obj
 0001:000004e0       ??_C@_1DE@ENPH@?$AA?$CF?$AA2?$AA?4?$AA2?$AAd?$AA?5?$AA?9?$AA?5?$AA?$CF?$AA8?$AA?4?$AA8?$AAl?$AAx?$AA?$CI?$AA?$CF?$AA2?$AA?4?$AA2?$AAl@ 8c0014e0     nk:mdsh3.obj
 0001:00000514       ??_C@_17HLDN@?$AA?5?$AA1?$AAM?$AA?$AA@ 8c001514     nk:mdsh3.obj
 0001:0000051c       ??_C@_17LJNN@?$AA6?$AA4?$AAK?$AA?$AA@ 8c00151c     nk:mdsh3.obj
 0001:00000524       ??_C@_17LHPK@?$AA?5?$AA4?$AAK?$AA?$AA@ 8c001524     nk:mdsh3.obj
 0001:0000052c       ??_C@_17JHEK@?$AA?5?$AA1?$AAK?$AA?$AA@ 8c00152c     nk:mdsh3.obj
 0001:00000534       ??_C@_1DK@FIKO@?$AA?$CF?$AA8?$AA?4?$AA8?$AAl?$AAx?$AA?5?$AA?$CF?$AAc?$AA?5?$AA?$CF?$AAc?$AA?$CF?$AAc?$AA?5?$AA?$CF?$AAs?$AA?5?$AA?$CF?$AAc@ 8c001534     nk:mdsh3.obj
 0001:00000570       _APISetMethods             8c001570     nk:objdisp.obj
 0001:00000584       _cinfAPISet                8c001584     nk:objdisp.obj
 0001:00000598       _ThrdMthds                 8c001598     nk:schedule.obj
 0001:000005c0       _ProcMthds                 8c0015c0     nk:schedule.obj
 0001:000005e4       _EvntMthds                 8c0015e4     nk:schedule.obj
 0001:000005f4       _MutxMthds                 8c0015f4     nk:schedule.obj
 0001:00000600       _cinfThread                8c001600     nk:schedule.obj
 0001:00000614       _cinfProc                  8c001614     nk:schedule.obj
 0001:00000628       _cinfEvent                 8c001628     nk:schedule.obj
 0001:0000063c       _cinfMutex                 8c00163c     nk:schedule.obj
 0001:00000650       _Hexmap                    8c001650     nk:schedule.obj
 0001:00000664       _PageOutFunc               8c001664     nk:schedule.obj
 0001:00000670       ??_C@_1BI@PKPC@?$AAc?$AAo?$AAr?$AAe?$AAd?$AAl?$AAl?$AA?4?$AAd?$AAl?$AAl?$AA?$AA@ 8c001670     nk:schedule.obj
 0001:00000688       ??_C@_1BG@IGOF@?$AAE?$AAx?$AAi?$AAt?$AAT?$AAh?$AAr?$AAe?$AAa?$AAd?$AA?$AA@ 8c001688     nk:schedule.obj
 0001:000006a0       ??_C@_1BE@LDME@?$AAP?$AAS?$AAL?$AAN?$AAo?$AAt?$AAi?$AAf?$AAy?$AA?$AA@ 8c0016a0     nk:schedule.obj
 0001:000006b4       ??_C@_1BE@PABG@?$AAI?$AAs?$AAE?$AAx?$AAi?$AAt?$AAi?$AAn?$AAg?$AA?$AA@ 8c0016b4     nk:schedule.obj
 0001:000006c8       ??_C@_1CG@GDHH@?$AAM?$AAa?$AAi?$AAn?$AAT?$AAh?$AAr?$AAe?$AAa?$AAd?$AAB?$AAa?$AAs?$AAe?$AAF?$AAu?$AAn?$AAc?$AA?$AA@ 8c0016c8     nk:schedule.obj
 0001:000006f0       ??_C@_1BO@FDFD@?$AAT?$AAh?$AAr?$AAe?$AAa?$AAd?$AAB?$AAa?$AAs?$AAe?$AAF?$AAu?$AAn?$AAc?$AA?$AA@ 8c0016f0     nk:schedule.obj
 0001:00000710       ??_C@_1CK@OGEG@?$AAS?$AAy?$AAs?$AAt?$AAe?$AAm?$AAT?$AAi?$AAm?$AAe?$AAT?$AAo?$AAF?$AAi?$AAl?$AAe?$AAT?$AAi?$AAm?$AAe@ 8c001710     nk:schedule.obj
 0001:0000073c       ??_C@_1CK@ODFB@?$AAF?$AAi?$AAl?$AAe?$AAT?$AAi?$AAm?$AAe?$AAT?$AAo?$AAS?$AAy?$AAs?$AAt?$AAe?$AAm?$AAT?$AAi?$AAm?$AAe@ 8c00173c     nk:schedule.obj
 0001:00000768       ??_C@_1CA@COK@?$AAC?$AAo?$AAm?$AAp?$AAa?$AAr?$AAe?$AAF?$AAi?$AAl?$AAe?$AAT?$AAi?$AAm?$AAe?$AA?$AA@ 8c001768     nk:schedule.obj
 0001:00000788       ??_C@_1BK@BOJD@?$AAG?$AAe?$AAt?$AAL?$AAo?$AAc?$AAa?$AAl?$AAT?$AAi?$AAm?$AAe?$AA?$AA@ 8c001788     nk:schedule.obj
 0001:000007a4       ??_C@_1BO@OPIM@?$AAG?$AAe?$AAt?$AAP?$AAr?$AAo?$AAc?$AAe?$AAs?$AAs?$AAH?$AAe?$AAa?$AAp?$AA?$AA@ 8c0017a4     nk:schedule.obj
 0001:000007c4       ??_C@_1CA@BFNO@?$AAG?$AAe?$AAt?$AAH?$AAe?$AAa?$AAp?$AAS?$AAn?$AAa?$AAp?$AAs?$AAh?$AAo?$AAt?$AA?$AA@ 8c0017c4     nk:schedule.obj
 0001:000007e4       ??_C@_1BI@IAPN@?$AAf?$AAi?$AAl?$AAe?$AAs?$AAy?$AAs?$AA?4?$AAe?$AAx?$AAe?$AA?$AA@ 8c0017e4     nk:schedule.obj
 0001:000007fc       ??_C@_1BC@OBKN@?$AAC?$AAE?$AAF?$AAT?$AA?4?$AAd?$AAl?$AAl?$AA?$AA@ 8c0017fc     nk:schedule.obj
 0001:00000810       ??_C@_1BE@ICBA@?$AAM?$AAo?$AAd?$AAu?$AAl?$AAe?$AAJ?$AAi?$AAt?$AA?$AA@ 8c001810     nk:schedule.obj
 0001:00000824       ??_C@_1M@GFFL@?$AAD?$AAe?$AAb?$AAu?$AAg?$AA?$AA@ 8c001824     nk:schedule.obj
 0001:00000830       ??_C@_1BI@NGDH@?$AAJ?$AAI?$AAT?$AAD?$AAe?$AAb?$AAu?$AAg?$AAg?$AAe?$AAr?$AA?$AA@ 8c001830     nk:schedule.obj
 0001:00000848       ??_C@_1O@BNMB@?$AAL?$AAo?$AAa?$AAd?$AAe?$AAr?$AA?$AA@ 8c001848     nk:schedule.obj
 0001:00000858       ??_C@_1BG@LBGB@?$AAS?$AAy?$AAs?$AAt?$AAe?$AAm?$AAP?$AAa?$AAt?$AAh?$AA?$AA@ 8c001858     nk:schedule.obj
 0001:00000870       ??_C@_19ONLF@?$AAi?$AAn?$AAi?$AAt?$AA?$AA@ 8c001870     nk:schedule.obj
 0001:0000087c       ??_C@_1O@OHJG@?$AAL?$AAa?$AAu?$AAn?$AAc?$AAh?$AA?$AA@ 8c00187c     nk:schedule.obj
 0001:0000088c       ??_C@_1O@PDMI@?$AAD?$AAe?$AAp?$AAe?$AAn?$AAd?$AA?$AA@ 8c00188c     nk:schedule.obj
 0001:0000089c       ??_C@_07NBH@Pegasus?$AA@   8c00189c     nk:schedule.obj
 0001:000008a4       ??_C@_05ENCL@Zones?$AA@    8c0018a4     nk:schedule.obj
 0001:000008ac       ??_C@_1BG@HPDA@?$AAD?$AAe?$AAb?$AAu?$AAg?$AAZ?$AAo?$AAn?$AAe?$AAs?$AA?$AA@ 8c0018ac     nk:schedule.obj
 0001:000008c4       ??_C@_11A@?$AA?$AA@        8c0018c4     nk:schedule.obj
 0001:000008c8       ??_C@_06EAFC@NK?4EXE?$AA@  8c0018c8     nk:schedule.obj
 0001:000008d0       ??_C@_1O@GFHL@?$AAn?$AAk?$AA?4?$AAe?$AAx?$AAe?$AA?$AA@ 8c0018d0     nk:schedule.obj
 0001:000008e0       _Win32Methods              8c0018e0     nk:kwin32.obj
 0001:00000b20       _cinfWin32                 8c001b20     nk:kwin32.obj
 0001:00000b34       _CinfFile                  8c001b34     nk:kwin32.obj
 0001:00000b48       _CinfFind                  8c001b48     nk:kwin32.obj
 0001:00000b5c       _CinfDBFile                8c001b5c     nk:kwin32.obj
 0001:00000b70       _CinfDBFind                8c001b70     nk:kwin32.obj
 0001:00000b84       _CinfSocket                8c001b84     nk:kwin32.obj
 0001:00000b98       _CinfWnetEnum              8c001b98     nk:kwin32.obj
 0001:00000bac       _pTOC                      8c001bac     nk:loader.obj
 0001:00000bb0       ??_C@_17FOFL@?$AAd?$AAl?$AAl?$AA?$AA@ 8c001bb0     nk:loader.obj
 0001:00000bb8       ??_C@_17BEFJ@?$AAc?$AAp?$AAl?$AA?$AA@ 8c001bb8     nk:loader.obj
 0001:00000bc0       ??_C@_1BE@MBCO@?$AA?2?$AAW?$AAi?$AAn?$AAd?$AAo?$AAw?$AAs?$AA?2?$AA?$AA@ 8c001bc0     nk:loader.obj
 0001:00000bd4       ??_C@_19OGFJ@?$AA?4?$AAe?$AAx?$AAe?$AA?$AA@ 8c001bd4     nk:loader.obj
 0001:00000be0       ??_C@_19IIKP@?$AA?4?$AAd?$AAl?$AAl?$AA?$AA@ 8c001be0     nk:loader.obj
 0001:00000bec       ??_C@_0M@FPED@UNKNOWN?4DLL?$AA@ 8c001bec     nk:loader.obj
 0001:00000bf8       ??_C@_04EJNG@?4dll?$AA@    8c001bf8     nk:loader.obj
 0001:00000c00       _lowerval                  8c001c00     nk:printf.obj
 0001:00000c24       _upperval                  8c001c24     nk:printf.obj
 0001:00000c48       ??_C@_1O@DAJD@?$AA?$CI?$AAN?$AAU?$AAL?$AAL?$AA?$CJ?$AA?$AA@ 8c001c48     nk:printf.obj
 0001:00000c58       ??_C@_06NEML@?$CINULL?$CJ?$AA@ 8c001c58     nk:printf.obj
 0001:00000c60       _AllocationType            8c001c60     nk:virtmem.obj
 0001:00000ca0       _KPageBlock                8c001ca0     nk:virtmem.obj
 0001:00000cec       _PageInFuncs               8c001cec     nk:virtmem.obj
 0001:00000cf4       ??_C@_06GAAP@Thread?$AA@   8c001cf4     nk:heap.obj
 0001:00000cfc       ??_C@_06JKDC@Module?$AA@   8c001cfc     nk:heap.obj
 0001:00000d04       ??_C@_06DIOP@APISet?$AA@   8c001d04     nk:heap.obj
 0001:00000d0c       ??_C@_05MJIN@Event?$AA@    8c001d0c     nk:heap.obj
 0001:00000d14       ??_C@_0L@FKFA@CleanEvent?$AA@ 8c001d14     nk:heap.obj
 0001:00000d20       ??_C@_08IKPF@MemBlock?$AA@ 8c001d20     nk:heap.obj
 0001:00000d2c       ??_C@_09FEKB@CallStack?$AA@ 8c001d2c     nk:heap.obj
 0001:00000d38       ??_C@_04EFNI@Name?$AA@     8c001d38     nk:heap.obj
 0001:00000d40       ??_C@_05JPIH@FSMap?$AA@    8c001d40     nk:heap.obj
 0001:00000d48       ??_C@_07PBCM@FullRef?$AA@  8c001d48     nk:heap.obj
 0001:00000d50       ??_C@_07JOJB@ThrdDbg?$AA@  8c001d50     nk:heap.obj
 0001:00000d58       ??_C@_05DJN@Proxy?$AA@     8c001d58     nk:heap.obj
 0001:00000d60       ??_C@_04FBEO@Crit?$AA@     8c001d60     nk:heap.obj
 0001:00000d68       ??_C@_05KEGC@Mutex?$AA@    8c001d68     nk:heap.obj
 0001:00000d70       ??_C@_05EOJJ@HData?$AA@    8c001d70     nk:heap.obj
 0001:00000d78       _MapMthds                  8c001d78     nk:mapfile.obj
 0001:00000d84       _cinfMap                   8c001d84     nk:mapfile.obj
 0001:00000d98       ??_C@_1BG@OFDM@?$AAL?$AAo?$AAc?$AAa?$AAl?$AAA?$AAl?$AAl?$AAo?$AAc?$AA?$AA@ 8c001d98     nk:stubs.obj
 0001:00000db0       ??_C@_1BE@NAFA@?$AAL?$AAo?$AAc?$AAa?$AAl?$AAF?$AAr?$AAe?$AAe?$AA?$AA@ 8c001db0     nk:stubs.obj
 0001:00000dc4       ??_C@_17NDPB@?$AAc?$AAo?$AAn?$AA?$AA@ 8c001dc4     kd:kdinit.obj
 0001:00000dcc       ??_C@_0BI@MMCG@MoveBreakAPITrapDbgCtrl?$AA@ 8c001dcc     kd:odebug.obj
 0001:00000de4       ??_C@_09LJLA@Undefined?$AA@ 8c001de4     kd:odebug.obj
 0001:00000df0       ??_C@_1CA@EF@?$AAD?$AAe?$AAb?$AAu?$AAg?$AAg?$AAe?$AAr?$AA?5?$AAd?$AAe?$AAa?$AAd?$AA?$AN?$AA?6?$AA?$AA@ 8c001df0     kd:kdapi.obj
 0001:00000e10       ??_C@_1CC@GCNB@?$AAG?$AAo?$AAt?$AA?5?$AAA?$AAp?$AAi?$AA?5?$AA?$CF?$AA8?$AA?4?$AA8?$AAl?$AAx?$AA?$AN?$AA?6?$AA?$AA@ 8c001e10     kd:kdapi.obj
 0001:00000e34       ??_C@_1DI@BGBC@?$AAD?$AAb?$AAg?$AAK?$AAd?$AAR?$AAe?$AAa?$AAd?$AAV?$AAi?$AAr?$AAt?$AAu?$AAa?$AAl?$AAM?$AAe?$AAm?$AAo@ 8c001e34     kd:kdapi.obj
 0001:00000e6c       ??_C@_1DK@KIMA@?$AAD?$AAb?$AAg?$AAK?$AAd?$AAW?$AAr?$AAi?$AAt?$AAe?$AAV?$AAi?$AAr?$AAt?$AAu?$AAa?$AAl?$AAM?$AAe?$AAm@ 8c001e6c     kd:kdapi.obj
 0001:00000ea8       ??_C@_1DK@OPNA@?$AAD?$AAb?$AAg?$AAK?$AAd?$AAR?$AAe?$AAa?$AAd?$AAP?$AAh?$AAy?$AAs?$AAi?$AAc?$AAa?$AAl?$AAM?$AAe?$AAm@ 8c001ea8     kd:kdapi.obj
 0001:00000ee4       ??_C@_1DM@DBDA@?$AAD?$AAb?$AAg?$AAK?$AAd?$AAW?$AAr?$AAi?$AAt?$AAe?$AAP?$AAh?$AAy?$AAs?$AAi?$AAc?$AAa?$AAl?$AAM?$AAe@ 8c001ee4     kd:kdapi.obj
 0001:00000f20       ??_C@_1CK@IDAA@?$AAD?$AAb?$AAg?$AAK?$AAd?$AAG?$AAe?$AAt?$AAC?$AAo?$AAn?$AAt?$AAe?$AAx?$AAt?$AAA?$AAp?$AAi?$AA?$AN?$AA?6@ 8c001f20     kd:kdapi.obj
 0001:00000f4c       ??_C@_1CK@BDEE@?$AAD?$AAb?$AAg?$AAK?$AAd?$AAS?$AAe?$AAt?$AAC?$AAo?$AAn?$AAt?$AAe?$AAx?$AAt?$AAA?$AAp?$AAi?$AA?$AN?$AA?6@ 8c001f4c     kd:kdapi.obj
 0001:00000f78       ??_C@_1DE@EDDM@?$AAD?$AAb?$AAg?$AAK?$AAd?$AAW?$AAr?$AAi?$AAt?$AAe?$AAB?$AAr?$AAe?$AAa?$AAk?$AAP?$AAo?$AAi?$AAn?$AAt@ 8c001f78     kd:kdapi.obj
 0001:00000fac       ??_C@_1DI@LJEL@?$AAD?$AAb?$AAg?$AAK?$AAd?$AAR?$AAe?$AAs?$AAt?$AAo?$AAr?$AAe?$AAB?$AAr?$AAe?$AAa?$AAk?$AAP?$AAo?$AAi@ 8c001fac     kd:kdapi.obj
 0001:00000fe4       ??_C@_1DG@EBKA@?$AAD?$AAb?$AAg?$AAK?$AAd?$AAR?$AAe?$AAa?$AAd?$AAC?$AAo?$AAn?$AAt?$AAr?$AAo?$AAl?$AAS?$AAp?$AAa?$AAc@ 8c001fe4     kd:kdapi.obj
 0001:0000101c       ??_C@_1DI@OOFH@?$AAD?$AAb?$AAg?$AAK?$AAd?$AAW?$AAr?$AAi?$AAt?$AAe?$AAC?$AAo?$AAn?$AAt?$AAr?$AAo?$AAl?$AAS?$AAp?$AAa@ 8c00201c     kd:kdapi.obj
 0001:00001054       ??_C@_1CM@PGCG@?$AAD?$AAb?$AAg?$AAK?$AAd?$AAR?$AAe?$AAa?$AAd?$AAI?$AAo?$AAS?$AAp?$AAa?$AAc?$AAe?$AAA?$AAp?$AAi?$AA?$AN@ 8c002054     kd:kdapi.obj
 0001:00001080       ??_C@_1CO@HHMO@?$AAD?$AAb?$AAg?$AAK?$AAd?$AAW?$AAr?$AAi?$AAt?$AAe?$AAI?$AAo?$AAS?$AAp?$AAa?$AAc?$AAe?$AAA?$AAp?$AAi@ 8c002080     kd:kdapi.obj
 0001:000010b0       ??_C@_1CG@LNOB@?$AAD?$AAb?$AAg?$AAK?$AAd?$AAC?$AAo?$AAn?$AAt?$AAi?$AAn?$AAu?$AAe?$AAA?$AAp?$AAi?$AA?$AN?$AA?6?$AA?$AA@ 8c0020b0     kd:kdapi.obj
 0001:000010d8       ??_C@_1EE@CCF@?$AAC?$AAo?$AAn?$AAt?$AAi?$AAn?$AAu?$AAi?$AAn?$AAg?$AA?5?$AAt?$AAa?$AAr?$AAg?$AAe?$AAt?$AA?5?$AAs?$AAy@ 8c0020d8     kd:kdapi.obj
 0001:0000111c       ??_C@_1CI@ICIM@?$AAD?$AAb?$AAg?$AAK?$AAd?$AAT?$AAe?$AAr?$AAm?$AAi?$AAn?$AAa?$AAt?$AAe?$AAA?$AAp?$AAi?$AA?$AN?$AA?6?$AA?$AA@ 8c00211c     kd:kdapi.obj
 0001:00001144       ??_C@_1CI@DDNA@?$AAD?$AAb?$AAg?$AAK?$AAd?$AAC?$AAo?$AAn?$AAt?$AAi?$AAn?$AAu?$AAe?$AAA?$AAp?$AAi?$AA2?$AA?$AN?$AA?6?$AA?$AA@ 8c002144     kd:kdapi.obj
 0001:0000116c       ??_C@_1CC@BMOK@?$AAD?$AAb?$AAg?$AAK?$AAd?$AAR?$AAe?$AAb?$AAo?$AAo?$AAt?$AAA?$AAp?$AAi?$AA?$AN?$AA?6?$AA?$AA@ 8c00216c     kd:kdapi.obj
 0001:00001190       ??_C@_1CK@IDFH@?$AAD?$AAb?$AAg?$AAK?$AAd?$AAG?$AAe?$AAt?$AAV?$AAe?$AAr?$AAs?$AAi?$AAo?$AAn?$AAA?$AAp?$AAi?$AA?$AN?$AA?6@ 8c002190     kd:kdapi.obj
 0001:000011bc       ??_C@_1DA@DBCM@?$AAD?$AAb?$AAg?$AAK?$AAd?$AAC?$AAa?$AAu?$AAs?$AAe?$AAB?$AAu?$AAg?$AAC?$AAh?$AAe?$AAc?$AAk?$AAA?$AAp@ 8c0021bc     kd:kdapi.obj
 0001:000011ec       ??_C@_1DI@NJBB@?$AAD?$AAb?$AAg?$AAK?$AAd?$AAW?$AAr?$AAi?$AAt?$AAe?$AAB?$AAr?$AAe?$AAa?$AAk?$AAP?$AAo?$AAi?$AAn?$AAt@ 8c0021ec     kd:kdapi.obj
 0001:00001224       ??_C@_1DM@PHFD@?$AAD?$AAb?$AAg?$AAK?$AAd?$AAR?$AAe?$AAs?$AAt?$AAo?$AAr?$AAe?$AAB?$AAr?$AAe?$AAa?$AAk?$AAP?$AAo?$AAi@ 8c002224     kd:kdapi.obj
 0001:00001260       ??_C@_1CC@KANP@?$AAU?$AAn?$AAk?$AAn?$AAo?$AAw?$AAn?$AA?5?$AAA?$AAP?$AAI?$AA?5?$AA?$DP?$AA?$DP?$AA?$AN?$AA?6?$AA?$AA@ 8c002260     kd:kdapi.obj
 0001:00001284       ??_C@_1FO@IDGM@?$AAH?$AAa?$AAn?$AAd?$AAl?$AAe?$AA?5?$AAr?$AAe?$AAt?$AAu?$AAr?$AAn?$AAe?$AAd?$AA?5?$AAi?$AAs?$AA?5?$AA?$CF@ 8c002284     kd:kdapi.obj
 0001:000012e4       ??_C@_1FA@IGEO@?$AAU?$AAp?$AAd?$AAa?$AAt?$AAi?$AAn?$AAg?$AA?5?$AAs?$AAy?$AAm?$AAb?$AAo?$AAl?$AAs?$AA?5?$AAf?$AAo?$AAr@ 8c0022e4     kd:kdapi.obj
 0001:00001334       ??_C@_1EO@GHJA@?$AAK?$AAd?$AAp?$AAW?$AAr?$AAi?$AAt?$AAe?$AAB?$AAr?$AAe?$AAa?$AAk?$AAP?$AAo?$AAi?$AAn?$AAt?$AAE?$AAx@ 8c002334     kd:kdapi.obj
 0001:00001384       ??_C@_1FC@MAKH@?$AAK?$AAd?$AAp?$AAR?$AAe?$AAs?$AAt?$AAo?$AAr?$AAe?$AAB?$AAr?$AAe?$AAa?$AAk?$AAP?$AAo?$AAi?$AAn?$AAt@ 8c002384     kd:kdapi.obj
 0001:000013d8       _dwKStart                  8c0023d8     kd:dbg.obj
 0001:000013dc       _dwNewKStart               8c0023dc     kd:dbg.obj
 0001:000013e0       _dwKEnd                    8c0023e0     kd:dbg.obj
 0001:000013e4       _dwNewKEnd                 8c0023e4     kd:dbg.obj
 0001:000013e8       _lpszUnk                   8c0023e8     kd:dbg.obj
 0001:000013f0       _lpszKernName              8c0023f0     kd:dbg.obj
 0001:000013f8       ??_C@_1DE@BPNO@?$AAA?$AAl?$AAr?$AAe?$AAa?$AAd?$AAy?$AA?5?$AAi?$AAn?$AA?5?$AAd?$AAe?$AAb?$AAu?$AAg?$AAg?$AAe?$AAr?$AA?5@ 8c0023f8     kd:kdtrap.obj
 0001:0000142c       ??_C@_1FI@JLIM@?$AAK?$AAD?$AAT?$AAr?$AAa?$AAp?$AA?5?$AAE?$AAx?$AAc?$AAe?$AAp?$AAt?$AAi?$AAo?$AAn?$AA?5?$AAa?$AAt?$AA?5@ 8c00242c     kd:kdtrap.obj
 0001:00001484       ??_C@_1CK@BKPI@?$AAL?$AAo?$AAa?$AAd?$AA?5?$AAs?$AAy?$AAm?$AAb?$AAo?$AAl?$AAs?$AA?5?$AAf?$AAa?$AAi?$AAl?$AAe?$AAd?$AA?6@ 8c002484     kd:kdtrap.obj
 0001:000014b0       ??_C@_1CC@LNFL@?$AAP?$AAr?$AAo?$AAc?$AAe?$AAs?$AAs?$AA?5?$AAs?$AAw?$AAi?$AAt?$AAc?$AAh?$AA?$AN?$AA?6?$AA?$AA@ 8c0024b0     kd:kdtrap.obj
 0001:000014d4       ??_C@_1CA@DNEN@?$AAT?$AAh?$AAr?$AAe?$AAa?$AAd?$AA?5?$AAs?$AAw?$AAi?$AAt?$AAc?$AAh?$AA?$AN?$AA?6?$AA?$AA@ 8c0024d4     kd:kdtrap.obj
 0001:000014f4       ??_C@_1CG@NJPM@?$AAH?$AAi?$AAt?$AA?5?$AAb?$AAl?$AAa?$AAc?$AAk?$AA?5?$AAb?$AAu?$AAt?$AAt?$AAo?$AAn?$AA?$AN?$AA?6?$AA?$AA@ 8c0024f4     kd:kdtrap.obj
 0001:0000151c       ??_C@_1EA@IDHA@?$AAE?$AAx?$AAc?$AAe?$AAp?$AAt?$AAi?$AAo?$AAn?$AA?5?$AAS?$AAt?$AAa?$AAt?$AAe?$AAC?$AAh?$AAa?$AAn?$AAg@ 8c00251c     kd:kdtrap.obj
 0001:0000155c       ??_C@_1BM@HFAN@?$AAE?$AAx?$AAi?$AAt?$AA?5?$AAK?$AAd?$AAT?$AAr?$AAa?$AAp?$AA?$AN?$AA?6?$AA?$AA@ 8c00255c     kd:kdtrap.obj
 0001:00001578       ??_C@_1HG@NGHD@?$AAK?$AAd?$AAt?$AAr?$AAa?$AAp?$AA?0?$AA?5?$AAU?$AAp?$AAd?$AAa?$AAt?$AAe?$AAS?$AAy?$AAm?$AAb?$AAo?$AAl@ 8c002578     kd:kdtrap.obj
 0001:000015f0       ??_C@_1CK@HBCI@?$AAE?$AAx?$AAi?$AAt?$AA?5?$AAU?$AAp?$AAd?$AAa?$AAt?$AAe?$AAS?$AAy?$AAm?$AAb?$AAo?$AAl?$AAs?$AA?$AN?$AA?6@ 8c0025f0     kd:kdtrap.obj
 0001:0000161c       _NtBuildNumber             8c00261c     kd:kddefs.obj
 0001:00001620       _StatusTable               8c002620     kd:kddefs.obj
 0001:00001660       ??_C@_1FO@IAAD@?$AAR?$AAC?$AAS?$AA?3?$AA?5?$AAS?$AAt?$AAa?$AAl?$AAk?$AAW?$AAa?$AAl?$AAk?$AA?3?$AA?5?$AAS?$AAt?$AAa?$AAc@ 8c002660     kd:kdctrl.obj
 0001:000016c0       ??_C@_1HG@MEDN@?$AAR?$AAC?$AAS?$AA?3?$AA?5?$AAS?$AAt?$AAa?$AAl?$AAk?$AAW?$AAa?$AAl?$AAk?$AA?3?$AA?5?$AAT?$AAr?$AAa?$AAn@ 8c0026c0     kd:kdctrl.obj
 0001:00001738       ??_C@_1JA@PDAD@?$AAR?$AAC?$AAS?$AA?3?$AA?5?$AAS?$AAt?$AAa?$AAl?$AAk?$AAW?$AAa?$AAl?$AAk?$AA?3?$AA?5?$AA?$CI?$AAp?$AAS?$AAt@ 8c002738     kd:kdctrl.obj
 0001:000017c8       ??_C@_1HA@BDOD@?$AAT?$AAh?$AAr?$AAe?$AAa?$AAd?$AAS?$AAt?$AAa?$AAc?$AAk?$AA?3?$AA?5?$AAF?$AAa?$AAi?$AAl?$AAe?$AAd?$AA?5@ 8c0027c8     kd:kdctrl.obj
 0001:00001838       ??_C@_1EI@EPJE@?$AAW?$AAa?$AAl?$AAk?$AAi?$AAn?$AAg?$AA?5?$AAt?$AAh?$AAr?$AAe?$AAa?$AAd?$AA?5?$AA?$CF?$AA8?$AA?4?$AA8?$AAl@ 8c002838     kd:kdctrl.obj
 0001:00001880       ??_C@_1LA@PDP@?$AAT?$AAh?$AAr?$AAe?$AAa?$AAd?$AAS?$AAt?$AAa?$AAc?$AAk?$AA?5?$AA?$CI?$AAp?$AAS?$AAt?$AAk?$AA?$CJ?$AA?5?$AA?$CF@ 8c002880     kd:kdctrl.obj
 0001:00001930       ??_C@_1DM@JGCD@?$AAM?$AAe?$AAm?$AAo?$AAr?$AAy?$AA?5?$AAs?$AAt?$AAa?$AAr?$AAt?$AA?5?$AAa?$AAd?$AAd?$AAr?$AAe?$AAs?$AAs@ 8c002930     kd:kdctrl.obj
 0001:0000196c       ??_C@_1JA@COIB@?$AAI?$AAn?$AAi?$AAt?$AA?5?$AAS?$AAt?$AAa?$AAc?$AAk?$AA?5?$AAW?$AAa?$AAl?$AAk?$AA?5?$AA?$CI?$AAp?$AAS?$AAt@ 8c00296c     kd:kdctrl.obj
 0001:000019fc       ??_C@_1HO@BLHE@?$AAK?$AAd?$AAM?$AAo?$AAv?$AAe?$AA?5?$AAD?$AAs?$AAt?$AA?5?$AA?$CF?$AA8?$AA?4?$AA8?$AAl?$AAx?$AA?5?$AA?$CI?$AA?$CF@ 8c0029fc     kd:kdmove.obj
 0001:00001a7c       ??_C@_1BM@BDAA@?$AAE?$AAx?$AAi?$AAt?$AA?5?$AAK?$AAd?$AAM?$AAo?$AAv?$AAe?$AA?$AN?$AA?6?$AA?$AA@ 8c002a7c     kd:kdmove.obj
 0001:00001a98       ??_C@_1DK@OADN@?$AAT?$AAr?$AAy?$AAi?$AAn?$AAg?$AA?5?$AAt?$AAo?$AA?5?$AAs?$AAe?$AAt?$AA?5?$AAB?$AAP?$AA?5?$AAa?$AAt?$AA?5@ 8c002a98     kd:kdbreak.obj
 0001:00001ad4       ??_C@_1CM@KGEM@?$AAA?$AAd?$AAd?$AAr?$AAe?$AAs?$AAs?$AA?5?$AAn?$AAo?$AAt?$AA?5?$AAa?$AAl?$AAi?$AAg?$AAn?$AAe?$AAd?$AA?$AN@ 8c002ad4     kd:kdbreak.obj
 0001:00001b00       ??_C@_1BO@GIP@?$AAI?$AAs?$AA?5?$AAD?$AAl?$AAl?$AA?5?$AA?$CF?$AA8?$AA?4?$AA8?$AAl?$AAx?$AA?5?$AA?$AA@ 8c002b00     kd:kdbreak.obj
 0001:00001b20       ??_C@_1CO@OBAC@?$AAc?$AAo?$AAn?$AAv?$AAe?$AAr?$AAt?$AAe?$AAd?$AA?5?$AAt?$AAo?$AA?5?$AA?$CF?$AA8?$AA?4?$AA8?$AAl?$AAx?$AA?5@ 8c002b20     kd:kdbreak.obj
 0001:00001b50       ??_C@_1EM@EMNO@?$AAS?$AAu?$AAc?$AAc?$AAe?$AAs?$AAs?$AAf?$AAu?$AAl?$AAl?$AAy?$AA?5?$AAr?$AAe?$AAa?$AAd?$AA?5?$AA?$CF?$AA8@ 8c002b50     kd:kdbreak.obj
 0001:00001b9c       ??_C@_1FA@NPOJ@?$AAC?$AAo?$AAn?$AAt?$AAe?$AAn?$AAt?$AA?5?$AA?$CF?$AA8?$AA?4?$AA8?$AAl?$AAx?$AA?5?$AA?$CB?$AA?$DN?$AA?5?$AAK?$AAC@ 8c002b9c     kd:kdbreak.obj
 0001:00001bec       ??_C@_1DC@ELOI@?$AAS?$AAe?$AAt?$AA?5?$AAC?$AAo?$AAn?$AAt?$AAe?$AAn?$AAt?$AA?5?$AAt?$AAo?$AA?5?$AA?$CF?$AA8?$AA?4?$AA8?$AAl@ 8c002bec     kd:kdbreak.obj
 0001:00001c20       ??_C@_1DK@KHAL@?$AAA?$AAl?$AAr?$AAe?$AAa?$AAd?$AAy?$AA?5?$AAf?$AAo?$AAu?$AAn?$AAd?$AA?5?$AAa?$AA?5?$AAB?$AAP?$AA?5?$AA?$CF@ 8c002c20     kd:kdbreak.obj
 0001:00001c5c       ??_C@_1CG@JEED@?$AAr?$AAe?$AAt?$AAu?$AAr?$AAn?$AA?5?$AAH?$AAa?$AAn?$AAd?$AAl?$AAe?$AA?5?$AA?$CF?$AAd?$AA?$AN?$AA?6?$AA?$AA@ 8c002c5c     kd:kdbreak.obj
 0001:00001c84       ??_C@_1EO@MJLE@?$AAA?$AAd?$AAd?$AAr?$AAe?$AAs?$AAs?$AAe?$AAs?$AA?5?$AAn?$AAo?$AAt?$AA?5?$AAw?$AAr?$AAi?$AAt?$AAa?$AAb@ 8c002c84     kd:kdbreak.obj
 0001:00001cd4       ??_C@_1EO@KAKP@?$AAS?$AAu?$AAc?$AAc?$AAe?$AAs?$AAs?$AAf?$AAu?$AAl?$AAl?$AAy?$AA?5?$AAS?$AAe?$AAt?$AA?5?$AAB?$AAP?$AA?5@ 8c002cd4     kd:kdbreak.obj
 0001:00001d24       ??_C@_1EI@JLOF@?$AAF?$AAa?$AAi?$AAl?$AAe?$AAd?$AA?5?$AAt?$AAo?$AA?5?$AAS?$AAe?$AAt?$AA?5?$AAB?$AAP?$AA?5?$AAH?$AAa?$AAn@ 8c002d24     kd:kdbreak.obj
 0001:00001d6c       ??_C@_1DC@KMDB@?$AAA?$AAd?$AAd?$AAr?$AAe?$AAs?$AAs?$AA?5?$AAn?$AAo?$AAt?$AA?5?$AAa?$AAc?$AAc?$AAe?$AAs?$AAs?$AAi?$AAb@ 8c002d6c     kd:kdbreak.obj
 0001:00001da0       ??_C@_1BM@EFJ@?$AAE?$AAx?$AAi?$AAt?$AA?5?$AAA?$AAd?$AAd?$AA?5?$AAB?$AAP?$AA?$AN?$AA?6?$AA?$AA@ 8c002da0     kd:kdbreak.obj
 0001:00001dbc       ??_C@_1DE@FIJK@?$AAB?$AAP?$AA?5?$AAn?$AAo?$AAt?$AA?5?$AAa?$AA?5?$AAv?$AAa?$AAl?$AAi?$AAd?$AA?5?$AAv?$AAa?$AAl?$AAu?$AAe@ 8c002dbc     kd:kdbreak.obj
 0001:00001df0       ??_C@_1DA@GHFJ@?$AAR?$AAe?$AAm?$AAo?$AAv?$AAi?$AAn?$AAg?$AA?5?$AAB?$AAP?$AA?5?$AAH?$AAa?$AAn?$AAd?$AAl?$AAe?$AA?5?$AA?$CF@ 8c002df0     kd:kdbreak.obj
 0001:00001e20       ??_C@_1DI@DICD@?$AAB?$AAP?$AA?5?$AAH?$AAa?$AAn?$AAd?$AAl?$AAe?$AA?5?$AAa?$AAl?$AAr?$AAe?$AAa?$AAd?$AAy?$AA?5?$AAr?$AAe@ 8c002e20     kd:kdbreak.obj
 0001:00001e58       ??_C@_1FC@EBLF@?$AAB?$AAP?$AA?5?$AAS?$AAu?$AAs?$AAp?$AAe?$AAn?$AAd?$AAe?$AAd?$AA?0?$AA?5?$AAt?$AAh?$AAi?$AAs?$AA?5?$AAs@ 8c002e58     kd:kdbreak.obj
 0001:00001eac       ??_C@_1EI@JOPG@?$AAB?$AAP?$AA?5?$AAi?$AAn?$AA?5?$AAU?$AAS?$AAE?$AA?5?$AAa?$AAn?$AAd?$AA?5?$AAr?$AAe?$AAp?$AAl?$AAa?$AAc@ 8c002eac     kd:kdbreak.obj
 0001:00001ef4       ??_C@_1EE@LCNC@?$AAS?$AAu?$AAc?$AAc?$AAe?$AAs?$AAs?$AAf?$AAu?$AAl?$AAl?$AAy?$AA?5?$AAr?$AAe?$AAs?$AAt?$AAo?$AAr?$AAe@ 8c002ef4     kd:kdbreak.obj
 0001:00001f38       ??_C@_1DM@JPOK@?$AAF?$AAa?$AAi?$AAl?$AAe?$AAd?$AA?5?$AAt?$AAo?$AA?5?$AAr?$AAe?$AAs?$AAt?$AAo?$AAr?$AAe?$AA?5?$AAB?$AAP@ 8c002f38     kd:kdbreak.obj
 0001:00001f74       ??_C@_1FC@IJCA@?$AAS?$AAu?$AAc?$AAc?$AAe?$AAs?$AAs?$AAf?$AAu?$AAl?$AAl?$AAy?$AA?5?$AAr?$AAe?$AAs?$AAt?$AAo?$AAr?$AAe@ 8c002f74     kd:kdbreak.obj
 0001:00001fc8       ??_C@_1BM@GJDA@?$AAE?$AAx?$AAi?$AAt?$AA?5?$AAD?$AAe?$AAl?$AA?5?$AAB?$AAP?$AA?$AN?$AA?6?$AA?$AA@ 8c002fc8     kd:kdbreak.obj
 0001:00001fe4       ??_C@_1CI@NCEN@?$AAS?$AAe?$AAt?$AA?5?$AA5?$AA?5?$AAi?$AAs?$AA?5?$AAd?$AAe?$AAt?$AAe?$AAc?$AAt?$AAe?$AAd?$AA?$AN?$AA?6?$AA?$AA@ 8c002fe4     hal:cfwkatan.obj
 0001:0000200c       ??_C@_1CI@FJLH@?$AAS?$AAe?$AAt?$AA?5?$AA4?$AA?5?$AAi?$AAs?$AA?5?$AAd?$AAe?$AAt?$AAe?$AAc?$AAt?$AAe?$AAd?$AA?$AN?$AA?6?$AA?$AA@ 8c00300c     hal:cfwkatan.obj
 0001:00002034       ??_C@_1CO@PEEL@?$AAP?$AAP?$AAF?$AAS?$AA?5?$AAC?$AAl?$AAi?$AAe?$AAn?$AAt?$AA?5?$AAp?$AAr?$AAe?$AAs?$AAe?$AAn?$AAt?$AA?4@ 8c003034     hal:mdppfs.obj
 0001:00002064       ??_C@_1FG@GOOH@?$AAD?$AAe?$AAb?$AAu?$AAg?$AA?5?$AAa?$AAd?$AAa?$AAp?$AAt?$AAo?$AAr?$AA?5?$AAr?$AAe?$AAa?$AAd?$AA?5?$AAe@ 8c003064     hal:mdppfs.obj
 0001:000020bc       ??_C@_1GA@NPCL@?$AA?$DO?$AA?$DO?$AA?$DO?$AA?$DO?$AA?$DO?$AA?$DO?$AA?5?$AAC?$AAE?$AAS?$AAH?$AA?5?$AAr?$AAe?$AAc?$AAe?$AAi?$AAv?$AAi?$AAn@ 8c0030bc     hal:mdppfs.obj
 0001:0000211c       ??_C@_1EE@ELGI@?$AA?$DO?$AA?$DO?$AA?$DO?$AA?$DO?$AA?$DO?$AA?$DO?$AA?5?$AAT?$AAr?$AAi?$AAe?$AAd?$AA?5?$AAt?$AAo?$AA?5?$AAr?$AAe?$AAa?$AAd@ 8c00311c     hal:mdppfs.obj
 0001:00002160       ??_C@_1FI@OJEG@?$AAD?$AAe?$AAb?$AAu?$AAg?$AA?5?$AAa?$AAd?$AAa?$AAp?$AAt?$AAo?$AAr?$AA?5?$AAw?$AAr?$AAi?$AAt?$AAe?$AA?5@ 8c003160     hal:mdppfs.obj
 0001:000021b8       ??_C@_1FA@PJED@?$AAC?$AAE?$AAS?$AAH?$AA?5?$AAt?$AAr?$AAa?$AAn?$AAs?$AAm?$AAi?$AAt?$AA?5?$AAt?$AAi?$AAm?$AAe?$AAo?$AAu@ 8c0031b8     hal:mdppfs.obj
 0001:00002208       _WDMAPIMethods             8c003208     wdmhal:wdmhal.obj
 0001:00002238       _WDMAPISigs                8c003238     wdmhal:wdmhal.obj
 0001:00002268       ??_C@_04JEGD@WDMH?$AA@     8c003268     wdmhal:wdmhal.obj
 0001:00002270       ??_C@_1HA@OMHG@?$AAM?$AAm?$AAB?$AAu?$AAi?$AAl?$AAd?$AAM?$AAd?$AAl?$AAF?$AAo?$AAr?$AAN?$AAo?$AAn?$AAP?$AAa?$AAg?$AAe@ 8c003270     wdmhal:mm.obj
 0001:000022e0       _StartUp                   8c0032e0 f   hal:fwinit.obj
 0001:000022f8       _SH3FQCR_Fast              8c0032f8     hal:fwinit.obj
 0001:000022fc       OEMIdle                    8c0032fc f   hal:fwinit.obj
 0001:00002300       OEMNMI                     8c003300 f   hal:fwinit.obj
 0001:00002304       _CPUStatus                 8c003304 f   hal:fwinit.obj
 0001:00002310       ExceptionBase              8c003310     nk:shexcept.obj
 0001:00002310       _DebugBreak                8c003310 f   nk:shexcept.obj
 0001:00002318       _INTERRUPTS_ON             8c003318 f   nk:shexcept.obj
 0001:00002328       _INTERRUPTS_OFF            8c003328 f   nk:shexcept.obj
 0001:00002334       _PtrCurMSec                8c003334     nk:shexcept.obj
 0001:00002338       _SetCPUASID                8c003338 f   nk:shexcept.obj
 0001:00002370       KernelStart                8c003370 f   nk:shexcept.obj
 0001:000023c8       APICall                    8c0033c8 f   nk:shexcept.obj
 0001:00002496       _APICallReturn             8c003496     nk:shexcept.obj
 0001:000024dc       GeneralException           8c0034dc f   nk:shexcept.obj
 0001:00002710       TLBMissHandler             8c003710 f   nk:shexcept.obj
 0001:0000279e       _LoadKPage                 8c00379e     nk:shexcept.obj
 0001:000027bc       _VerifyAccess              8c0037bc     nk:shexcept.obj
 0001:0000285c       _ZeroPage                  8c00385c f   nk:shexcept.obj
 0001:00002874       _UnusedHandler             8c003874 f   nk:shexcept.obj
 0001:00002910       InterruptExceptionHandler  8c003910 f   nk:shexcept.obj
 0001:000029b0       xKCall                     8c0039b0 f   nk:shexcept.obj
 0001:000029b6       _KCall                     8c0039b6     nk:shexcept.obj
 0001:00002a28       _GetAndClearFloatCode      8c003a28 f   nk:shexcept.obj
 0001:00002a44       _SaveFloatContext          8c003a44 f   nk:shexcept.obj
 0001:00002aac       _RestoreFloatContext       8c003aac f   nk:shexcept.obj
 0001:00002b10       _InterlockedAPIs           8c003b10 f   nk:shexcept.obj
 0001:00002b90       _InterlockedEnd            8c003b90     nk:shexcept.obj
 0001:00002b90       _CaptureContext            8c003b90 f   nk:shexcept.obj
 0001:00002b94       xxCaptureContext           8c003b94 f   nk:shexcept.obj
 0001:00002c34       _RtlpExecuteHandlerForException 8c003c34 f   nk:shexcept.obj
 0001:00002c90       RtlpExceptionHandler       8c003c90 f   nk:shexcept.obj
 0001:00002cac       _RtlpExecuteHandlerForUnwind 8c003cac f   nk:shexcept.obj
 0001:00002d0c       RtlpUnwindHandler          8c003d0c f   nk:shexcept.obj
 0001:00002d2c       _NullSection               8c003d2c     nk:shexcept.obj
 0001:0000352c       _RtlCaptureContext         8c00452c f   nk:shexcept.obj
 0001:00003564       _WriteBackCache            8c004564     nk:shexcept.obj
 0001:00003564       _FlushCache                8c004564 f   nk:shexcept.obj
 0001:000035a0       _SC_SetRAMMode             8c0045a0 f   nk:shexcept.obj
 0001:00003624       _SH3Init                   8c004624 f   nk:mdsh3.obj
 0001:00003734       _HookInterrupt             8c004734 f   nk:mdsh3.obj
 0001:0000374c       _FlushTLB                  8c00474c f   nk:mdsh3.obj
 0001:0000376c       _SC_CacheSync              8c00476c f   nk:mdsh3.obj
 0001:00003798       _DumpWords                 8c004798 f   nk:mdsh3.obj
 0001:00003814       _HandleException           8c004814 f   nk:mdsh3.obj
 0001:00003a48       _ExceptionDispatch         8c004a48 f   nk:mdsh3.obj
 0001:00003e2c       _DumpFrame                 8c004e2c f   nk:mdsh3.obj
 0001:00003f44       _DumpTLB                   8c004f44 f   nk:mdsh3.obj
 0001:00004060       _MDCreateThread            8c005060 f   nk:mdsh3.obj
 0001:00004118       _MDCreateMainThread1       8c005118 f   nk:mdsh3.obj
 0001:000041c8       _MDCreateMainThread2       8c0051c8 f   nk:mdsh3.obj
 0001:000042a8       _MakePagePerms             8c0052a8 f   nk:mdsh3.obj
 0001:00004368       _ProtectFromPerms          8c005368 f   nk:mdsh3.obj
 0001:000043c4       ___C_specific_handler      8c0053c4 f   nk:mdsh3.obj
 0001:000044c4       _FPUFlushContext           8c0054c4 f   nk:mdsh3.obj
 0001:00004508       _DoThreadGetContext        8c005508 f   nk:mdsh3.obj
 0001:00004790       _DoThreadSetContext        8c005790 f   nk:mdsh3.obj
 0001:00004a48       _SC_SetStoreQueueBase      8c005a48 f   nk:mdsh3.obj
 0001:00004ab4       _IndexFromLock             8c005ab4 f   nk:objdisp.obj
 0001:00004adc       _AddToDList                8c005adc f   nk:objdisp.obj
 0001:00004aec       _RemoveDList               8c005aec f   nk:objdisp.obj
 0001:00004afc       _HandleToPointer           8c005afc f   nk:objdisp.obj
 0001:00004b4c       _NextCloseHandle           8c005b4c f   nk:objdisp.obj
 0001:00004bd8       _SC_CloseAllHandles        8c005bd8 f   nk:objdisp.obj
 0001:00004c28       _SetupHandle               8c005c28 f   nk:objdisp.obj
 0001:00004c74       _ZapHandle                 8c005c74 f   nk:objdisp.obj
 0001:00004d14       _AllocHandle               8c005d14 f   nk:objdisp.obj
 0001:00004d78       _FreeHandle                8c005d78 f   nk:objdisp.obj
 0001:00004dc4       _CopyRefs                  8c005dc4 f   nk:objdisp.obj
 0001:00004e4c       _DoIncRef                  8c005e4c f   nk:objdisp.obj
 0001:00004eec       _IncRef                    8c005eec f   nk:objdisp.obj
 0001:00004f58       _DoDecRef                  8c005f58 f   nk:objdisp.obj
 0001:00005028       _DecRef                    8c006028 f   nk:objdisp.obj
 0001:0000504c       _GetUserInfo               8c00604c f   nk:objdisp.obj
 0001:000050a8       _SetUserInfo               8c0060a8 f   nk:objdisp.obj
 0001:00005104       _GetObjectPtr              8c006104 f   nk:objdisp.obj
 0001:00005160       _GetObjectPtrByType        8c006160 f   nk:objdisp.obj
 0001:000051dc       _SetObjectPtr              8c0061dc f   nk:objdisp.obj
 0001:00005238       _GetHandleType             8c006238 f   nk:objdisp.obj
 0001:000052a8       _SC_SetHandleOwner         8c0062a8 f   nk:objdisp.obj
 0001:00005304       _SC_CreateAPISet           8c006304 f   nk:objdisp.obj
 0001:000053a4       _SC_CloseAPISet            8c0063a4 f   nk:objdisp.obj
 0001:00005428       _SC_RegisterAPISet         8c006428 f   nk:objdisp.obj
 0001:00005544       _SC_CreateAPIHandle        8c006544 f   nk:objdisp.obj
 0001:000055bc       _SC_VerifyAPIHandle        8c0065bc f   nk:objdisp.obj
 0001:0000562c       _SC_QueryAPISetID          8c00662c f   nk:objdisp.obj
 0001:00005680       _SetBadHandleError         8c006680 f   nk:objdisp.obj
 0001:00005738       _ErrorReturn               8c006738 f   nk:objdisp.obj
 0001:00005750       _ObjectCall                8c006750 f   nk:objdisp.obj
 0001:00005b70       _ServerCallReturn          8c006b70 f   nk:objdisp.obj
 0001:00005c8c       _MoreCallStacks            8c006c8c f   nk:objdisp.obj
 0001:00005ca4       _DBG_CallCheck             8c006ca4 f   nk:objdisp.obj
 0001:00005d5c       _SC_GetSystemInfo          8c006d5c f   nk:schedule.obj
 0001:00005d94       _SC_IsBadPtr               8c006d94 f   nk:schedule.obj
 0001:00005dfc       _SC_MapPtrUnsecure         8c006dfc f   nk:schedule.obj
 0001:00005e64       _SC_GetProcFromPtr         8c006e64 f   nk:schedule.obj
 0001:00005eb8       _SC_MapPtrToProcess        8c006eb8 f   nk:schedule.obj
 0001:00005f48       _SC_GetProcAddrBits        8c006f48 f   nk:schedule.obj
 0001:00005f7c       _SC_GetFSHeapInfo          8c006f7c f   nk:schedule.obj
 0001:00005f94       _SC_UpdateNLSInfo          8c006f94 f   nk:schedule.obj
 0001:00005fac       _LinkCritMut               8c006fac f   nk:schedule.obj
 0001:00006048       _UnlinkCritMut             8c007048 f   nk:schedule.obj
 0001:000060f8       _DequeueProxy              8c0070f8 f   nk:schedule.obj
 0001:000062ec       _PrioInsertProxy           8c0072ec f   nk:schedule.obj
 0001:0000642c       _RunqDequeue               8c00742c f   nk:schedule.obj
 0001:00006470       _SleepqDequeue             8c007470 f   nk:schedule.obj
 0001:000064a8       _SleepqEnqueue             8c0074a8 f   nk:schedule.obj
 0001:00006500       _FreeProxyChain            8c007500 f   nk:schedule.obj
 0001:00006524       _MakeRun                   8c007524 f   nk:schedule.obj
 0001:000065d8       _AddToProcRunnable         8c0075d8 f   nk:schedule.obj
 0001:00006600       _DeprioQ                   8c007600 f   nk:schedule.obj
 0001:0000678c       _WakeOneThreadPrioQ        8c00778c f   nk:schedule.obj
 0001:00006898       _WakeOneThreadCrit         8c007898 f   nk:schedule.obj
 0001:00006908       _WakeOneThreadFlat         8c007908 f   nk:schedule.obj
 0001:00006a08       _DeproxyOneThread          8c007a08 f   nk:schedule.obj
 0001:00006a30       _SysSetAutoEvent           8c007a30 f   nk:schedule.obj
 0001:00006a68       _EventModMan               8c007a68 f   nk:schedule.obj
 0001:00006aac       _EventModAuto              8c007aac f   nk:schedule.obj
 0001:00006afc       _KPulseManualEvent         8c007afc f   nk:schedule.obj
 0001:00006b40       _DoFreeMutex               8c007b40 f   nk:schedule.obj
 0001:00006b60       _DoFreeCrit                8c007b60 f   nk:schedule.obj
 0001:00006bb8       _SC_EventCloseHandle       8c007bb8 f   nk:schedule.obj
 0001:00006c88       _SC_MutexCloseHandle       8c007c88 f   nk:schedule.obj
 0001:00006d68       _SC_EventAddAccess         8c007d68 f   nk:schedule.obj
 0001:00006d8c       _SC_EventModify            8c007d8c f   nk:schedule.obj
 0001:00006e78       _IsAutoEvent               8c007e78 f   nk:schedule.obj
 0001:00006ea4       _SC_CreateEvent            8c007ea4 f   nk:schedule.obj
 0001:00007034       _SC_CreateMutex            8c008034 f   nk:schedule.obj
 0001:000071e4       _sub64_64_64               8c0081e4 f   nk:schedule.obj
 0001:000072f0       _AlarmThread               8c0082f0 f   nk:schedule.obj
 0001:00007418       _SC_SetKernelAlarm         8c008418 f   nk:schedule.obj
 0001:00007478       _SC_RefreshKernelAlarm     8c008478 f   nk:schedule.obj
 0001:00007498       _SC_GetIdleTime            8c008498 f   nk:schedule.obj
 0001:00007558       _SC_SetLowestScheduledPriority 8c008558 f   nk:schedule.obj
 0001:0000756c       _TimerCallbackRoutine      8c00856c f   nk:schedule.obj
 0001:00007764       _NextThread                8c008764 f   nk:schedule.obj
 0001:00007928       _AllocDbg                  8c008928 f   nk:schedule.obj
 0001:000079b8       _InitThreadStruct          8c0089b8 f   nk:schedule.obj
 0001:00007a70       _DoCreateThread            8c008a70 f   nk:schedule.obj
 0001:00007c60       _SC_CreateThread           8c008c60 f   nk:schedule.obj
 0001:00007d5c       _CreateKernelThread        8c008d5c f   nk:schedule.obj
 0001:00007df4       _CreateKernelThreadNonotify 8c008df4 f   nk:schedule.obj
 0001:00007e90       _DoPendUnlinkAndFree       8c008e90 f   nk:schedule.obj
 0001:00007ea8       _DequeueGeneral            8c008ea8 f   nk:schedule.obj
 0001:00008028       _SetThreadToDie            8c009028 f   nk:schedule.obj
 0001:00008170       _SC_ProcTerminate          8c009170 f   nk:schedule.obj
 0001:0000826c       _SC_TerminateSelf          8c00926c f   nk:schedule.obj
 0001:0000828c       _SC_ThreadTerminate        8c00928c f   nk:schedule.obj
 0001:00008318       _SC_GetProcName            8c009318 f   nk:schedule.obj
 0001:0000834c       _SC_OtherThreadsRunning    8c00934c f   nk:schedule.obj
 0001:00008364       _RemoveThread              8c009364 f   nk:schedule.obj
 0001:000084c8       _SC_KillAllOtherThreads    8c0094c8 f   nk:schedule.obj
 0001:00008508       _SC_IsPrimaryThread        8c009508 f   nk:schedule.obj
 0001:00008524       _SC_GetOwnerProcess        8c009524 f   nk:schedule.obj
 0001:00008538       _SC_GetCallerProcess       8c009538 f   nk:schedule.obj
 0001:0000856c       _SC_GetCallerIndex         8c00956c f   nk:schedule.obj
 0001:000085a0       _DoLeaveSomething          8c0095a0 f   nk:schedule.obj
 0001:000085cc       _SC_NKTerminateThread      8c0095cc f   nk:schedule.obj
 0001:00008824       _DequeueCleanup            8c009824 f   nk:schedule.obj
 0001:00008870       _LoadSwitch                8c009870 f   nk:schedule.obj
 0001:00008904       _EmptyCleanupQueue         8c009904 f   nk:schedule.obj
 0001:00008b40       _SystemStartupFunc         8c009b40 f   nk:schedule.obj
 0001:00008cd8       _SC_SignalStarted          8c009cd8 f   nk:schedule.obj
 0001:00008d40       _Kbstrcmpn                 8c009d40 f   nk:schedule.obj
 0001:00008d7c       _kItoW                     8c009d7c f   nk:schedule.obj
 0001:00008e20       _CanBeLaunched             8c009e20 f   nk:schedule.obj
 0001:00008e84       _RunApps                   8c009e84 f   nk:schedule.obj
 0001:00009318       _SingleWait                8c00a318 f   nk:schedule.obj
 0001:000094a4       _DoPrioCalc                8c00a4a4 f   nk:schedule.obj
 0001:000095e0       _FinishWait                8c00a5e0 f   nk:schedule.obj
 0001:00009708       _ReprioOneThread           8c00a708 f   nk:schedule.obj
 0001:00009780       _InvertChain               8c00a780 f   nk:schedule.obj
 0001:00009828       _RequeuePrioThread         8c00a828 f   nk:schedule.obj
 0001:000098a8       _SystemStartupFunc2        8c00a8a8 f   nk:schedule.obj
 0001:000099e8       _PendSetPrio               8c00a9e8 f   nk:schedule.obj
 0001:00009ce4       _PendFree                  8c00ace4 f   nk:schedule.obj
 0001:00009df4       _DoPendDiscard             8c00adf4 f   nk:schedule.obj
 0001:00009e10       _SC_ForcePageout           8c00ae10 f   nk:schedule.obj
 0001:00009e68       _SC_SetDbgZone             8c00ae68 f   nk:schedule.obj
 0001:00009fb0       _SC_RegisterDbgZones       8c00afb0 f   nk:schedule.obj
 0001:0000a1d4       _SC_TurnOnProfiling        8c00b1d4 f   nk:schedule.obj
 0001:0000a200       _SC_TurnOffProfiling       8c00b200 f   nk:schedule.obj
 0001:0000a224       _ZeroAllThreadsTLS         8c00b224 f   nk:schedule.obj
 0001:0000a270       _SC_TlsCall                8c00b270 f   nk:schedule.obj
 0001:0000a3a0       _SC_SetProcPermissions     8c00b3a0 f   nk:schedule.obj
 0001:0000a3ec       _SC_GetCurrentPermissions  8c00b3ec f   nk:schedule.obj
 0001:0000a3fc       _SC_SetGwesHeapMark        8c00b3fc f   nk:schedule.obj
 0001:0000a40c       _SC_SetDaylightTime        8c00b40c f   nk:schedule.obj
 0001:0000a438       _SC_SetTimeZoneBias        8c00b438 f   nk:schedule.obj
 0001:0000a464       _SC_SetLastError           8c00b464 f   nk:schedule.obj
 0001:0000a474       _SC_GetLastError           8c00b474 f   nk:schedule.obj
 0001:0000a484       _SC_ThreadGetCode          8c00b484 f   nk:schedule.obj
 0001:0000a4a4       _SC_ProcGetCode            8c00b4a4 f   nk:schedule.obj
 0001:0000a4c4       _SC_ProcGetIndex           8c00b4c4 f   nk:schedule.obj
 0001:0000a4e8       _SetThreadBasePrio         8c00b4e8 f   nk:schedule.obj
 0001:0000a538       _FreeCrit                  8c00b538 f   nk:schedule.obj
 0001:0000a588       _SC_CreateCrit             8c00b588 f   nk:schedule.obj
 0001:0000a6d4       _CloseAllCrits             8c00b6d4 f   nk:schedule.obj
 0001:0000a794       _TestAndWaitManualEvent    8c00b794 f   nk:schedule.obj
 0001:0000a884       _SingleEventWait           8c00b884 f   nk:schedule.obj
 0001:0000a928       _WaitMult                  8c00b928 f   nk:schedule.obj
 0001:0000aa90       _SC_WaitForMultiple        8c00ba90 f   nk:schedule.obj
 0001:0000ac00       _ThreadSuspend             8c00bc00 f   nk:schedule.obj
 0001:0000adb0       _SC_ThreadSuspend          8c00bdb0 f   nk:schedule.obj
 0001:0000adf4       _ThreadResume              8c00bdf4 f   nk:schedule.obj
 0001:0000ae40       _SC_ThreadResume           8c00be40 f   nk:schedule.obj
 0001:0000ae78       _ThreadSleep               8c00be78 f   nk:schedule.obj
 0001:0000af4c       _ThreadYield               8c00bf4c f   nk:schedule.obj
 0001:0000af80       _SC_Sleep                  8c00bf80 f   nk:schedule.obj
 0001:0000b068       _SC_ThreadSetPrio          8c00c068 f   nk:schedule.obj
 0001:0000b0e4       _SC_ThreadGetPrio          8c00c0e4 f   nk:schedule.obj
 0001:0000b12c       _GetCurThreadTime          8c00c12c f   nk:schedule.obj
 0001:0000b160       _SC_GetThreadTimes         8c00c160 f   nk:schedule.obj
 0001:0000b22c       _TakeCrit                  8c00c22c f   nk:schedule.obj
 0001:0000b410       _SC_TakeCritSec            8c00c410 f   nk:schedule.obj
 0001:0000b438       _LeaveCrit                 8c00c438 f   nk:schedule.obj
 0001:0000b4d4       _PuntCritSec               8c00c4d4 f   nk:schedule.obj
 0001:0000b528       _SurrenderCritSecs         8c00c528 f   nk:schedule.obj
 0001:0000b5d4       _SC_LeaveCritSec           8c00c5d4 f   nk:schedule.obj
 0001:0000b5f4       _LeaveMutex                8c00c5f4 f   nk:schedule.obj
 0001:0000b654       _SC_ReleaseMutex           8c00c654 f   nk:schedule.obj
 0001:0000b6c0       _SC_ThreadSetContext       8c00c6c0 f   nk:schedule.obj
 0001:0000b6fc       _SC_ThreadGetContext       8c00c6fc f   nk:schedule.obj
 0001:0000b738       _SC_ProcFlushICache        8c00c738 f   nk:schedule.obj
 0001:0000b758       _SC_ProcReadMemory         8c00c758 f   nk:schedule.obj
 0001:0000b834       _SC_ProcWriteMemory        8c00c834 f   nk:schedule.obj
 0001:0000ba14       _UserDbgTrap               8c00ca14 f   nk:schedule.obj
 0001:0000bc6c       _DoDebugAttach             8c00cc6c f   nk:schedule.obj
 0001:0000be04       _WakeIfDebugWait           8c00ce04 f   nk:schedule.obj
 0001:0000be88       _SC_DebugNotify            8c00ce88 f   nk:schedule.obj
 0001:0000c150       _SC_WaitForDebugEvent      8c00d150 f   nk:schedule.obj
 0001:0000c29c       _SC_ContinueDebugEvent     8c00d29c f   nk:schedule.obj
 0001:0000c30c       _StopProc                  8c00d30c f   nk:schedule.obj
 0001:0000c3cc       _StopProc2                 8c00d3cc f   nk:schedule.obj
 0001:0000c480       _DAPProc                   8c00d480 f   nk:schedule.obj
 0001:0000c4f0       _SC_ProcDebug              8c00d4f0 f   nk:schedule.obj
 0001:0000c72c       _SC_OpenProcess            8c00d72c f   nk:schedule.obj
 0001:0000c788       _SC_THGrow                 8c00d788 f   nk:schedule.obj
 0001:0000c7f4       _THGetProcs                8c00d7f4 f   nk:schedule.obj
 0001:0000ca28       _THGetMods                 8c00da28 f   nk:schedule.obj
 0001:0000cb70       _THGetThreads              8c00db70 f   nk:schedule.obj
 0001:0000cc74       _THGetHeaps                8c00dc74 f   nk:schedule.obj
 0001:0000ccfc       _SC_THCreateSnapshot       8c00dcfc f   nk:schedule.obj
 0001:0000cebc       _SC_ThreadCloseHandle      8c00debc f   nk:schedule.obj
 0001:0000cef4       _SC_ProcCloseHandle        8c00def4 f   nk:schedule.obj
 0001:0000cf2c       _SC_GetProcessVersion      8c00df2c f   nk:schedule.obj
 0001:0000cf7c       _SC_SetStdioPathW          8c00df7c f   nk:schedule.obj
 0001:0000d044       _SC_GetStdioPathW          8c00e044 f   nk:schedule.obj
 0001:0000d118       _SC_QueryPerformanceCounter 8c00e118 f   nk:schedule.obj
 0001:0000d144       _SC_QueryPerformanceFrequency 8c00e144 f   nk:schedule.obj
 0001:0000d170       _SC_ReadRegistryFromOEM    8c00e170 f   nk:schedule.obj
 0001:0000d194       _SC_WriteRegistryToOEM     8c00e194 f   nk:schedule.obj
 0001:0000d1c4       _SC_GetModuleFileNameW     8c00e1c4 f   nk:schedule.obj
 0001:0000d298       _ZeroTLS                   8c00e298 f   nk:schedule.obj
 0001:0000d2b4       _SC_CreateProc             8c00e2b4 f   nk:schedule.obj
 0001:0000d8dc       _ProcInit                  8c00e8dc f   nk:schedule.obj
 0001:0000d9e4       _SchedInit                 8c00e9e4 f   nk:schedule.obj
 0001:0000dac4       _DoPageOut                 8c00eac4 f   nk:schedule.obj
 0001:0000db24       _DoLoadAllSymbols          8c00eb24 f   nk:kwin32.obj
 0001:0000dbf4       _SC_ConnectDebugger        8c00ebf4 f   nk:kwin32.obj
 0001:0000dce8       _KernelInit                8c00ece8 f   nk:kwin32.obj
 0001:0000dd88       _KernelInit2               8c00ed88 f   nk:kwin32.obj
 0001:0000decc       _SC_SetExceptionHandler    8c00eecc f   nk:kwin32.obj
 0001:0000dedc       _SC_SetKMode               8c00eedc f   nk:kwin32.obj
 0001:0000df00       _SC_PowerOffSystem         8c00ef00 f   nk:kwin32.obj
 0001:0000df10       _SC_SetPowerOffHandler     8c00ef10 f   nk:kwin32.obj
 0001:0000df44       _SC_SetGwesPowerHandler    8c00ef44 f   nk:kwin32.obj
 0001:0000df78       _SC_SetWDevicePowerHandler 8c00ef78 f   nk:kwin32.obj
 0001:0000dfac       _CallPowerProc             8c00efac f   nk:kwin32.obj
 0001:0000dffc       _DoPowerOff                8c00effc f   nk:kwin32.obj
 0001:0000e10c       _KDCleanup                 8c00f10c f   nk:kwin32.obj
 0001:0000e13c       _SC_WriteDebugLED          8c00f13c f   nk:kwin32.obj
 0001:0000e158       _FinishBreadcrumbs         8c00f158 f   nk:loader.obj
 0001:0000e190       _lowerW                    8c00f190 f   nk:loader.obj
 0001:0000e1a8       _strcmpiW                  8c00f1a8 f   nk:loader.obj
 0001:0000e1f0       _strcmpdllnameW            8c00f1f0 f   nk:loader.obj
 0001:0000e2bc       _strcmpiAandW              8c00f2bc f   nk:loader.obj
 0001:0000e310       _Kstrncmpi                 8c00f310 f   nk:loader.obj
 0001:0000e368       _kstrcpyW                  8c00f368 f   nk:loader.obj
 0001:0000e380       _VerifyBinary              8c00f380 f   nk:loader.obj
 0001:0000e4a0       _OpenExe                   8c00f4a0 f   nk:loader.obj
 0001:0000e4c4       _SafeOpenExe               8c00f4c4 f   nk:loader.obj
 0001:0000edac       _CloseExe                  8c00fdac f   nk:loader.obj
 0001:0000ee20       _SC_CloseProcOE            8c00fe20 f   nk:loader.obj
 0001:0000efa8       _SC_SetCleanRebootFlag     8c00ffa8 f   nk:loader.obj
 0001:0000efb8       _KernelRelocate            8c00ffb8 f   nk:loader.obj
 0001:0000f038       _SC_NotifyForceCleanboot   8c010038 f   nk:loader.obj
 0001:0000f064       _CalcFSPages               8c010064 f   nk:loader.obj
 0001:0000f114       _KernelFindMemory          8c010114 f   nk:loader.obj
 0001:0000f5a0       _RelocatePage              8c0105a0 f   nk:loader.obj
 0001:0000f840       _Relocate                  8c010840 f   nk:loader.obj
 0001:0000f9f8       _Katoi                     8c0109f8 f   nk:loader.obj
 0001:0000fa14       _AddrFromEat               8c010a14 f   nk:loader.obj
 0001:0000fae8       _ResolveImpOrd             8c010ae8 f   nk:loader.obj
 0001:0000fb38       _ResolveImpStr             8c010b38 f   nk:loader.obj
 0001:0000fbd8       _ResolveImpHintStr         8c010bd8 f   nk:loader.obj
 0001:0000fc64       _IncRefCount               8c010c64 f   nk:loader.obj
 0001:0000fc9c       _DecRefCount               8c010c9c f   nk:loader.obj
 0001:0000fce8       _UnlinkModule              8c010ce8 f   nk:loader.obj
 0001:0000fd58       _UnCopyRegions             8c010d58 f   nk:loader.obj
 0001:0000fdac       _FreeModuleMemory          8c010dac f   nk:loader.obj
 0001:0000fef8       _FreeLibraryFromProc       8c010ef8 f   nk:loader.obj
 0001:0000ff58       _FreeAllProcLibraries      8c010f58 f   nk:loader.obj
 0001:0000ffb4       _CallDLLEntry              8c010fb4 f   nk:loader.obj
 0001:0001001c       _FreeOneLibraryPart2       8c01101c f   nk:loader.obj
 0001:000101ac       _FreeOneLibrary            8c0111ac f   nk:loader.obj
 0001:0001020c       _FreeLibraryByName         8c01120c f   nk:loader.obj
 0001:00010254       _KAsciiToUnicode           8c011254 f   nk:loader.obj
 0001:00010278       _KUnicodeToAscii           8c011278 f   nk:loader.obj
 0001:000102a4       _DoImports                 8c0112a4 f   nk:loader.obj
 0001:00010478       _AdjustRegions             8c011478 f   nk:loader.obj
 0001:000104e0       _GetNameFromOE             8c0114e0 f   nk:loader.obj
 0001:00010578       _ReopenExe                 8c011578 f   nk:loader.obj
 0001:000106a4       _LoadE32                   8c0116a4 f   nk:loader.obj
 0001:00010960       _PageInPage                8c011960 f   nk:loader.obj
 0001:00010a30       _PageInProcess             8c011a30 f   nk:loader.obj
 0001:00010dac       _PageInModule              8c011dac f   nk:loader.obj
 0001:000112c0       _AccessFromFlags           8c0122c0 f   nk:loader.obj
 0001:000112ec       _UnloadMod                 8c0122ec f   nk:loader.obj
 0001:000114a8       _UnloadExe                 8c0124a8 f   nk:loader.obj
 0001:00011594       _LoadO32                   8c012594 f   nk:loader.obj
 0001:00011900       _FindEntryPoint            8c012900 f   nk:loader.obj
 0001:00011940       _OpenAnExe                 8c012940 f   nk:loader.obj
 0001:000119d4       _OpenADll                  8c0129d4 f   nk:loader.obj
 0001:00011a78       _DoCleanLoadSwitch         8c012a78 f   nk:loader.obj
 0001:00011a98       _CalcStackSize             8c012a98 f   nk:loader.obj
 0001:00011ad4       _CreateNewProc             8c012ad4 f   nk:loader.obj
 0001:00012094       _CopyRegions               8c013094 f   nk:loader.obj
 0001:00012230       _FindModByName             8c013230 f   nk:loader.obj
 0001:0001227c       _SC_ThreadDetachAllDLLs    8c01327c f   nk:loader.obj
 0001:000122ec       _SC_ProcessDetachAllDLLs   8c0132ec f   nk:loader.obj
 0001:0001235c       _SC_ThreadAttachAllDLLs    8c01335c f   nk:loader.obj
 0001:000123cc       _DoCopyDepends             8c0133cc f   nk:loader.obj
 0001:000124f0       _UnDoDepends               8c0134f0 f   nk:loader.obj
 0001:00012558       _LoadOneLibraryPart2       8c013558 f   nk:loader.obj
 0001:00013048       _LoadOneLibraryW           8c014048 f   nk:loader.obj
 0001:000130a8       _SC_LoadLibraryW           8c0140a8 f   nk:loader.obj
 0001:000130e8       _SC_GetModuleHandleW       8c0140e8 f   nk:loader.obj
 0001:0001315c       _SC_LoadDriver             8c01415c f   nk:loader.obj
 0001:0001319c       _SC_FreeLibrary            8c01419c f   nk:loader.obj
 0001:000131e4       _GetOneProcAddressW        8c0141e4 f   nk:loader.obj
 0001:00013280       _SC_GetProcAddressW        8c014280 f   nk:loader.obj
 0001:000132d0       _PDataFromPC               8c0142d0 f   nk:loader.obj
 0001:00013470       _LoaderPageIn              8c014470 f   nk:loader.obj
 0001:0001360c       _PageOutProc               8c01460c f   nk:loader.obj
 0001:00013674       _PageOutMod                8c014674 f   nk:loader.obj
 0001:0001372c       _OutputDebugStringW        8c01472c f   nk:printf.obj
 0001:00013858       _InputDebugCharW           8c014858 f   nk:printf.obj
 0001:000138ac       _NKDbgPrintfW              8c0148ac f   nk:printf.obj
 0001:000138d0       _NKvDbgPrintfW             8c0148d0 f   nk:printf.obj
 0001:0001390c       _NKwvsprintfW              8c01490c f   nk:printf.obj
 0001:00013e24       _SP_GetFmtValue            8c014e24 f   nk:printf.obj
 0001:00013e4c       _SP_Reverse                8c014e4c f   nk:printf.obj
 0001:00013e74       _SP_PutNumber              8c014e74 f   nk:printf.obj
 0001:00013ef8       _SP_PutNumber64            8c014ef8 f   nk:printf.obj
 0001:00014008       _IsAccessOK                8c015008 f   nk:virtmem.obj
 0001:00014070       _DbgVerify                 8c015070 f   nk:virtmem.obj
 0001:00014148       _DeleteSection             8c015148 f   nk:virtmem.obj
 0001:0001422c       _InitNKSection             8c01522c f   nk:virtmem.obj
 0001:00014250       _CreateSection             8c015250 f   nk:virtmem.obj
 0001:00014324       _CreateMapperSection       8c015324 f   nk:virtmem.obj
 0001:000143f0       _DeleteMapperSection       8c0153f0 f   nk:virtmem.obj
 0001:0001441c       _SC_VirtualAlloc           8c01541c f   nk:virtmem.obj
 0001:00014934       _SC_VirtualFree            8c015934 f   nk:virtmem.obj
 0001:00014ad8       _SC_VirtualCopy            8c015ad8 f   nk:virtmem.obj
 0001:00014eb0       _SC_VirtualSetPageFlags    8c015eb0 f   nk:virtmem.obj
 0001:000150b0       _SC_VirtualProtect         8c0160b0 f   nk:virtmem.obj
 0001:00015224       _SC_VirtualQuery           8c016224 f   nk:virtmem.obj
 0001:00015474       _SC_LockPages              8c016474 f   nk:virtmem.obj
 0001:000156e8       _SC_UnlockPages            8c0166e8 f   nk:virtmem.obj
 0001:00015808       _SC_NotSupported           8c016808 f   nk:virtmem.obj
 0001:00015808       _SC_SetPFHandle            8c016808 f   nk:virtmem.obj
 0001:0001581c       _FindFirstBlock            8c01681c f   nk:virtmem.obj
 0001:0001583c       _ScanRegion                8c01683c f   nk:virtmem.obj
 0001:00015968       _DecommitPages             8c016968 f   nk:virtmem.obj
 0001:00015a58       _ReleaseRegion             8c016a58 f   nk:virtmem.obj
 0001:00015ab4       _AutoCommit                8c016ab4 f   nk:virtmem.obj
 0001:00015b84       _GuardCommit               8c016b84 f   nk:virtmem.obj
 0001:00015be8       _AutoCommitLoop            8c016be8 f   nk:virtmem.obj
 0001:00015cb0       _ProcessPageFault          8c016cb0 f   nk:virtmem.obj
 0001:00015e14       _NKDispatchException       8c016e14 f   nk:exdsptch.obj
 0001:000160d8       _NKLookupFunctionEntry     8c0170d8 f   nk:exdsptch.obj
 0001:00016204       _NKUnwind                  8c017204 f   nk:exdsptch.obj
 0001:00016460       _RtlpVirtualUnwind         8c017460 f   nk:exdsptch.obj
 0001:000164b0       _UpdateASID                8c0174b0 f   nk:exdsptch.obj
 0001:000164d4       _KPSLCleanUp               8c0174d4 f   nk:exdsptch.obj
 0001:000164ec       _KPSLExceptionRoutine      8c0174ec f   nk:exdsptch.obj
 0001:00016534       _HeapInit                  8c017534 f   nk:heap.obj
 0001:000165ac       _AllocMem                  8c0175ac f   nk:heap.obj
 0001:0001661c       _FreeMem                   8c01761c f   nk:heap.obj
 0001:00016654       _FreeSpareBytes            8c017654 f   nk:heap.obj
 0001:0001674c       _FSMapMemReserve           8c01774c f   nk:mapfile.obj
 0001:00016994       _HugeVirtualReserve        8c017994 f   nk:mapfile.obj
 0001:00016a3c       _CloseHugeMemoryAreas      8c017a3c f   nk:mapfile.obj
 0001:00016b38       _HugeVirtualRelease        8c017b38 f   nk:mapfile.obj
 0001:00016b6c       _DecommitROPages           8c017b6c f   nk:mapfile.obj
 0001:00016be8       _FSMapMemFree              8c017be8 f   nk:mapfile.obj
 0001:00016ce8       _FSMapMemCommit            8c017ce8 f   nk:mapfile.obj
 0001:00016d98       _SC_MapViewOfFile          8c017d98 f   nk:mapfile.obj
 0001:00016e90       _FlushMapBuffers           8c017e90 f   nk:mapfile.obj
 0001:00017170       _KernelCloseHandle         8c018170 f   nk:mapfile.obj
 0001:00017198       _FreeMap                   8c018198 f   nk:mapfile.obj
 0001:000172ac       _FindMap                   8c0182ac f   nk:mapfile.obj
 0001:0001730c       _SC_UnmapViewOfFile        8c01830c f   nk:mapfile.obj
 0001:0001740c       _SC_FlushViewOfFile        8c01840c f   nk:mapfile.obj
 0001:000174a0       _SC_FlushViewOfFileMaybe   8c0184a0 f   nk:mapfile.obj
 0001:00017564       _MappedPageIn              8c018564 f   nk:mapfile.obj
 0001:00017848       _PageOutFile               8c018848 f   nk:mapfile.obj
 0001:000178bc       _TryCloseMappedHandle      8c0188bc f   nk:mapfile.obj
 0001:00017984       _CloseMappedFileHandles    8c018984 f   nk:mapfile.obj
 0001:00017abc       _SC_CreateFileForMapping   8c018abc f   nk:mapfile.obj
 0001:00017bb8       _SC_CreateFileMapping      8c018bb8 f   nk:mapfile.obj
 0001:00018394       _SC_MapCloseHandle         8c019394 f   nk:mapfile.obj
 0001:000183f0       _ValidateFile              8c0193f0 f   nk:mapfile.obj
 0001:000184f8       _FlushMapBuffersLogged     8c0194f8 f   nk:mapfile.obj
 0001:00018970       _SC_SetGwesOOMEvent        8c019970 f   nk:physmem.obj
 0001:000189bc       _EnterPhysCS               8c0199bc f   nk:physmem.obj
 0001:000189f0       _SC_GiveKPhys              8c0199f0 f   nk:physmem.obj
 0001:00018b14       _SC_GetKPhys               8c019b14 f   nk:physmem.obj
 0001:00018c20       _InitMemoryPool            8c019c20 f   nk:physmem.obj
 0001:00018d6c       _GetRegionFromAddr         8c019d6c f   nk:physmem.obj
 0001:00018da0       _AllocKHeapPage            8c019da0 f   nk:physmem.obj
 0001:00018e10       _AllocSpareHeap            8c019e10 f   nk:physmem.obj
 0001:00018e64       _GrowKHeap                 8c019e64 f   nk:physmem.obj
 0001:00018f00       _GetKHeap                  8c019f00 f   nk:physmem.obj
 0001:00018fa4       _ScavengeStacks            8c019fa4 f   nk:physmem.obj
 0001:00019014       _ScavengeOnePage           8c01a014 f   nk:physmem.obj
 0001:0001913c       _GetHeldPage               8c01a13c f   nk:physmem.obj
 0001:000191fc       _HoldPages                 8c01a1fc f   nk:physmem.obj
 0001:00019380       _DupPhysPage               8c01a380 f   nk:physmem.obj
 0001:000193b4       _FreePhysPage              8c01a3b4 f   nk:physmem.obj
 0001:0001949c       _GetSection                8c01a49c f   nk:physmem.obj
 0001:000194f0       _FreeSection               8c01a4f0 f   nk:physmem.obj
 0001:00019520       _fill_edbg_buffer          8c01a520 f   nk:ppfs.obj
 0001:0001957c       _write_edbg_buffer         8c01a57c f   nk:ppfs.obj
 0001:000195d4       _read_value                8c01a5d4 f   nk:ppfs.obj
 0001:00019614       _write_value               8c01a614 f   nk:ppfs.obj
 0001:00019658       _read_header               8c01a658 f   nk:ppfs.obj
 0001:000196a8       _write_header              8c01a6a8 f   nk:ppfs.obj
 0001:00019700       _read_data                 8c01a700 f   nk:ppfs.obj
 0001:00019740       _write_data                8c01a740 f   nk:ppfs.obj
 0001:00019784       _read_end                  8c01a784 f   nk:ppfs.obj
 0001:000197c4       _write_end                 8c01a7c4 f   nk:ppfs.obj
 0001:0001980c       _rlseeknocs                8c01a80c f   nk:ppfs.obj
 0001:000198b0       _rlseek                    8c01a8b0 f   nk:ppfs.obj
 0001:000198fc       _rwriteshort               8c01a8fc f   nk:ppfs.obj
 0001:0001999c       _rwrite                    8c01a99c f   nk:ppfs.obj
 0001:00019a4c       _rreadshort                8c01aa4c f   nk:ppfs.obj
 0001:00019af8       _rreadnocs                 8c01aaf8 f   nk:ppfs.obj
 0001:00019b6c       _rread                     8c01ab6c f   nk:ppfs.obj
 0001:00019bd8       _rreadseek                 8c01abd8 f   nk:ppfs.obj
 0001:00019c54       _rclose                    8c01ac54 f   nk:ppfs.obj
 0001:00019d08       _SC_PPSHRestart            8c01ad08 f   nk:ppfs.obj
 0001:00019d14       _ropen                     8c01ad14 f   nk:ppfs.obj
 0001:00019e0c       _rRegOpen                  8c01ae0c f   nk:ppfs.obj
 0001:00019eec       _rRegClose                 8c01aeec f   nk:ppfs.obj
 0001:00019f98       _rRegGet                   8c01af98 f   nk:ppfs.obj
 0001:0001a0a4       _atoiW                     8c01b0a4 f   nk:resource.obj
 0001:0001a0c4       _StrCmpPascW               8c01b0c4 f   nk:resource.obj
 0001:0001a130       _StrCmpAPascW              8c01b130 f   nk:resource.obj
 0001:0001a19c       _FindTypeByName            8c01b19c f   nk:resource.obj
 0001:0001a1f0       _FindTypeByNum             8c01b1f0 f   nk:resource.obj
 0001:0001a224       _FindFirst                 8c01b224 f   nk:resource.obj
 0001:0001a238       _FindType                  8c01b238 f   nk:resource.obj
 0001:0001a28c       _SC_FindResource           8c01b28c f   nk:resource.obj
 0001:0001a3bc       _SC_SizeofResource         8c01b3bc f   nk:resource.obj
 0001:0001a3dc       _SC_LoadResource           8c01b3dc f   nk:resource.obj
 0001:0001a5d8       _OpenResourceFile          8c01b5d8 f   nk:resource.obj
 0001:0001a9f8       _ExtractOneResource        8c01b9f8 f   nk:resource.obj
 0001:0001aabc       _SC_ExtractResource        8c01babc f   nk:resource.obj
 0001:0001ab14       _SC_KernExtractIcons       8c01bb14 f   nk:resource.obj
 0001:0001abf4       _AToUCopy                  8c01bbf4 f   nk:resource.obj
 0001:0001ac1c       _SC_GetRomFileBytes        8c01bc1c f   nk:resource.obj
 0001:0001add4       _SC_MapUncompressedFileW   8c01bdd4 f   nk:resource.obj
 0001:0001ae74       _SC_GetRomFileInfo         8c01be74 f   nk:resource.obj
 0001:0001afe8       _LocalAlloc                8c01bfe8 f   nk:stubs.obj
 0001:0001b040       _LocalFree                 8c01c040 f   nk:stubs.obj
 0001:0001b090       _InitializeCriticalSection 8c01c090 f   nk:stubs.obj
 0001:0001b0b4       _EnterCriticalSection      8c01c0b4 f   nk:stubs.obj
 0001:0001b0f8       _LeaveCriticalSection      8c01c0f8 f   nk:stubs.obj
 0001:0001b144       _strlenW                   8c01c144 f   nk:strings.obj
 0001:0001b15c       _strcmpW                   8c01c15c f   nk:strings.obj
 0001:0001b178       _SC_RegisterTrackedItem    8c01c178 f   nk:memtrk.obj
 0001:0001b17c       _SC_AddTrackedItem         8c01c17c f   nk:memtrk.obj
 0001:0001b17c       _OEMSetRealTime            8c01c17c f   nk:memtrk.obj
 0001:0001b17c       _SC_DeleteTrackedItem      8c01c17c f   nk:memtrk.obj
 0001:0001b17c       _OEMSetAlarmTime           8c01c17c f   nk:memtrk.obj
 0001:0001b17c       _OEMGetBusDataByOffset     8c01c17c f   nk:memtrk.obj
 0001:0001b17c       _SC_SetHardwareWatch       8c01c17c f   nk:memtrk.obj
 0001:0001b17c       _SC_PrintTrackedItem       8c01c17c f   nk:memtrk.obj
 0001:0001b17c       _OEMGetExtensionDRAM       8c01c17c f   nk:memtrk.obj
 0001:0001b17c       _OEMSetBusDataByOffset     8c01c17c f   nk:memtrk.obj
 0001:0001b17c       _FakeKDTrap                8c01c17c f   nk:memtrk.obj
 0001:0001b180       _DecompressOnePage         8c01c180 f   nk:compr2.obj
 0001:0001b210       _Decompress                8c01c210 f   nk:compr2.obj
 0001:0001b2a0       _SC_FSStringCompress       8c01c2a0 f   nk:compr2.obj
 0001:0001b460       _SC_FSStringDecompress     8c01c460 f   nk:compr2.obj
 0001:0001b610       _SC_FSBinaryCompress       8c01c610 f   nk:compr2.obj
 0001:0001b698       _BufferedDecompress        8c01c698 f   nk:compr2.obj
 0001:0001b748       _SC_FSBinaryDecompress     8c01c748 f   nk:compr2.obj
 0001:0001b7f4       _SC_InterruptInitialize    8c01c7f4 f   nk:intrapi.obj
 0001:0001b898       _SC_InterruptDone          8c01c898 f   nk:intrapi.obj
 0001:0001b8bc       _SC_InterruptDisable       8c01c8bc f   nk:intrapi.obj
 0001:0001b904       _RtlVirtualUnwind          8c01c904 f   nk:shunwind.obj
 0001:0001be84       _SetLZBlocking             8c01ce84 f   nk:compress.obj
 0001:0001c4e8       _CECompress                8c01d4e8 f   nk:compress.obj
 0001:0001c670       _CEDecompress              8c01d670 f   nk:compress.obj
 0001:0001c78c       _KdInit                    8c01d78c f   kd:kdinit.obj
 0001:0001c8fc       _SC_Nop                    8c01d8fc f   kd:kdinit.obj
 0001:0001c8fc       _FakeSetLoadSymbolsFlag    8c01d8fc f   kd:kdinit.obj
 0001:0001c8fc       _FakeCleanup               8c01d8fc f   kd:kdinit.obj
 0001:0001c8fc       _FakePrintString           8c01d8fc f   kd:kdinit.obj
 0001:0001c8fc       _FakeResetLoadSymbolsFlag  8c01d8fc f   kd:kdinit.obj
 0001:0001c900       _SetLoadSymbolsFlag        8c01d900 f   kd:kdinit.obj
 0001:0001c90c       _ResetLoadSymbolsFlag      8c01d90c f   kd:kdinit.obj
 0001:0001c91c       _WideToSingle              8c01d91c f   kd:odebug.obj
 0001:0001c944       _NKOtherPrintfW            8c01d944 f   kd:odebug.obj
 0001:0001c990       _ProcessZone               8c01d990 f   kd:odebug.obj
 0001:0001c9b8       _SendSavedPackets          8c01d9b8 f   kd:kdapi.obj
 0001:0001ca64       _KdpSendWaitContinue       8c01da64 f   kd:kdapi.obj
 0001:0001cf08       _KdpReadVirtualMemory      8c01df08 f   kd:kdapi.obj
 0001:0001cf80       _KdpWriteVirtualMemory     8c01df80 f   kd:kdapi.obj
 0001:0001cfe0       _KdpGetContext             8c01dfe0 f   kd:kdapi.obj
 0001:0001d0ec       _KdpSetContext             8c01e0ec f   kd:kdapi.obj
 0001:0001d1a8       _KdpWriteBreakpoint        8c01e1a8 f   kd:kdapi.obj
 0001:0001d200       _KdpRestoreBreakpoint      8c01e200 f   kd:kdapi.obj
 0001:0001d230       _KdpReportExceptionStateChange 8c01e230 f   kd:kdapi.obj
 0001:0001d294       _KdpReportLoadSymbolsStateChange 8c01e294 f   kd:kdapi.obj
 0001:0001d4b0       _KdpReadPhysicalMemory     8c01e4b0 f   kd:kdapi.obj
 0001:0001d5b8       _KdpWritePhysicalMemory    8c01e5b8 f   kd:kdapi.obj
 0001:0001d698       _KdpGetVersion             8c01e698 f   kd:kdapi.obj
 0001:0001d708       _KdpWriteBreakPointEx      8c01e708 f   kd:kdapi.obj
 0001:0001d7c0       _KdpRestoreBreakPointEx    8c01e7c0 f   kd:kdapi.obj
 0001:0001d834       _ModuleFromAddress         8c01e834 f   kd:dbg.obj
 0001:0001d888       _GetWin32ExeName           8c01e888 f   kd:dbg.obj
 0001:0001d89c       _GetNameandImageBase       8c01e89c f   kd:dbg.obj
 0001:0001da00       _MarshalThread             8c01ea00 f   kd:dbg.obj
 0001:0001da74       _MarshalProcess            8c01ea74 f   kd:dbg.obj
 0001:0001db34       _GetProcessInfo            8c01eb34 f   kd:dbg.obj
 0001:0001dbd4       _GetSpecificProcessInfo    8c01ebd4 f   kd:dbg.obj
 0001:0001dc74       _SwitchToProcess           8c01ec74 f   kd:dbg.obj
 0001:0001dc88       _ClearProcessSwitch        8c01ec88 f   kd:dbg.obj
 0001:0001dc9c       _VerifyAddress             8c01ec9c f   kd:dbg.obj
 0001:0001defc       _TranslateRA               8c01eefc f   kd:dbg.obj
 0001:0001e008       _TranslateAddress          8c01f008 f   kd:dbg.obj
 0001:0001e200       _SwitchToThread            8c01f200 f   kd:dbg.obj
 0001:0001e280       _ClearThreadSwitch         8c01f280 f   kd:dbg.obj
 0001:0001e368       _ByteToNum                 8c01f368 f   kd:dbg.obj
 0001:0001e3b8       _SH3strtoul                8c01f3b8 f   kd:dbg.obj
 0001:0001e3f4       _SetKernLoadAddress        8c01f3f4 f   kd:dbg.obj
 0001:0001e418       _KdpTrap                   8c01f418 f   kd:kdtrap.obj
 0001:0001e77c       _UpdateSymbols             8c01f77c f   kd:kdtrap.obj
 0001:0001e808       _KdpPrintString            8c01f808 f   kd:kddbgio.obj
 0001:0001e924       _FillEdbgBuffer            8c01f924 f   kd:kdtran.obj
 0001:0001e99c       _WriteEdbgBuffer           8c01f99c f   kd:kdtran.obj
 0001:0001ea98       _SwitchKdbgToEther         8c01fa98 f   kd:kdtran.obj
 0001:0001eb34       _KdPortGetByte             8c01fb34 f   kd:kdtran.obj
 0001:0001eb78       _KdPortPutByte             8c01fb78 f   kd:kdtran.obj
 0001:0001eb90       _KdClearCommError          8c01fb90 f   kd:kdtran.obj
 0001:0001eba8       _KdInterruptsOff           8c01fba8 f   kd:kdtran.obj
 0001:0001ebc8       _KdInterruptsOn            8c01fbc8 f   kd:kdtran.obj
 0001:0001ebe8       _KdpComputeChecksum        8c01fbe8 f   kd:kdcomio.obj
 0001:0001ec24       _KdpReceivePacketLeader    8c01fc24 f   kd:kdcomio.obj
 0001:0001ed28       _KdpReceiveString          8c01fd28 f   kd:kdcomio.obj
 0001:0001ed68       _KdpSendString             8c01fd68 f   kd:kdcomio.obj
 0001:0001ed94       _KdpSendControlPacket      8c01fd94 f   kd:kdcomio.obj
 0001:0001eddc       _KdpReceivePacket          8c01fddc f   kd:kdcomio.obj
 0001:0001f0c8       _KdpSendPacket             8c0200c8 f   kd:kdcomio.obj
 0001:0001f24c       _KdpSetLoadState           8c02024c f   kd:kdctrl.obj
 0001:0001f278       _KdpSetStateChange         8c020278 f   kd:kdctrl.obj
 0001:0001f3dc       _KdpReadControlSpace       8c0203dc f   kd:kdctrl.obj
 0001:0001f764       _KdpWriteControlSpace      8c020764 f   kd:kdctrl.obj
 0001:0001f898       _KdpReadIoSpace            8c020898 f   kd:kdctrl.obj
 0001:0001f96c       _KdpWriteIoSpace           8c02096c f   kd:kdctrl.obj
 0001:0001fa3c       _ReloadAllSymbols          8c020a3c f   kd:kdctrl.obj
 0001:0001fb94       _KdpMoveMemory             8c020b94 f   kd:kdmove.obj
 0001:0001fc84       _KdpQuickMoveMemory        8c020c84 f   kd:kdmove.obj
 0001:0001fc98       _KdpAddBreakpoint          8c020c98 f   kd:kdbreak.obj
 0001:00020074       _KdpDeleteBreakpoint       8c021074 f   kd:kdbreak.obj
 0001:00020270       _ThreadStopFunc            8c021270 f   kd:kdasm.obj
 0001:00020278       _CpuContextToContext       8c021278 f   kd:kdkernel.obj
 0001:000202a8       _KatanaInterruptEnable     8c0212a8 f   hal:cfwkatan.obj
 0001:000202d8       _KatanaInterruptDisable    8c0212d8 f   hal:cfwkatan.obj
 0001:0002030c       _KatanaInterruptDone       8c02130c f   hal:cfwkatan.obj
 0001:00020330       _DMACInterruptEnable       8c021330 f   hal:cfwkatan.obj
 0001:00020384       _DMACInterruptDisable      8c021384 f   hal:cfwkatan.obj
 0001:000203b8       _DMACInterruptDone         8c0213b8 f   hal:cfwkatan.obj
 0001:000203ec       _SCIFInterruptEnable       8c0213ec f   hal:cfwkatan.obj
 0001:00020410       _SCIFInterruptDisable      8c021410 f   hal:cfwkatan.obj
 0001:00020430       _SCIFInterruptDone         8c021430 f   hal:cfwkatan.obj
 0001:00020454       _JTAGInterruptEnable       8c021454 f   hal:cfwkatan.obj
 0001:00020478       _JTAGInterruptDisable      8c021478 f   hal:cfwkatan.obj
 0001:00020498       _JTAGInterruptDone         8c021498 f   hal:cfwkatan.obj
 0001:000204bc       _OEMInit                   8c0214bc f   hal:cfwkatan.obj
 0001:000205e4       _OEMInterruptEnable        8c0215e4 f   hal:cfwkatan.obj
 0001:00020614       _OEMInterruptDisable       8c021614 f   hal:cfwkatan.obj
 0001:00020640       _OEMInterruptDone          8c021640 f   hal:cfwkatan.obj
 0001:0002066c       _OEMInterruptStatus        8c02166c f   hal:cfwkatan.obj
 0001:000206a8       _OEMInterruptInclude       8c0216a8 f   hal:cfwkatan.obj
 0001:000206d4       _OEMInterruptExclude       8c0216d4 f   hal:cfwkatan.obj
 0001:00020700       _OEMGetPlatformVersion     8c021700 f   hal:cfwkatan.obj
 0001:000207a4       _OEMGetRealTime            8c0217a4 f   hal:rtc.obj
 0001:00020834       _StartIntervalTimer        8c021834 f   hal:ktimer.obj
 0001:0002086c       _StopIntervalTimer         8c02186c f   hal:ktimer.obj
 0001:0002088c       _InitClock                 8c02188c f   hal:ktimer.obj
 0001:00020978       _GetTimerPeriod            8c021978 f   hal:ktimer.obj
 0001:0002097c       _SC_GetTickCount           8c02197c f   hal:ktimer.obj
 0001:000209bc       _GetLongLongCount          8c0219bc f   hal:ktimer.obj
 0001:00020a00       _GetLongLongPeriod         8c021a00 f   hal:ktimer.obj
 0001:00020a10       _OEMIoControl              8c021a10 f   hal:oemioctl.obj
 0001:00020ae8       _ReadASERxBuf              8c021ae8 f   hal:mdppfs.obj
 0001:00020b18       _MarkASERxBuf              8c021b18 f   hal:mdppfs.obj
 0001:00020b2c       _WriteASETxBuf             8c021b2c f   hal:mdppfs.obj
 0001:00020b5c       _OEMParallelPortInit       8c021b5c f   hal:mdppfs.obj
 0001:00020b98       _OEMParallelPortGetByte    8c021b98 f   hal:mdppfs.obj
 0001:00020ccc       _OEMParallelPortSendByte   8c021ccc f   hal:mdppfs.obj
 0001:00020dec       _OEMPowerOff               8c021dec f   hal:fwkatana.obj
 0001:00020e08       _KatanaISR2                8c021e08 f   hal:isr.obj
 0001:00020e9c       _KatanaISR4                8c021e9c f   hal:isr.obj
 0001:00020f34       _KatanaISR6                8c021f34 f   hal:isr.obj
 0001:00020f8c       IsrConstants               8c021f8c f   hal:isr.obj
 0001:00020fc0       _DMAC0ISR                  8c021fc0 f   hal:isr.obj
 0001:00020fd0       _DMAC1ISR                  8c021fd0 f   hal:isr.obj
 0001:00020fe0       _DMAC2ISR                  8c021fe0 f   hal:isr.obj
 0001:00020ff0       _DMAC3ISR                  8c021ff0 f   hal:isr.obj
 0001:00021000       DMACConstants              8c022000 f   hal:isr.obj
 0001:00021014       _JTAGISR                   8c022014 f   hal:isr.obj
 0001:00021028       _Timer0ISR                 8c022028 f   hal:timer.obj
 0001:00021054       _Timer1ISR                 8c022054 f   hal:timer.obj
 0001:00021070       _OEMInitDebugSerial        8c022070 f   asedbg:debug.obj
 0001:00021138       _OEMWriteDebugString       8c022138 f   asedbg:debug.obj
 0001:000211d8       _OEMWriteDebugByte         8c0221d8 f   asedbg:debug.obj
 0001:000212b8       _OEMReadDebugByte          8c0222b8 f   asedbg:debug.obj
 0001:000213a4       _SerialInit                8c0223a4 f   asedbg:init.obj
 0001:000213d8       _SCIFISR                   8c0223d8 f   asedbg:isr.obj
 0001:000213ec       _WDMInitCommonBuffers      8c0223ec f   wdmhal:hal.obj
 0001:0002150c       __HalAllocateCommonBuffer  8c02250c f   wdmhal:hal.obj
 0001:000215d0       __HalFreeCommonBuffer      8c0225d0 f   wdmhal:hal.obj
 0001:000216fc       __HalWriteHacbUserId       8c0226fc f   wdmhal:hal.obj
 0001:00021750       __HalReadHacbUserId        8c022750 f   wdmhal:hal.obj
 0001:000217a8       _WDMInitialize             8c0227a8 f   wdmhal:wdmhal.obj
 0001:000217f8       _SC_TurnOffSyscallProfiling 8c0227f8 f   wdmhal:wdmhal.obj
 0001:000217f8       _FakeUpdateSymbols         8c0227f8 f   wdmhal:wdmhal.obj
 0001:000217f8       _NotifyCallback            8c0227f8 f   wdmhal:wdmhal.obj
 0001:000217f8       _SC_FilterTrackedItem      8c0227f8 f   wdmhal:wdmhal.obj
 0001:000217f8       _SC_ProfileSyscall         8c0227f8 f   wdmhal:wdmhal.obj
 0001:000217f8       _KdTerminateTransport      8c0227f8 f   wdmhal:wdmhal.obj
 0001:000217f8       _SC_DumpKCallProfile       8c0227f8 f   wdmhal:wdmhal.obj
 0001:000217f8       _SC_TurnOnSyscallProfiling 8c0227f8 f   wdmhal:wdmhal.obj
 0001:000217f8       _OEMClearDebugCommError    8c0227f8 f   wdmhal:wdmhal.obj
 0001:000217f8       _KdpGetStateChange         8c0227f8 f   wdmhal:wdmhal.obj
 0001:000217f8       _NOPIFunc                  8c0227f8 f   wdmhal:wdmhal.obj
 0001:000217fc       _MmProbeAndLockPages       8c0227fc f   wdmhal:mm.obj
 0001:000218ec       _MmUnlockPages             8c0228ec f   wdmhal:mm.obj
 0001:0002191c       _MmBuildMdlForNonPagedPool 8c02291c f   wdmhal:mm.obj
 0001:00021984       _memmove                   8c022984 f   fulllibc:memmove.obj
 0001:00021a84       _memcpy                    8c022a84     fulllibc:memmove.obj
 0001:00021c4c       _memset                    8c022c4c f   fulllibc:memset.obj
 0001:00021d68       __bandi64                  8c022d68 f   fulllibc:i64band.obj
 0001:00021d7c       __uitoi64                  8c022d7c     fulllibc:utoi64.obj
 0001:00021d7c       __uitoui64                 8c022d7c f   fulllibc:utoi64.obj
 0001:00021d88       __lshi64                   8c022d88 f   fulllibc:lshi64.obj
 0001:00021da8       __rshi64                   8c022da8 f   fulllibc:rshi64.obj
 0001:00021dc8       __ui64toui                 8c022dc8     fulllibc:i64toi.obj
 0001:00021dc8       __ui64toi                  8c022dc8     fulllibc:i64toi.obj
 0001:00021dc8       __i64toui                  8c022dc8     fulllibc:i64toi.obj
 0001:00021dc8       __i64toi                   8c022dc8 f   fulllibc:i64toi.obj
 0001:00021dcc       __muli64                   8c022dcc f   fulllibc:i64mul.obj
 0001:00021edc       __divi64                   8c022edc f   fulllibc:i64div.obj
 0001:00021fd8       __divlu                    8c022fd8 f   fulllibc:__divlu.obj
 0001:00022084       __modlu                    8c023084 f   fulllibc:__modlu.obj
 0001:0002213c       __modls                    8c02313c f   fulllibc:__modls.obj
 0001:00022200       _strcmp                    8c023200 f   fulllibc:strcmp.obj
 0001:000222c0       _strlen                    8c0232c0 f   fulllibc:strlen.obj
 0001:00022320       __modi64                   8c023320 f   fulllibc:i64mod.obj
 0001:000223d4       __itoi64                   8c0233d4     fulllibc:itoi64.obj
 0001:000223d4       __itoui64                  8c0233d4 f   fulllibc:itoi64.obj
 0001:000223e4       _strncpy                   8c0233e4 f   fulllibc:strncpy.obj
 0001:0002241c       _strcat                    8c02341c f   fulllibc:strcat.obj
 0001:00022474       _strcpy                    8c023474     fulllibc:strcat.obj
 0001:00022510       __mului64                  8c023510 f   fulllibc:i64mulu.obj
 0001:0002260c       __eqi64                    8c02360c f   fulllibc:eqi64.obj
 0001:00022620       __lti64                    8c023620 f   fulllibc:lti64.obj
 0001:00022648       __divui64                  8c023648 f   fulllibc:i64divu.obj
 0001:000227e4       _IDivExcept                8c0237e4 f   fulllibc:idivxcpt.obj
 0001:00022804       __rshui64                  8c023804 f   fulllibc:rshui64.obj
 0001:00022824       __gtui64                   8c023824 f   fulllibc:gtui64.obj
 0001:0002284c       __nei64                    8c02384c f   fulllibc:nei64.obj
 0001:00022864       __leui64                   8c023864 f   fulllibc:leui64.obj
 0001:0002288c       _OEMMapInterrupt           8c02388c f   hal:oemwdm.obj
 0002:00000000       _KDBase                    8c024000     nk:shexcept.obj
 0002:000017e0       _KStack                    8c0257e0     nk:shexcept.obj
 0002:00001800       _KData                     8c025800     nk:shexcept.obj
 0002:00001888       _CurMSec                   8c025888     nk:shexcept.obj
 0003:00000000       ExceptionTable             8c026000     nk:shexcept.obj
 0003:00000040       _InterruptTable            8c026040     nk:shexcept.obj
 0003:00000104       _HandleList                8c026104     nk:objdisp.obj
 0003:0000010c       _CStkFreeList              8c02610c     nk:objdisp.obj
 0003:00000110       _currmaxprio               8c026110     nk:schedule.obj
 0003:00000114       _kdProcArray               8c026114     nk:schedule.obj
 0003:00000118       _kdpKData                  8c026118     nk:schedule.obj
 0003:0000011c       _KDTrap                    8c02611c     nk:kwin32.obj
 0003:00000120       _KDPrintString             8c026120     nk:kwin32.obj
 0003:00000124       _KDSetLoadSymbolsFlag      8c026124     nk:kwin32.obj
 0003:00000128       _KDResetLoadSymbolsFlag    8c026128     nk:kwin32.obj
 0003:0000012c       _KDUpdateSymbols           8c02612c     nk:kwin32.obj
 0003:00000130       _CommDev                   8c026130     nk:kwin32.obj
 0003:00000134       _lpWriteDebugStringFunc    8c026134     nk:kwin32.obj
 0003:00000138       _lpReadDebugByteFunc       8c026138     nk:kwin32.obj
 0003:0000013c       _lpWriteDebugByteFunc      8c02613c     nk:kwin32.obj
 0003:00000140       _lpParallelPortSendByteFunc 8c026140     nk:kwin32.obj
 0003:00000144       _lpParallelPortGetByteFunc 8c026144     nk:kwin32.obj
 0003:00000148       _currcrumb                 8c026148     nk:loader.obj
 0003:0000014c       _FirstFreeSection          8c02614c     nk:virtmem.obj
 0003:00000150       _AutoPagePFN               8c026150     nk:virtmem.obj
 0003:00000154       _heapptr                   8c026154     nk:heap.obj
 0003:00000280       _FillArena                 8c026280     nk:heap.obj
 0003:00000284       _SmallestSize              8c026284     nk:heap.obj
 0003:00000288       _PprcScavTarget            8c026288     nk:physmem.obj
 0003:0000028c       _cfile                     8c02628c     nk:resource.obj
 0003:00000290       _cblock                    8c026290     nk:resource.obj
 0003:0000029c       _PProfileInterrupt         8c02629c     nk:profiler.obj
 0003:000002a0       _lpPrintString             8c0262a0     kd:kdinit.obj
 0003:000002a4       _PKDInit                   8c0262a4     kd:kdinit.obj
 0003:000002a8       _KdpCleanup                8c0262a8     kd:kdinit.obj
 0003:000002ac       _LoadSymbolsFlag           8c0262ac     kd:kdinit.obj
 0003:000002b0       _dwCurSetting              8c0262b0     kd:odebug.obj
 0003:000002b4       _zonestr                   8c0262b4     kd:odebug.obj
 0003:00000320       _dwModeFile                8c026320     kd:odebug.obj
 0003:00000324       _KdpSendContext            8c026324     kd:kdapi.obj
 0003:00000328       _InDebugger                8c026328     kd:kdapi.obj
 0003:00000334       _KdpRetryCount             8c026334     kd:kdcomio.obj
 0003:00000338       _KdpNumberRetries          8c026338     kd:kdcomio.obj
 0003:0000033c       _g_DAPresent               8c02633c     hal:cfwkatan.obj
 0003:00000340       _g_KIntrList               8c026340     hal:cfwkatan.obj
 0003:00000460       _g_DMACEnable              8c026460     hal:cfwkatan.obj
 0003:00000464       _g_SCIFEnable              8c026464     hal:cfwkatan.obj
 0003:00000468       _g_JTAGEnable              8c026468     hal:cfwkatan.obj
 0003:0000046c       _GInterruptList            8c02646c     hal:cfwkatan.obj
 0003:00000550       _OEMPlatformVersion        8c026550     hal:cfwkatan.obj
 0003:00000558       _ASEBIOS_VECTOR            8c026558     hal:cfwkatan.obj
 0003:0000055c       _OEMClockFreq              8c02655c     hal:cfwkatan.obj
 0003:00000560       _g_ReadDelay               8c026560     hal:mdppfs.obj
 0003:00000564       _RxBufBound                8c026564     hal:mdppfs.obj
 0003:00000568       _RxBufPtr                  8c026568     hal:mdppfs.obj
 0003:0000056c       _TxBufBound                8c02656c     hal:mdppfs.obj
 0003:00000570       _OEMExtraCCR               8c026570     hal:fwkatana.obj
 0003:00000574       _OEMCpuPhysicalMemoryOffset 8c026574     hal:fwkatana.obj
 0003:00000578       _SizeRead                  8c026578     asedbg:debug.obj
 0003:0000057c       _PrtRead                   8c02657c     asedbg:debug.obj
 0003:00000580       _SizeWrite                 8c026580     asedbg:debug.obj
 0003:00000584       _MaxSizeWrite              8c026584     asedbg:debug.obj
 0003:00001020       _lz77Globals               8c027020     <common>
 0003:0000604c       _LZBLOCKBITS               8c02c04c     <common>
 0003:00006060       _CompCS                    8c02c060     <common>
 0003:00006080       _RFBcs                     8c02c080     <common>
 0003:000060a0       _lpDecBuf                  8c02c0a0     <common>
 0003:000070a0       _ppfscs                    8c02d0a0     <common>
 0003:000070b4       _PaNextAlloc               8c02d0b4     <common>
 0003:000070b8       _GwesCriticalBlockSize     8c02d0b8     <common>
 0003:000070bc       _PageOutTrigger            8c02d0bc     <common>
 0003:000070c0       _PageOutNeeded             8c02d0c0     <common>
 0003:000070c4       _KHeapCur                  8c02d0c4     <common>
 0003:000070c8       _PfiKHeap                  8c02d0c8     <common>
 0003:000070cc       _KHeap                     8c02d0cc     <common>
 0003:000070d0       _GwesOOMEvent              8c02d0d0     <common>
 0003:000070d4       _GwesLowThreshold          8c02d0d4     <common>
 0003:000070d8       _PaKHeap                   8c02d0d8     <common>
 0003:000070dc       _PageOutLevel              8c02d0dc     <common>
 0003:000070e0       _PfiAlloc                  8c02d0e0     <common>
 0003:000070e4       _StackScavCount            8c02d0e4     <common>
 0003:000070e8       _GwesCriticalThreshold     8c02d0e8     <common>
 0003:000070ec       _PaKHeapLimit              8c02d0ec     <common>
 0003:000070f0       _PthScavTarget             8c02d0f0     <common>
 0003:000070f4       _SparePFN                  8c02d0f4     <common>
 0003:00007100       _PhysCS                    8c02d100     <common>
 0003:00007114       _GwesLowBlockSize          8c02d114     <common>
 0003:00007118       _pCFMCleanup               8c02d118     <common>
 0003:00007120       _WriterCS                  8c02d120     <common>
 0003:00007140       _MapCS                     8c02d140     <common>
 0003:00007160       _MapNameCS                 8c02d160     <common>
 0003:00007174       _pHugeCleanList            8c02d174     <common>
 0003:00007180       _rbSubRes                  8c02d180     <common>
 0003:000071f8       _rbRes                     8c02d1f8     <common>
 0003:000071fc       _hMapList                  8c02d1fc     <common>
 0003:00007200       _PmbDecommitting           8c02d200     <common>
 0003:00007204       _hevNeedAutoPage           8c02d204     <common>
 0003:00007220       _NKSection                 8c02d220     <common>
 0003:00007a20       _hevAutoCommit             8c02da20     <common>
 0003:00007a40       _VAcs                      8c02da40     <common>
 0003:00007a60       _ODScs                     8c02da60     <common>
 0003:00007a80       _LLcs                      8c02da80     <common>
 0003:00007a94       _pNotifyForceCleanboot     8c02da94     <common>
 0003:00007a98       _PagedInCount              8c02da98     <common>
 0003:00007a9c       _MainMemoryEndAddress      8c02da9c     <common>
 0003:00007aa0       _pOEMLoadInit              8c02daa0     <common>
 0003:00007aa4       _pOEMLoadModule            8c02daa4     <common>
 0003:00007ac0       _FreeInfo                  8c02dac0     <common>
 0003:00007af0       _MemoryInfo                8c02daf0     <common>
 0003:00007b00       _PtrKData                  8c02db00     <common>
 0003:00007b20       _PagerCS                   8c02db20     <common>
 0003:00007b40       _ModListcs                 8c02db40     <common>
 0003:00007b54       _LogPtr                    8c02db54     <common>
 0003:00007b58       _GwesPowerKey              8c02db58     <common>
 0003:00007b5c       _GwesPowerProc             8c02db5c     <common>
 0003:00007b60       _pWriteDebugLED            8c02db60     <common>
 0003:00007b64       _WDevicePowerProc          8c02db64     <common>
 0003:00007b68       _PowerProc                 8c02db68     <common>
 0003:00007b6c       _pEdbgRegisterDfltClient   8c02db6c     <common>
 0003:00007b70       _ReadyForStrings           8c02db70     <common>
 0003:00007b74       _PpfsEthBuf                8c02db74     <common>
 0003:00007b78       _BufferedPPFS              8c02db78     <common>
 0003:00007b7c       _GwesPowerFunc             8c02db7c     <common>
 0003:00007b80       _pEdbgInitializeInterrupt  8c02db80     <common>
 0003:00007b84       _PowerFunc                 8c02db84     <common>
 0003:00007b88       _PowerKey                  8c02db88     <common>
 0003:00007b8c       _pEdbgRecv                 8c02db8c     <common>
 0003:00007b90       _WDevicePowerFunc          8c02db90     <common>
 0003:00007b94       _pEdbgSend                 8c02db94     <common>
 0003:00007b98       _WDevicePowerKey           8c02db98     <common>
 0003:00007b9c       _lpCritList                8c02db9c     <common>
 0003:00007ba0       _hReprioThread             8c02dba0     <common>
 0003:00007ba4       _TBFf                      8c02dba4     <common>
 0003:00007ba8       _curridlehigh              8c02dba8     <common>
 0003:00007bac       _pReprioThread             8c02dbac     <common>
 0003:00007bc0       _NameCS                    8c02dbc0     <common>
 0003:00007bd4       _ticksleft                 8c02dbd4     <common>
 0003:00007bd8       _curridlelow               8c02dbd8     <common>
 0003:00007bdc       _hJitter                   8c02dbdc     <common>
 0003:00007be0       _bLastIdle                 8c02dbe0     <common>
 0003:00007be4       _pReadRegistryFromOEM      8c02dbe4     <common>
 0003:00007be8       _KSystemTimeToFileTime     8c02dbe8     <common>
 0003:00007bec       _pQueryPerformanceCounter  8c02dbec     <common>
 0003:00007bf0       _PageOutForced             8c02dbf0     <common>
 0003:00007bf4       _pIsExiting                8c02dbf4     <common>
 0003:00007bf8       _DaylightBias              8c02dbf8     <common>
 0003:00007bfc       _pWriteRegistryToOEM       8c02dbfc     <common>
 0003:00007c00       _hEventReprio              8c02dc00     <common>
 0003:00007c04       _ReprioHighest             8c02dc04     <common>
 0003:00007c08       _bInNextThread             8c02dc08     <common>
 0003:00007c0c       _KFileTimeToSystemTime     8c02dc0c     <common>
 0003:00007c10       _hAlarmEvent               8c02dc10     <common>
 0003:00007c14       _pLogProcessCreate         8c02dc14     <common>
 0003:00007c18       _pGetProcessHeap           8c02dc18     <common>
 0003:00007c20       _RunList                   8c02dc20     <common>
 0003:00007c70       _pLogThreadCreate          8c02dc70     <common>
 0003:00007c74       _hMutexList                8c02dc74     <common>
 0003:00007c78       _nextapp                   8c02dc78     <common>
 0003:00007c7c       _pLogThreadSwitch          8c02dc7c     <common>
 0003:00007c80       _pappinfo                  8c02dc80     <common>
 0003:00007c84       _pLogThreadDelete          8c02dc84     <common>
 0003:00007c88       _pQueryPerformanceFrequency 8c02dc88     <common>
 0003:00007c8c       _SleepList                 8c02dc8c     <common>
 0003:00007c90       _lpcleanupNotes            8c02dc90     <common>
 0003:00007c94       _GLT                       8c02dc94     <common>
 0003:00007ca0       _CurAlarmTime              8c02dca0     <common>
 0003:00007cb0       _hCoreDll                  8c02dcb0     <common>
 0003:00007cb4       _idleconv                  8c02dcb4     <common>
 0003:00007cb8       _KCompareFileTime          8c02dcb8     <common>
 0003:00007cbc       _JITf                      8c02dcbc     <common>
 0003:00007cc0       _Reprioq                   8c02dcc0     <common>
 0003:00007d20       _csDbg                     8c02dd20     <common>
 0003:00007d34       _pDebugger                 8c02dd34     <common>
 0003:00007d38       _MTBFf                     8c02dd38     <common>
 0003:00007d3c       _hCleanupEvent             8c02dd3c     <common>
 0003:00007d40       _pLogProcessDelete         8c02dd40     <common>
 0003:00007d44       _CurrTime                  8c02dd44     <common>
 0003:00007d48       _pEventReprio              8c02dd48     <common>
 0003:00007d4c       _InDaylight                8c02dd4c     <common>
 0003:00007d50       _pGetHeapSnapshot          8c02dd50     <common>
 0003:00007d60       _DbgApiCS                  8c02dd60     <common>
 0003:00007d74       _hSignalApp                8c02dd74     <common>
 0003:00007d78       _NormalBias                8c02dd78     <common>
 0003:00007d7c       _pCleanupEvent             8c02dd7c     <common>
 0003:00007d80       _initStack                 8c02dd80     <common>
 0003:00008d80       _pExitThread               8c02ed80     <common>
 0003:00008d84       _pPath                     8c02ed84     <common>
 0003:00008d88       _hEventList                8c02ed88     <common>
 0003:00008d8c       _pPSLNotify                8c02ed8c     <common>
 0003:00008d90       _hAlarmThreadWakeup        8c02ed90     <common>
 0003:00008da0       _ProcArray                 8c02eda0     <common>
 0003:0000a120       _rtccs                     8c030120     <common>
 0003:0000a140       _SystemAPISets             8c030140     <common>
 0003:0000a1c0       _PhdNext                   8c0301c0     <common>
 0003:0000a1c4       _KernelGlobalBase          8c0301c4     <common>
 0003:0000a1c8       _PhdPrevReturn             8c0301c8     <common>
 0003:0000a1e0       _KModeEXCINFO              8c0301e0     <common>
 0003:0000a1f4       _dwStoreQueueBase          8c0301f4     <common>
 0003:0000a1f8       _Content                   8c0301f8     <common>
 0003:0000a1fa       _KContent                  8c0301fa     <common>
 0003:0000a1fc       _fThreadWalk               8c0301fc     <common>
 0003:0000a200       _bGlobalBreakPoint         8c030200     <common>
 0003:0000a201       _KdDebuggerNotPresent      8c030201     <common>
 0003:0000a202       _KdpControlCPending        8c030202     <common>
 0003:0000a204       _KdpUseTCPSockets          8c030204     <common>
 0003:0000a208       _KdpUseUDPSockets          8c030208     <common>
 0003:0000a20c       _KdpUseEdbg                8c03020c     <common>
 0003:0000a220       _szBuf                     8c030220     <common>
 0003:0000a428       _pBreakThd                 8c030428     <common>
 0003:0000a42c       _BreakPC                   8c03042c     <common>
 0003:0000a430       _pLastProc                 8c030430     <common>
 0003:0000a434       _BreakMode                 8c030434     <common>
 0003:0000a438       _dwKernSize                8c030438     <common>
 0003:0000a43c       _pStk                      8c03043c     <common>
 0003:0000a440       _pWalkThread               8c030440     <common>
 0003:0000a444       _dwKernBase                8c030444     <common>
 0003:0000a460       _ManipulateState           8c030460     <common>
 0003:0000a494       _packetsIndex              8c030494     <common>
 0003:0000a498       _socketReady               8c030498     <common>
 0003:0000a49c       _fDbgConnected             8c03049c     <common>
 0003:0000a4a0       _SavedPackets              8c0304a0     <common>
 0003:0000f630       _fAtBreakState             8c035630     <common>
 0003:0000f640       _KdpBreakpointTable        8c035640     <common>
 0003:0000f940       _KdpMessageBuffer          8c035940     <common>
 0003:00010940       _wszBuf                    8c036940     <common>
 0003:00010d40       _ppshfile                  8c036d40     <common>
 0003:00010d44       _KdpNextPacketIdToSend     8c036d44     <common>
 0003:00010d48       _KdpPacketIdExpected       8c036d48     <common>
 0003:00010d4c       _KdDebuggerEnabled         8c036d4c     <common>
 0003:00010d50       _KdpImageBase              8c036d50     <common>
 0003:00010d54       _KdpOweBreakpoint          8c036d54     <common>
 0003:00010d60       _dpCurSettings             8c036d60     <common>
 0003:000111a4       _KdpBreakpointInstruction  8c0371a4     <common>
 0003:000111c0       _ASETxBuf                  8c0371c0     <common>
 0003:000111e0       _NoPPFS                    8c0371e0     <common>
 0003:00011200       _ASERxBuf                  8c037200     <common>
 0003:00011220       _TicksPerPeriod            8c037220     <common>
 0003:00011224       _TicksTo64kMSec            8c037224     <common>
 0003:00011240       _ReadBuf                   8c037240     <common>
 0003:00011260       _WriteBuf                  8c037260     <common>
 0003:00011264       _g_nMemoryArenas           8c037264     <common>
 0003:00011280       _csMemoryList              8c037280     <common>
 0003:00011294       _g_pvHacbUserIdVirtAddrs   8c037294     <common>
 0003:000112a0       _g_MemoryList              8c0372a0     <common>
 0003:00011300       _g_dwHacbUserIdPhysAddrs   8c037300     <common>
 0003:00011304       _g_pFreeNodeList           8c037304     <common>

 entry point at        0001:000022e0

 Static symbols

 0001:0001bea4       _LZInitialize              8c01cea4 f   nk:compress.obj
 0001:0001bed8       _LZHashAdd                 8c01ced8 f   nk:compress.obj
 0001:0001bf4c       _LZHashMatch               8c01cf4c f   nk:compress.obj
 0001:0001c0c8       _Out                       8c01d0c8 f   nk:compress.obj
 0001:0001c230       _CompressBlock             8c01d230 f   nk:compress.obj
 0001:0001c31c       _UncompressBlock           8c01d31c f   nk:compress.obj
 0001:0001c470       _Write3                    8c01d470 f   nk:compress.obj
 0001:0001c498       _CheckZeros                8c01d498 f   nk:compress.obj
 0001:0001c654       _Read3                     8c01d654 f   nk:compress.obj
 0001:0001a9c8       $FILTER11243               8c01b9c8 f   nk:resource.obj
 0001:000161e8       $FILTER10890               8c0171e8 f   nk:exdsptch.obj
 0001:00010000       $FILTER13502               8c011000 f   nk:loader.obj
 0001:0001045c       $FILTER13509               8c01145c f   nk:loader.obj
 0001:000132b0       $FILTER13757               8c0142b0 f   nk:loader.obj
 0001:0000b804       $FILTER14510               8c00c804 f   nk:schedule.obj
 0001:0000b9f4       $FILTER14517               8c00c9f4 f   nk:schedule.obj
 0001:0000ca0c       $FILTER14541               8c00da0c f   nk:schedule.obj
 0001:0000ccdc       $FILTER14558               8c00dcdc f   nk:schedule.obj
 0001:0001ea18       _send_byte_ether           8c01fa18 f   kd:kdtran.obj
 0001:0001ea54       _get_byte_ether            8c01fa54 f   kd:kdtran.obj
 0001:00021088       _OEMWriteDebugStringToDA   8c022088 f   asedbg:debug.obj

 112 bytes saved through ICF

