 nknodbg

 Timestamp is 38ad35da (Fri Feb 18 04:06:50 2000)

 Preferred load address is 8c000000

 Start         Length     Name                   Class
 0001:00000000 000010c0H .rdata                  CODE
 0001:000010c0 0001c972H .text                   CODE
 0001:0001da34 000000b4H .xdata                  CODE
 0001:0001dae8 00000000H .edata                  CODE
 0002:00000000 00001c00H .KDATA                  DATA
 0003:00000000 000004f4H .data                   DATA
 0003:000004f4 00009b94H .bss                    DATA
 0004:00000000 00001178H .pdata                  DATA

  Address         Publics by Value              Rva+Base     Lib:Object

 0001:0000001c       ??_C@_1IM@BEOJ@?$AA?$AN?$AA?6?$AAW?$AAi?$AAn?$AAd?$AAo?$AAw?$AAs?$AA?5?$AAC?$AAE?$AA?5?$AAK?$AAe?$AAr?$AAn?$AAe?$AAl?$AA?5@ 8c00101c     nk:mdsh3.obj
 0001:000000a8       ??_C@_1BM@HDFJ@?$AAS?$AAH?$AA?9?$AA4?$AA?5?$AAK?$AAe?$AAr?$AAn?$AAe?$AAl?$AA?$AN?$AA?6?$AA?$AA@ 8c0010a8     nk:mdsh3.obj
 0001:000000c4       ??_C@_1BI@KKKC@?$AAC?$AAC?$AAR?$AA?$DN?$AA?$CF?$AA4?$AA?4?$AA4?$AAx?$AA?$AN?$AA?6?$AA?$AA@ 8c0010c4     nk:mdsh3.obj
 0001:000000dc       ??_C@_1CE@KPPO@?$AAD?$AAu?$AAm?$AAp?$AAp?$AAi?$AAn?$AAg?$AA?5?$AA?$CF?$AAd?$AA?5?$AAw?$AAo?$AAr?$AAd?$AAs?$AA?$AA@ 8c0010dc     nk:mdsh3.obj
 0001:00000100       ??_C@_1BG@JOEC@?$AA?$AN?$AA?6?$AA?$CF?$AA8?$AA?4?$AA8?$AAl?$AAx?$AA?5?$AA?9?$AA?$AA@ 8c001100     nk:mdsh3.obj
 0001:00000118       ??_C@_1O@OJPM@?$AA?5?$AA?$CF?$AA4?$AA?4?$AA4?$AAx?$AA?$AA@ 8c001118     nk:mdsh3.obj
 0001:00000128       ??_C@_15BFAC@?$AA?$AN?$AA?6?$AA?$AA@ 8c001128     nk:mdsh3.obj
 0001:00000130       ??_C@_00A@?$AA@            8c001130     nk:mdsh3.obj
 0001:00000134       ??_C@_1GA@BIPK@?$AAE?$AAx?$AAc?$AAe?$AAp?$AAt?$AAi?$AAo?$AAn?$AA?5?$AA?$CF?$AA0?$AA3?$AAx?$AA?5?$AAT?$AAh?$AAr?$AAe?$AAa@ 8c001134     nk:mdsh3.obj
 0001:00000194       ??_C@_1FI@HDOJ@?$AAA?$AAK?$AAY?$AA?$DN?$AA?$CF?$AA8?$AA?4?$AA8?$AAl?$AAx?$AA?5?$AAP?$AAC?$AA?$DN?$AA?$CF?$AA8?$AA?4?$AA8?$AAl?$AAx@ 8c001194     nk:mdsh3.obj
 0001:000001ec       ??_C@_1CC@OJPP@?$AAH?$AAa?$AAl?$AAt?$AAi?$AAn?$AAg?$AA?5?$AAs?$AAy?$AAs?$AAt?$AAe?$AAm?$AA?$AN?$AA?6?$AA?$AA@ 8c0011ec     nk:mdsh3.obj
 0001:00000210       ??_C@_1GI@BKHB@?$AAE?$AAx?$AAc?$AAe?$AAp?$AAt?$AAi?$AAo?$AAn?$AA?5?$AA?$CF?$AA0?$AA3?$AAx?$AA?5?$AAT?$AAh?$AAr?$AAe?$AAa@ 8c001210     nk:mdsh3.obj
 0001:00000278       ??_C@_1FM@BBIN@?$AA?5?$AAR?$AA0?$AA?$DN?$AA?$CF?$AA8?$AA?4?$AA8?$AAl?$AAx?$AA?5?$AA?5?$AAR?$AA1?$AA?$DN?$AA?$CF?$AA8?$AA?4?$AA8?$AAl@ 8c001278     nk:mdsh3.obj
 0001:000002d4       ??_C@_1FM@HLM@?$AA?5?$AAR?$AA4?$AA?$DN?$AA?$CF?$AA8?$AA?4?$AA8?$AAl?$AAx?$AA?5?$AA?5?$AAR?$AA5?$AA?$DN?$AA?$CF?$AA8?$AA?4?$AA8?$AAl@ 8c0012d4     nk:mdsh3.obj
 0001:00000330       ??_C@_1FM@FAII@?$AA?5?$AAR?$AA8?$AA?$DN?$AA?$CF?$AA8?$AA?4?$AA8?$AAl?$AAx?$AA?5?$AA?5?$AAR?$AA9?$AA?$DN?$AA?$CF?$AA8?$AA?4?$AA8?$AAl@ 8c001330     nk:mdsh3.obj
 0001:0000038c       ??_C@_1FM@FCLC@?$AAR?$AA1?$AA2?$AA?$DN?$AA?$CF?$AA8?$AA?4?$AA8?$AAl?$AAx?$AA?5?$AAR?$AA1?$AA3?$AA?$DN?$AA?$CF?$AA8?$AA?4?$AA8?$AAl@ 8c00138c     nk:mdsh3.obj
 0001:000003e8       ??_C@_1EO@MEOI@?$AA?5?$AAP?$AAR?$AA?$DN?$AA?$CF?$AA8?$AA?4?$AA8?$AAl?$AAx?$AA?5?$AA?5?$AAS?$AAR?$AA?$DN?$AA?$CF?$AA8?$AA?4?$AA8?$AAl@ 8c0013e8     nk:mdsh3.obj
 0001:00000438       ??_C@_1GE@OEEM@?$AAP?$AAT?$AAE?$AAL?$AA?$DN?$AA?$CF?$AA8?$AA?4?$AA8?$AAl?$AAx?$AA?5?$AAP?$AAT?$AAE?$AAH?$AA?$DN?$AA?$CF?$AA8?$AA?4@ 8c001438     nk:mdsh3.obj
 0001:0000049c       ??_C@_1BK@GMJO@?$AAC?$AAC?$AAR?$AA?$DN?$AA?$CF?$AA8?$AA?4?$AA8?$AAl?$AAx?$AA?$AN?$AA?6?$AA?$AA@ 8c00149c     nk:mdsh3.obj
 0001:000004b8       ??_C@_1CG@PKHI@?$AAD?$AAu?$AAm?$AAp?$AAi?$AAn?$AAg?$AA?5?$AAS?$AAH?$AA4?$AA?5?$AAU?$AAT?$AAL?$AAB?$AA?$AN?$AA?6?$AA?$AA@ 8c0014b8     nk:mdsh3.obj
 0001:000004e0       ??_C@_1DE@ENPH@?$AA?$CF?$AA2?$AA?4?$AA2?$AAd?$AA?5?$AA?9?$AA?5?$AA?$CF?$AA8?$AA?4?$AA8?$AAl?$AAx?$AA?$CI?$AA?$CF?$AA2?$AA?4?$AA2?$AAl@ 8c0014e0     nk:mdsh3.obj
 0001:00000514       ??_C@_17HLDN@?$AA?5?$AA1?$AAM?$AA?$AA@ 8c001514     nk:mdsh3.obj
 0001:0000051c       ??_C@_17LJNN@?$AA6?$AA4?$AAK?$AA?$AA@ 8c00151c     nk:mdsh3.obj
 0001:00000524       ??_C@_17LHPK@?$AA?5?$AA4?$AAK?$AA?$AA@ 8c001524     nk:mdsh3.obj
 0001:0000052c       ??_C@_17JHEK@?$AA?5?$AA1?$AAK?$AA?$AA@ 8c00152c     nk:mdsh3.obj
 0001:00000534       ??_C@_1DK@FIKO@?$AA?$CF?$AA8?$AA?4?$AA8?$AAl?$AAx?$AA?5?$AA?$CF?$AAc?$AA?5?$AA?$CF?$AAc?$AA?$CF?$AAc?$AA?5?$AA?$CF?$AAs?$AA?5?$AA?$CF?$AAc@ 8c001534     nk:mdsh3.obj
 0001:00000570       _APISetMethods             8c001570     nk:objdisp.obj
 0001:00000584       _cinfAPISet                8c001584     nk:objdisp.obj
 0001:00000598       _ThrdMthds                 8c001598     nk:schedule.obj
 0001:000005c0       _ProcMthds                 8c0015c0     nk:schedule.obj
 0001:000005e4       _EvntMthds                 8c0015e4     nk:schedule.obj
 0001:000005f4       _MutxMthds                 8c0015f4     nk:schedule.obj
 0001:00000600       _cinfThread                8c001600     nk:schedule.obj
 0001:00000614       _cinfProc                  8c001614     nk:schedule.obj
 0001:00000628       _cinfEvent                 8c001628     nk:schedule.obj
 0001:0000063c       _cinfMutex                 8c00163c     nk:schedule.obj
 0001:00000650       _Hexmap                    8c001650     nk:schedule.obj
 0001:00000664       _PageOutFunc               8c001664     nk:schedule.obj
 0001:00000670       ??_C@_1BI@PKPC@?$AAc?$AAo?$AAr?$AAe?$AAd?$AAl?$AAl?$AA?4?$AAd?$AAl?$AAl?$AA?$AA@ 8c001670     nk:schedule.obj
 0001:00000688       ??_C@_1BG@IGOF@?$AAE?$AAx?$AAi?$AAt?$AAT?$AAh?$AAr?$AAe?$AAa?$AAd?$AA?$AA@ 8c001688     nk:schedule.obj
 0001:000006a0       ??_C@_1BE@LDME@?$AAP?$AAS?$AAL?$AAN?$AAo?$AAt?$AAi?$AAf?$AAy?$AA?$AA@ 8c0016a0     nk:schedule.obj
 0001:000006b4       ??_C@_1BE@PABG@?$AAI?$AAs?$AAE?$AAx?$AAi?$AAt?$AAi?$AAn?$AAg?$AA?$AA@ 8c0016b4     nk:schedule.obj
 0001:000006c8       ??_C@_1CG@GDHH@?$AAM?$AAa?$AAi?$AAn?$AAT?$AAh?$AAr?$AAe?$AAa?$AAd?$AAB?$AAa?$AAs?$AAe?$AAF?$AAu?$AAn?$AAc?$AA?$AA@ 8c0016c8     nk:schedule.obj
 0001:000006f0       ??_C@_1BO@FDFD@?$AAT?$AAh?$AAr?$AAe?$AAa?$AAd?$AAB?$AAa?$AAs?$AAe?$AAF?$AAu?$AAn?$AAc?$AA?$AA@ 8c0016f0     nk:schedule.obj
 0001:00000710       ??_C@_1CK@OGEG@?$AAS?$AAy?$AAs?$AAt?$AAe?$AAm?$AAT?$AAi?$AAm?$AAe?$AAT?$AAo?$AAF?$AAi?$AAl?$AAe?$AAT?$AAi?$AAm?$AAe@ 8c001710     nk:schedule.obj
 0001:0000073c       ??_C@_1CK@ODFB@?$AAF?$AAi?$AAl?$AAe?$AAT?$AAi?$AAm?$AAe?$AAT?$AAo?$AAS?$AAy?$AAs?$AAt?$AAe?$AAm?$AAT?$AAi?$AAm?$AAe@ 8c00173c     nk:schedule.obj
 0001:00000768       ??_C@_1CA@COK@?$AAC?$AAo?$AAm?$AAp?$AAa?$AAr?$AAe?$AAF?$AAi?$AAl?$AAe?$AAT?$AAi?$AAm?$AAe?$AA?$AA@ 8c001768     nk:schedule.obj
 0001:00000788       ??_C@_1BK@BOJD@?$AAG?$AAe?$AAt?$AAL?$AAo?$AAc?$AAa?$AAl?$AAT?$AAi?$AAm?$AAe?$AA?$AA@ 8c001788     nk:schedule.obj
 0001:000007a4       ??_C@_1BO@OPIM@?$AAG?$AAe?$AAt?$AAP?$AAr?$AAo?$AAc?$AAe?$AAs?$AAs?$AAH?$AAe?$AAa?$AAp?$AA?$AA@ 8c0017a4     nk:schedule.obj
 0001:000007c4       ??_C@_1CA@BFNO@?$AAG?$AAe?$AAt?$AAH?$AAe?$AAa?$AAp?$AAS?$AAn?$AAa?$AAp?$AAs?$AAh?$AAo?$AAt?$AA?$AA@ 8c0017c4     nk:schedule.obj
 0001:000007e4       ??_C@_1BI@IAPN@?$AAf?$AAi?$AAl?$AAe?$AAs?$AAy?$AAs?$AA?4?$AAe?$AAx?$AAe?$AA?$AA@ 8c0017e4     nk:schedule.obj
 0001:000007fc       ??_C@_1BC@OBKN@?$AAC?$AAE?$AAF?$AAT?$AA?4?$AAd?$AAl?$AAl?$AA?$AA@ 8c0017fc     nk:schedule.obj
 0001:00000810       ??_C@_1BE@ICBA@?$AAM?$AAo?$AAd?$AAu?$AAl?$AAe?$AAJ?$AAi?$AAt?$AA?$AA@ 8c001810     nk:schedule.obj
 0001:00000824       ??_C@_1M@GFFL@?$AAD?$AAe?$AAb?$AAu?$AAg?$AA?$AA@ 8c001824     nk:schedule.obj
 0001:00000830       ??_C@_1BI@NGDH@?$AAJ?$AAI?$AAT?$AAD?$AAe?$AAb?$AAu?$AAg?$AAg?$AAe?$AAr?$AA?$AA@ 8c001830     nk:schedule.obj
 0001:00000848       ??_C@_1O@BNMB@?$AAL?$AAo?$AAa?$AAd?$AAe?$AAr?$AA?$AA@ 8c001848     nk:schedule.obj
 0001:00000858       ??_C@_1BG@LBGB@?$AAS?$AAy?$AAs?$AAt?$AAe?$AAm?$AAP?$AAa?$AAt?$AAh?$AA?$AA@ 8c001858     nk:schedule.obj
 0001:00000870       ??_C@_19ONLF@?$AAi?$AAn?$AAi?$AAt?$AA?$AA@ 8c001870     nk:schedule.obj
 0001:0000087c       ??_C@_1O@OHJG@?$AAL?$AAa?$AAu?$AAn?$AAc?$AAh?$AA?$AA@ 8c00187c     nk:schedule.obj
 0001:0000088c       ??_C@_1O@PDMI@?$AAD?$AAe?$AAp?$AAe?$AAn?$AAd?$AA?$AA@ 8c00188c     nk:schedule.obj
 0001:0000089c       ??_C@_07NBH@Pegasus?$AA@   8c00189c     nk:schedule.obj
 0001:000008a4       ??_C@_05ENCL@Zones?$AA@    8c0018a4     nk:schedule.obj
 0001:000008ac       ??_C@_1BG@HPDA@?$AAD?$AAe?$AAb?$AAu?$AAg?$AAZ?$AAo?$AAn?$AAe?$AAs?$AA?$AA@ 8c0018ac     nk:schedule.obj
 0001:000008c4       ??_C@_11A@?$AA?$AA@        8c0018c4     nk:schedule.obj
 0001:000008c8       ??_C@_06EAFC@NK?4EXE?$AA@  8c0018c8     nk:schedule.obj
 0001:000008d0       ??_C@_1O@GFHL@?$AAn?$AAk?$AA?4?$AAe?$AAx?$AAe?$AA?$AA@ 8c0018d0     nk:schedule.obj
 0001:000008e0       _Win32Methods              8c0018e0     nk:kwin32.obj
 0001:00000b20       _cinfWin32                 8c001b20     nk:kwin32.obj
 0001:00000b34       _CinfFile                  8c001b34     nk:kwin32.obj
 0001:00000b48       _CinfFind                  8c001b48     nk:kwin32.obj
 0001:00000b5c       _CinfDBFile                8c001b5c     nk:kwin32.obj
 0001:00000b70       _CinfDBFind                8c001b70     nk:kwin32.obj
 0001:00000b84       _CinfSocket                8c001b84     nk:kwin32.obj
 0001:00000b98       _CinfWnetEnum              8c001b98     nk:kwin32.obj
 0001:00000bac       _pTOC                      8c001bac     nk:loader.obj
 0001:00000bb0       ??_C@_17FOFL@?$AAd?$AAl?$AAl?$AA?$AA@ 8c001bb0     nk:loader.obj
 0001:00000bb8       ??_C@_17BEFJ@?$AAc?$AAp?$AAl?$AA?$AA@ 8c001bb8     nk:loader.obj
 0001:00000bc0       ??_C@_1BE@MBCO@?$AA?2?$AAW?$AAi?$AAn?$AAd?$AAo?$AAw?$AAs?$AA?2?$AA?$AA@ 8c001bc0     nk:loader.obj
 0001:00000bd4       ??_C@_19OGFJ@?$AA?4?$AAe?$AAx?$AAe?$AA?$AA@ 8c001bd4     nk:loader.obj
 0001:00000be0       ??_C@_19IIKP@?$AA?4?$AAd?$AAl?$AAl?$AA?$AA@ 8c001be0     nk:loader.obj
 0001:00000bec       ??_C@_0M@FPED@UNKNOWN?4DLL?$AA@ 8c001bec     nk:loader.obj
 0001:00000bf8       ??_C@_04EJNG@?4dll?$AA@    8c001bf8     nk:loader.obj
 0001:00000c00       _lowerval                  8c001c00     nk:printf.obj
 0001:00000c24       _upperval                  8c001c24     nk:printf.obj
 0001:00000c48       ??_C@_1O@DAJD@?$AA?$CI?$AAN?$AAU?$AAL?$AAL?$AA?$CJ?$AA?$AA@ 8c001c48     nk:printf.obj
 0001:00000c58       ??_C@_06NEML@?$CINULL?$CJ?$AA@ 8c001c58     nk:printf.obj
 0001:00000c60       _AllocationType            8c001c60     nk:virtmem.obj
 0001:00000ca0       _KPageBlock                8c001ca0     nk:virtmem.obj
 0001:00000cec       _PageInFuncs               8c001cec     nk:virtmem.obj
 0001:00000cf4       ??_C@_06GAAP@Thread?$AA@   8c001cf4     nk:heap.obj
 0001:00000cfc       ??_C@_06JKDC@Module?$AA@   8c001cfc     nk:heap.obj
 0001:00000d04       ??_C@_06DIOP@APISet?$AA@   8c001d04     nk:heap.obj
 0001:00000d0c       ??_C@_05MJIN@Event?$AA@    8c001d0c     nk:heap.obj
 0001:00000d14       ??_C@_0L@FKFA@CleanEvent?$AA@ 8c001d14     nk:heap.obj
 0001:00000d20       ??_C@_08IKPF@MemBlock?$AA@ 8c001d20     nk:heap.obj
 0001:00000d2c       ??_C@_09FEKB@CallStack?$AA@ 8c001d2c     nk:heap.obj
 0001:00000d38       ??_C@_04EFNI@Name?$AA@     8c001d38     nk:heap.obj
 0001:00000d40       ??_C@_05JPIH@FSMap?$AA@    8c001d40     nk:heap.obj
 0001:00000d48       ??_C@_07PBCM@FullRef?$AA@  8c001d48     nk:heap.obj
 0001:00000d50       ??_C@_07JOJB@ThrdDbg?$AA@  8c001d50     nk:heap.obj
 0001:00000d58       ??_C@_05DJN@Proxy?$AA@     8c001d58     nk:heap.obj
 0001:00000d60       ??_C@_04FBEO@Crit?$AA@     8c001d60     nk:heap.obj
 0001:00000d68       ??_C@_05KEGC@Mutex?$AA@    8c001d68     nk:heap.obj
 0001:00000d70       ??_C@_05EOJJ@HData?$AA@    8c001d70     nk:heap.obj
 0001:00000d78       _MapMthds                  8c001d78     nk:mapfile.obj
 0001:00000d84       _cinfMap                   8c001d84     nk:mapfile.obj
 0001:00000d98       ??_C@_1BG@OFDM@?$AAL?$AAo?$AAc?$AAa?$AAl?$AAA?$AAl?$AAl?$AAo?$AAc?$AA?$AA@ 8c001d98     nk:stubs.obj
 0001:00000db0       ??_C@_1BE@NAFA@?$AAL?$AAo?$AAc?$AAa?$AAl?$AAF?$AAr?$AAe?$AAe?$AA?$AA@ 8c001db0     nk:stubs.obj
 0001:00000dc4       ??_C@_1CI@NCEN@?$AAS?$AAe?$AAt?$AA?5?$AA5?$AA?5?$AAi?$AAs?$AA?5?$AAd?$AAe?$AAt?$AAe?$AAc?$AAt?$AAe?$AAd?$AA?$AN?$AA?6?$AA?$AA@ 8c001dc4     hal:cfwkatan.obj
 0001:00000dec       ??_C@_1CI@FJLH@?$AAS?$AAe?$AAt?$AA?5?$AA4?$AA?5?$AAi?$AAs?$AA?5?$AAd?$AAe?$AAt?$AAe?$AAc?$AAt?$AAe?$AAd?$AA?$AN?$AA?6?$AA?$AA@ 8c001dec     hal:cfwkatan.obj
 0001:00000e14       ??_C@_1CO@PEEL@?$AAP?$AAP?$AAF?$AAS?$AA?5?$AAC?$AAl?$AAi?$AAe?$AAn?$AAt?$AA?5?$AAp?$AAr?$AAe?$AAs?$AAe?$AAn?$AAt?$AA?4@ 8c001e14     hal:mdppfs.obj
 0001:00000e44       ??_C@_1FG@GOOH@?$AAD?$AAe?$AAb?$AAu?$AAg?$AA?5?$AAa?$AAd?$AAa?$AAp?$AAt?$AAo?$AAr?$AA?5?$AAr?$AAe?$AAa?$AAd?$AA?5?$AAe@ 8c001e44     hal:mdppfs.obj
 0001:00000e9c       ??_C@_1GA@NPCL@?$AA?$DO?$AA?$DO?$AA?$DO?$AA?$DO?$AA?$DO?$AA?$DO?$AA?5?$AAC?$AAE?$AAS?$AAH?$AA?5?$AAr?$AAe?$AAc?$AAe?$AAi?$AAv?$AAi?$AAn@ 8c001e9c     hal:mdppfs.obj
 0001:00000efc       ??_C@_1EE@ELGI@?$AA?$DO?$AA?$DO?$AA?$DO?$AA?$DO?$AA?$DO?$AA?$DO?$AA?5?$AAT?$AAr?$AAi?$AAe?$AAd?$AA?5?$AAt?$AAo?$AA?5?$AAr?$AAe?$AAa?$AAd@ 8c001efc     hal:mdppfs.obj
 0001:00000f40       ??_C@_1FI@OJEG@?$AAD?$AAe?$AAb?$AAu?$AAg?$AA?5?$AAa?$AAd?$AAa?$AAp?$AAt?$AAo?$AAr?$AA?5?$AAw?$AAr?$AAi?$AAt?$AAe?$AA?5@ 8c001f40     hal:mdppfs.obj
 0001:00000f98       ??_C@_1FA@PJED@?$AAC?$AAE?$AAS?$AAH?$AA?5?$AAt?$AAr?$AAa?$AAn?$AAs?$AAm?$AAi?$AAt?$AA?5?$AAt?$AAi?$AAm?$AAe?$AAo?$AAu@ 8c001f98     hal:mdppfs.obj
 0001:00000fe8       _WDMAPIMethods             8c001fe8     wdmhal:wdmhal.obj
 0001:00001018       _WDMAPISigs                8c002018     wdmhal:wdmhal.obj
 0001:00001048       ??_C@_04JEGD@WDMH?$AA@     8c002048     wdmhal:wdmhal.obj
 0001:00001050       ??_C@_1HA@OMHG@?$AAM?$AAm?$AAB?$AAu?$AAi?$AAl?$AAd?$AAM?$AAd?$AAl?$AAF?$AAo?$AAr?$AAN?$AAo?$AAn?$AAP?$AAa?$AAg?$AAe@ 8c002050     wdmhal:mm.obj
 0001:000010c0       _StartUp                   8c0020c0 f   hal:fwinit.obj
 0001:000010d8       _SH3FQCR_Fast              8c0020d8     hal:fwinit.obj
 0001:000010dc       OEMIdle                    8c0020dc f   hal:fwinit.obj
 0001:000010e0       OEMNMI                     8c0020e0 f   hal:fwinit.obj
 0001:000010e4       _CPUStatus                 8c0020e4 f   hal:fwinit.obj
 0001:000010f0       _DebugBreak                8c0020f0 f   nk:shexcept.obj
 0001:000010f0       ExceptionBase              8c0020f0     nk:shexcept.obj
 0001:000010f8       _INTERRUPTS_ON             8c0020f8 f   nk:shexcept.obj
 0001:00001108       _INTERRUPTS_OFF            8c002108 f   nk:shexcept.obj
 0001:00001114       _PtrCurMSec                8c002114     nk:shexcept.obj
 0001:00001118       _SetCPUASID                8c002118 f   nk:shexcept.obj
 0001:00001150       KernelStart                8c002150 f   nk:shexcept.obj
 0001:000011a8       APICall                    8c0021a8 f   nk:shexcept.obj
 0001:00001276       _APICallReturn             8c002276     nk:shexcept.obj
 0001:000012bc       GeneralException           8c0022bc f   nk:shexcept.obj
 0001:000014f0       TLBMissHandler             8c0024f0 f   nk:shexcept.obj
 0001:0000157e       _LoadKPage                 8c00257e     nk:shexcept.obj
 0001:0000159c       _VerifyAccess              8c00259c     nk:shexcept.obj
 0001:0000163c       _ZeroPage                  8c00263c f   nk:shexcept.obj
 0001:00001654       _UnusedHandler             8c002654 f   nk:shexcept.obj
 0001:000016f0       InterruptExceptionHandler  8c0026f0 f   nk:shexcept.obj
 0001:00001790       xKCall                     8c002790 f   nk:shexcept.obj
 0001:00001796       _KCall                     8c002796     nk:shexcept.obj
 0001:00001808       _GetAndClearFloatCode      8c002808 f   nk:shexcept.obj
 0001:00001824       _SaveFloatContext          8c002824 f   nk:shexcept.obj
 0001:0000188c       _RestoreFloatContext       8c00288c f   nk:shexcept.obj
 0001:000018f0       _InterlockedAPIs           8c0028f0 f   nk:shexcept.obj
 0001:00001970       _CaptureContext            8c002970 f   nk:shexcept.obj
 0001:00001970       _InterlockedEnd            8c002970     nk:shexcept.obj
 0001:00001974       xxCaptureContext           8c002974 f   nk:shexcept.obj
 0001:00001a14       _RtlpExecuteHandlerForException 8c002a14 f   nk:shexcept.obj
 0001:00001a70       RtlpExceptionHandler       8c002a70 f   nk:shexcept.obj
 0001:00001a8c       _RtlpExecuteHandlerForUnwind 8c002a8c f   nk:shexcept.obj
 0001:00001aec       RtlpUnwindHandler          8c002aec f   nk:shexcept.obj
 0001:00001b0c       _NullSection               8c002b0c     nk:shexcept.obj
 0001:0000230c       _RtlCaptureContext         8c00330c f   nk:shexcept.obj
 0001:00002344       _FlushCache                8c003344 f   nk:shexcept.obj
 0001:00002344       _WriteBackCache            8c003344     nk:shexcept.obj
 0001:00002380       _SC_SetRAMMode             8c003380 f   nk:shexcept.obj
 0001:00002404       _SH3Init                   8c003404 f   nk:mdsh3.obj
 0001:00002514       _HookInterrupt             8c003514 f   nk:mdsh3.obj
 0001:0000252c       _FlushTLB                  8c00352c f   nk:mdsh3.obj
 0001:0000254c       _SC_CacheSync              8c00354c f   nk:mdsh3.obj
 0001:00002578       _DumpWords                 8c003578 f   nk:mdsh3.obj
 0001:000025f4       _HandleException           8c0035f4 f   nk:mdsh3.obj
 0001:00002828       _ExceptionDispatch         8c003828 f   nk:mdsh3.obj
 0001:00002c0c       _DumpFrame                 8c003c0c f   nk:mdsh3.obj
 0001:00002d24       _DumpTLB                   8c003d24 f   nk:mdsh3.obj
 0001:00002e40       _MDCreateThread            8c003e40 f   nk:mdsh3.obj
 0001:00002ef8       _MDCreateMainThread1       8c003ef8 f   nk:mdsh3.obj
 0001:00002fa8       _MDCreateMainThread2       8c003fa8 f   nk:mdsh3.obj
 0001:00003088       _MakePagePerms             8c004088 f   nk:mdsh3.obj
 0001:00003148       _ProtectFromPerms          8c004148 f   nk:mdsh3.obj
 0001:000031a4       ___C_specific_handler      8c0041a4 f   nk:mdsh3.obj
 0001:000032a4       _FPUFlushContext           8c0042a4 f   nk:mdsh3.obj
 0001:000032e8       _DoThreadGetContext        8c0042e8 f   nk:mdsh3.obj
 0001:00003570       _DoThreadSetContext        8c004570 f   nk:mdsh3.obj
 0001:00003828       _SC_SetStoreQueueBase      8c004828 f   nk:mdsh3.obj
 0001:00003894       _IndexFromLock             8c004894 f   nk:objdisp.obj
 0001:000038bc       _AddToDList                8c0048bc f   nk:objdisp.obj
 0001:000038cc       _RemoveDList               8c0048cc f   nk:objdisp.obj
 0001:000038dc       _HandleToPointer           8c0048dc f   nk:objdisp.obj
 0001:0000392c       _NextCloseHandle           8c00492c f   nk:objdisp.obj
 0001:000039b8       _SC_CloseAllHandles        8c0049b8 f   nk:objdisp.obj
 0001:00003a08       _SetupHandle               8c004a08 f   nk:objdisp.obj
 0001:00003a54       _ZapHandle                 8c004a54 f   nk:objdisp.obj
 0001:00003af4       _AllocHandle               8c004af4 f   nk:objdisp.obj
 0001:00003b58       _FreeHandle                8c004b58 f   nk:objdisp.obj
 0001:00003ba4       _CopyRefs                  8c004ba4 f   nk:objdisp.obj
 0001:00003c2c       _DoIncRef                  8c004c2c f   nk:objdisp.obj
 0001:00003ccc       _IncRef                    8c004ccc f   nk:objdisp.obj
 0001:00003d38       _DoDecRef                  8c004d38 f   nk:objdisp.obj
 0001:00003e08       _DecRef                    8c004e08 f   nk:objdisp.obj
 0001:00003e2c       _GetUserInfo               8c004e2c f   nk:objdisp.obj
 0001:00003e88       _SetUserInfo               8c004e88 f   nk:objdisp.obj
 0001:00003ee4       _GetObjectPtr              8c004ee4 f   nk:objdisp.obj
 0001:00003f40       _GetObjectPtrByType        8c004f40 f   nk:objdisp.obj
 0001:00003fbc       _SetObjectPtr              8c004fbc f   nk:objdisp.obj
 0001:00004018       _GetHandleType             8c005018 f   nk:objdisp.obj
 0001:00004088       _SC_SetHandleOwner         8c005088 f   nk:objdisp.obj
 0001:000040e4       _SC_CreateAPISet           8c0050e4 f   nk:objdisp.obj
 0001:00004184       _SC_CloseAPISet            8c005184 f   nk:objdisp.obj
 0001:00004208       _SC_RegisterAPISet         8c005208 f   nk:objdisp.obj
 0001:00004324       _SC_CreateAPIHandle        8c005324 f   nk:objdisp.obj
 0001:0000439c       _SC_VerifyAPIHandle        8c00539c f   nk:objdisp.obj
 0001:0000440c       _SC_QueryAPISetID          8c00540c f   nk:objdisp.obj
 0001:00004460       _SetBadHandleError         8c005460 f   nk:objdisp.obj
 0001:00004518       _ErrorReturn               8c005518 f   nk:objdisp.obj
 0001:00004530       _ObjectCall                8c005530 f   nk:objdisp.obj
 0001:00004950       _ServerCallReturn          8c005950 f   nk:objdisp.obj
 0001:00004a6c       _MoreCallStacks            8c005a6c f   nk:objdisp.obj
 0001:00004a84       _DBG_CallCheck             8c005a84 f   nk:objdisp.obj
 0001:00004b3c       _SC_GetSystemInfo          8c005b3c f   nk:schedule.obj
 0001:00004b74       _SC_IsBadPtr               8c005b74 f   nk:schedule.obj
 0001:00004bdc       _SC_MapPtrUnsecure         8c005bdc f   nk:schedule.obj
 0001:00004c44       _SC_GetProcFromPtr         8c005c44 f   nk:schedule.obj
 0001:00004c98       _SC_MapPtrToProcess        8c005c98 f   nk:schedule.obj
 0001:00004d28       _SC_GetProcAddrBits        8c005d28 f   nk:schedule.obj
 0001:00004d5c       _SC_GetFSHeapInfo          8c005d5c f   nk:schedule.obj
 0001:00004d74       _SC_UpdateNLSInfo          8c005d74 f   nk:schedule.obj
 0001:00004d8c       _LinkCritMut               8c005d8c f   nk:schedule.obj
 0001:00004e28       _UnlinkCritMut             8c005e28 f   nk:schedule.obj
 0001:00004ed8       _DequeueProxy              8c005ed8 f   nk:schedule.obj
 0001:000050cc       _PrioInsertProxy           8c0060cc f   nk:schedule.obj
 0001:0000520c       _RunqDequeue               8c00620c f   nk:schedule.obj
 0001:00005250       _SleepqDequeue             8c006250 f   nk:schedule.obj
 0001:00005288       _SleepqEnqueue             8c006288 f   nk:schedule.obj
 0001:000052e0       _FreeProxyChain            8c0062e0 f   nk:schedule.obj
 0001:00005304       _MakeRun                   8c006304 f   nk:schedule.obj
 0001:000053b8       _AddToProcRunnable         8c0063b8 f   nk:schedule.obj
 0001:000053e0       _DeprioQ                   8c0063e0 f   nk:schedule.obj
 0001:0000556c       _WakeOneThreadPrioQ        8c00656c f   nk:schedule.obj
 0001:00005678       _WakeOneThreadCrit         8c006678 f   nk:schedule.obj
 0001:000056e8       _WakeOneThreadFlat         8c0066e8 f   nk:schedule.obj
 0001:000057e8       _DeproxyOneThread          8c0067e8 f   nk:schedule.obj
 0001:00005810       _SysSetAutoEvent           8c006810 f   nk:schedule.obj
 0001:00005848       _EventModMan               8c006848 f   nk:schedule.obj
 0001:0000588c       _EventModAuto              8c00688c f   nk:schedule.obj
 0001:000058dc       _KPulseManualEvent         8c0068dc f   nk:schedule.obj
 0001:00005920       _DoFreeMutex               8c006920 f   nk:schedule.obj
 0001:00005940       _DoFreeCrit                8c006940 f   nk:schedule.obj
 0001:00005998       _SC_EventCloseHandle       8c006998 f   nk:schedule.obj
 0001:00005a68       _SC_MutexCloseHandle       8c006a68 f   nk:schedule.obj
 0001:00005b48       _SC_EventAddAccess         8c006b48 f   nk:schedule.obj
 0001:00005b6c       _SC_EventModify            8c006b6c f   nk:schedule.obj
 0001:00005c58       _IsAutoEvent               8c006c58 f   nk:schedule.obj
 0001:00005c84       _SC_CreateEvent            8c006c84 f   nk:schedule.obj
 0001:00005e14       _SC_CreateMutex            8c006e14 f   nk:schedule.obj
 0001:00005fc4       _sub64_64_64               8c006fc4 f   nk:schedule.obj
 0001:000060d0       _AlarmThread               8c0070d0 f   nk:schedule.obj
 0001:000061f8       _SC_SetKernelAlarm         8c0071f8 f   nk:schedule.obj
 0001:00006258       _SC_RefreshKernelAlarm     8c007258 f   nk:schedule.obj
 0001:00006278       _SC_GetIdleTime            8c007278 f   nk:schedule.obj
 0001:00006338       _SC_SetLowestScheduledPriority 8c007338 f   nk:schedule.obj
 0001:0000634c       _TimerCallbackRoutine      8c00734c f   nk:schedule.obj
 0001:00006544       _NextThread                8c007544 f   nk:schedule.obj
 0001:00006708       _AllocDbg                  8c007708 f   nk:schedule.obj
 0001:00006798       _InitThreadStruct          8c007798 f   nk:schedule.obj
 0001:00006850       _DoCreateThread            8c007850 f   nk:schedule.obj
 0001:00006a40       _SC_CreateThread           8c007a40 f   nk:schedule.obj
 0001:00006b3c       _CreateKernelThread        8c007b3c f   nk:schedule.obj
 0001:00006bd4       _CreateKernelThreadNonotify 8c007bd4 f   nk:schedule.obj
 0001:00006c70       _DoPendUnlinkAndFree       8c007c70 f   nk:schedule.obj
 0001:00006c88       _DequeueGeneral            8c007c88 f   nk:schedule.obj
 0001:00006e08       _SetThreadToDie            8c007e08 f   nk:schedule.obj
 0001:00006f50       _SC_ProcTerminate          8c007f50 f   nk:schedule.obj
 0001:0000704c       _SC_TerminateSelf          8c00804c f   nk:schedule.obj
 0001:0000706c       _SC_ThreadTerminate        8c00806c f   nk:schedule.obj
 0001:000070f8       _SC_GetProcName            8c0080f8 f   nk:schedule.obj
 0001:0000712c       _SC_OtherThreadsRunning    8c00812c f   nk:schedule.obj
 0001:00007144       _RemoveThread              8c008144 f   nk:schedule.obj
 0001:000072a8       _SC_KillAllOtherThreads    8c0082a8 f   nk:schedule.obj
 0001:000072e8       _SC_IsPrimaryThread        8c0082e8 f   nk:schedule.obj
 0001:00007304       _SC_GetOwnerProcess        8c008304 f   nk:schedule.obj
 0001:00007318       _SC_GetCallerProcess       8c008318 f   nk:schedule.obj
 0001:0000734c       _SC_GetCallerIndex         8c00834c f   nk:schedule.obj
 0001:00007380       _DoLeaveSomething          8c008380 f   nk:schedule.obj
 0001:000073ac       _SC_NKTerminateThread      8c0083ac f   nk:schedule.obj
 0001:00007604       _DequeueCleanup            8c008604 f   nk:schedule.obj
 0001:00007650       _LoadSwitch                8c008650 f   nk:schedule.obj
 0001:000076e4       _EmptyCleanupQueue         8c0086e4 f   nk:schedule.obj
 0001:00007920       _SystemStartupFunc         8c008920 f   nk:schedule.obj
 0001:00007ab8       _SC_SignalStarted          8c008ab8 f   nk:schedule.obj
 0001:00007b20       _Kbstrcmpn                 8c008b20 f   nk:schedule.obj
 0001:00007b5c       _kItoW                     8c008b5c f   nk:schedule.obj
 0001:00007c00       _CanBeLaunched             8c008c00 f   nk:schedule.obj
 0001:00007c64       _RunApps                   8c008c64 f   nk:schedule.obj
 0001:000080f8       _SingleWait                8c0090f8 f   nk:schedule.obj
 0001:00008284       _DoPrioCalc                8c009284 f   nk:schedule.obj
 0001:000083c0       _FinishWait                8c0093c0 f   nk:schedule.obj
 0001:000084e8       _ReprioOneThread           8c0094e8 f   nk:schedule.obj
 0001:00008560       _InvertChain               8c009560 f   nk:schedule.obj
 0001:00008608       _RequeuePrioThread         8c009608 f   nk:schedule.obj
 0001:00008688       _SystemStartupFunc2        8c009688 f   nk:schedule.obj
 0001:000087c8       _PendSetPrio               8c0097c8 f   nk:schedule.obj
 0001:00008ac4       _PendFree                  8c009ac4 f   nk:schedule.obj
 0001:00008bd4       _DoPendDiscard             8c009bd4 f   nk:schedule.obj
 0001:00008bf0       _SC_ForcePageout           8c009bf0 f   nk:schedule.obj
 0001:00008c48       _SC_SetDbgZone             8c009c48 f   nk:schedule.obj
 0001:00008d90       _SC_RegisterDbgZones       8c009d90 f   nk:schedule.obj
 0001:00008fb4       _SC_TurnOnProfiling        8c009fb4 f   nk:schedule.obj
 0001:00008fe0       _SC_TurnOffProfiling       8c009fe0 f   nk:schedule.obj
 0001:00009004       _ZeroAllThreadsTLS         8c00a004 f   nk:schedule.obj
 0001:00009050       _SC_TlsCall                8c00a050 f   nk:schedule.obj
 0001:00009180       _SC_SetProcPermissions     8c00a180 f   nk:schedule.obj
 0001:000091cc       _SC_GetCurrentPermissions  8c00a1cc f   nk:schedule.obj
 0001:000091dc       _SC_SetGwesHeapMark        8c00a1dc f   nk:schedule.obj
 0001:000091ec       _SC_SetDaylightTime        8c00a1ec f   nk:schedule.obj
 0001:00009218       _SC_SetTimeZoneBias        8c00a218 f   nk:schedule.obj
 0001:00009244       _SC_SetLastError           8c00a244 f   nk:schedule.obj
 0001:00009254       _SC_GetLastError           8c00a254 f   nk:schedule.obj
 0001:00009264       _SC_ThreadGetCode          8c00a264 f   nk:schedule.obj
 0001:00009284       _SC_ProcGetCode            8c00a284 f   nk:schedule.obj
 0001:000092a4       _SC_ProcGetIndex           8c00a2a4 f   nk:schedule.obj
 0001:000092c8       _SetThreadBasePrio         8c00a2c8 f   nk:schedule.obj
 0001:00009318       _FreeCrit                  8c00a318 f   nk:schedule.obj
 0001:00009368       _SC_CreateCrit             8c00a368 f   nk:schedule.obj
 0001:000094b4       _CloseAllCrits             8c00a4b4 f   nk:schedule.obj
 0001:00009574       _TestAndWaitManualEvent    8c00a574 f   nk:schedule.obj
 0001:00009664       _SingleEventWait           8c00a664 f   nk:schedule.obj
 0001:00009708       _WaitMult                  8c00a708 f   nk:schedule.obj
 0001:00009870       _SC_WaitForMultiple        8c00a870 f   nk:schedule.obj
 0001:000099e0       _ThreadSuspend             8c00a9e0 f   nk:schedule.obj
 0001:00009b90       _SC_ThreadSuspend          8c00ab90 f   nk:schedule.obj
 0001:00009bd4       _ThreadResume              8c00abd4 f   nk:schedule.obj
 0001:00009c20       _SC_ThreadResume           8c00ac20 f   nk:schedule.obj
 0001:00009c58       _ThreadSleep               8c00ac58 f   nk:schedule.obj
 0001:00009d2c       _ThreadYield               8c00ad2c f   nk:schedule.obj
 0001:00009d60       _SC_Sleep                  8c00ad60 f   nk:schedule.obj
 0001:00009e48       _SC_ThreadSetPrio          8c00ae48 f   nk:schedule.obj
 0001:00009ec4       _SC_ThreadGetPrio          8c00aec4 f   nk:schedule.obj
 0001:00009f0c       _GetCurThreadTime          8c00af0c f   nk:schedule.obj
 0001:00009f40       _SC_GetThreadTimes         8c00af40 f   nk:schedule.obj
 0001:0000a00c       _TakeCrit                  8c00b00c f   nk:schedule.obj
 0001:0000a1f0       _SC_TakeCritSec            8c00b1f0 f   nk:schedule.obj
 0001:0000a218       _LeaveCrit                 8c00b218 f   nk:schedule.obj
 0001:0000a2b4       _PuntCritSec               8c00b2b4 f   nk:schedule.obj
 0001:0000a308       _SurrenderCritSecs         8c00b308 f   nk:schedule.obj
 0001:0000a3b4       _SC_LeaveCritSec           8c00b3b4 f   nk:schedule.obj
 0001:0000a3d4       _LeaveMutex                8c00b3d4 f   nk:schedule.obj
 0001:0000a434       _SC_ReleaseMutex           8c00b434 f   nk:schedule.obj
 0001:0000a4a0       _SC_ThreadSetContext       8c00b4a0 f   nk:schedule.obj
 0001:0000a4dc       _SC_ThreadGetContext       8c00b4dc f   nk:schedule.obj
 0001:0000a518       _SC_ProcFlushICache        8c00b518 f   nk:schedule.obj
 0001:0000a538       _SC_ProcReadMemory         8c00b538 f   nk:schedule.obj
 0001:0000a614       _SC_ProcWriteMemory        8c00b614 f   nk:schedule.obj
 0001:0000a7f4       _UserDbgTrap               8c00b7f4 f   nk:schedule.obj
 0001:0000aa4c       _DoDebugAttach             8c00ba4c f   nk:schedule.obj
 0001:0000abe4       _WakeIfDebugWait           8c00bbe4 f   nk:schedule.obj
 0001:0000ac68       _SC_DebugNotify            8c00bc68 f   nk:schedule.obj
 0001:0000af30       _SC_WaitForDebugEvent      8c00bf30 f   nk:schedule.obj
 0001:0000b07c       _SC_ContinueDebugEvent     8c00c07c f   nk:schedule.obj
 0001:0000b0ec       _StopProc                  8c00c0ec f   nk:schedule.obj
 0001:0000b1ac       _StopProc2                 8c00c1ac f   nk:schedule.obj
 0001:0000b260       _DAPProc                   8c00c260 f   nk:schedule.obj
 0001:0000b2d0       _SC_ProcDebug              8c00c2d0 f   nk:schedule.obj
 0001:0000b50c       _SC_OpenProcess            8c00c50c f   nk:schedule.obj
 0001:0000b568       _SC_THGrow                 8c00c568 f   nk:schedule.obj
 0001:0000b5d4       _THGetProcs                8c00c5d4 f   nk:schedule.obj
 0001:0000b808       _THGetMods                 8c00c808 f   nk:schedule.obj
 0001:0000b950       _THGetThreads              8c00c950 f   nk:schedule.obj
 0001:0000ba54       _THGetHeaps                8c00ca54 f   nk:schedule.obj
 0001:0000badc       _SC_THCreateSnapshot       8c00cadc f   nk:schedule.obj
 0001:0000bc9c       _SC_ThreadCloseHandle      8c00cc9c f   nk:schedule.obj
 0001:0000bcd4       _SC_ProcCloseHandle        8c00ccd4 f   nk:schedule.obj
 0001:0000bd0c       _SC_GetProcessVersion      8c00cd0c f   nk:schedule.obj
 0001:0000bd5c       _SC_SetStdioPathW          8c00cd5c f   nk:schedule.obj
 0001:0000be24       _SC_GetStdioPathW          8c00ce24 f   nk:schedule.obj
 0001:0000bef8       _SC_QueryPerformanceCounter 8c00cef8 f   nk:schedule.obj
 0001:0000bf24       _SC_QueryPerformanceFrequency 8c00cf24 f   nk:schedule.obj
 0001:0000bf50       _SC_ReadRegistryFromOEM    8c00cf50 f   nk:schedule.obj
 0001:0000bf74       _SC_WriteRegistryToOEM     8c00cf74 f   nk:schedule.obj
 0001:0000bfa4       _SC_GetModuleFileNameW     8c00cfa4 f   nk:schedule.obj
 0001:0000c078       _ZeroTLS                   8c00d078 f   nk:schedule.obj
 0001:0000c094       _SC_CreateProc             8c00d094 f   nk:schedule.obj
 0001:0000c6bc       _ProcInit                  8c00d6bc f   nk:schedule.obj
 0001:0000c7c4       _SchedInit                 8c00d7c4 f   nk:schedule.obj
 0001:0000c8a4       _DoPageOut                 8c00d8a4 f   nk:schedule.obj
 0001:0000c904       _DoLoadAllSymbols          8c00d904 f   nk:kwin32.obj
 0001:0000c9d4       _SC_ConnectDebugger        8c00d9d4 f   nk:kwin32.obj
 0001:0000cac8       _KernelInit                8c00dac8 f   nk:kwin32.obj
 0001:0000cb68       _KernelInit2               8c00db68 f   nk:kwin32.obj
 0001:0000ccac       _SC_SetExceptionHandler    8c00dcac f   nk:kwin32.obj
 0001:0000ccbc       _SC_SetKMode               8c00dcbc f   nk:kwin32.obj
 0001:0000cce0       _SC_PowerOffSystem         8c00dce0 f   nk:kwin32.obj
 0001:0000ccf0       _SC_SetPowerOffHandler     8c00dcf0 f   nk:kwin32.obj
 0001:0000cd24       _SC_SetGwesPowerHandler    8c00dd24 f   nk:kwin32.obj
 0001:0000cd58       _SC_SetWDevicePowerHandler 8c00dd58 f   nk:kwin32.obj
 0001:0000cd8c       _CallPowerProc             8c00dd8c f   nk:kwin32.obj
 0001:0000cddc       _DoPowerOff                8c00dddc f   nk:kwin32.obj
 0001:0000ceec       _KDCleanup                 8c00deec f   nk:kwin32.obj
 0001:0000cf1c       _SC_Nop                    8c00df1c f   nk:kwin32.obj
 0001:0000cf1c       _FakePrintString           8c00df1c f   nk:kwin32.obj
 0001:0000cf1c       _FakeSetLoadSymbolsFlag    8c00df1c f   nk:kwin32.obj
 0001:0000cf1c       _FakeResetLoadSymbolsFlag  8c00df1c f   nk:kwin32.obj
 0001:0000cf20       _SC_WriteDebugLED          8c00df20 f   nk:kwin32.obj
 0001:0000cf3c       _FinishBreadcrumbs         8c00df3c f   nk:loader.obj
 0001:0000cf74       _lowerW                    8c00df74 f   nk:loader.obj
 0001:0000cf8c       _strcmpiW                  8c00df8c f   nk:loader.obj
 0001:0000cfd4       _strcmpdllnameW            8c00dfd4 f   nk:loader.obj
 0001:0000d0a0       _strcmpiAandW              8c00e0a0 f   nk:loader.obj
 0001:0000d0f4       _Kstrncmpi                 8c00e0f4 f   nk:loader.obj
 0001:0000d14c       _kstrcpyW                  8c00e14c f   nk:loader.obj
 0001:0000d164       _VerifyBinary              8c00e164 f   nk:loader.obj
 0001:0000d284       _OpenExe                   8c00e284 f   nk:loader.obj
 0001:0000d2a8       _SafeOpenExe               8c00e2a8 f   nk:loader.obj
 0001:0000db90       _CloseExe                  8c00eb90 f   nk:loader.obj
 0001:0000dc04       _SC_CloseProcOE            8c00ec04 f   nk:loader.obj
 0001:0000dd8c       _SC_SetCleanRebootFlag     8c00ed8c f   nk:loader.obj
 0001:0000dd9c       _KernelRelocate            8c00ed9c f   nk:loader.obj
 0001:0000de1c       _SC_NotifyForceCleanboot   8c00ee1c f   nk:loader.obj
 0001:0000de48       _CalcFSPages               8c00ee48 f   nk:loader.obj
 0001:0000def8       _KernelFindMemory          8c00eef8 f   nk:loader.obj
 0001:0000e384       _RelocatePage              8c00f384 f   nk:loader.obj
 0001:0000e624       _Relocate                  8c00f624 f   nk:loader.obj
 0001:0000e7dc       _Katoi                     8c00f7dc f   nk:loader.obj
 0001:0000e7f8       _AddrFromEat               8c00f7f8 f   nk:loader.obj
 0001:0000e8cc       _ResolveImpOrd             8c00f8cc f   nk:loader.obj
 0001:0000e91c       _ResolveImpStr             8c00f91c f   nk:loader.obj
 0001:0000e9bc       _ResolveImpHintStr         8c00f9bc f   nk:loader.obj
 0001:0000ea48       _IncRefCount               8c00fa48 f   nk:loader.obj
 0001:0000ea80       _DecRefCount               8c00fa80 f   nk:loader.obj
 0001:0000eacc       _UnlinkModule              8c00facc f   nk:loader.obj
 0001:0000eb3c       _UnCopyRegions             8c00fb3c f   nk:loader.obj
 0001:0000eb90       _FreeModuleMemory          8c00fb90 f   nk:loader.obj
 0001:0000ecdc       _FreeLibraryFromProc       8c00fcdc f   nk:loader.obj
 0001:0000ed3c       _FreeAllProcLibraries      8c00fd3c f   nk:loader.obj
 0001:0000ed98       _CallDLLEntry              8c00fd98 f   nk:loader.obj
 0001:0000ee00       _FreeOneLibraryPart2       8c00fe00 f   nk:loader.obj
 0001:0000ef90       _FreeOneLibrary            8c00ff90 f   nk:loader.obj
 0001:0000eff0       _FreeLibraryByName         8c00fff0 f   nk:loader.obj
 0001:0000f038       _KAsciiToUnicode           8c010038 f   nk:loader.obj
 0001:0000f05c       _KUnicodeToAscii           8c01005c f   nk:loader.obj
 0001:0000f088       _DoImports                 8c010088 f   nk:loader.obj
 0001:0000f25c       _AdjustRegions             8c01025c f   nk:loader.obj
 0001:0000f2c4       _GetNameFromOE             8c0102c4 f   nk:loader.obj
 0001:0000f35c       _ReopenExe                 8c01035c f   nk:loader.obj
 0001:0000f488       _LoadE32                   8c010488 f   nk:loader.obj
 0001:0000f744       _PageInPage                8c010744 f   nk:loader.obj
 0001:0000f814       _PageInProcess             8c010814 f   nk:loader.obj
 0001:0000fb90       _PageInModule              8c010b90 f   nk:loader.obj
 0001:000100a4       _AccessFromFlags           8c0110a4 f   nk:loader.obj
 0001:000100d0       _UnloadMod                 8c0110d0 f   nk:loader.obj
 0001:0001028c       _UnloadExe                 8c01128c f   nk:loader.obj
 0001:00010378       _LoadO32                   8c011378 f   nk:loader.obj
 0001:000106e4       _FindEntryPoint            8c0116e4 f   nk:loader.obj
 0001:00010724       _OpenAnExe                 8c011724 f   nk:loader.obj
 0001:000107b8       _OpenADll                  8c0117b8 f   nk:loader.obj
 0001:0001085c       _DoCleanLoadSwitch         8c01185c f   nk:loader.obj
 0001:0001087c       _CalcStackSize             8c01187c f   nk:loader.obj
 0001:000108b8       _CreateNewProc             8c0118b8 f   nk:loader.obj
 0001:00010e78       _CopyRegions               8c011e78 f   nk:loader.obj
 0001:00011014       _FindModByName             8c012014 f   nk:loader.obj
 0001:00011060       _SC_ThreadDetachAllDLLs    8c012060 f   nk:loader.obj
 0001:000110d0       _SC_ProcessDetachAllDLLs   8c0120d0 f   nk:loader.obj
 0001:00011140       _SC_ThreadAttachAllDLLs    8c012140 f   nk:loader.obj
 0001:000111b0       _DoCopyDepends             8c0121b0 f   nk:loader.obj
 0001:000112d4       _UnDoDepends               8c0122d4 f   nk:loader.obj
 0001:0001133c       _LoadOneLibraryPart2       8c01233c f   nk:loader.obj
 0001:00011e2c       _LoadOneLibraryW           8c012e2c f   nk:loader.obj
 0001:00011e8c       _SC_LoadLibraryW           8c012e8c f   nk:loader.obj
 0001:00011ecc       _SC_GetModuleHandleW       8c012ecc f   nk:loader.obj
 0001:00011f40       _SC_LoadDriver             8c012f40 f   nk:loader.obj
 0001:00011f80       _SC_FreeLibrary            8c012f80 f   nk:loader.obj
 0001:00011fc8       _GetOneProcAddressW        8c012fc8 f   nk:loader.obj
 0001:00012064       _SC_GetProcAddressW        8c013064 f   nk:loader.obj
 0001:000120b4       _PDataFromPC               8c0130b4 f   nk:loader.obj
 0001:00012254       _LoaderPageIn              8c013254 f   nk:loader.obj
 0001:000123f0       _PageOutProc               8c0133f0 f   nk:loader.obj
 0001:00012458       _PageOutMod                8c013458 f   nk:loader.obj
 0001:00012510       _OutputDebugStringW        8c013510 f   nk:printf.obj
 0001:0001263c       _InputDebugCharW           8c01363c f   nk:printf.obj
 0001:00012690       _NKDbgPrintfW              8c013690 f   nk:printf.obj
 0001:000126b4       _NKvDbgPrintfW             8c0136b4 f   nk:printf.obj
 0001:000126f0       _NKwvsprintfW              8c0136f0 f   nk:printf.obj
 0001:00012c08       _SP_GetFmtValue            8c013c08 f   nk:printf.obj
 0001:00012c30       _SP_Reverse                8c013c30 f   nk:printf.obj
 0001:00012c58       _SP_PutNumber              8c013c58 f   nk:printf.obj
 0001:00012cdc       _SP_PutNumber64            8c013cdc f   nk:printf.obj
 0001:00012dec       _IsAccessOK                8c013dec f   nk:virtmem.obj
 0001:00012e54       _DbgVerify                 8c013e54 f   nk:virtmem.obj
 0001:00012f2c       _DeleteSection             8c013f2c f   nk:virtmem.obj
 0001:00013010       _InitNKSection             8c014010 f   nk:virtmem.obj
 0001:00013034       _CreateSection             8c014034 f   nk:virtmem.obj
 0001:00013108       _CreateMapperSection       8c014108 f   nk:virtmem.obj
 0001:000131d4       _DeleteMapperSection       8c0141d4 f   nk:virtmem.obj
 0001:00013200       _SC_VirtualAlloc           8c014200 f   nk:virtmem.obj
 0001:00013718       _SC_VirtualFree            8c014718 f   nk:virtmem.obj
 0001:000138bc       _SC_VirtualCopy            8c0148bc f   nk:virtmem.obj
 0001:00013c94       _SC_VirtualSetPageFlags    8c014c94 f   nk:virtmem.obj
 0001:00013e94       _SC_VirtualProtect         8c014e94 f   nk:virtmem.obj
 0001:00014008       _SC_VirtualQuery           8c015008 f   nk:virtmem.obj
 0001:00014258       _SC_LockPages              8c015258 f   nk:virtmem.obj
 0001:000144cc       _SC_UnlockPages            8c0154cc f   nk:virtmem.obj
 0001:000145ec       _SC_NotSupported           8c0155ec f   nk:virtmem.obj
 0001:000145ec       _SC_SetPFHandle            8c0155ec f   nk:virtmem.obj
 0001:00014600       _FindFirstBlock            8c015600 f   nk:virtmem.obj
 0001:00014620       _ScanRegion                8c015620 f   nk:virtmem.obj
 0001:0001474c       _DecommitPages             8c01574c f   nk:virtmem.obj
 0001:0001483c       _ReleaseRegion             8c01583c f   nk:virtmem.obj
 0001:00014898       _AutoCommit                8c015898 f   nk:virtmem.obj
 0001:00014968       _GuardCommit               8c015968 f   nk:virtmem.obj
 0001:000149cc       _AutoCommitLoop            8c0159cc f   nk:virtmem.obj
 0001:00014a94       _ProcessPageFault          8c015a94 f   nk:virtmem.obj
 0001:00014bf8       _NKDispatchException       8c015bf8 f   nk:exdsptch.obj
 0001:00014ebc       _NKLookupFunctionEntry     8c015ebc f   nk:exdsptch.obj
 0001:00014fe8       _NKUnwind                  8c015fe8 f   nk:exdsptch.obj
 0001:00015244       _RtlpVirtualUnwind         8c016244 f   nk:exdsptch.obj
 0001:00015294       _UpdateASID                8c016294 f   nk:exdsptch.obj
 0001:000152b8       _KPSLCleanUp               8c0162b8 f   nk:exdsptch.obj
 0001:000152d0       _KPSLExceptionRoutine      8c0162d0 f   nk:exdsptch.obj
 0001:00015318       _HeapInit                  8c016318 f   nk:heap.obj
 0001:00015390       _AllocMem                  8c016390 f   nk:heap.obj
 0001:00015400       _FreeMem                   8c016400 f   nk:heap.obj
 0001:00015438       _FreeSpareBytes            8c016438 f   nk:heap.obj
 0001:00015530       _FSMapMemReserve           8c016530 f   nk:mapfile.obj
 0001:00015778       _HugeVirtualReserve        8c016778 f   nk:mapfile.obj
 0001:00015820       _CloseHugeMemoryAreas      8c016820 f   nk:mapfile.obj
 0001:0001591c       _HugeVirtualRelease        8c01691c f   nk:mapfile.obj
 0001:00015950       _DecommitROPages           8c016950 f   nk:mapfile.obj
 0001:000159cc       _FSMapMemFree              8c0169cc f   nk:mapfile.obj
 0001:00015acc       _FSMapMemCommit            8c016acc f   nk:mapfile.obj
 0001:00015b7c       _SC_MapViewOfFile          8c016b7c f   nk:mapfile.obj
 0001:00015c74       _FlushMapBuffers           8c016c74 f   nk:mapfile.obj
 0001:00015f54       _KernelCloseHandle         8c016f54 f   nk:mapfile.obj
 0001:00015f7c       _FreeMap                   8c016f7c f   nk:mapfile.obj
 0001:00016090       _FindMap                   8c017090 f   nk:mapfile.obj
 0001:000160f0       _SC_UnmapViewOfFile        8c0170f0 f   nk:mapfile.obj
 0001:000161f0       _SC_FlushViewOfFile        8c0171f0 f   nk:mapfile.obj
 0001:00016284       _SC_FlushViewOfFileMaybe   8c017284 f   nk:mapfile.obj
 0001:00016348       _MappedPageIn              8c017348 f   nk:mapfile.obj
 0001:0001662c       _PageOutFile               8c01762c f   nk:mapfile.obj
 0001:000166a0       _TryCloseMappedHandle      8c0176a0 f   nk:mapfile.obj
 0001:00016768       _CloseMappedFileHandles    8c017768 f   nk:mapfile.obj
 0001:000168a0       _SC_CreateFileForMapping   8c0178a0 f   nk:mapfile.obj
 0001:0001699c       _SC_CreateFileMapping      8c01799c f   nk:mapfile.obj
 0001:00017178       _SC_MapCloseHandle         8c018178 f   nk:mapfile.obj
 0001:000171d4       _ValidateFile              8c0181d4 f   nk:mapfile.obj
 0001:000172dc       _FlushMapBuffersLogged     8c0182dc f   nk:mapfile.obj
 0001:00017754       _SC_SetGwesOOMEvent        8c018754 f   nk:physmem.obj
 0001:000177a0       _EnterPhysCS               8c0187a0 f   nk:physmem.obj
 0001:000177d4       _SC_GiveKPhys              8c0187d4 f   nk:physmem.obj
 0001:000178f8       _SC_GetKPhys               8c0188f8 f   nk:physmem.obj
 0001:00017a04       _InitMemoryPool            8c018a04 f   nk:physmem.obj
 0001:00017b50       _GetRegionFromAddr         8c018b50 f   nk:physmem.obj
 0001:00017b84       _AllocKHeapPage            8c018b84 f   nk:physmem.obj
 0001:00017bf4       _AllocSpareHeap            8c018bf4 f   nk:physmem.obj
 0001:00017c48       _GrowKHeap                 8c018c48 f   nk:physmem.obj
 0001:00017ce4       _GetKHeap                  8c018ce4 f   nk:physmem.obj
 0001:00017d88       _ScavengeStacks            8c018d88 f   nk:physmem.obj
 0001:00017df8       _ScavengeOnePage           8c018df8 f   nk:physmem.obj
 0001:00017f20       _GetHeldPage               8c018f20 f   nk:physmem.obj
 0001:00017fe0       _HoldPages                 8c018fe0 f   nk:physmem.obj
 0001:00018164       _DupPhysPage               8c019164 f   nk:physmem.obj
 0001:00018198       _FreePhysPage              8c019198 f   nk:physmem.obj
 0001:00018280       _GetSection                8c019280 f   nk:physmem.obj
 0001:000182d4       _FreeSection               8c0192d4 f   nk:physmem.obj
 0001:00018304       _fill_edbg_buffer          8c019304 f   nk:ppfs.obj
 0001:00018360       _write_edbg_buffer         8c019360 f   nk:ppfs.obj
 0001:000183b8       _read_value                8c0193b8 f   nk:ppfs.obj
 0001:000183f8       _write_value               8c0193f8 f   nk:ppfs.obj
 0001:0001843c       _read_header               8c01943c f   nk:ppfs.obj
 0001:0001848c       _write_header              8c01948c f   nk:ppfs.obj
 0001:000184e4       _read_data                 8c0194e4 f   nk:ppfs.obj
 0001:00018524       _write_data                8c019524 f   nk:ppfs.obj
 0001:00018568       _read_end                  8c019568 f   nk:ppfs.obj
 0001:000185a8       _write_end                 8c0195a8 f   nk:ppfs.obj
 0001:000185f0       _rlseeknocs                8c0195f0 f   nk:ppfs.obj
 0001:00018694       _rlseek                    8c019694 f   nk:ppfs.obj
 0001:000186e0       _rwriteshort               8c0196e0 f   nk:ppfs.obj
 0001:00018780       _rwrite                    8c019780 f   nk:ppfs.obj
 0001:00018830       _rreadshort                8c019830 f   nk:ppfs.obj
 0001:000188dc       _rreadnocs                 8c0198dc f   nk:ppfs.obj
 0001:00018950       _rread                     8c019950 f   nk:ppfs.obj
 0001:000189bc       _rreadseek                 8c0199bc f   nk:ppfs.obj
 0001:00018a38       _rclose                    8c019a38 f   nk:ppfs.obj
 0001:00018aec       _SC_PPSHRestart            8c019aec f   nk:ppfs.obj
 0001:00018af8       _ropen                     8c019af8 f   nk:ppfs.obj
 0001:00018bf0       _rRegOpen                  8c019bf0 f   nk:ppfs.obj
 0001:00018cd0       _rRegClose                 8c019cd0 f   nk:ppfs.obj
 0001:00018d7c       _rRegGet                   8c019d7c f   nk:ppfs.obj
 0001:00018e88       _atoiW                     8c019e88 f   nk:resource.obj
 0001:00018ea8       _StrCmpPascW               8c019ea8 f   nk:resource.obj
 0001:00018f14       _StrCmpAPascW              8c019f14 f   nk:resource.obj
 0001:00018f80       _FindTypeByName            8c019f80 f   nk:resource.obj
 0001:00018fd4       _FindTypeByNum             8c019fd4 f   nk:resource.obj
 0001:00019008       _FindFirst                 8c01a008 f   nk:resource.obj
 0001:0001901c       _FindType                  8c01a01c f   nk:resource.obj
 0001:00019070       _SC_FindResource           8c01a070 f   nk:resource.obj
 0001:000191a0       _SC_SizeofResource         8c01a1a0 f   nk:resource.obj
 0001:000191c0       _SC_LoadResource           8c01a1c0 f   nk:resource.obj
 0001:000193bc       _OpenResourceFile          8c01a3bc f   nk:resource.obj
 0001:000197dc       _ExtractOneResource        8c01a7dc f   nk:resource.obj
 0001:000198a0       _SC_ExtractResource        8c01a8a0 f   nk:resource.obj
 0001:000198f8       _SC_KernExtractIcons       8c01a8f8 f   nk:resource.obj
 0001:000199d8       _AToUCopy                  8c01a9d8 f   nk:resource.obj
 0001:00019a00       _SC_GetRomFileBytes        8c01aa00 f   nk:resource.obj
 0001:00019bb8       _SC_MapUncompressedFileW   8c01abb8 f   nk:resource.obj
 0001:00019c58       _SC_GetRomFileInfo         8c01ac58 f   nk:resource.obj
 0001:00019dcc       _LocalAlloc                8c01adcc f   nk:stubs.obj
 0001:00019e24       _LocalFree                 8c01ae24 f   nk:stubs.obj
 0001:00019e74       _InitializeCriticalSection 8c01ae74 f   nk:stubs.obj
 0001:00019e98       _EnterCriticalSection      8c01ae98 f   nk:stubs.obj
 0001:00019edc       _LeaveCriticalSection      8c01aedc f   nk:stubs.obj
 0001:00019f28       _strlenW                   8c01af28 f   nk:strings.obj
 0001:00019f40       _strcmpW                   8c01af40 f   nk:strings.obj
 0001:00019f5c       _SC_RegisterTrackedItem    8c01af5c f   nk:memtrk.obj
 0001:00019f60       _DecompressOnePage         8c01af60 f   nk:compr2.obj
 0001:00019ff0       _Decompress                8c01aff0 f   nk:compr2.obj
 0001:0001a080       _SC_FSStringCompress       8c01b080 f   nk:compr2.obj
 0001:0001a240       _SC_FSStringDecompress     8c01b240 f   nk:compr2.obj
 0001:0001a3f0       _SC_FSBinaryCompress       8c01b3f0 f   nk:compr2.obj
 0001:0001a478       _BufferedDecompress        8c01b478 f   nk:compr2.obj
 0001:0001a528       _SC_FSBinaryDecompress     8c01b528 f   nk:compr2.obj
 0001:0001a5d4       _SC_InterruptInitialize    8c01b5d4 f   nk:intrapi.obj
 0001:0001a678       _SC_InterruptDone          8c01b678 f   nk:intrapi.obj
 0001:0001a69c       _SC_InterruptDisable       8c01b69c f   nk:intrapi.obj
 0001:0001a6e4       _RtlVirtualUnwind          8c01b6e4 f   nk:shunwind.obj
 0001:0001ac64       _SetLZBlocking             8c01bc64 f   nk:compress.obj
 0001:0001b2c8       _CECompress                8c01c2c8 f   nk:compress.obj
 0001:0001b450       _CEDecompress              8c01c450 f   nk:compress.obj
 0001:0001b56c       _KatanaInterruptEnable     8c01c56c f   hal:cfwkatan.obj
 0001:0001b59c       _KatanaInterruptDisable    8c01c59c f   hal:cfwkatan.obj
 0001:0001b5d0       _KatanaInterruptDone       8c01c5d0 f   hal:cfwkatan.obj
 0001:0001b5f4       _DMACInterruptEnable       8c01c5f4 f   hal:cfwkatan.obj
 0001:0001b648       _DMACInterruptDisable      8c01c648 f   hal:cfwkatan.obj
 0001:0001b67c       _DMACInterruptDone         8c01c67c f   hal:cfwkatan.obj
 0001:0001b6b0       _SCIFInterruptEnable       8c01c6b0 f   hal:cfwkatan.obj
 0001:0001b6d4       _SCIFInterruptDisable      8c01c6d4 f   hal:cfwkatan.obj
 0001:0001b6f4       _SCIFInterruptDone         8c01c6f4 f   hal:cfwkatan.obj
 0001:0001b718       _JTAGInterruptEnable       8c01c718 f   hal:cfwkatan.obj
 0001:0001b73c       _JTAGInterruptDisable      8c01c73c f   hal:cfwkatan.obj
 0001:0001b75c       _JTAGInterruptDone         8c01c75c f   hal:cfwkatan.obj
 0001:0001b780       _OEMInit                   8c01c780 f   hal:cfwkatan.obj
 0001:0001b8a8       _OEMInterruptEnable        8c01c8a8 f   hal:cfwkatan.obj
 0001:0001b8d8       _OEMInterruptDisable       8c01c8d8 f   hal:cfwkatan.obj
 0001:0001b904       _OEMInterruptDone          8c01c904 f   hal:cfwkatan.obj
 0001:0001b930       _OEMInterruptStatus        8c01c930 f   hal:cfwkatan.obj
 0001:0001b96c       _OEMInterruptInclude       8c01c96c f   hal:cfwkatan.obj
 0001:0001b998       _OEMInterruptExclude       8c01c998 f   hal:cfwkatan.obj
 0001:0001b9c4       _OEMGetPlatformVersion     8c01c9c4 f   hal:cfwkatan.obj
 0001:0001ba68       _OEMGetRealTime            8c01ca68 f   hal:rtc.obj
 0001:0001baf8       _StartIntervalTimer        8c01caf8 f   hal:ktimer.obj
 0001:0001bb30       _StopIntervalTimer         8c01cb30 f   hal:ktimer.obj
 0001:0001bb50       _InitClock                 8c01cb50 f   hal:ktimer.obj
 0001:0001bc3c       _GetTimerPeriod            8c01cc3c f   hal:ktimer.obj
 0001:0001bc40       _SC_GetTickCount           8c01cc40 f   hal:ktimer.obj
 0001:0001bc80       _GetLongLongCount          8c01cc80 f   hal:ktimer.obj
 0001:0001bcc4       _GetLongLongPeriod         8c01ccc4 f   hal:ktimer.obj
 0001:0001bcd4       _OEMIoControl              8c01ccd4 f   hal:oemioctl.obj
 0001:0001bdac       _ReadASERxBuf              8c01cdac f   hal:mdppfs.obj
 0001:0001bddc       _MarkASERxBuf              8c01cddc f   hal:mdppfs.obj
 0001:0001bdf0       _WriteASETxBuf             8c01cdf0 f   hal:mdppfs.obj
 0001:0001be20       _OEMParallelPortInit       8c01ce20 f   hal:mdppfs.obj
 0001:0001be5c       _OEMParallelPortGetByte    8c01ce5c f   hal:mdppfs.obj
 0001:0001bf90       _OEMParallelPortSendByte   8c01cf90 f   hal:mdppfs.obj
 0001:0001c0b0       _OEMPowerOff               8c01d0b0 f   hal:fwkatana.obj
 0001:0001c0cc       _KatanaISR2                8c01d0cc f   hal:isr.obj
 0001:0001c160       _KatanaISR4                8c01d160 f   hal:isr.obj
 0001:0001c1f8       _KatanaISR6                8c01d1f8 f   hal:isr.obj
 0001:0001c250       IsrConstants               8c01d250 f   hal:isr.obj
 0001:0001c284       _DMAC0ISR                  8c01d284 f   hal:isr.obj
 0001:0001c294       _DMAC1ISR                  8c01d294 f   hal:isr.obj
 0001:0001c2a4       _DMAC2ISR                  8c01d2a4 f   hal:isr.obj
 0001:0001c2b4       _DMAC3ISR                  8c01d2b4 f   hal:isr.obj
 0001:0001c2c4       DMACConstants              8c01d2c4 f   hal:isr.obj
 0001:0001c2d8       _JTAGISR                   8c01d2d8 f   hal:isr.obj
 0001:0001c2ec       _Timer0ISR                 8c01d2ec f   hal:timer.obj
 0001:0001c318       _Timer1ISR                 8c01d318 f   hal:timer.obj
 0001:0001c334       _OEMInitDebugSerial        8c01d334 f   asedbg:debug.obj
 0001:0001c3fc       _OEMWriteDebugString       8c01d3fc f   asedbg:debug.obj
 0001:0001c49c       _OEMWriteDebugByte         8c01d49c f   asedbg:debug.obj
 0001:0001c57c       _OEMReadDebugByte          8c01d57c f   asedbg:debug.obj
 0001:0001c668       _SerialInit                8c01d668 f   asedbg:init.obj
 0001:0001c69c       _SCIFISR                   8c01d69c f   asedbg:isr.obj
 0001:0001c6b0       _WDMInitCommonBuffers      8c01d6b0 f   wdmhal:hal.obj
 0001:0001c7d0       __HalAllocateCommonBuffer  8c01d7d0 f   wdmhal:hal.obj
 0001:0001c894       __HalFreeCommonBuffer      8c01d894 f   wdmhal:hal.obj
 0001:0001c9c0       __HalWriteHacbUserId       8c01d9c0 f   wdmhal:hal.obj
 0001:0001ca14       __HalReadHacbUserId        8c01da14 f   wdmhal:hal.obj
 0001:0001ca6c       _WDMInitialize             8c01da6c f   wdmhal:wdmhal.obj
 0001:0001cabc       _SC_ProfileSyscall         8c01dabc f   wdmhal:wdmhal.obj
 0001:0001cabc       _OEMClearDebugCommError    8c01dabc f   wdmhal:wdmhal.obj
 0001:0001cabc       _SC_TurnOffSyscallProfiling 8c01dabc f   wdmhal:wdmhal.obj
 0001:0001cabc       _FakeUpdateSymbols         8c01dabc f   wdmhal:wdmhal.obj
 0001:0001cabc       _SC_DumpKCallProfile       8c01dabc f   wdmhal:wdmhal.obj
 0001:0001cabc       _NotifyCallback            8c01dabc f   wdmhal:wdmhal.obj
 0001:0001cabc       _SC_TurnOnSyscallProfiling 8c01dabc f   wdmhal:wdmhal.obj
 0001:0001cabc       _SC_FilterTrackedItem      8c01dabc f   wdmhal:wdmhal.obj
 0001:0001cabc       _NOPIFunc                  8c01dabc f   wdmhal:wdmhal.obj
 0001:0001cac0       _MmProbeAndLockPages       8c01dac0 f   wdmhal:mm.obj
 0001:0001cbb0       _MmUnlockPages             8c01dbb0 f   wdmhal:mm.obj
 0001:0001cbe0       _MmBuildMdlForNonPagedPool 8c01dbe0 f   wdmhal:mm.obj
 0001:0001cc48       _memmove                   8c01dc48 f   fulllibc:memmove.obj
 0001:0001cd48       _memcpy                    8c01dd48     fulllibc:memmove.obj
 0001:0001cf10       _memset                    8c01df10 f   fulllibc:memset.obj
 0001:0001d02c       __bandi64                  8c01e02c f   fulllibc:i64band.obj
 0001:0001d040       __uitoui64                 8c01e040 f   fulllibc:utoi64.obj
 0001:0001d040       __uitoi64                  8c01e040     fulllibc:utoi64.obj
 0001:0001d04c       __lshi64                   8c01e04c f   fulllibc:lshi64.obj
 0001:0001d06c       __rshi64                   8c01e06c f   fulllibc:rshi64.obj
 0001:0001d08c       __i64toi                   8c01e08c f   fulllibc:i64toi.obj
 0001:0001d08c       __ui64toui                 8c01e08c     fulllibc:i64toi.obj
 0001:0001d08c       __i64toui                  8c01e08c     fulllibc:i64toi.obj
 0001:0001d08c       __ui64toi                  8c01e08c     fulllibc:i64toi.obj
 0001:0001d090       __muli64                   8c01e090 f   fulllibc:i64mul.obj
 0001:0001d1a0       __divi64                   8c01e1a0 f   fulllibc:i64div.obj
 0001:0001d29c       __divlu                    8c01e29c f   fulllibc:__divlu.obj
 0001:0001d348       __modlu                    8c01e348 f   fulllibc:__modlu.obj
 0001:0001d400       __modls                    8c01e400 f   fulllibc:__modls.obj
 0001:0001d4c4       _strcmp                    8c01e4c4 f   fulllibc:strcmp.obj
 0001:0001d584       _strlen                    8c01e584 f   fulllibc:strlen.obj
 0001:0001d5e4       __modi64                   8c01e5e4 f   fulllibc:i64mod.obj
 0001:0001d698       __itoi64                   8c01e698     fulllibc:itoi64.obj
 0001:0001d698       __itoui64                  8c01e698 f   fulllibc:itoi64.obj
 0001:0001d6a8       __mului64                  8c01e6a8 f   fulllibc:i64mulu.obj
 0001:0001d7a4       __eqi64                    8c01e7a4 f   fulllibc:eqi64.obj
 0001:0001d7b8       __lti64                    8c01e7b8 f   fulllibc:lti64.obj
 0001:0001d7e0       __divui64                  8c01e7e0 f   fulllibc:i64divu.obj
 0001:0001d97c       _IDivExcept                8c01e97c f   fulllibc:idivxcpt.obj
 0001:0001d99c       __rshui64                  8c01e99c f   fulllibc:rshui64.obj
 0001:0001d9bc       __gtui64                   8c01e9bc f   fulllibc:gtui64.obj
 0001:0001d9e4       __nei64                    8c01e9e4 f   fulllibc:nei64.obj
 0001:0001d9fc       __leui64                   8c01e9fc f   fulllibc:leui64.obj
 0001:0001da24       _OEMGetBusDataByOffset     8c01ea24 f   hal:oemwdm.obj
 0001:0001da24       _SC_DeleteTrackedItem      8c01ea24 f   hal:oemwdm.obj
 0001:0001da24       _OEMGetExtensionDRAM       8c01ea24 f   hal:oemwdm.obj
 0001:0001da24       _OEMSetRealTime            8c01ea24 f   hal:oemwdm.obj
 0001:0001da24       _OEMSetBusDataByOffset     8c01ea24 f   hal:oemwdm.obj
 0001:0001da24       _SC_AddTrackedItem         8c01ea24 f   hal:oemwdm.obj
 0001:0001da24       _SC_SetHardwareWatch       8c01ea24 f   hal:oemwdm.obj
 0001:0001da24       _OEMSetAlarmTime           8c01ea24 f   hal:oemwdm.obj
 0001:0001da24       _SC_PrintTrackedItem       8c01ea24 f   hal:oemwdm.obj
 0001:0001da24       _FakeKDTrap                8c01ea24 f   hal:oemwdm.obj
 0001:0001da28       _OEMMapInterrupt           8c01ea28 f   hal:oemwdm.obj
 0002:00000000       _KDBase                    8c01f000     nk:shexcept.obj
 0002:000017e0       _KStack                    8c0207e0     nk:shexcept.obj
 0002:00001800       _KData                     8c020800     nk:shexcept.obj
 0002:00001888       _CurMSec                   8c020888     nk:shexcept.obj
 0003:00000000       _PKDInit                   8c021000     nokd.obj
 0003:00000004       ExceptionTable             8c021004     nk:shexcept.obj
 0003:00000044       _InterruptTable            8c021044     nk:shexcept.obj
 0003:00000108       _HandleList                8c021108     nk:objdisp.obj
 0003:00000110       _CStkFreeList              8c021110     nk:objdisp.obj
 0003:00000114       _currmaxprio               8c021114     nk:schedule.obj
 0003:00000118       _kdProcArray               8c021118     nk:schedule.obj
 0003:0000011c       _kdpKData                  8c02111c     nk:schedule.obj
 0003:00000120       _KDTrap                    8c021120     nk:kwin32.obj
 0003:00000124       _KDPrintString             8c021124     nk:kwin32.obj
 0003:00000128       _KDSetLoadSymbolsFlag      8c021128     nk:kwin32.obj
 0003:0000012c       _KDResetLoadSymbolsFlag    8c02112c     nk:kwin32.obj
 0003:00000130       _KDUpdateSymbols           8c021130     nk:kwin32.obj
 0003:00000134       _CommDev                   8c021134     nk:kwin32.obj
 0003:00000138       _lpWriteDebugStringFunc    8c021138     nk:kwin32.obj
 0003:0000013c       _lpReadDebugByteFunc       8c02113c     nk:kwin32.obj
 0003:00000140       _lpWriteDebugByteFunc      8c021140     nk:kwin32.obj
 0003:00000144       _lpParallelPortSendByteFunc 8c021144     nk:kwin32.obj
 0003:00000148       _lpParallelPortGetByteFunc 8c021148     nk:kwin32.obj
 0003:0000014c       _currcrumb                 8c02114c     nk:loader.obj
 0003:00000150       _FirstFreeSection          8c021150     nk:virtmem.obj
 0003:00000154       _AutoPagePFN               8c021154     nk:virtmem.obj
 0003:00000158       _heapptr                   8c021158     nk:heap.obj
 0003:00000284       _FillArena                 8c021284     nk:heap.obj
 0003:00000288       _SmallestSize              8c021288     nk:heap.obj
 0003:0000028c       _PprcScavTarget            8c02128c     nk:physmem.obj
 0003:00000290       _cfile                     8c021290     nk:resource.obj
 0003:00000294       _cblock                    8c021294     nk:resource.obj
 0003:000002a0       _PProfileInterrupt         8c0212a0     nk:profiler.obj
 0003:000002a4       _g_DAPresent               8c0212a4     hal:cfwkatan.obj
 0003:000002a8       _g_KIntrList               8c0212a8     hal:cfwkatan.obj
 0003:000003c8       _g_DMACEnable              8c0213c8     hal:cfwkatan.obj
 0003:000003cc       _g_SCIFEnable              8c0213cc     hal:cfwkatan.obj
 0003:000003d0       _g_JTAGEnable              8c0213d0     hal:cfwkatan.obj
 0003:000003d4       _GInterruptList            8c0213d4     hal:cfwkatan.obj
 0003:000004b8       _OEMPlatformVersion        8c0214b8     hal:cfwkatan.obj
 0003:000004c0       _ASEBIOS_VECTOR            8c0214c0     hal:cfwkatan.obj
 0003:000004c4       _OEMClockFreq              8c0214c4     hal:cfwkatan.obj
 0003:000004c8       _g_ReadDelay               8c0214c8     hal:mdppfs.obj
 0003:000004cc       _RxBufBound                8c0214cc     hal:mdppfs.obj
 0003:000004d0       _RxBufPtr                  8c0214d0     hal:mdppfs.obj
 0003:000004d4       _TxBufBound                8c0214d4     hal:mdppfs.obj
 0003:000004d8       _OEMExtraCCR               8c0214d8     hal:fwkatana.obj
 0003:000004dc       _OEMCpuPhysicalMemoryOffset 8c0214dc     hal:fwkatana.obj
 0003:000004e0       _SizeRead                  8c0214e0     asedbg:debug.obj
 0003:000004e4       _PrtRead                   8c0214e4     asedbg:debug.obj
 0003:000004e8       _SizeWrite                 8c0214e8     asedbg:debug.obj
 0003:000004ec       _MaxSizeWrite              8c0214ec     asedbg:debug.obj
 0003:00000d60       _lz77Globals               8c021d60     <common>
 0003:00005d8c       _LZBLOCKBITS               8c026d8c     <common>
 0003:00005da0       _CompCS                    8c026da0     <common>
 0003:00005dc0       _RFBcs                     8c026dc0     <common>
 0003:00005de0       _lpDecBuf                  8c026de0     <common>
 0003:00006de0       _ppfscs                    8c027de0     <common>
 0003:00006df4       _PaNextAlloc               8c027df4     <common>
 0003:00006df8       _GwesCriticalBlockSize     8c027df8     <common>
 0003:00006dfc       _PageOutTrigger            8c027dfc     <common>
 0003:00006e00       _PageOutNeeded             8c027e00     <common>
 0003:00006e04       _KHeapCur                  8c027e04     <common>
 0003:00006e08       _PfiKHeap                  8c027e08     <common>
 0003:00006e0c       _KHeap                     8c027e0c     <common>
 0003:00006e10       _GwesOOMEvent              8c027e10     <common>
 0003:00006e14       _GwesLowThreshold          8c027e14     <common>
 0003:00006e18       _PaKHeap                   8c027e18     <common>
 0003:00006e1c       _PageOutLevel              8c027e1c     <common>
 0003:00006e20       _PfiAlloc                  8c027e20     <common>
 0003:00006e24       _StackScavCount            8c027e24     <common>
 0003:00006e28       _GwesCriticalThreshold     8c027e28     <common>
 0003:00006e2c       _PaKHeapLimit              8c027e2c     <common>
 0003:00006e30       _PthScavTarget             8c027e30     <common>
 0003:00006e34       _SparePFN                  8c027e34     <common>
 0003:00006e40       _PhysCS                    8c027e40     <common>
 0003:00006e54       _GwesLowBlockSize          8c027e54     <common>
 0003:00006e58       _pCFMCleanup               8c027e58     <common>
 0003:00006e60       _WriterCS                  8c027e60     <common>
 0003:00006e80       _MapCS                     8c027e80     <common>
 0003:00006ea0       _MapNameCS                 8c027ea0     <common>
 0003:00006eb4       _pHugeCleanList            8c027eb4     <common>
 0003:00006ec0       _rbSubRes                  8c027ec0     <common>
 0003:00006f38       _rbRes                     8c027f38     <common>
 0003:00006f3c       _hMapList                  8c027f3c     <common>
 0003:00006f40       _PmbDecommitting           8c027f40     <common>
 0003:00006f44       _hevNeedAutoPage           8c027f44     <common>
 0003:00006f60       _NKSection                 8c027f60     <common>
 0003:00007760       _hevAutoCommit             8c028760     <common>
 0003:00007780       _VAcs                      8c028780     <common>
 0003:000077a0       _ODScs                     8c0287a0     <common>
 0003:000077c0       _LLcs                      8c0287c0     <common>
 0003:000077d4       _pNotifyForceCleanboot     8c0287d4     <common>
 0003:000077d8       _PagedInCount              8c0287d8     <common>
 0003:000077dc       _MainMemoryEndAddress      8c0287dc     <common>
 0003:000077e0       _pOEMLoadInit              8c0287e0     <common>
 0003:000077e4       _pOEMLoadModule            8c0287e4     <common>
 0003:00007800       _FreeInfo                  8c028800     <common>
 0003:00007830       _MemoryInfo                8c028830     <common>
 0003:00007840       _PtrKData                  8c028840     <common>
 0003:00007860       _PagerCS                   8c028860     <common>
 0003:00007880       _ModListcs                 8c028880     <common>
 0003:00007894       _LogPtr                    8c028894     <common>
 0003:00007898       _GwesPowerKey              8c028898     <common>
 0003:0000789c       _GwesPowerProc             8c02889c     <common>
 0003:000078a0       _pWriteDebugLED            8c0288a0     <common>
 0003:000078a4       _WDevicePowerProc          8c0288a4     <common>
 0003:000078a8       _PowerProc                 8c0288a8     <common>
 0003:000078ac       _ReadyForStrings           8c0288ac     <common>
 0003:000078b0       _PpfsEthBuf                8c0288b0     <common>
 0003:000078b4       _BufferedPPFS              8c0288b4     <common>
 0003:000078b8       _GwesPowerFunc             8c0288b8     <common>
 0003:000078bc       _pEdbgInitializeInterrupt  8c0288bc     <common>
 0003:000078c0       _PowerFunc                 8c0288c0     <common>
 0003:000078c4       _PowerKey                  8c0288c4     <common>
 0003:000078c8       _pEdbgRecv                 8c0288c8     <common>
 0003:000078cc       _WDevicePowerFunc          8c0288cc     <common>
 0003:000078d0       _pEdbgSend                 8c0288d0     <common>
 0003:000078d4       _WDevicePowerKey           8c0288d4     <common>
 0003:000078d8       _lpCritList                8c0288d8     <common>
 0003:000078dc       _hReprioThread             8c0288dc     <common>
 0003:000078e0       _TBFf                      8c0288e0     <common>
 0003:000078e4       _curridlehigh              8c0288e4     <common>
 0003:000078e8       _pReprioThread             8c0288e8     <common>
 0003:00007900       _NameCS                    8c028900     <common>
 0003:00007914       _ticksleft                 8c028914     <common>
 0003:00007918       _curridlelow               8c028918     <common>
 0003:0000791c       _hJitter                   8c02891c     <common>
 0003:00007920       _bLastIdle                 8c028920     <common>
 0003:00007924       _pReadRegistryFromOEM      8c028924     <common>
 0003:00007928       _KSystemTimeToFileTime     8c028928     <common>
 0003:0000792c       _pQueryPerformanceCounter  8c02892c     <common>
 0003:00007930       _PageOutForced             8c028930     <common>
 0003:00007934       _pIsExiting                8c028934     <common>
 0003:00007938       _DaylightBias              8c028938     <common>
 0003:0000793c       _pWriteRegistryToOEM       8c02893c     <common>
 0003:00007940       _hEventReprio              8c028940     <common>
 0003:00007944       _ReprioHighest             8c028944     <common>
 0003:00007948       _bInNextThread             8c028948     <common>
 0003:0000794c       _KFileTimeToSystemTime     8c02894c     <common>
 0003:00007950       _hAlarmEvent               8c028950     <common>
 0003:00007954       _pLogProcessCreate         8c028954     <common>
 0003:00007958       _pGetProcessHeap           8c028958     <common>
 0003:00007960       _RunList                   8c028960     <common>
 0003:000079b0       _pLogThreadCreate          8c0289b0     <common>
 0003:000079b4       _hMutexList                8c0289b4     <common>
 0003:000079b8       _nextapp                   8c0289b8     <common>
 0003:000079bc       _pLogThreadSwitch          8c0289bc     <common>
 0003:000079c0       _pappinfo                  8c0289c0     <common>
 0003:000079c4       _pLogThreadDelete          8c0289c4     <common>
 0003:000079c8       _pQueryPerformanceFrequency 8c0289c8     <common>
 0003:000079cc       _SleepList                 8c0289cc     <common>
 0003:000079d0       _lpcleanupNotes            8c0289d0     <common>
 0003:000079d4       _GLT                       8c0289d4     <common>
 0003:000079e0       _CurAlarmTime              8c0289e0     <common>
 0003:000079f0       _hCoreDll                  8c0289f0     <common>
 0003:000079f4       _idleconv                  8c0289f4     <common>
 0003:000079f8       _KCompareFileTime          8c0289f8     <common>
 0003:000079fc       _JITf                      8c0289fc     <common>
 0003:00007a00       _Reprioq                   8c028a00     <common>
 0003:00007a60       _csDbg                     8c028a60     <common>
 0003:00007a74       _pDebugger                 8c028a74     <common>
 0003:00007a78       _MTBFf                     8c028a78     <common>
 0003:00007a7c       _hCleanupEvent             8c028a7c     <common>
 0003:00007a80       _pLogProcessDelete         8c028a80     <common>
 0003:00007a84       _CurrTime                  8c028a84     <common>
 0003:00007a88       _pEventReprio              8c028a88     <common>
 0003:00007a8c       _InDaylight                8c028a8c     <common>
 0003:00007a90       _pGetHeapSnapshot          8c028a90     <common>
 0003:00007aa0       _DbgApiCS                  8c028aa0     <common>
 0003:00007ab4       _hSignalApp                8c028ab4     <common>
 0003:00007ab8       _NormalBias                8c028ab8     <common>
 0003:00007abc       _pCleanupEvent             8c028abc     <common>
 0003:00007ac0       _initStack                 8c028ac0     <common>
 0003:00008ac0       _pExitThread               8c029ac0     <common>
 0003:00008ac4       _pPath                     8c029ac4     <common>
 0003:00008ac8       _hEventList                8c029ac8     <common>
 0003:00008acc       _pPSLNotify                8c029acc     <common>
 0003:00008ad0       _hAlarmThreadWakeup        8c029ad0     <common>
 0003:00008ae0       _ProcArray                 8c029ae0     <common>
 0003:00009e60       _rtccs                     8c02ae60     <common>
 0003:00009e80       _SystemAPISets             8c02ae80     <common>
 0003:00009f00       _PhdNext                   8c02af00     <common>
 0003:00009f04       _KernelGlobalBase          8c02af04     <common>
 0003:00009f08       _PhdPrevReturn             8c02af08     <common>
 0003:00009f20       _KModeEXCINFO              8c02af20     <common>
 0003:00009f34       _dwStoreQueueBase          8c02af34     <common>
 0003:00009f40       _ASETxBuf                  8c02af40     <common>
 0003:00009f60       _NoPPFS                    8c02af60     <common>
 0003:00009f80       _ASERxBuf                  8c02af80     <common>
 0003:00009fa0       _TicksPerPeriod            8c02afa0     <common>
 0003:00009fa4       _TicksTo64kMSec            8c02afa4     <common>
 0003:00009fc0       _ReadBuf                   8c02afc0     <common>
 0003:00009fe0       _WriteBuf                  8c02afe0     <common>
 0003:00009fe4       _g_nMemoryArenas           8c02afe4     <common>
 0003:0000a000       _csMemoryList              8c02b000     <common>
 0003:0000a014       _g_pvHacbUserIdVirtAddrs   8c02b014     <common>
 0003:0000a020       _g_MemoryList              8c02b020     <common>
 0003:0000a080       _g_dwHacbUserIdPhysAddrs   8c02b080     <common>
 0003:0000a084       _g_pFreeNodeList           8c02b084     <common>

 entry point at        0001:000010c0

 Static symbols

 0001:0001ac84       _LZInitialize              8c01bc84 f   nk:compress.obj
 0001:0001acb8       _LZHashAdd                 8c01bcb8 f   nk:compress.obj
 0001:0001ad2c       _LZHashMatch               8c01bd2c f   nk:compress.obj
 0001:0001aea8       _Out                       8c01bea8 f   nk:compress.obj
 0001:0001b010       _CompressBlock             8c01c010 f   nk:compress.obj
 0001:0001b0fc       _UncompressBlock           8c01c0fc f   nk:compress.obj
 0001:0001b250       _Write3                    8c01c250 f   nk:compress.obj
 0001:0001b278       _CheckZeros                8c01c278 f   nk:compress.obj
 0001:0001b434       _Read3                     8c01c434 f   nk:compress.obj
 0001:000197ac       $FILTER11243               8c01a7ac f   nk:resource.obj
 0001:00014fcc       $FILTER10890               8c015fcc f   nk:exdsptch.obj
 0001:0000ede4       $FILTER13502               8c00fde4 f   nk:loader.obj
 0001:0000f240       $FILTER13509               8c010240 f   nk:loader.obj
 0001:00012094       $FILTER13757               8c013094 f   nk:loader.obj
 0001:0000a5e4       $FILTER14510               8c00b5e4 f   nk:schedule.obj
 0001:0000a7d4       $FILTER14517               8c00b7d4 f   nk:schedule.obj
 0001:0000b7ec       $FILTER14541               8c00c7ec f   nk:schedule.obj
 0001:0000babc       $FILTER14558               8c00cabc f   nk:schedule.obj
 0001:0001c34c       _OEMWriteDebugStringToDA   8c01d34c f   asedbg:debug.obj

 100 bytes saved through ICF

