DevKitDC\Files.lst
DevKitDC\bin\sh-sega-dreamcast-readelf.exe
DevKitDC\bin\cygintl.dll
DevKitDC\bin\cygwin1.dll
DevKitDC\bin\sh-sega-dreamcast-nm.exe
DevKitDC\bin\sh-sega-dreamcast-strip.exe
DevKitDC\bin\sh-sega-dreamcast-c++filt.exe
DevKitDC\bin\sh-sega-dreamcast-as.exe
DevKitDC\bin\sh-sega-dreamcast-gasp.exe
DevKitDC\bin\sh-sega-dreamcast-gprof.exe
DevKitDC\bin\sh-sega-dreamcast-ld.exe
DevKitDC\bin\gcov.exe
DevKitDC\bin\gccbug
DevKitDC\bin\sh-sega-dreamcast-size.exe
DevKitDC\bin\sh-sega-dreamcast-objdump.exe
DevKitDC\bin\sh-sega-dreamcast-ar.exe
DevKitDC\bin\sh-sega-dreamcast-strings.exe
DevKitDC\bin\sh-sega-dreamcast-ranlib.exe
DevKitDC\bin\sh-sega-dreamcast-objcopy.exe
DevKitDC\bin\sh-sega-dreamcast-addr2line.exe
DevKitDC\bin\sh-sega-dreamcast-cpp.exe
DevKitDC\bin\sh-sega-dreamcast-gcc.exe
DevKitDC\bin\sh-sega-dreamcast-g++.exe
DevKitDC\bin\sh-sega-dreamcast-c++.exe
DevKitDC\bin\mklinkstub.exe
DevKitDC\bin\make.exe
DevKitDC\bin\sh.exe
DevKitDC\bin\rm.exe
DevKitDC\bin\echo.exe
DevKitDC\bin\pwd.exe
DevKitDC\bin\addr2line.exe
DevKitDC\bin\ar.exe
DevKitDC\bin\as.exe
DevKitDC\bin\c++file.exe
DevKitDC\bin\gasp.exe
DevKitDC\bin\ld.exe
DevKitDC\bin\nm.exe
DevKitDC\bin\objcopy.exe
DevKitDC\bin\objdump.exe
DevKitDC\bin\ranlib.exe
DevKitDC\bin\readelf.exe
DevKitDC\bin\size.exe
DevKitDC\bin\strings.exe
DevKitDC\bin\strip.exe
DevKitDC\bin\g++.exe
DevKitDC\bin\c++.exe
DevKitDC\bin\gcc.exe
DevKitDC\bin\mmake.bat
DevKitDC\include\bfd.h
DevKitDC\include\ansidecl.h
DevKitDC\include\bfdlink.h
DevKitDC\include\g++-v3\algorithm
DevKitDC\include\g++-v3\bitset
DevKitDC\include\g++-v3\complex
DevKitDC\include\g++-v3\deque
DevKitDC\include\g++-v3\fstream
DevKitDC\include\g++-v3\functional
DevKitDC\include\g++-v3\iomanip
DevKitDC\include\g++-v3\ios
DevKitDC\include\g++-v3\iosfwd
DevKitDC\include\g++-v3\iostream
DevKitDC\include\g++-v3\istream
DevKitDC\include\g++-v3\iterator
DevKitDC\include\g++-v3\limits
DevKitDC\include\g++-v3\list
DevKitDC\include\g++-v3\locale
DevKitDC\include\g++-v3\map
DevKitDC\include\g++-v3\memory
DevKitDC\include\g++-v3\numeric
DevKitDC\include\g++-v3\ostream
DevKitDC\include\g++-v3\queue
DevKitDC\include\g++-v3\set
DevKitDC\include\g++-v3\sstream
DevKitDC\include\g++-v3\stack
DevKitDC\include\g++-v3\stdexcept
DevKitDC\include\g++-v3\streambuf
DevKitDC\include\g++-v3\string
DevKitDC\include\g++-v3\utility
DevKitDC\include\g++-v3\valarray
DevKitDC\include\g++-v3\vector
DevKitDC\include\g++-v3\cassert
DevKitDC\include\g++-v3\cctype
DevKitDC\include\g++-v3\cerrno
DevKitDC\include\g++-v3\cfloat
DevKitDC\include\g++-v3\climits
DevKitDC\include\g++-v3\clocale
DevKitDC\include\g++-v3\ciso646
DevKitDC\include\g++-v3\cmath
DevKitDC\include\g++-v3\csetjmp
DevKitDC\include\g++-v3\csignal
DevKitDC\include\g++-v3\cstdarg
DevKitDC\include\g++-v3\cstddef
DevKitDC\include\g++-v3\cstdio
DevKitDC\include\g++-v3\cstdlib
DevKitDC\include\g++-v3\cstring
DevKitDC\include\g++-v3\ctime
DevKitDC\include\g++-v3\cwchar
DevKitDC\include\g++-v3\cwctype
DevKitDC\include\g++-v3\exception
DevKitDC\include\g++-v3\new
DevKitDC\include\g++-v3\typeinfo
DevKitDC\include\g++-v3\cxxabi.h
DevKitDC\include\g++-v3\exception_defines.h
DevKitDC\include\g++-v3\sh-sega-dreamcast\bits\c++config.h
DevKitDC\include\g++-v3\sh-sega-dreamcast\bits\ctype_base.h
DevKitDC\include\g++-v3\sh-sega-dreamcast\bits\ctype_inline.h
DevKitDC\include\g++-v3\sh-sega-dreamcast\bits\ctype_noninline.h
DevKitDC\include\g++-v3\sh-sega-dreamcast\bits\os_defines.h
DevKitDC\include\g++-v3\sh-sega-dreamcast\bits\atomicity.h
DevKitDC\include\g++-v3\sh-sega-dreamcast\bits\limits.h
DevKitDC\include\g++-v3\sh-sega-dreamcast\bits\gthr.h
DevKitDC\include\g++-v3\sh-sega-dreamcast\bits\gthr-single.h
DevKitDC\include\g++-v3\sh-sega-dreamcast\bits\gthr-default.h
DevKitDC\include\g++-v3\sh-sega-dreamcast\bits\basic_file_model.h
DevKitDC\include\g++-v3\sh-sega-dreamcast\bits\c++io.h
DevKitDC\include\g++-v3\sh-sega-dreamcast\bits\c++locale.h
DevKitDC\include\g++-v3\bits\localefwd.h
DevKitDC\include\g++-v3\bits\mask_array.h
DevKitDC\include\g++-v3\bits\pthread_allocimpl.h
DevKitDC\include\g++-v3\bits\sbuf_iter.h
DevKitDC\include\g++-v3\bits\slice.h
DevKitDC\include\g++-v3\bits\slice_array.h
DevKitDC\include\g++-v3\bits\sstream.tcc
DevKitDC\include\g++-v3\bits\std_algorithm.h
DevKitDC\include\g++-v3\bits\std_bitset.h
DevKitDC\include\g++-v3\bits\std_complex.h
DevKitDC\include\g++-v3\bits\std_deque.h
DevKitDC\include\g++-v3\bits\std_fstream.h
DevKitDC\include\g++-v3\bits\std_functional.h
DevKitDC\include\g++-v3\bits\std_iomanip.h
DevKitDC\include\g++-v3\bits\std_ios.h
DevKitDC\include\g++-v3\bits\std_iosfwd.h
DevKitDC\include\g++-v3\bits\std_iostream.h
DevKitDC\include\g++-v3\bits\std_istream.h
DevKitDC\include\g++-v3\bits\std_iterator.h
DevKitDC\include\g++-v3\bits\std_limits.h
DevKitDC\include\g++-v3\bits\std_list.h
DevKitDC\include\g++-v3\bits\std_locale.h
DevKitDC\include\g++-v3\bits\std_map.h
DevKitDC\include\g++-v3\bits\std_memory.h
DevKitDC\include\g++-v3\bits\std_numeric.h
DevKitDC\include\g++-v3\bits\std_ostream.h
DevKitDC\include\g++-v3\bits\std_queue.h
DevKitDC\include\g++-v3\bits\std_set.h
DevKitDC\include\g++-v3\bits\std_sstream.h
DevKitDC\include\g++-v3\bits\std_stack.h
DevKitDC\include\g++-v3\bits\std_stdexcept.h
DevKitDC\include\g++-v3\bits\std_streambuf.h
DevKitDC\include\g++-v3\bits\std_string.h
DevKitDC\include\g++-v3\bits\std_utility.h
DevKitDC\include\g++-v3\bits\std_valarray.h
DevKitDC\include\g++-v3\bits\std_vector.h
DevKitDC\include\g++-v3\bits\stl_algo.h
DevKitDC\include\g++-v3\bits\stl_algobase.h
DevKitDC\include\g++-v3\bits\stl_alloc.h
DevKitDC\include\g++-v3\bits\stl_bvector.h
DevKitDC\include\g++-v3\bits\stl_construct.h
DevKitDC\include\g++-v3\bits\stl_deque.h
DevKitDC\include\g++-v3\bits\stl_function.h
DevKitDC\include\g++-v3\bits\stl_heap.h
DevKitDC\include\g++-v3\bits\stl_iterator.h
DevKitDC\include\g++-v3\bits\stl_iterator_base_funcs.h
DevKitDC\include\g++-v3\bits\stl_iterator_base_types.h
DevKitDC\include\g++-v3\bits\stl_list.h
DevKitDC\include\g++-v3\bits\stl_map.h
DevKitDC\include\g++-v3\bits\stl_multimap.h
DevKitDC\include\g++-v3\bits\stl_multiset.h
DevKitDC\include\g++-v3\bits\stl_numeric.h
DevKitDC\include\g++-v3\bits\stl_pair.h
DevKitDC\include\g++-v3\bits\stl_pthread_alloc.h
DevKitDC\include\g++-v3\bits\stl_queue.h
DevKitDC\include\g++-v3\bits\stl_raw_storage_iter.h
DevKitDC\include\g++-v3\bits\stl_relops.h
DevKitDC\include\g++-v3\bits\stl_set.h
DevKitDC\include\g++-v3\bits\stl_stack.h
DevKitDC\include\g++-v3\bits\stl_tempbuf.h
DevKitDC\include\g++-v3\bits\stl_threads.h
DevKitDC\include\g++-v3\bits\stl_tree.h
DevKitDC\include\g++-v3\bits\stl_uninitialized.h
DevKitDC\include\g++-v3\bits\stl_vector.h
DevKitDC\include\g++-v3\bits\streambuf.tcc
DevKitDC\include\g++-v3\bits\stringfwd.h
DevKitDC\include\g++-v3\bits\type_traits.h
DevKitDC\include\g++-v3\bits\valarray_array.h
DevKitDC\include\g++-v3\bits\valarray_array.tcc
DevKitDC\include\g++-v3\bits\valarray_meta.h
DevKitDC\include\g++-v3\bits\std_cassert.h
DevKitDC\include\g++-v3\bits\std_cctype.h
DevKitDC\include\g++-v3\bits\std_cerrno.h
DevKitDC\include\g++-v3\bits\std_cfloat.h
DevKitDC\include\g++-v3\bits\std_climits.h
DevKitDC\include\g++-v3\bits\std_clocale.h
DevKitDC\include\g++-v3\bits\std_cmath.h
DevKitDC\include\g++-v3\bits\std_csetjmp.h
DevKitDC\include\g++-v3\bits\std_csignal.h
DevKitDC\include\g++-v3\bits\std_cstdarg.h
DevKitDC\include\g++-v3\bits\std_cstddef.h
DevKitDC\include\g++-v3\bits\std_cstdio.h
DevKitDC\include\g++-v3\bits\std_cstdlib.h
DevKitDC\include\g++-v3\bits\std_cstring.h
DevKitDC\include\g++-v3\bits\std_ctime.h
DevKitDC\include\g++-v3\bits\std_cwchar.h
DevKitDC\include\g++-v3\bits\std_cwctype.h
DevKitDC\include\g++-v3\bits\cmath.tcc
DevKitDC\include\g++-v3\bits\basic_file.h
DevKitDC\include\g++-v3\bits\basic_ios.h
DevKitDC\include\g++-v3\bits\basic_ios.tcc
DevKitDC\include\g++-v3\bits\basic_string.h
DevKitDC\include\g++-v3\bits\basic_string.tcc
DevKitDC\include\g++-v3\bits\boost_concept_check.h
DevKitDC\include\g++-v3\bits\char_traits.h
DevKitDC\include\g++-v3\bits\codecvt.h
DevKitDC\include\g++-v3\bits\concept_check.h
DevKitDC\include\g++-v3\bits\cpp_type_traits.h
DevKitDC\include\g++-v3\bits\fpos.h
DevKitDC\include\g++-v3\bits\fstream.tcc
DevKitDC\include\g++-v3\bits\functexcept.h
DevKitDC\include\g++-v3\bits\generic_shadow.h
DevKitDC\include\g++-v3\bits\gslice.h
DevKitDC\include\g++-v3\bits\gslice_array.h
DevKitDC\include\g++-v3\bits\indirect_array.h
DevKitDC\include\g++-v3\bits\ios_base.h
DevKitDC\include\g++-v3\bits\istream.tcc
DevKitDC\include\g++-v3\bits\locale_facets.h
DevKitDC\include\g++-v3\bits\locale_facets.tcc
DevKitDC\include\g++-v3\bits\ostream.tcc
DevKitDC\include\g++-v3\backward\hashtable.h
DevKitDC\include\g++-v3\backward\iostream.h
DevKitDC\include\g++-v3\backward\iterator.h
DevKitDC\include\g++-v3\backward\list.h
DevKitDC\include\g++-v3\backward\map.h
DevKitDC\include\g++-v3\backward\multimap.h
DevKitDC\include\g++-v3\backward\new.h
DevKitDC\include\g++-v3\backward\multiset.h
DevKitDC\include\g++-v3\backward\pair.h
DevKitDC\include\g++-v3\backward\queue.h
DevKitDC\include\g++-v3\backward\rope.h
DevKitDC\include\g++-v3\backward\set.h
DevKitDC\include\g++-v3\backward\slist.h
DevKitDC\include\g++-v3\backward\stack.h
DevKitDC\include\g++-v3\backward\tempbuf.h
DevKitDC\include\g++-v3\backward\tree.h
DevKitDC\include\g++-v3\backward\vector.h
DevKitDC\include\g++-v3\backward\fstream.h
DevKitDC\include\g++-v3\backward\strstream.h
DevKitDC\include\g++-v3\backward\strstream
DevKitDC\include\g++-v3\backward\backward_warning.h
DevKitDC\include\g++-v3\backward\complex.h
DevKitDC\include\g++-v3\backward\iomanip.h
DevKitDC\include\g++-v3\backward\istream.h
DevKitDC\include\g++-v3\backward\ostream.h
DevKitDC\include\g++-v3\backward\stream.h
DevKitDC\include\g++-v3\backward\streambuf.h
DevKitDC\include\g++-v3\backward\algo.h
DevKitDC\include\g++-v3\backward\algobase.h
DevKitDC\include\g++-v3\backward\alloc.h
DevKitDC\include\g++-v3\backward\bvector.h
DevKitDC\include\g++-v3\backward\defalloc.h
DevKitDC\include\g++-v3\backward\deque.h
DevKitDC\include\g++-v3\backward\function.h
DevKitDC\include\g++-v3\backward\hash_map.h
DevKitDC\include\g++-v3\backward\hash_set.h
DevKitDC\include\g++-v3\backward\heap.h
DevKitDC\include\g++-v3\ext\rope
DevKitDC\include\g++-v3\ext\ropeimpl.h
DevKitDC\include\g++-v3\ext\stl_rope.h
DevKitDC\include\g++-v3\ext\slist
DevKitDC\include\g++-v3\ext\hash_map
DevKitDC\include\g++-v3\ext\hash_set
DevKitDC\include\g++-v3\ext\stl_hashtable.h
DevKitDC\include\g++-v3\ext\stl_hash_fun.h
DevKitDC\lib\libbfd.la
DevKitDC\lib\libbfd.a
DevKitDC\lib\libopcodes.la
DevKitDC\lib\libopcodes.a
DevKitDC\lib\libiberty.a
DevKitDC\lib\gcc-lib\sh-sega-dreamcast\3.0.3\cc1.exe
DevKitDC\lib\gcc-lib\sh-sega-dreamcast\3.0.3\cc1plus.exe
DevKitDC\lib\gcc-lib\sh-sega-dreamcast\3.0.3\collect2.exe
DevKitDC\lib\gcc-lib\sh-sega-dreamcast\3.0.3\specs
DevKitDC\lib\gcc-lib\sh-sega-dreamcast\3.0.3\cpp0.exe
DevKitDC\lib\gcc-lib\sh-sega-dreamcast\3.0.3\tradcpp0.exe
DevKitDC\lib\gcc-lib\sh-sega-dreamcast\3.0.3\include
DevKitDC\lib\gcc-lib\sh-sega-dreamcast\3.0.3\libgcc.a
DevKitDC\lib\gcc-lib\sh-sega-dreamcast\3.0.3\crt1.o
DevKitDC\lib\gcc-lib\sh-sega-dreamcast\3.0.3\crti.o
DevKitDC\lib\gcc-lib\sh-sega-dreamcast\3.0.3\crtn.o
DevKitDC\lib\gcc-lib\sh-sega-dreamcast\3.0.3\crtbegin.o
DevKitDC\lib\gcc-lib\sh-sega-dreamcast\3.0.3\crtend.o
DevKitDC\lib\gcc-lib\sh-sega-dreamcast\3.0.3\crtbeginS.o
DevKitDC\lib\gcc-lib\sh-sega-dreamcast\3.0.3\crtendS.o
DevKitDC\lib\gcc-lib\sh-sega-dreamcast\3.0.3\crt0.o
DevKitDC\lib\gcc-lib\sh-sega-dreamcast\3.0.3\msingle\libgcc.a
DevKitDC\lib\gcc-lib\sh-sega-dreamcast\3.0.3\msingle\crt1.o
DevKitDC\lib\gcc-lib\sh-sega-dreamcast\3.0.3\msingle\crti.o
DevKitDC\lib\gcc-lib\sh-sega-dreamcast\3.0.3\msingle\crtn.o
DevKitDC\lib\gcc-lib\sh-sega-dreamcast\3.0.3\msingle\crtbegin.o
DevKitDC\lib\gcc-lib\sh-sega-dreamcast\3.0.3\msingle\crtend.o
DevKitDC\lib\gcc-lib\sh-sega-dreamcast\3.0.3\msingle\crtbeginS.o
DevKitDC\lib\gcc-lib\sh-sega-dreamcast\3.0.3\msingle\crtendS.o
DevKitDC\lib\gcc-lib\sh-sega-dreamcast\3.0.3\msingle\crt0.o
DevKitDC\lib\gcc-lib\sh-sega-dreamcast\3.0.3\include\syslimits.h
DevKitDC\lib\gcc-lib\sh-sega-dreamcast\3.0.3\include\stdarg.h
DevKitDC\lib\gcc-lib\sh-sega-dreamcast\3.0.3\include\stddef.h
DevKitDC\lib\gcc-lib\sh-sega-dreamcast\3.0.3\include\varargs.h
DevKitDC\lib\gcc-lib\sh-sega-dreamcast\3.0.3\include\proto.h
DevKitDC\lib\gcc-lib\sh-sega-dreamcast\3.0.3\include\stdbool.h
DevKitDC\lib\gcc-lib\sh-sega-dreamcast\3.0.3\include\iso646.h
DevKitDC\lib\gcc-lib\sh-sega-dreamcast\3.0.3\include\limits.h
DevKitDC\lib\gcc-lib\sh-sega-dreamcast\3.0.3\include\float.h
DevKitDC\lib\gcc-lib\sh-sega-dreamcast\3.0.3\include\README
DevKitDC\sh-sega-dreamcast\bin\ar.exe
DevKitDC\sh-sega-dreamcast\bin\as.exe
DevKitDC\sh-sega-dreamcast\bin\ld.exe
DevKitDC\sh-sega-dreamcast\bin\nm.exe
DevKitDC\sh-sega-dreamcast\bin\ranlib.exe
DevKitDC\sh-sega-dreamcast\bin\strip.exe
DevKitDC\sh-sega-dreamcast\bin\g++.exe
DevKitDC\sh-sega-dreamcast\bin\c++.exe
DevKitDC\sh-sega-dreamcast\bin\gcc.exe
DevKitDC\sh-sega-dreamcast\lib\ldscripts
DevKitDC\sh-sega-dreamcast\lib\libm.a
DevKitDC\sh-sega-dreamcast\lib\libc.a
DevKitDC\sh-sega-dreamcast\lib\crt0.o
DevKitDC\sh-sega-dreamcast\lib\libg.a
DevKitDC\sh-sega-dreamcast\lib\libsupc++.la
DevKitDC\sh-sega-dreamcast\lib\libsupc++.a
DevKitDC\sh-sega-dreamcast\lib\libstdc++.la
DevKitDC\sh-sega-dreamcast\lib\libstdc++.a
DevKitDC\sh-sega-dreamcast\lib\libiberty.a
DevKitDC\sh-sega-dreamcast\lib\ldscripts\shlelf_dc.x
DevKitDC\sh-sega-dreamcast\lib\ldscripts\shlelf.xn
DevKitDC\sh-sega-dreamcast\lib\ldscripts\shlelf.xr
DevKitDC\sh-sega-dreamcast\lib\ldscripts\shlelf.xs
DevKitDC\sh-sega-dreamcast\lib\ldscripts\shlelf.xu
DevKitDC\sh-sega-dreamcast\lib\ldscripts\shlelf_dc.xbn
DevKitDC\sh-sega-dreamcast\lib\ldscripts\shlelf_dc.xn
DevKitDC\sh-sega-dreamcast\lib\ldscripts\shlelf_dc.xr
DevKitDC\sh-sega-dreamcast\lib\ldscripts\shlelf_dc.xs
DevKitDC\sh-sega-dreamcast\lib\ldscripts\shlelf_dc.xu
DevKitDC\sh-sega-dreamcast\lib\ldscripts\shlelf_linux.x
DevKitDC\sh-sega-dreamcast\lib\ldscripts\shlelf_linux.xbn
DevKitDC\sh-sega-dreamcast\lib\ldscripts\shlelf_linux.xn
DevKitDC\sh-sega-dreamcast\lib\ldscripts\shlelf_linux.xr
DevKitDC\sh-sega-dreamcast\lib\ldscripts\shlelf_linux.xs
DevKitDC\sh-sega-dreamcast\lib\ldscripts\shlelf_linux.xu
DevKitDC\sh-sega-dreamcast\lib\ldscripts\shlelf.x
DevKitDC\sh-sega-dreamcast\lib\ldscripts\shlelf.xbn
DevKitDC\sh-sega-dreamcast\lib\msingle\libm.a
DevKitDC\sh-sega-dreamcast\lib\msingle\libc.a
DevKitDC\sh-sega-dreamcast\lib\msingle\crt0.o
DevKitDC\sh-sega-dreamcast\lib\msingle\libg.a
DevKitDC\sh-sega-dreamcast\lib\msingle\libsupc++.la
DevKitDC\sh-sega-dreamcast\lib\msingle\libsupc++.a
DevKitDC\sh-sega-dreamcast\lib\msingle\libstdc++.la
DevKitDC\sh-sega-dreamcast\lib\msingle\libstdc++.a
DevKitDC\sh-sega-dreamcast\lib\msingle\libiberty.a
DevKitDC\sh-sega-dreamcast\sys-include\COPIED
DevKitDC\sh-sega-dreamcast\sys-include\mh-frag
DevKitDC\sh-sega-dreamcast\sys-include\sh-sega-dreamcast
DevKitDC\sh-sega-dreamcast\sys-include\config.temp
DevKitDC\sh-sega-dreamcast\include\_ansi.h
DevKitDC\sh-sega-dreamcast\include\_syslist.h
DevKitDC\sh-sega-dreamcast\include\ar.h
DevKitDC\sh-sega-dreamcast\include\assert.h
DevKitDC\sh-sega-dreamcast\include\ctype.h
DevKitDC\sh-sega-dreamcast\include\dirent.h
DevKitDC\sh-sega-dreamcast\include\errno.h
DevKitDC\sh-sega-dreamcast\include\fastmath.h
DevKitDC\sh-sega-dreamcast\include\fcntl.h
DevKitDC\sh-sega-dreamcast\include\grp.h
DevKitDC\sh-sega-dreamcast\include\ieeefp.h
DevKitDC\sh-sega-dreamcast\include\locale.h
DevKitDC\sh-sega-dreamcast\include\malloc.h
DevKitDC\sh-sega-dreamcast\include\math.h
DevKitDC\sh-sega-dreamcast\include\paths.h
DevKitDC\sh-sega-dreamcast\include\process.h
DevKitDC\sh-sega-dreamcast\include\pthread.h
DevKitDC\sh-sega-dreamcast\include\pwd.h
DevKitDC\sh-sega-dreamcast\include\reent.h
DevKitDC\sh-sega-dreamcast\include\regdef.h
DevKitDC\sh-sega-dreamcast\include\setjmp.h
DevKitDC\sh-sega-dreamcast\include\signal.h
DevKitDC\sh-sega-dreamcast\include\stdio.h
DevKitDC\sh-sega-dreamcast\include\stdlib.h
DevKitDC\sh-sega-dreamcast\include\string.h
DevKitDC\sh-sega-dreamcast\include\termios.h
DevKitDC\sh-sega-dreamcast\include\time.h
DevKitDC\sh-sega-dreamcast\include\unctrl.h
DevKitDC\sh-sega-dreamcast\include\unistd.h
DevKitDC\sh-sega-dreamcast\include\utime.h
DevKitDC\sh-sega-dreamcast\include\utmp.h
DevKitDC\sh-sega-dreamcast\include\machine\fastmath.h
DevKitDC\sh-sega-dreamcast\include\machine\ieeefp.h
DevKitDC\sh-sega-dreamcast\include\machine\setjmp-dj.h
DevKitDC\sh-sega-dreamcast\include\machine\setjmp.h
DevKitDC\sh-sega-dreamcast\include\machine\time.h
DevKitDC\sh-sega-dreamcast\include\machine\types.h
DevKitDC\sh-sega-dreamcast\include\sys\_types.h
DevKitDC\sh-sega-dreamcast\include\sys\config.h
DevKitDC\sh-sega-dreamcast\include\sys\dirent.h
DevKitDC\sh-sega-dreamcast\include\sys\errno.h
DevKitDC\sh-sega-dreamcast\include\sys\fcntl.h
DevKitDC\sh-sega-dreamcast\include\sys\features.h
DevKitDC\sh-sega-dreamcast\include\sys\file.h
DevKitDC\sh-sega-dreamcast\include\sys\param.h
DevKitDC\sh-sega-dreamcast\include\sys\reent.h
DevKitDC\sh-sega-dreamcast\include\sys\resource.h
DevKitDC\sh-sega-dreamcast\include\sys\sched.h
DevKitDC\sh-sega-dreamcast\include\sys\signal.h
DevKitDC\sh-sega-dreamcast\include\sys\stat-dj.h
DevKitDC\sh-sega-dreamcast\include\sys\stat.h
DevKitDC\sh-sega-dreamcast\include\sys\time.h
DevKitDC\sh-sega-dreamcast\include\sys\timeb.h
DevKitDC\sh-sega-dreamcast\include\sys\times.h
DevKitDC\sh-sega-dreamcast\include\sys\types.h
DevKitDC\sh-sega-dreamcast\include\sys\unistd.h
DevKitDC\sh-sega-dreamcast\include\sys\utime.h
DevKitDC\sh-sega-dreamcast\include\sys\wait.h
DevKitDC\Common\crt0.s
DevKitDC\Common\Linkscript
DevKitDC\Common\cppmemory.cc
DevKitDC\Common\Default.mak
