 ChicoApp

 Timestamp is 2de7c7f4 (Sat May 28 15:38:44 1994)

 Preferred load address is 00400000

 Start         Length     Name                   Class
 0001:00000000 0000729aH .text                   CODE
 0002:00000000 0000c558H .bss                    DATA
 0003:00000000 00000064H .rdata                  DATA
 0004:00000000 000012ecH .data                   DATA
 0004:000012f0 00000004H .CRT$XCA                DATA
 0004:000012f8 00000004H .CRT$XCZ                DATA
 0004:00001300 00000004H .CRT$XIA                DATA
 0004:00001308 00000004H .CRT$XIZ                DATA
 0004:00001310 00000004H .CRT$XPA                DATA
 0004:00001314 00000004H .CRT$XPX                DATA
 0004:00001318 00000004H .CRT$XPZ                DATA
 0004:00001320 00000004H .CRT$XTA                DATA
 0004:00001328 00000004H .CRT$XTZ                DATA
 0005:00000000 000004acH .rsrc$01                DATA
 0005:000004b0 000022f4H .rsrc$02                DATA
 0006:00000000 00000064H .idata$2                DATA
 0006:00000064 00000014H .idata$3                DATA
 0006:00000078 00000150H .idata$4                DATA
 0006:000001c8 00000150H .idata$5                DATA
 0006:00000318 0000057cH .idata$6                DATA
 0008:00000000 00000000H .debug$C                DATA
 0008:00000000 00000114H .debug$E                DATA
 0008:00000114 00000660H .debug$F                DATA
 0008:00000774 00000000H .debug$G                DATA
 0008:00000774 00000008H .debug$H                DATA
 0008:0000077c 00005a20H .debug$S                DATA
 0008:0000619c 000000b4H .debug$T                DATA

  Address         Publics by Value              Rva+Base   Lib:Object

 0001:00000000       _WinMain@16                00401000 f chicoapp.obj
 0001:00000080       _InitApplication           00401080 f chicoapp.obj
 0001:000000fb       _InitInstance              004010fb f chicoapp.obj
 0001:0000017b       _MainWndProc@16            0040117b f chicoapp.obj
 0001:000005c5       _InitTreeAndList           004015c5 f chicoapp.obj
 0001:0000061e       _ResizeWindows             0040161e f chicoapp.obj
 0001:00000709       _CreateAppWindows          00401709 f chicoapp.obj
 0001:0000088d       _ChangeSBText              0040188d f chicoapp.obj
 0001:0000098d       _OpenNewFile               0040198d f chicoapp.obj
 0001:00000b9d       _ParseFile                 00401b9d f chicoapp.obj
 0001:00000ee2       _UpdateListView            00401ee2 f chicoapp.obj
 0001:00000f9e       _SaveToFile                00401f9e f chicoapp.obj
 0001:000010b6       _GetDataBufferAndSize      004020b6 f chicoapp.obj
 0001:000012a4       _SaveAs                    004022a4 f chicoapp.obj
 0001:000013df       _AddOneCity                004023df f chicoapp.obj
 0001:00001447       _AddCity@16                00402447 f chicoapp.obj
 0001:00001503       _AddOneHouse               00402503 f chicoapp.obj
 0001:00001636       _AddHouse@16               00402636 f chicoapp.obj
 0001:000017a7       _RemoveOneHouse            004027a7 f chicoapp.obj
 0001:00001843       _RemoveHouse@16            00402843 f chicoapp.obj
 0001:00001953       _About@16                  00402953 f chicoapp.obj
 0001:000019ce       _ProcessCDError            004029ce f chicoapp.obj
 0001:00001cd0       _LV_CreateListView         00402cd0 f listview.obj
 0001:00001e8b       _LV_AddItem                00402e8b f listview.obj
 0001:00001f45       _LV_RemoveOneItem          00402f45 f listview.obj
 0001:00001f64       _LV_RemoveAllItems         00402f64 f listview.obj
 0001:00001f81       _LV_ChangeView             00402f81 f listview.obj
 0001:0000209c       _LV_NotifyHandler          0040309c f listview.obj
 0001:00002274       _ListViewCompareProc@12    00403274 f listview.obj
 0001:00002383       _ListViewPopUpMenu         00403383 f listview.obj
 0001:00002400       _TV_CreateTreeView         00403400 f treeview.obj
 0001:00002576       _TV_InitTreeView           00403576 f treeview.obj
 0001:000025fc       _TV_AddOneItem             004035fc f treeview.obj
 0001:0000268f       _TV_RemoveAllItems         0040368f f treeview.obj
 0001:000026af       _TV_NotifyHandler          004036af f treeview.obj
 0001:00002729       _DispatchMessageA@4        00403729   user32:user32.def
 0001:0000272f       _TranslateMessage@4        0040372f   user32:user32.def
 0001:00002735       _GetMessageA@16            00403735   user32:user32.def
 0001:0000273b       _RegisterClassA@4          0040373b   user32:user32.def
 0001:00002741       _LoadCursorA@8             00403741   user32:user32.def
 0001:00002747       _LoadIconA@8               00403747   user32:user32.def
 0001:0000274d       _UpdateWindow@4            0040374d   user32:user32.def
 0001:00002753       _ShowWindow@8              00403753   user32:user32.def
 0001:00002759       _CreateWindowExA@48        00403759   user32:user32.def
 0001:0000275f       _DefWindowProcA@16         0040375f   user32:user32.def
 0001:00002765       _PostQuitMessage@4         00403765   user32:user32.def
 0001:0000276b       _DialogBoxParamA@20        0040376b   user32:user32.def
 0001:00002771       _DrawMenuBar@4             00403771   user32:user32.def
 0001:00002777       _EnableMenuItem@12         00403777   user32:user32.def
 0001:0000277d       _GetMenu@4                 0040377d   user32:user32.def
 0001:00002783       _GetMenuItemInfoA@16       00403783   user32:user32.def
 0001:00002789       _SetWindowTextA@8          00403789   user32:user32.def
 0001:0000278f       _InvalidateRect@12         0040378f   user32:user32.def
 0001:00002795       _LoadStringA@16            00403795   user32:user32.def
 0001:0000279b       _MessageBoxA@16            0040379b   user32:user32.def
 0001:000027a1       _EndDeferWindowPos@4       004037a1   user32:user32.def
 0001:000027a7       _DeferWindowPos@32         004037a7   user32:user32.def
 0001:000027ad       _BeginDeferWindowPos@4     004037ad   user32:user32.def
 0001:000027b3       _GetClientRect@8           004037b3   user32:user32.def
 0001:000027b9       _SendMessageA@16           004037b9   user32:user32.def
 0001:000027bf       _wsprintfA                 004037bf   user32:user32.def
 0001:000027c5       _EndDialog@8               004037c5   user32:user32.def
 0001:000027cb       _GetDlgItemTextA@16        004037cb   user32:user32.def
 0001:000027d1       _GetDlgItemInt@16          004037d1   user32:user32.def
 0001:000027d7       _SendDlgItemMessageA@20    004037d7   user32:user32.def
 0001:000027dd       _SetWindowLongA@12         004037dd   user32:user32.def
 0001:000027e3       _GetWindowLongA@8          004037e3   user32:user32.def
 0001:000027e9       _DestroyMenu@4             004037e9   user32:user32.def
 0001:000027ef       _TrackPopupMenu@28         004037ef   user32:user32.def
 0001:000027f5       _MapWindowPoints@16        004037f5   user32:user32.def
 0001:000027fb       _GetSubMenu@8              004037fb   user32:user32.def
 0001:00002801       _LoadMenuA@8               00403801   user32:user32.def
 0001:00002807       _LoadBitmapA@8             00403807   user32:user32.def
 0001:0000280d       _GetStockObject@4          0040380d   gdi32:gdi32.def
 0001:00002813       _CloseHandle@4             00403813   kernel32:kernel.def
 0001:00002819       _ReadFile@20               00403819   kernel32:kernel.def
 0001:0000281f       _GlobalAlloc@8             0040381f   kernel32:kernel.def
 0001:00002825       _GetFileSize@8             00403825   kernel32:kernel.def
 0001:0000282b       _CreateFileA@28            0040382b   kernel32:kernel.def
 0001:00002831       _GlobalFree@4              00403831   kernel32:kernel.def
 0001:00002837       _WriteFile@20              00403837   kernel32:kernel.def
 0001:0000283d       _lstrcmpiA@8               0040383d   kernel32:kernel.def
 0001:00002843       _lstrlenA@4                00403843   kernel32:kernel.def
 0001:00002850       _WinMainCRTStartup         00403850 f libc:WINCRT0.OBJ
 0001:000029c0       __amsg_exit                004039c0 f libc:WINCRT0.OBJ
 0001:00002a00       _strcat                    00403a00   libc:STRCAT.OBJ
 0001:00002a04       _strcpy                    00403a04   libc:STRCAT.OBJ
 0001:00002a98       _strcmp                    00403a98   libc:STRCMP.OBJ
 0001:00002b20       _atol                      00403b20 f libc:ATOX.OBJ
 0001:00002bd0       _atoi                      00403bd0 f libc:ATOX.OBJ
 0001:00002be0       _sscanf                    00403be0 f libc:SSCANF.OBJ
 0001:00002c30       _strlen                    00403c30   libc:STRLEN.OBJ
 0001:00002c80       __cinit                    00403c80 f libc:CRT0DAT.OBJ
 0001:00002cc0       _exit                      00403cc0 f libc:CRT0DAT.OBJ
 0001:00002ce0       __exit                     00403ce0 f libc:CRT0DAT.OBJ
 0001:00002d00       __cexit                    00403d00 f libc:CRT0DAT.OBJ
 0001:00002d10       __c_exit                   00403d10 f libc:CRT0DAT.OBJ
 0001:00002dd4       __except_handler2          00403dd4   libc:EXSUP.OBJ
 0001:00002e9f       __global_unwind2           00403e9f   libc:EXSUP.OBJ
 0001:00002ebf       __unwind_handler           00403ebf   libc:EXSUP.OBJ
 0001:00002ee5       __local_unwind2            00403ee5   libc:EXSUP.OBJ
 0001:00002f4b       __abnormal_termination     00403f4b   libc:EXSUP.OBJ
 0001:00002f80       __XcptFilter               00403f80 f libc:WINXFLTR.OBJ
 0001:00003120       __setenvp                  00404120 f libc:STDENVP.OBJ
 0001:000031f0       __setargv                  004041f0 f libc:STDARGV.OBJ
 0001:00003480       __ioinit                   00404480 f libc:IOINIT.OBJ
 0001:00003570       __heap_init                00404570 f libc:HEAPINIT.OBJ
 0001:00003590       __heap_term                00404590 f libc:HEAPINIT.OBJ
 0001:00003600       __heap_grow_emptylist      00404600 f libc:HEAPINIT.OBJ
 0001:00003660       __FF_MSGBANNER             00404660 f libc:CRT0MSG.OBJ
 0001:00003690       __NMSG_WRITE               00404690 f libc:CRT0MSG.OBJ
 0001:000036f0       __GET_RTERRMSG             004046f0 f libc:CRT0MSG.OBJ
 0001:00003730       __isctype                  00404730 f libc:ISCTYPE.OBJ
 0001:000037e0       __input                    004047e0 f libc:INPUT.OBJ
 0001:00004410       ___setmbctable             00405410 f libc:MBCTYPE.OBJ
 0001:000048e0       ___initmbctable            004058e0 f libc:MBCTYPE.OBJ
 0001:000048f0       __printmbctable            004058f0 f libc:MBCTYPE.OBJ
 0001:00004930       _malloc                    00405930 f libc:MALLOC.OBJ
 0001:000049e0       __heap_split_block         004059e0 f libc:MALLOC.OBJ
 0001:00004a40       __heap_abort               00405a40 f libc:HPABORT.OBJ
 0001:00004a50       ___crtGetStringTypeW       00405a50 f libc:AW_STR.OBJ
 0001:00004bc0       ___crtGetStringTypeA       00405bc0 f libc:AW_STR.OBJ
 0001:00004d00       _mbtowc                    00405d00 f libc:MBTOWC.OBJ
 0001:00004e00       _isalpha                   00405e00 f libc:_CTYPE.OBJ
 0001:00004e40       _isupper                   00405e40 f libc:_CTYPE.OBJ
 0001:00004e80       _islower                   00405e80 f libc:_CTYPE.OBJ
 0001:00004ec0       _isdigit                   00405ec0 f libc:_CTYPE.OBJ
 0001:00004f00       _isxdigit                  00405f00 f libc:_CTYPE.OBJ
 0001:00004f40       _isspace                   00405f40 f libc:_CTYPE.OBJ
 0001:00004f80       _ispunct                   00405f80 f libc:_CTYPE.OBJ
 0001:00004fc0       _isalnum                   00405fc0 f libc:_CTYPE.OBJ
 0001:00005000       _isprint                   00406000 f libc:_CTYPE.OBJ
 0001:00005040       _isgraph                   00406040 f libc:_CTYPE.OBJ
 0001:00005080       _iscntrl                   00406080 f libc:_CTYPE.OBJ
 0001:000050c0       ___isascii                 004060c0 f libc:_CTYPE.OBJ
 0001:000050e0       ___toascii                 004060e0 f libc:_CTYPE.OBJ
 0001:000050f0       ___iscsymf                 004060f0 f libc:_CTYPE.OBJ
 0001:00005140       ___iscsym                  00406140 f libc:_CTYPE.OBJ
 0001:00005190       __filbuf                   00406190 f libc:_FILBUF.OBJ
 0001:00005270       _ungetc                    00406270 f libc:UNGETC.OBJ
 0001:00005300       _printf                    00406300 f libc:PRINTF.OBJ
 0001:00005340       __heap_search              00406340 f libc:HEAPSRCH.OBJ
 0001:00005450       __heap_grow                00406450 f libc:HEAPGROW.OBJ
 0001:00005550       __heap_grow_region         00406550 f libc:HEAPGROW.OBJ
 0001:00005610       __heap_free_region         00406610 f libc:HEAPGROW.OBJ
 0001:00005660       _free                      00406660 f libc:FREE.OBJ
 0001:000056c0       __fptrap                   004066c0 f libc:CRT0FP.OBJ
 0001:000056d0       __read                     004066d0 f libc:READ.OBJ
 0001:00005900       __getbuf                   00406900 f libc:_GETBUF.OBJ
 0001:00005950       __stbuf                    00406950 f libc:_SFTBUF.OBJ
 0001:000059f0       __ftbuf                    004069f0 f libc:_SFTBUF.OBJ
 0001:00005a40       __output                   00406a40 f libc:OUTPUT.OBJ
 0001:00006430       __heapadd                  00407430 f libc:HEAPADD.OBJ
 0001:00006460       __heap_addblock            00407460 f libc:HEAPADD.OBJ
 0001:000066e0       __lseek                    004076e0 f libc:LSEEK.OBJ
 0001:00006760       __dosmaperr                00407760 f libc:DOSMAP.OBJ
 0001:000067e0       __isatty                   004077e0 f libc:ISATTY.OBJ
 0001:00006800       _fflush                    00407800 f libc:FFLUSH.OBJ
 0001:00006850       __flush                    00407850 f libc:FFLUSH.OBJ
 0001:000068c0       __flushall                 004078c0 f libc:FFLUSH.OBJ
 0001:00006940       __endstdio                 00407940 f libc:FFLUSH.OBJ
 0001:00006960       _wctomb                    00407960 f libc:WCTOMB.OBJ
 0001:000069f0       __flsbuf                   004079f0 f libc:_FLSBUF.OBJ
 0001:00006b20       __heap_findaddr            00407b20 f libc:FINDADDR.OBJ
 0001:00006ba0       __alloc_osfhnd             00407ba0 f libc:OSFINFO.OBJ
 0001:00006be0       __set_osfhnd               00407be0 f libc:OSFINFO.OBJ
 0001:00006c70       __free_osfhnd              00407c70 f libc:OSFINFO.OBJ
 0001:00006ce0       __get_osfhandle            00407ce0 f libc:OSFINFO.OBJ
 0001:00006d20       __open_osfhandle           00407d20 f libc:OSFINFO.OBJ
 0001:00006dc0       __commit                   00407dc0 f libc:COMMIT.OBJ
 0001:00006e20       __write                    00407e20 f libc:WRITE.OBJ
 0001:00007050       __fcloseall                00408050 f libc:CLOSEALL.OBJ
 0001:00007090       _fclose                    00408090 f libc:FCLOSE.OBJ
 0001:00007100       __close                    00408100 f libc:CLOSE.OBJ
 0001:000071a0       __freebuf                  004081a0 f libc:_FREEBUF.OBJ
 0001:000071e0       _CreateToolbarEx@52        004081e0   comctl32:comctl32.rdf
 0001:000071e6       _CreateStatusWindow@16     004081e6   comctl32:comctl32.rdf
 0001:000071ec       _InitCommonControls@0      004081ec   comctl32:comctl32.rdf
 0001:000071f2       _ImageList_AddIcon@8       004081f2   comctl32:comctl32.rdf
 0001:000071f8       _ImageList_Create@20       004081f8   comctl32:comctl32.rdf
 0001:000071fe       _ImageList_GetImageCount@4 004081fe   comctl32:comctl32.rdf
 0001:00007204       _ImageList_Add@12          00408204   comctl32:comctl32.rdf
 0001:0000720a       _CommDlgExtendedError@0    0040820a   comdlg32:comdlg32.def
 0001:00007210       _GetOpenFileNameA@4        00408210   comdlg32:comdlg32.def
 0001:00007216       _GetSaveFileNameA@4        00408216   comdlg32:comdlg32.def
 0001:0000721c       _GetModuleHandleA@4        0040821c   kernel32:kernel.def
 0001:00007222       _GetStartupInfoA@4         00408222   kernel32:kernel.def
 0001:00007228       _GetVersion@0              00408228   kernel32:kernel.def
 0001:0000722e       _GetEnvironmentStrings@0   0040822e   kernel32:kernel.def
 0001:00007234       _GetCommandLineA@0         00408234   kernel32:kernel.def
 0001:0000723a       _ExitProcess@4             0040823a   kernel32:kernel.def
 0001:00007240       _RtlUnwind@16              00408240   kernel32:kernel.def
 0001:00007246       _UnhandledExceptionFilter@4 00408246   kernel32:kernel.def
 0001:0000724c       _GetModuleFileNameA@12     0040824c   kernel32:kernel.def
 0001:00007252       _GetFileType@4             00408252   kernel32:kernel.def
 0001:00007258       _GetStdHandle@4            00408258   kernel32:kernel.def
 0001:0000725e       _VirtualFree@12            0040825e   kernel32:kernel.def
 0001:00007264       _VirtualAlloc@16           00408264   kernel32:kernel.def
 0001:0000726a       _GetACP@0                  0040826a   kernel32:kernel.def
 0001:00007270       _WideCharToMultiByte@32    00408270   kernel32:kernel.def
 0001:00007276       _GetProcAddress@8          00408276   kernel32:kernel.def
 0001:0000727c       _MultiByteToWideChar@24    0040827c   kernel32:kernel.def
 0001:00007282       _GetLastError@0            00408282   kernel32:kernel.def
 0001:00007288       _SetFilePointer@16         00408288   kernel32:kernel.def
 0001:0000728e       _SetStdHandle@8            0040828e   kernel32:kernel.def
 0001:00007294       _FlushFileBuffers@4        00408294   kernel32:kernel.def
 0002:000002f4       _hParent                   004092f4   <common>
 0002:000002f8       _idxSelect                 004092f8   <common>
 0002:000002fc       _iSelect                   004092fc   <common>
 0002:00000300       _hTRoot                    00409300   <common>
 0002:00000304       _hTCity                    00409304   <common>
 0002:00000308       _hTPrev                    00409308   <common>
 0002:0000030c       _hSelected                 0040930c   <common>
 0002:00000310       _idxForSale                00409310   <common>
 0002:00000314       _idxCity                   00409314   <common>
 0002:00000318       _iImage                    00409318   <common>
 0002:00000320       _g_Listing                 00409320   <common>
 0002:00000350       _rgHouses                  00409350   <common>
 0002:0000af50       _rgCities                  00413f50   <common>
 0002:0000b0d0       _OpenFileName              004140d0   <common>
 0002:0000b120       _szFileTitle               00414120   <common>
 0002:0000b220       _lpBufPtr                  00414220   <common>
 0002:0000b230       __bufin                    00414230   <common>
 0002:0000c230       __heap_descpages           00415230   <common>
 0002:0000c240       __heap_regions             00415240   <common>
 0002:0000c540       __FPinit                   00415540   <common>
 0002:0000c544       ___onexitbegin             00415544   <common>
 0002:0000c548       ___onexitend               00415548   <common>
 0002:0000c54c       __pgmptr                   0041554c   <common>
 0002:0000c550       __aenvptr                  00415550   <common>
 0002:0000c554       __acmdln                   00415554   <common>
 0004:00000000       _tbButtons                 00417000   chicoapp.obj
 0004:000000f0       _szDirName                 004170f0   chicoapp.obj
 0004:000001f0       _szFile                    004171f0   chicoapp.obj
 0004:000002f0       _szFilter                  004172f0   chicoapp.obj
 0004:00000678       __aexit_rtn                00417678   libc:WINCRT0.OBJ
 0004:0000068c       _errno                     0041768c   libc:CRT0DAT.OBJ
 0004:00000690       __doserrno                 00417690   libc:CRT0DAT.OBJ
 0004:00000694       __umaskval                 00417694   libc:CRT0DAT.OBJ
 0004:00000698       __osver                    00417698   libc:CRT0DAT.OBJ
 0004:0000069c       __winver                   0041769c   libc:CRT0DAT.OBJ
 0004:000006a0       __winmajor                 004176a0   libc:CRT0DAT.OBJ
 0004:000006a4       __winminor                 004176a4   libc:CRT0DAT.OBJ
 0004:000006a8       ___argc                    004176a8   libc:CRT0DAT.OBJ
 0004:000006ac       ___argv                    004176ac   libc:CRT0DAT.OBJ
 0004:000006b0       __environ                  004176b0   libc:CRT0DAT.OBJ
 0004:000006b4       __exitflag                 004176b4   libc:CRT0DAT.OBJ
 0004:000006b8       __C_Termination_Done       004176b8   libc:CRT0DAT.OBJ
 0004:000006c0       __XcptActTab               004176c0   libc:WINXFLTR.OBJ
 0004:00000738       __First_FPE_Indx           00417738   libc:WINXFLTR.OBJ
 0004:0000073c       __Num_FPE                  0041773c   libc:WINXFLTR.OBJ
 0004:00000740       __XcptActTabCount          00417740   libc:WINXFLTR.OBJ
 0004:00000744       __fpecode                  00417744   libc:WINXFLTR.OBJ
 0004:00000748       __pxcptinfoptrs            00417748   libc:WINXFLTR.OBJ
 0004:00000750       __nhandle                  00417750   libc:IOINIT.OBJ
 0004:00000758       __osfile                   00417758   libc:IOINIT.OBJ
 0004:00000798       __osfhnd                   00417798   libc:IOINIT.OBJ
 0004:00000898       __pipech                   00417898   libc:IOINIT.OBJ
 0004:000008d8       __heap_desc                004178d8   libc:HEAPINIT.OBJ
 0004:000008ec       __heap_resetsize           004178ec   libc:HEAPINIT.OBJ
 0004:000008f0       __amblksiz                 004178f0   libc:HEAPINIT.OBJ
 0004:000008f4       __heap_regionsize          004178f4   libc:HEAPINIT.OBJ
 0004:000008f8       __heap_maxregsize          004178f8   libc:HEAPINIT.OBJ
 0004:00000b68       __adbgmsg                  00417b68   libc:CRT0MSG.OBJ
 0004:00000b70       __pctype                   00417b70   libc:CTYPE.OBJ
 0004:00000b74       __pwctype                  00417b74   libc:CTYPE.OBJ
 0004:00000b78       __ctype                    00417b78   libc:CTYPE.OBJ
 0004:00000d7c       ___mb_cur_max              00417d7c   libc:NLSDATA1.OBJ
 0004:00000d84       ___decimal_point           00417d84   libc:NLSDATA1.OBJ
 0004:00000d88       ___decimal_point_length    00417d88   libc:NLSDATA1.OBJ
 0004:00000d98       __mbctype                  00417d98   libc:MBCTYPE.OBJ
 0004:00000e9c       ___mbcodepage              00417e9c   libc:MBCTYPE.OBJ
 0004:00000ec4       __pnhHeap                  00417ec4   libc:MALLOC.OBJ
 0004:00000f40       __cfltcvt_tab              00417f40   libc:CMISCDAT.OBJ
 0004:00000f58       __mbascii                  00417f58   libc:MBASCII0.OBJ
 0004:00000f60       ___lc_handle               00417f60   libc:NLSDATA2.OBJ
 0004:00000f78       ___lc_codepage             00417f78   libc:NLSDATA2.OBJ
 0004:00000f80       __stdbuf                   00417f80   libc:_SFTBUF.OBJ
 0004:00000f88       __iob                      00417f88   libc:_FILE.OBJ
 0004:00001208       __lastiob                  00418208   libc:_FILE.OBJ
 0004:00001218       ___nullstring              00418218   libc:OUTPUT.OBJ
 0004:0000122c       ___wnullstring             0041822c   libc:OUTPUT.OBJ
 0004:00001230       ___lookuptable             00418230   libc:OUTPUT.OBJ
 0004:000012e8       __cflush                   004182e8   libc:CINITSTD.OBJ
 0004:000012f0       ___xc_a                    004182f0   libc:crt0init.obj
 0004:000012f8       ___xc_z                    004182f8   libc:crt0init.obj
 0004:00001300       ___xi_a                    00418300   libc:crt0init.obj
 0004:00001308       ___xi_z                    00418308   libc:crt0init.obj
 0004:00001310       ___xp_a                    00418310   libc:crt0init.obj
 0004:00001318       ___xp_z                    00418318   libc:crt0init.obj
 0004:00001320       ___xt_a                    00418320   libc:crt0init.obj
 0004:00001328       ___xt_z                    00418328   libc:crt0init.obj
 0006:00000000       COMCTL32_IMPORT_DESCRIPTOR 0041c000   comctl32:comctl32.rdf
 0006:00000014       comdlg32_IMPORT_DESCRIPTOR 0041c014   comdlg32:comdlg32.def
 0006:00000028       GDI32_IMPORT_DESCRIPTOR    0041c028   gdi32:gdi32.def
 0006:0000003c       KERNEL32_IMPORT_DESCRIPTOR 0041c03c   kernel32:kernel.def
 0006:00000050       USER32_IMPORT_DESCRIPTOR   0041c050   user32:user32.def
 0006:00000064       NULL_IMPORT_DESCRIPTOR     0041c064   user32:user32.def
 0006:000001c8       __imp__ImageList_GetImageCount@4 0041c1c8   comctl32:comctl32.rdf
 0006:000001cc       __imp__ImageList_Add@12    0041c1cc   comctl32:comctl32.rdf
 0006:000001d0       __imp__CreateToolbarEx@52  0041c1d0   comctl32:comctl32.rdf
 0006:000001d4       __imp__ImageList_AddIcon@8 0041c1d4   comctl32:comctl32.rdf
 0006:000001d8       __imp__CreateStatusWindow@16 0041c1d8   comctl32:comctl32.rdf
 0006:000001dc       __imp__ImageList_Create@20 0041c1dc   comctl32:comctl32.rdf
 0006:000001e0       __imp__InitCommonControls@0 0041c1e0   comctl32:comctl32.rdf
 0006:000001e4       \177COMCTL32_NULL_THUNK_DATA 0041c1e4   comctl32:comctl32.rdf
 0006:000001e8       __imp__GetSaveFileNameA@4  0041c1e8   comdlg32:comdlg32.def
 0006:000001ec       __imp__CommDlgExtendedError@0 0041c1ec   comdlg32:comdlg32.def
 0006:000001f0       __imp__GetOpenFileNameA@4  0041c1f0   comdlg32:comdlg32.def
 0006:000001f4       \177comdlg32_NULL_THUNK_DATA 0041c1f4   comdlg32:comdlg32.def
 0006:000001f8       __imp__GetStockObject@4    0041c1f8   gdi32:gdi32.def
 0006:000001fc       \177GDI32_NULL_THUNK_DATA  0041c1fc   gdi32:gdi32.def
 0006:00000200       __imp__ReadFile@20         0041c200   kernel32:kernel.def
 0006:00000204       __imp__lstrlenA@4          0041c204   kernel32:kernel.def
 0006:00000208       __imp__SetStdHandle@8      0041c208   kernel32:kernel.def
 0006:0000020c       __imp__SetFilePointer@16   0041c20c   kernel32:kernel.def
 0006:00000210       __imp__FlushFileBuffers@4  0041c210   kernel32:kernel.def
 0006:00000214       __imp__MultiByteToWideChar@24 0041c214   kernel32:kernel.def
 0006:00000218       __imp__GetProcAddress@8    0041c218   kernel32:kernel.def
 0006:0000021c       __imp__GetLastError@0      0041c21c   kernel32:kernel.def
 0006:00000220       __imp__GetACP@0            0041c220   kernel32:kernel.def
 0006:00000224       __imp__VirtualAlloc@16     0041c224   kernel32:kernel.def
 0006:00000228       __imp__WideCharToMultiByte@32 0041c228   kernel32:kernel.def
 0006:0000022c       __imp__GetStdHandle@4      0041c22c   kernel32:kernel.def
 0006:00000230       __imp__GetFileType@4       0041c230   kernel32:kernel.def
 0006:00000234       __imp__VirtualFree@12      0041c234   kernel32:kernel.def
 0006:00000238       __imp__UnhandledExceptionFilter@4 0041c238   kernel32:kernel.def
 0006:0000023c       __imp__RtlUnwind@16        0041c23c   kernel32:kernel.def
 0006:00000240       __imp__GetModuleFileNameA@12 0041c240   kernel32:kernel.def
 0006:00000244       __imp__GetCommandLineA@0   0041c244   kernel32:kernel.def
 0006:00000248       __imp__GetEnvironmentStrings@0 0041c248   kernel32:kernel.def
 0006:0000024c       __imp__ExitProcess@4       0041c24c   kernel32:kernel.def
 0006:00000250       __imp__GetStartupInfoA@4   0041c250   kernel32:kernel.def
 0006:00000254       __imp__GetModuleHandleA@4  0041c254   kernel32:kernel.def
 0006:00000258       __imp__GetVersion@0        0041c258   kernel32:kernel.def
 0006:0000025c       __imp__GlobalAlloc@8       0041c25c   kernel32:kernel.def
 0006:00000260       __imp__lstrcmpiA@8         0041c260   kernel32:kernel.def
 0006:00000264       __imp__CloseHandle@4       0041c264   kernel32:kernel.def
 0006:00000268       __imp__GlobalFree@4        0041c268   kernel32:kernel.def
 0006:0000026c       __imp__CreateFileA@28      0041c26c   kernel32:kernel.def
 0006:00000270       __imp__GetFileSize@8       0041c270   kernel32:kernel.def
 0006:00000274       __imp__WriteFile@20        0041c274   kernel32:kernel.def
 0006:00000278       \177KERNEL32_NULL_THUNK_DATA 0041c278   kernel32:kernel.def
 0006:0000027c       __imp__GetMenu@4           0041c27c   user32:user32.def
 0006:00000280       __imp__DispatchMessageA@4  0041c280   user32:user32.def
 0006:00000284       __imp__EnableMenuItem@12   0041c284   user32:user32.def
 0006:00000288       __imp__LoadBitmapA@8       0041c288   user32:user32.def
 0006:0000028c       __imp__LoadMenuA@8         0041c28c   user32:user32.def
 0006:00000290       __imp__DrawMenuBar@4       0041c290   user32:user32.def
 0006:00000294       __imp__DialogBoxParamA@20  0041c294   user32:user32.def
 0006:00000298       __imp__PostQuitMessage@4   0041c298   user32:user32.def
 0006:0000029c       __imp__DefWindowProcA@16   0041c29c   user32:user32.def
 0006:000002a0       __imp__CreateWindowExA@48  0041c2a0   user32:user32.def
 0006:000002a4       __imp__ShowWindow@8        0041c2a4   user32:user32.def
 0006:000002a8       __imp__UpdateWindow@4      0041c2a8   user32:user32.def
 0006:000002ac       __imp__LoadIconA@8         0041c2ac   user32:user32.def
 0006:000002b0       __imp__LoadCursorA@8       0041c2b0   user32:user32.def
 0006:000002b4       __imp__RegisterClassA@4    0041c2b4   user32:user32.def
 0006:000002b8       __imp__GetMessageA@16      0041c2b8   user32:user32.def
 0006:000002bc       __imp__TranslateMessage@4  0041c2bc   user32:user32.def
 0006:000002c0       __imp__TrackPopupMenu@28   0041c2c0   user32:user32.def
 0006:000002c4       __imp__GetSubMenu@8        0041c2c4   user32:user32.def
 0006:000002c8       __imp__MapWindowPoints@16  0041c2c8   user32:user32.def
 0006:000002cc       __imp__SetWindowLongA@12   0041c2cc   user32:user32.def
 0006:000002d0       __imp__DestroyMenu@4       0041c2d0   user32:user32.def
 0006:000002d4       __imp__GetWindowLongA@8    0041c2d4   user32:user32.def
 0006:000002d8       __imp__GetDlgItemTextA@16  0041c2d8   user32:user32.def
 0006:000002dc       __imp__SendDlgItemMessageA@20 0041c2dc   user32:user32.def
 0006:000002e0       __imp__GetDlgItemInt@16    0041c2e0   user32:user32.def
 0006:000002e4       __imp__SendMessageA@16     0041c2e4   user32:user32.def
 0006:000002e8       __imp__EndDialog@8         0041c2e8   user32:user32.def
 0006:000002ec       __imp__wsprintfA           0041c2ec   user32:user32.def
 0006:000002f0       __imp__DeferWindowPos@32   0041c2f0   user32:user32.def
 0006:000002f4       __imp__GetClientRect@8     0041c2f4   user32:user32.def
 0006:000002f8       __imp__BeginDeferWindowPos@4 0041c2f8   user32:user32.def
 0006:000002fc       __imp__LoadStringA@16      0041c2fc   user32:user32.def
 0006:00000300       __imp__EndDeferWindowPos@4 0041c300   user32:user32.def
 0006:00000304       __imp__MessageBoxA@16      0041c304   user32:user32.def
 0006:00000308       __imp__GetMenuItemInfoA@16 0041c308   user32:user32.def
 0006:0000030c       __imp__InvalidateRect@12   0041c30c   user32:user32.def
 0006:00000310       __imp__SetWindowTextA@8    0041c310   user32:user32.def
 0006:00000314       \177USER32_NULL_THUNK_DATA 0041c314   user32:user32.def

 entry point at        0001:00002850

 Static symbols

 0001:000068d0       _flsall                    004078d0 f libc:FFLUSH.OBJ
 0001:00006650       __before                   00407650 f libc:HEAPADD.OBJ
 0001:00006340       _write_char                00407340 f libc:OUTPUT.OBJ
 0001:00006390       _write_multi_char          00407390 f libc:OUTPUT.OBJ
 0001:000063d0       _write_string              004073d0 f libc:OUTPUT.OBJ
 0001:00006410       _get_int_arg               00407410 f libc:OUTPUT.OBJ
 0001:00006420       _get_short_arg             00407420 f libc:OUTPUT.OBJ
 0001:000054c0       __heap_new_region          004064c0 f libc:HEAPGROW.OBJ
 0001:00004350       __hextodec                 00405350 f libc:INPUT.OBJ
 0001:00004390       __inc                      00405390 f libc:INPUT.OBJ
 0001:000043c0       __un_inc                   004053c0 f libc:INPUT.OBJ
 0001:000043e0       __whiteout                 004053e0 f libc:INPUT.OBJ
 0001:000032a0       _parse_cmdline             004042a0 f libc:STDARGV.OBJ
 0001:000030f0       _xcptlookup                004040f0 f libc:WINXFLTR.OBJ
 0001:00002d20       _doexit                    00403d20 f libc:CRT0DAT.OBJ
 0001:00002da0       __initterm                 00403da0 f libc:CRT0DAT.OBJ

FIXUPS: 3b8d 49 fffffe7a fffffe37 a a 3a 5 5 5 5 53 1e 6 6 1d 15 2e 19
FIXUPS: 4168 2d 11 fffffde3 15d fffffe86 fffffff1 ffffffd6 ffffffe8 fffffff6
FIXUPS: 3ed1 ffffffe2 ffffffd7 ffffffc5 fffffff3 fffffff7 fffffff7 ffffffe9
FIXUPS: 3e0b ffffffe2 fffffea9 12 8 1a 20 1d 10 5e 12 11 fffffe80 ffffff28
FIXUPS: 50aa 45 20 41 1e 80 4f 42 15 ce 50 1e 1f b fffff3c2 fffffeaa 18
FIXUPS: 46e2 fffffec6 11 32 25 b fffffe70 8d 14 fffffcdb 2e 14 10 1c fffffedd
FIXUPS: 5a0b fffffed6 6 32 ffffef0d 33 9 25 77 107 18 ac 33 34 38 24 34
FIXUPS: 4c05 30 1a 34 1b 1bb 26 78 1c 3b 74 31 1f 3c 1f ee4 40 43 40 40
FIXUPS: 6091 74 50 fffffc4b 39 fffffc8d 1b 46 55 16 2e 2d 15 31 18 4c 40
FIXUPS: 5c91 21 27 10 fffffd5a fffffeff f e c 3f f67 fffffe46 9 36 b3 9
FIXUPS: 68a6 fffffe1d ffffffb7 fffffe1f e 51 2b d 8f e e d c 3a 9 fffffcd1
FIXUPS: 6321 10 ffffff65 ffffff32 1b fffffc31 3d 40 40 43 1676 43 3b a2
FIXUPS: 6b0c 29 a1 58 ab e 78 7a 88 21 1c 176 2a 42 b3 1f 2c 28 1f 24 24
FIXUPS: 7367 48 46 fffff566 58 51 2c 1211 74 88 9 6 27 2b fffffcbd d 2c
FIXUPS: 7abf 1f fffffef0 fffffe3e b 1d 4b 44 34 19 31 e fffffdc9 9 11 a
FIXUPS: 7448 29 2a 76 43 29 ffffb2ba 65 37 c e 2b 71 31a 14 54fe ffffff82
FIXUPS: 8143 d 9 9 c d ffffff3b b c 1c ffffff7a fffffe35 8d 3c 20 4a fffffe20
FIXUPS: 7df4 e fffffe19 13 ffffa594 a3 15 13 28 12 d1 11 16 6 35 2b 61
FIXUPS: 248f e 2b 61 27 7d 3e 7c 34 14 14 14 17 14 11 e 2b 62 38 fffff431
FIXUPS: 1c7a 42 25 f 57 b 73 12 21 21 84 32 21 54 2e 1b 1e 23 33 2a 17
FIXUPS: 206b 1a 13 b 57 22 1d 40 15 1f fffff65b 25 21 25 40 21 19 27 2b
FIXUPS: 1956 17 17 1d 12 bd 25 1f 12 1d 12 22 9 20 1c 10 5 13 6 20 1f f
FIXUPS: 1c2c fffff79a 18 6 17 6 9 20 20 15 f 20 1a ad 1a 81 e 14 1e 7 23
FIXUPS: 167a 31 47 9 18 d 18 22 2b 13 34 22 fffff8d6 a 1a 4d 28 b 4a 20
FIXUPS: 11ed 37 24 1c 1a 1e 29 d 6 9 e 19 6 d 6 9 f d 18 11 19 6 f 9 1abf
FIXUPS: 2ee1 4c 2e 1d 29 1f 10 25 10 22 10 25 a2 22 4b 28 28 74 8e 27 b2
FIXUPS: 33b3 14 1b 9 ffffdc23 1f 21 11 9 4d 235d 43 1d 16 1d e 12 13 12
FIXUPS: 34fd 12 e 19 1f d 2a 37 54 4a 1d 28 fffff63f 5f 23 12 11 10 16
FIXUPS: 2dc9 1b 14 57
